Job completed at Thu Jun 18 04:09:14 AM +08 2026
~~~~~~~~~~~~~~~~~~~~~~~~~~~~~~~~~~~~~~~~~~~~~~~~~~~~~~~~~~~~~~~~~~~~~~~~~~~~~~~~~~~~~~~~~~
			Resource Usage on 2026-06-18 04:09:15.443971:
~~~~~~~~~~~~~~~~~~~~~~~~~~~~~~~~~~~~~~~~~~~~~~~~~~~~~~~~~~~~~~~~~~~~~~~~~~~~~~~~~~~~~~~~~~
	JobId: 510166.hopper-m-02
	Project: CFP03-CF-051
	Exit Status: 0
~~~~~~~~~~~~~~~~~~~~~~~~~~~~~~~~~~~~~~~~~~~~~~~~~~~~~~~~~~~~~~~~~~~~~~~~~~~~~~~~~~~~~~~~~~
	NCPUs: Requested(12), Used(12)
	CPU Time Used: 00:00:09
	Memory: Requested(225gb), Used(237284kb)
	Vmem Used: 0kb
	Walltime: Requested(24:00:00), Used(00:00:10)
~~~~~~~~~~~~~~~~~~~~~~~~~~~~~~~~~~~~~~~~~~~~~~~~~~~~~~~~~~~~~~~~~~~~~~~~~~~~~~~~~~~~~~~~~~
	Execution Nodes Used: (hopper-15:ngpus=1:ncpus=12:mem=235929600kb)
~~~~~~~~~~~~~~~~~~~~~~~~~~~~~~~~~~~~~~~~~~~~~~~~~~~~~~~~~~~~~~~~~~~~~~~~~~~~~~~~~~~~~~~~~~
	No GPU-related information available for this job.
Job completed at Thu Jun 18 04:12:24 AM +08 2026
~~~~~~~~~~~~~~~~~~~~~~~~~~~~~~~~~~~~~~~~~~~~~~~~~~~~~~~~~~~~~~~~~~~~~~~~~~~~~~~~~~~~~~~~~~
			Resource Usage on 2026-06-18 04:12:25.379144:
~~~~~~~~~~~~~~~~~~~~~~~~~~~~~~~~~~~~~~~~~~~~~~~~~~~~~~~~~~~~~~~~~~~~~~~~~~~~~~~~~~~~~~~~~~
	JobId: 510168.hopper-m-02
	Project: CFP03-CF-051
	Exit Status: 0
~~~~~~~~~~~~~~~~~~~~~~~~~~~~~~~~~~~~~~~~~~~~~~~~~~~~~~~~~~~~~~~~~~~~~~~~~~~~~~~~~~~~~~~~~~
	NCPUs: Requested(12), Used(12)
	CPU Time Used: 00:00:09
	Memory: Requested(225gb), Used(237636kb)
	Vmem Used: 1225300kb
	Walltime: Requested(24:00:00), Used(00:00:10)
~~~~~~~~~~~~~~~~~~~~~~~~~~~~~~~~~~~~~~~~~~~~~~~~~~~~~~~~~~~~~~~~~~~~~~~~~~~~~~~~~~~~~~~~~~
	Execution Nodes Used: (hopper-19:ngpus=1:ncpus=12:mem=235929600kb)
~~~~~~~~~~~~~~~~~~~~~~~~~~~~~~~~~~~~~~~~~~~~~~~~~~~~~~~~~~~~~~~~~~~~~~~~~~~~~~~~~~~~~~~~~~
	No GPU-related information available for this job.
/nfs/home/svu/e1498138/localgit/StableEMRIFisher/stableemrifisher/__init__.py
startup
Body is not plunging, Fisher should be stable.
waveform shape: (3, 6311629)
wave ndim: 2
Computing SNR for parameters: (1000000.0, 10.0, 0.7, 9, 0.4, 1.0, 4.5, 3.141592653589793, 0.0, 0.0, 0.0, 0.4, 0.0, 0.5)
Waveform Generated. SNR: 25.340930752409413
calculating stable deltas...
Gamma_ii for m1: 178.41060943734445
Gamma_ii for m1: 178.41060943755244
Gamma_ii for m1: 178.41060943743489
Gamma_ii for m1: 178.41060943663717
Gamma_ii for m1: 178.41060944469857
Gamma_ii for m1: 178.41060943722601
Gamma_ii for m1: 178.41060941236077
Gamma_ii for m1: 178.41060934690847
~~~~~~~~~~~~~~~~~~~~~~~~~~~~~~~~~~~~~~~~~~~~~~~~~~~~~~~~~~~~~~~~~~~~~~~~~~~~~~~~~~~~~~~~~~
			Resource Usage on 2026-06-18 04:26:53.732763:
~~~~~~~~~~~~~~~~~~~~~~~~~~~~~~~~~~~~~~~~~~~~~~~~~~~~~~~~~~~~~~~~~~~~~~~~~~~~~~~~~~~~~~~~~~
	JobId: 510170.hopper-m-02
	Project: CFP03-CF-051
	Exit Status: 271
~~~~~~~~~~~~~~~~~~~~~~~~~~~~~~~~~~~~~~~~~~~~~~~~~~~~~~~~~~~~~~~~~~~~~~~~~~~~~~~~~~~~~~~~~~
	NCPUs: Requested(12), Used(12)
	CPU Time Used: 00:03:01
	Memory: Requested(225gb), Used(11794864kb)
	Vmem Used: 37322752kb
	Walltime: Requested(24:00:00), Used(00:04:46)
~~~~~~~~~~~~~~~~~~~~~~~~~~~~~~~~~~~~~~~~~~~~~~~~~~~~~~~~~~~~~~~~~~~~~~~~~~~~~~~~~~~~~~~~~~
	Execution Nodes Used: (hopper-22:ngpus=1:ncpus=12:mem=235929600kb)
~~~~~~~~~~~~~~~~~~~~~~~~~~~~~~~~~~~~~~~~~~~~~~~~~~~~~~~~~~~~~~~~~~~~~~~~~~~~~~~~~~~~~~~~~~
	No GPU-related information available for this job.
/nfs/home/svu/e1498138/localgit/StableEMRIFisher/stableemrifisher/__init__.py
startup
Body is not plunging, Fisher should be stable.
waveform shape: (3, 12623259)
wave ndim: 2
Computing SNR for parameters: (1000000.0, 10.0, 0.7, 9, 0.4, 1.0, 4.5, 3.141592653589793, 0.0, 0.0, 0.0, 0.4, 0.0, 0.5)
Waveform Generated. SNR: 55.88306955413101
calculating stable deltas...
Gamma_ii for m1: 15579.720402078345
Gamma_ii for m1: 15579.720402106883
Gamma_ii for m1: 15579.720402001967
Gamma_ii for m1: 15579.720402144554
Gamma_ii for m1: 15579.720403083076
Gamma_ii for m1: 15579.720401769599
Gamma_ii for m1: 15579.720399712109
Gamma_ii for m1: 15579.720395206763
Gamma_ii for m1: 15579.720414011092
~~~~~~~~~~~~~~~~~~~~~~~~~~~~~~~~~~~~~~~~~~~~~~~~~~~~~~~~~~~~~~~~~~~~~~~~~~~~~~~~~~~~~~~~~~
			Resource Usage on 2026-06-18 04:32:58.766221:
~~~~~~~~~~~~~~~~~~~~~~~~~~~~~~~~~~~~~~~~~~~~~~~~~~~~~~~~~~~~~~~~~~~~~~~~~~~~~~~~~~~~~~~~~~
	JobId: 510172.hopper-m-02
	Project: CFP03-CF-051
	Exit Status: 271
~~~~~~~~~~~~~~~~~~~~~~~~~~~~~~~~~~~~~~~~~~~~~~~~~~~~~~~~~~~~~~~~~~~~~~~~~~~~~~~~~~~~~~~~~~
	NCPUs: Requested(12), Used(12)
	CPU Time Used: 00:04:37
	Memory: Requested(225gb), Used(11795004kb)
	Vmem Used: 43620104kb
	Walltime: Requested(24:00:00), Used(00:04:54)
~~~~~~~~~~~~~~~~~~~~~~~~~~~~~~~~~~~~~~~~~~~~~~~~~~~~~~~~~~~~~~~~~~~~~~~~~~~~~~~~~~~~~~~~~~
	Execution Nodes Used: (hopper-15:ngpus=1:ncpus=12:mem=235929600kb)
~~~~~~~~~~~~~~~~~~~~~~~~~~~~~~~~~~~~~~~~~~~~~~~~~~~~~~~~~~~~~~~~~~~~~~~~~~~~~~~~~~~~~~~~~~
	No GPU-related information available for this job.
/nfs/home/svu/e1498138/localgit/StableEMRIFisher/stableemrifisher/__init__.py
startup
Body is not plunging, Fisher should be stable.
waveform shape: (3, 6311629)
wave ndim: 2
Computing SNR for parameters: (1000000.0, 10.0, 0.7, 9, 0.4, 1.0, 4.5, 3.141592653589793, 0.0, 0.0, 0.0, 0.4, 0.0, 0.5)
Waveform Generated. SNR: 25.340930752409413
calculating stable deltas...
Gamma_ii for m1: 178.41060943734445
Gamma_ii for m1: 178.41060943755244
Gamma_ii for m1: 178.41060943743489
Gamma_ii for m1: 178.41060943663717
Gamma_ii for m1: 178.41060944469857
Gamma_ii for m1: 178.41060943722601
Gamma_ii for m1: 178.41060941236077
Gamma_ii for m1: 178.41060934690847
Gamma_ii for m1: 178.41060959695162
Gamma_ii for m1: 178.41060926091762
Gamma_ii for m1: 178.41060999313214
Gamma_ii for m1: 178.41060982203572
Gamma_ii for m1: 178.41060674447462
Gamma_ii for m1: 178.410609760368
Gamma_ii for m1: 178.41059701657943
Gamma_ii for m1: 178.41063901657583
[1.1657942891815385e-12, 6.588856490923777e-13, 4.471214582485119e-12, 4.5184485269029964e-11, 4.188400343390316e-11, 1.3937088252687715e-10, 3.6686326022568843e-10, 1.4015037787752638e-09, 1.8834865994549635e-09, 4.104097377407347e-09, 9.590035996454812e-10, 1.724987745905044e-08, 1.6904226648674616e-08, 7.142954951582458e-08, 2.354119498119604e-07]
1
Gamma_ii for m2: 16596007516.281712
Gamma_ii for m2: 16596007517.411406
Gamma_ii for m2: 16596007516.374508
Gamma_ii for m2: 16596007524.204725
Gamma_ii for m2: 16596007513.043581
Gamma_ii for m2: 16596007509.087677
Gamma_ii for m2: 16596007601.568188
Gamma_ii for m2: 16596007521.170635
Gamma_ii for m2: 16596007659.382126
Gamma_ii for m2: 16596007604.459782
Gamma_ii for m2: 16596007950.233027
Gamma_ii for m2: 16596006646.037998
Gamma_ii for m2: 16596007470.94735
Gamma_ii for m2: 16596003044.902687
Gamma_ii for m2: 16596007995.244007
Gamma_ii for m2: 16595999101.483778
[6.807022615530592e-11, 6.247874124416365e-11, 4.718133171505306e-10, 6.725198363413448e-10, 2.383647997743931e-10, 5.572455311657683e-09, 4.844391181895739e-09, 8.327996315003459e-09, 3.30937087501723e-09, 2.0834723982699288e-08, 7.85848702113172e-08, 4.970528922651712e-08, 2.666934110882202e-07, 2.9828506478524734e-07, 5.358978495193799e-07]
1
Gamma_ii for a: 462861186875.4849
Gamma_ii for a: 462861197284.05
Gamma_ii for a: 462861247990.21405
Gamma_ii for a: 462861156278.25653
Gamma_ii for a: 462861124802.7063
Gamma_ii for a: 462860371745.18634
Gamma_ii for a: 462861776592.29565
Gamma_ii for a: 462864674002.3214
Gamma_ii for a: 462865217578.31116
Gamma_ii for a: 462873060206.9931
Gamma_ii for a: 462887751541.0823
Gamma_ii for a: 462867523061.524
Gamma_ii for a: 462973410968.45856
Gamma_ii for a: 462422632274.1107
Gamma_ii for a: 463559657874.50494
Gamma_ii for a: 462749772454.7777
[2.24874435890313e-08, 1.0954938284998109e-07, 1.9814140001931187e-07, 6.800214696222325e-08, 1.6269647736727587e-06, 3.035133122585324e-06, 6.259734623304401e-06, 1.174372083065687e-06, 1.6943368184872632e-05, 3.173843775356081e-05, 4.37025251296359e-05, 0.00022871271746053735, 0.0011910720970537483, 0.0024528139605755816, 0.0017501584396918965]
0
Gamma_ii for p0: 4904878544334.927
Gamma_ii for p0: 4904878546656.151
Gamma_ii for p0: 4904878512322.778
Gamma_ii for p0: 4904878519903.491
Gamma_ii for p0: 4904878439086.842
Gamma_ii for p0: 4904878823135.902
Gamma_ii for p0: 4904878548573.223
Gamma_ii for p0: 4904878400111.195
Gamma_ii for p0: 4904878770955.777
Gamma_ii for p0: 4904873930239.545
Gamma_ii for p0: 4904899105721.256
Gamma_ii for p0: 4904871015540.338
Gamma_ii for p0: 4904925539271.364
Gamma_ii for p0: 4904942670428.751
Gamma_ii for p0: 4905356429083.707
Gamma_ii for p0: 4904512363879.8545
[4.732481318946155e-10, 6.9998416802001315e-09, 1.5455454930969746e-09, 1.6476789469446754e-08, 7.829939829203277e-08, 5.597746752921484e-08, 3.0268238115828586e-08, 7.560728803884102e-08, 9.869196030866105e-07, 5.132721625521693e-06, 5.726996862704296e-06, 1.1116117989931156e-05, 3.4926315224844986e-06, 8.434833654551429e-05, 0.0001720997198556998]
0
Gamma_ii for e0: 118883048648496.72
Gamma_ii for e0: 118883049026478.33
Gamma_ii for e0: 118883046117585.64
Gamma_ii for e0: 118883046603546.33
Gamma_ii for e0: 118883074390301.61
Gamma_ii for e0: 118883055066906.58
Gamma_ii for e0: 118883019520513.64
Gamma_ii for e0: 118883093528085.38
Gamma_ii for e0: 118883026787546.39
Gamma_ii for e0: 118883933637779.84
Gamma_ii for e0: 118882970414242.7
Gamma_ii for e0: 118879052480732.36
Gamma_ii for e0: 118883801873658.28
Gamma_ii for e0: 118883671561682.5
Gamma_ii for e0: 118890215573654.22
Gamma_ii for e0: 118795679171005.42
[3.1794407400403543e-09, 2.446852417141846e-08, 4.087720674930143e-09, 2.3373180264521172e-07, 1.6254120505546332e-07, 2.9900311315163354e-07, 6.225239395952561e-07, 5.613967005033086e-07, 7.628030177872069e-06, 8.102283563274984e-06, 3.295730768865911e-05, 3.9949874171833865e-05, 1.0961301419231316e-06, 5.504247713021127e-05, 0.0007957899084251413]
0
stable deltas: {'m1': 21.544346900318843, 'm2': 0.00021544346900318845, 'a': 3.249112183528948e-05, 'p0': 0.0004177429950251498, 'e0': 1.856635533445113e-05}
Time taken to compute stable deltas is 1090.104497909546 seconds
calculating Fisher matrix...
Finished derivatives
Calculated Fisher is *atleast* positive-definite.
Time taken to compute FM is 68.01152420043945 seconds
Fisher shape: (5, 5)
Fisher:
[[ 1.78410609e+14 -1.67527027e+13  5.83727712e+12  2.95548954e+13
   1.45052631e+14]
 [-1.67527027e+13  1.65960075e+12 -6.39460658e+11 -2.79309367e+12
  -1.33338746e+13]
 [ 5.83727712e+12 -6.39460658e+11  4.62861197e+11  1.01611691e+12
   4.45840611e+12]
 [ 2.95548954e+13 -2.79309367e+12  1.01611691e+12  4.90487855e+12
   2.39722130e+13]
 [ 1.45052631e+14 -1.33338746e+13  4.45840611e+12  2.39722130e+13
   1.18883049e+14]]
Covariance matrix:
[[ 4.34411322e-07  1.52243426e-07  4.03947019e-07 -2.31308769e-06
  -6.16878496e-08]
 [ 1.52243426e-07  6.04516632e-08  1.39298892e-07 -7.96467852e-07
  -2.35963724e-08]
 [ 4.03947019e-07  1.39298892e-07  3.76353723e-07 -2.15542232e-06
  -5.67269992e-08]
 [-2.31308768e-06 -7.96467851e-07 -2.15542232e-06  1.23447334e-05
   3.24509013e-07]
 [-6.16878496e-08 -2.35963724e-08 -5.67269992e-08  3.24509013e-07
   9.31224142e-09]]

Mahalanobis distance from true source (log10 m1, log10 m2, a, p0, e0):
  true point: [6.  1.  0.7 9.  0.4]
  fstat  d_M = 2146160.5527  (point = [6.10267641 0.9230586  0.4502283  8.42052417 0.41391971])
  X      d_M = 13470707.6934  (point = [5.63862259 1.1727771  0.84499254 8.8912361  0.24532288])
  s12    d_M = 87311.2453  (point = [5.9897139  1.06187119 0.84993711 9.21099004 0.39363801])
Job completed at Thu Jun 18 05:05:52 AM +08 2026
~~~~~~~~~~~~~~~~~~~~~~~~~~~~~~~~~~~~~~~~~~~~~~~~~~~~~~~~~~~~~~~~~~~~~~~~~~~~~~~~~~~~~~~~~~
			Resource Usage on 2026-06-18 05:05:53.690907:
~~~~~~~~~~~~~~~~~~~~~~~~~~~~~~~~~~~~~~~~~~~~~~~~~~~~~~~~~~~~~~~~~~~~~~~~~~~~~~~~~~~~~~~~~~
	JobId: 510173.hopper-m-02
	Project: CFP03-CF-051
	Exit Status: 0
~~~~~~~~~~~~~~~~~~~~~~~~~~~~~~~~~~~~~~~~~~~~~~~~~~~~~~~~~~~~~~~~~~~~~~~~~~~~~~~~~~~~~~~~~~
	NCPUs: Requested(12), Used(12)
	CPU Time Used: 00:20:16
	Memory: Requested(225gb), Used(11795008kb)
	Vmem Used: 37685572kb
	Walltime: Requested(24:00:00), Used(00:21:05)
~~~~~~~~~~~~~~~~~~~~~~~~~~~~~~~~~~~~~~~~~~~~~~~~~~~~~~~~~~~~~~~~~~~~~~~~~~~~~~~~~~~~~~~~~~
	Execution Nodes Used: (hopper-22:ngpus=1:ncpus=12:mem=235929600kb)
~~~~~~~~~~~~~~~~~~~~~~~~~~~~~~~~~~~~~~~~~~~~~~~~~~~~~~~~~~~~~~~~~~~~~~~~~~~~~~~~~~~~~~~~~~
	No GPU-related information available for this job.
