Job completed at Tue Apr 21 10:22:23 PM +08 2026
dt=10s, T=1.0yr
Initializing waveform generators...
Initializing loglike_pure...
SNR: 14.0813
Loading precomputed LHS from /home/svu/e1498138/localgit/FEWNEW/work/search/precomputed_lhs_paris3_1yr_1e+05.pkl...
Loading seed-08 from /home/svu/e1498138/localgit/FEWNEW/work/search/greedy_timeonly_results/seed08.pkl...
Seed-08 start: [6.0016596  1.00055986 0.70356258 8.97958344 0.39946742]  logden=13.7147
cov_prop (diag): [0.00092971 0.00052197 0.00191881 0.01102793 0.00039019]
Starting logden (from seed-08): 13.7147

Running greedy hill-climb for 10000 iterations...
  iter=   100  max_logden=13.714690  accepts=0  p_max=[6.0016596  1.00055986 0.70356258 8.97958344 0.39946742]  elapsed=50s
  iter=   200  max_logden=13.714690  accepts=0  p_max=[6.0016596  1.00055986 0.70356258 8.97958344 0.39946742]  elapsed=100s
  iter=   300  max_logden=13.714690  accepts=0  p_max=[6.0016596  1.00055986 0.70356258 8.97958344 0.39946742]  elapsed=149s
  iter=   400  max_logden=13.714690  accepts=0  p_max=[6.0016596  1.00055986 0.70356258 8.97958344 0.39946742]  elapsed=199s
  iter=   500  max_logden=13.714690  accepts=0  p_max=[6.0016596  1.00055986 0.70356258 8.97958344 0.39946742]  elapsed=248s
  iter=   600  max_logden=13.714690  accepts=0  p_max=[6.0016596  1.00055986 0.70356258 8.97958344 0.39946742]  elapsed=298s
  iter=   700  max_logden=13.714690  accepts=0  p_max=[6.0016596  1.00055986 0.70356258 8.97958344 0.39946742]  elapsed=347s
  iter=   800  max_logden=13.714690  accepts=0  p_max=[6.0016596  1.00055986 0.70356258 8.97958344 0.39946742]  elapsed=397s
  iter=   900  max_logden=13.714690  accepts=0  p_max=[6.0016596  1.00055986 0.70356258 8.97958344 0.39946742]  elapsed=447s
  iter=  1000  max_logden=13.714690  accepts=0  p_max=[6.0016596  1.00055986 0.70356258 8.97958344 0.39946742]  elapsed=496s
  iter=  1100  max_logden=13.714690  accepts=0  p_max=[6.0016596  1.00055986 0.70356258 8.97958344 0.39946742]  elapsed=546s
  iter=  1200  max_logden=13.714690  accepts=0  p_max=[6.0016596  1.00055986 0.70356258 8.97958344 0.39946742]  elapsed=595s
  iter=  1300  max_logden=13.714690  accepts=0  p_max=[6.0016596  1.00055986 0.70356258 8.97958344 0.39946742]  elapsed=645s
  iter=  1400  max_logden=13.714690  accepts=0  p_max=[6.0016596  1.00055986 0.70356258 8.97958344 0.39946742]  elapsed=694s
  iter=  1500  max_logden=13.714690  accepts=0  p_max=[6.0016596  1.00055986 0.70356258 8.97958344 0.39946742]  elapsed=744s
  iter=  1600  max_logden=13.714690  accepts=0  p_max=[6.0016596  1.00055986 0.70356258 8.97958344 0.39946742]  elapsed=793s
  iter=  1700  max_logden=13.714690  accepts=0  p_max=[6.0016596  1.00055986 0.70356258 8.97958344 0.39946742]  elapsed=842s
  iter=  1800  max_logden=13.714690  accepts=0  p_max=[6.0016596  1.00055986 0.70356258 8.97958344 0.39946742]  elapsed=892s
  iter=  1900  max_logden=13.714690  accepts=0  p_max=[6.0016596  1.00055986 0.70356258 8.97958344 0.39946742]  elapsed=941s
  iter=  2000  max_logden=13.714690  accepts=0  p_max=[6.0016596  1.00055986 0.70356258 8.97958344 0.39946742]  elapsed=990s
  iter=  2100  max_logden=13.714690  accepts=0  p_max=[6.0016596  1.00055986 0.70356258 8.97958344 0.39946742]  elapsed=1039s
  iter=  2200  max_logden=13.714690  accepts=0  p_max=[6.0016596  1.00055986 0.70356258 8.97958344 0.39946742]  elapsed=1089s
  iter=  2300  max_logden=13.714690  accepts=0  p_max=[6.0016596  1.00055986 0.70356258 8.97958344 0.39946742]  elapsed=1138s
  iter=  2400  max_logden=13.714690  accepts=0  p_max=[6.0016596  1.00055986 0.70356258 8.97958344 0.39946742]  elapsed=1187s
  iter=  2500  max_logden=13.714690  accepts=0  p_max=[6.0016596  1.00055986 0.70356258 8.97958344 0.39946742]  elapsed=1236s
  iter=  2600  max_logden=13.714690  accepts=0  p_max=[6.0016596  1.00055986 0.70356258 8.97958344 0.39946742]  elapsed=1285s
  iter=  2700  max_logden=13.714690  accepts=0  p_max=[6.0016596  1.00055986 0.70356258 8.97958344 0.39946742]  elapsed=1334s
  iter=  2800  max_logden=13.714690  accepts=0  p_max=[6.0016596  1.00055986 0.70356258 8.97958344 0.39946742]  elapsed=1384s
  iter=  2900  max_logden=13.714690  accepts=0  p_max=[6.0016596  1.00055986 0.70356258 8.97958344 0.39946742]  elapsed=1433s
  iter=  3000  max_logden=13.714690  accepts=0  p_max=[6.0016596  1.00055986 0.70356258 8.97958344 0.39946742]  elapsed=1482s
  iter=  3100  max_logden=13.714690  accepts=0  p_max=[6.0016596  1.00055986 0.70356258 8.97958344 0.39946742]  elapsed=1531s
  iter=  3200  max_logden=13.714690  accepts=0  p_max=[6.0016596  1.00055986 0.70356258 8.97958344 0.39946742]  elapsed=1580s
  iter=  3300  max_logden=13.714690  accepts=0  p_max=[6.0016596  1.00055986 0.70356258 8.97958344 0.39946742]  elapsed=1630s
  iter=  3400  max_logden=13.714690  accepts=0  p_max=[6.0016596  1.00055986 0.70356258 8.97958344 0.39946742]  elapsed=1679s
  iter=  3500  max_logden=13.714690  accepts=0  p_max=[6.0016596  1.00055986 0.70356258 8.97958344 0.39946742]  elapsed=1728s
  iter=  3600  max_logden=13.714690  accepts=0  p_max=[6.0016596  1.00055986 0.70356258 8.97958344 0.39946742]  elapsed=1777s
  iter=  3700  max_logden=13.714690  accepts=0  p_max=[6.0016596  1.00055986 0.70356258 8.97958344 0.39946742]  elapsed=1826s
dt=10s, T=1.0yr
Initializing waveform generators...
Initializing loglike_pure...
SNR: 14.0813
Loading precomputed LHS from /home/svu/e1498138/localgit/FEWNEW/work/search/precomputed_lhs_paris3_1yr_1e+05.pkl...
Loading seed-08 from /home/svu/e1498138/localgit/FEWNEW/work/search/greedy_timeonly_results/seed08.pkl...
cov_prop (diag): [0.00092971 0.00052197 0.00191881 0.01102793 0.00039019]
Seed-08 start: [6.0016596  1.00055986 0.70356258 8.97958344 0.39946742]
Recomputed starting logden (pure): 11.7141

Running greedy hill-climb for 10000 iterations...
  iter=   100  max_logden=11.714099  accepts=0  p_max=[6.0016596  1.00055986 0.70356258 8.97958344 0.39946742]  elapsed=49s
  iter=   200  max_logden=11.766823  accepts=1  p_max=[6.00178158 1.00054745 0.70388609 8.97782519 0.39946616]  elapsed=99s
  iter=   300  max_logden=11.766823  accepts=1  p_max=[6.00178158 1.00054745 0.70388609 8.97782519 0.39946616]  elapsed=148s
  iter=   400  max_logden=11.766823  accepts=1  p_max=[6.00178158 1.00054745 0.70388609 8.97782519 0.39946616]  elapsed=197s
  iter=   500  max_logden=11.766823  accepts=1  p_max=[6.00178158 1.00054745 0.70388609 8.97782519 0.39946616]  elapsed=246s
  iter=   600  max_logden=11.766823  accepts=1  p_max=[6.00178158 1.00054745 0.70388609 8.97782519 0.39946616]  elapsed=295s
  iter=   700  max_logden=11.766823  accepts=1  p_max=[6.00178158 1.00054745 0.70388609 8.97782519 0.39946616]  elapsed=344s
  iter=   800  max_logden=11.766823  accepts=1  p_max=[6.00178158 1.00054745 0.70388609 8.97782519 0.39946616]  elapsed=394s
  iter=   900  max_logden=11.766823  accepts=1  p_max=[6.00178158 1.00054745 0.70388609 8.97782519 0.39946616]  elapsed=443s
  iter=  1000  max_logden=11.766823  accepts=1  p_max=[6.00178158 1.00054745 0.70388609 8.97782519 0.39946616]  elapsed=492s
  iter=  1100  max_logden=12.714194  accepts=2  p_max=[6.00182799 1.000655   0.70392372 8.97763659 0.39940015]  elapsed=541s
  iter=  1200  max_logden=12.714194  accepts=2  p_max=[6.00182799 1.000655   0.70392372 8.97763659 0.39940015]  elapsed=590s
  iter=  1300  max_logden=12.714194  accepts=2  p_max=[6.00182799 1.000655   0.70392372 8.97763659 0.39940015]  elapsed=639s
  iter=  1400  max_logden=12.714194  accepts=2  p_max=[6.00182799 1.000655   0.70392372 8.97763659 0.39940015]  elapsed=689s
  iter=  1500  max_logden=12.714194  accepts=2  p_max=[6.00182799 1.000655   0.70392372 8.97763659 0.39940015]  elapsed=738s
  iter=  1600  max_logden=12.714194  accepts=2  p_max=[6.00182799 1.000655   0.70392372 8.97763659 0.39940015]  elapsed=787s
  iter=  1700  max_logden=12.714194  accepts=2  p_max=[6.00182799 1.000655   0.70392372 8.97763659 0.39940015]  elapsed=836s
  iter=  1800  max_logden=12.714194  accepts=2  p_max=[6.00182799 1.000655   0.70392372 8.97763659 0.39940015]  elapsed=885s
  iter=  1900  max_logden=13.737753  accepts=3  p_max=[6.00150892 1.00052528 0.70323531 8.98148837 0.39951057]  elapsed=935s
  iter=  2000  max_logden=13.737753  accepts=3  p_max=[6.00150892 1.00052528 0.70323531 8.98148837 0.39951057]  elapsed=984s
  iter=  2100  max_logden=13.737753  accepts=3  p_max=[6.00150892 1.00052528 0.70323531 8.98148837 0.39951057]  elapsed=1033s
  iter=  2200  max_logden=13.737753  accepts=3  p_max=[6.00150892 1.00052528 0.70323531 8.98148837 0.39951057]  elapsed=1082s
  iter=  2300  max_logden=13.737753  accepts=3  p_max=[6.00150892 1.00052528 0.70323531 8.98148837 0.39951057]  elapsed=1131s
  iter=  2400  max_logden=13.737753  accepts=3  p_max=[6.00150892 1.00052528 0.70323531 8.98148837 0.39951057]  elapsed=1180s
  iter=  2500  max_logden=13.737753  accepts=3  p_max=[6.00150892 1.00052528 0.70323531 8.98148837 0.39951057]  elapsed=1230s
  iter=  2600  max_logden=13.737753  accepts=3  p_max=[6.00150892 1.00052528 0.70323531 8.98148837 0.39951057]  elapsed=1279s
  iter=  2700  max_logden=13.737753  accepts=3  p_max=[6.00150892 1.00052528 0.70323531 8.98148837 0.39951057]  elapsed=1328s
  iter=  2800  max_logden=13.737753  accepts=3  p_max=[6.00150892 1.00052528 0.70323531 8.98148837 0.39951057]  elapsed=1377s
  iter=  2900  max_logden=13.737753  accepts=3  p_max=[6.00150892 1.00052528 0.70323531 8.98148837 0.39951057]  elapsed=1426s
  iter=  3000  max_logden=13.737753  accepts=3  p_max=[6.00150892 1.00052528 0.70323531 8.98148837 0.39951057]  elapsed=1476s
  iter=  3100  max_logden=13.737753  accepts=3  p_max=[6.00150892 1.00052528 0.70323531 8.98148837 0.39951057]  elapsed=1525s
  iter=  3200  max_logden=13.737753  accepts=3  p_max=[6.00150892 1.00052528 0.70323531 8.98148837 0.39951057]  elapsed=1574s
  iter=  3300  max_logden=13.737753  accepts=3  p_max=[6.00150892 1.00052528 0.70323531 8.98148837 0.39951057]  elapsed=1623s
  iter=  3400  max_logden=13.737753  accepts=3  p_max=[6.00150892 1.00052528 0.70323531 8.98148837 0.39951057]  elapsed=1672s
  iter=  3500  max_logden=13.737753  accepts=3  p_max=[6.00150892 1.00052528 0.70323531 8.98148837 0.39951057]  elapsed=1721s
  iter=  3600  max_logden=13.737753  accepts=3  p_max=[6.00150892 1.00052528 0.70323531 8.98148837 0.39951057]  elapsed=1771s
  iter=  3700  max_logden=13.737753  accepts=3  p_max=[6.00150892 1.00052528 0.70323531 8.98148837 0.39951057]  elapsed=1820s
  iter=  3800  max_logden=13.737753  accepts=3  p_max=[6.00150892 1.00052528 0.70323531 8.98148837 0.39951057]  elapsed=1869s
  iter=  3900  max_logden=13.737753  accepts=3  p_max=[6.00150892 1.00052528 0.70323531 8.98148837 0.39951057]  elapsed=1918s
  iter=  4000  max_logden=13.737753  accepts=3  p_max=[6.00150892 1.00052528 0.70323531 8.98148837 0.39951057]  elapsed=1967s
  iter=  4100  max_logden=13.737753  accepts=3  p_max=[6.00150892 1.00052528 0.70323531 8.98148837 0.39951057]  elapsed=2017s
  iter=  4200  max_logden=13.737753  accepts=3  p_max=[6.00150892 1.00052528 0.70323531 8.98148837 0.39951057]  elapsed=2066s
  iter=  4300  max_logden=13.737753  accepts=3  p_max=[6.00150892 1.00052528 0.70323531 8.98148837 0.39951057]  elapsed=2115s
  iter=  4400  max_logden=13.737753  accepts=3  p_max=[6.00150892 1.00052528 0.70323531 8.98148837 0.39951057]  elapsed=2164s
  iter=  4500  max_logden=13.737753  accepts=3  p_max=[6.00150892 1.00052528 0.70323531 8.98148837 0.39951057]  elapsed=2213s
  iter=  4600  max_logden=13.737753  accepts=3  p_max=[6.00150892 1.00052528 0.70323531 8.98148837 0.39951057]  elapsed=2262s
  iter=  4700  max_logden=13.737753  accepts=3  p_max=[6.00150892 1.00052528 0.70323531 8.98148837 0.39951057]  elapsed=2312s
  iter=  4800  max_logden=13.737753  accepts=3  p_max=[6.00150892 1.00052528 0.70323531 8.98148837 0.39951057]  elapsed=2361s
  iter=  4900  max_logden=13.737753  accepts=3  p_max=[6.00150892 1.00052528 0.70323531 8.98148837 0.39951057]  elapsed=2410s
  iter=  5000  max_logden=13.737753  accepts=3  p_max=[6.00150892 1.00052528 0.70323531 8.98148837 0.39951057]  elapsed=2459s
  iter=  5100  max_logden=13.737753  accepts=3  p_max=[6.00150892 1.00052528 0.70323531 8.98148837 0.39951057]  elapsed=2508s
  iter=  5200  max_logden=13.737753  accepts=3  p_max=[6.00150892 1.00052528 0.70323531 8.98148837 0.39951057]  elapsed=2557s
  iter=  5300  max_logden=13.737753  accepts=3  p_max=[6.00150892 1.00052528 0.70323531 8.98148837 0.39951057]  elapsed=2607s
  iter=  5400  max_logden=13.737753  accepts=3  p_max=[6.00150892 1.00052528 0.70323531 8.98148837 0.39951057]  elapsed=2656s
  iter=  5500  max_logden=13.737753  accepts=3  p_max=[6.00150892 1.00052528 0.70323531 8.98148837 0.39951057]  elapsed=2705s
  iter=  5600  max_logden=13.737753  accepts=3  p_max=[6.00150892 1.00052528 0.70323531 8.98148837 0.39951057]  elapsed=2754s
  iter=  5700  max_logden=13.737753  accepts=3  p_max=[6.00150892 1.00052528 0.70323531 8.98148837 0.39951057]  elapsed=2803s
  iter=  5800  max_logden=13.737753  accepts=3  p_max=[6.00150892 1.00052528 0.70323531 8.98148837 0.39951057]  elapsed=2853s
  iter=  5900  max_logden=13.737753  accepts=3  p_max=[6.00150892 1.00052528 0.70323531 8.98148837 0.39951057]  elapsed=2902s
  iter=  6000  max_logden=13.737753  accepts=3  p_max=[6.00150892 1.00052528 0.70323531 8.98148837 0.39951057]  elapsed=2951s
  iter=  6100  max_logden=13.737753  accepts=3  p_max=[6.00150892 1.00052528 0.70323531 8.98148837 0.39951057]  elapsed=3000s
  iter=  6200  max_logden=13.737753  accepts=3  p_max=[6.00150892 1.00052528 0.70323531 8.98148837 0.39951057]  elapsed=3049s
  iter=  6300  max_logden=13.737753  accepts=3  p_max=[6.00150892 1.00052528 0.70323531 8.98148837 0.39951057]  elapsed=3098s
  iter=  6400  max_logden=13.737753  accepts=3  p_max=[6.00150892 1.00052528 0.70323531 8.98148837 0.39951057]  elapsed=3147s
  iter=  6500  max_logden=13.737753  accepts=3  p_max=[6.00150892 1.00052528 0.70323531 8.98148837 0.39951057]  elapsed=3197s
  iter=  6600  max_logden=13.737753  accepts=3  p_max=[6.00150892 1.00052528 0.70323531 8.98148837 0.39951057]  elapsed=3246s
  iter=  6700  max_logden=13.737753  accepts=3  p_max=[6.00150892 1.00052528 0.70323531 8.98148837 0.39951057]  elapsed=3295s
  iter=  6800  max_logden=13.737753  accepts=3  p_max=[6.00150892 1.00052528 0.70323531 8.98148837 0.39951057]  elapsed=3344s
  iter=  6900  max_logden=13.737753  accepts=3  p_max=[6.00150892 1.00052528 0.70323531 8.98148837 0.39951057]  elapsed=3393s
  iter=  7000  max_logden=13.737753  accepts=3  p_max=[6.00150892 1.00052528 0.70323531 8.98148837 0.39951057]  elapsed=3442s
  iter=  7100  max_logden=13.737753  accepts=3  p_max=[6.00150892 1.00052528 0.70323531 8.98148837 0.39951057]  elapsed=3491s
  iter=  7200  max_logden=13.737753  accepts=3  p_max=[6.00150892 1.00052528 0.70323531 8.98148837 0.39951057]  elapsed=3541s
  iter=  7300  max_logden=13.737753  accepts=3  p_max=[6.00150892 1.00052528 0.70323531 8.98148837 0.39951057]  elapsed=3590s
  iter=  7400  max_logden=13.737753  accepts=3  p_max=[6.00150892 1.00052528 0.70323531 8.98148837 0.39951057]  elapsed=3639s
  iter=  7500  max_logden=13.737753  accepts=3  p_max=[6.00150892 1.00052528 0.70323531 8.98148837 0.39951057]  elapsed=3688s
  iter=  7600  max_logden=13.737753  accepts=3  p_max=[6.00150892 1.00052528 0.70323531 8.98148837 0.39951057]  elapsed=3737s
  iter=  7700  max_logden=13.737753  accepts=3  p_max=[6.00150892 1.00052528 0.70323531 8.98148837 0.39951057]  elapsed=3786s
  iter=  7800  max_logden=13.737753  accepts=3  p_max=[6.00150892 1.00052528 0.70323531 8.98148837 0.39951057]  elapsed=3835s
  iter=  7900  max_logden=13.737753  accepts=3  p_max=[6.00150892 1.00052528 0.70323531 8.98148837 0.39951057]  elapsed=3884s
  iter=  8000  max_logden=13.737753  accepts=3  p_max=[6.00150892 1.00052528 0.70323531 8.98148837 0.39951057]  elapsed=3934s
  iter=  8100  max_logden=13.737753  accepts=3  p_max=[6.00150892 1.00052528 0.70323531 8.98148837 0.39951057]  elapsed=3983s
  iter=  8200  max_logden=13.737753  accepts=3  p_max=[6.00150892 1.00052528 0.70323531 8.98148837 0.39951057]  elapsed=4032s
  iter=  8300  max_logden=13.737753  accepts=3  p_max=[6.00150892 1.00052528 0.70323531 8.98148837 0.39951057]  elapsed=4081s
  iter=  8400  max_logden=13.737753  accepts=3  p_max=[6.00150892 1.00052528 0.70323531 8.98148837 0.39951057]  elapsed=4130s
  iter=  8500  max_logden=13.737753  accepts=3  p_max=[6.00150892 1.00052528 0.70323531 8.98148837 0.39951057]  elapsed=4179s
  iter=  8600  max_logden=13.737753  accepts=3  p_max=[6.00150892 1.00052528 0.70323531 8.98148837 0.39951057]  elapsed=4229s
  iter=  8700  max_logden=13.737753  accepts=3  p_max=[6.00150892 1.00052528 0.70323531 8.98148837 0.39951057]  elapsed=4278s
  iter=  8800  max_logden=13.767535  accepts=4  p_max=[6.00142201 1.0004626  0.70305966 8.98243128 0.39955459]  elapsed=4327s
  iter=  8900  max_logden=13.767535  accepts=4  p_max=[6.00142201 1.0004626  0.70305966 8.98243128 0.39955459]  elapsed=4376s
  iter=  9000  max_logden=13.767535  accepts=4  p_max=[6.00142201 1.0004626  0.70305966 8.98243128 0.39955459]  elapsed=4425s
  iter=  9100  max_logden=13.767535  accepts=4  p_max=[6.00142201 1.0004626  0.70305966 8.98243128 0.39955459]  elapsed=4474s
  iter=  9200  max_logden=13.767535  accepts=4  p_max=[6.00142201 1.0004626  0.70305966 8.98243128 0.39955459]  elapsed=4524s
  iter=  9300  max_logden=13.767535  accepts=4  p_max=[6.00142201 1.0004626  0.70305966 8.98243128 0.39955459]  elapsed=4573s
  iter=  9400  max_logden=13.767535  accepts=4  p_max=[6.00142201 1.0004626  0.70305966 8.98243128 0.39955459]  elapsed=4622s
  iter=  9500  max_logden=13.767535  accepts=4  p_max=[6.00142201 1.0004626  0.70305966 8.98243128 0.39955459]  elapsed=4671s
  iter=  9600  max_logden=13.767535  accepts=4  p_max=[6.00142201 1.0004626  0.70305966 8.98243128 0.39955459]  elapsed=4720s
  iter=  9700  max_logden=13.767535  accepts=4  p_max=[6.00142201 1.0004626  0.70305966 8.98243128 0.39955459]  elapsed=4769s
  iter=  9800  max_logden=13.767535  accepts=4  p_max=[6.00142201 1.0004626  0.70305966 8.98243128 0.39955459]  elapsed=4819s
  iter=  9900  max_logden=13.767535  accepts=4  p_max=[6.00142201 1.0004626  0.70305966 8.98243128 0.39955459]  elapsed=4868s
  iter= 10000  max_logden=13.767535  accepts=4  p_max=[6.00142201 1.0004626  0.70305966 8.98243128 0.39955459]  elapsed=4917s

Done. 10000 iters in 4917s (2.0/s)
Total accepts: 4
Final max logden: 13.767535
Final p_max: [6.00142201 1.0004626  0.70305966 8.98243128 0.39955459]
Saved to /home/svu/e1498138/localgit/FEWNEW/work/search/greedy_pure_results.pkl
Job completed at Wed Apr 22 12:26:40 AM +08 2026
dt=10s, T=1.0yr
Initializing waveform generators...
Initializing loglike_pure...
SNR: 14.0813
Loading precomputed LHS from /home/svu/e1498138/localgit/FEWNEW/work/search/precomputed_lhs_paris3_1yr_1e+05.pkl...
Loading prev results from /home/svu/e1498138/localgit/FEWNEW/work/search/greedy_pure_results.pkl...
cov_prop (diag): [0.00092971 0.00052197 0.00191881 0.01102793 0.00039019]
Point start: [6.00142201 1.0004626  0.70305966 8.98243128 0.39955459]
Recomputed starting logden (pure): 13.7675

Running greedy hill-climb for 10000 iterations...
  iter=   100  max_logden=13.767535  accepts=0  p_max=[6.00142201 1.0004626  0.70305966 8.98243128 0.39955459]  elapsed=49s
  iter=   200  max_logden=13.767535  accepts=0  p_max=[6.00142201 1.0004626  0.70305966 8.98243128 0.39955459]  elapsed=99s
  iter=   300  max_logden=13.767535  accepts=0  p_max=[6.00142201 1.0004626  0.70305966 8.98243128 0.39955459]  elapsed=148s
  iter=   400  max_logden=13.767535  accepts=0  p_max=[6.00142201 1.0004626  0.70305966 8.98243128 0.39955459]  elapsed=197s
  iter=   500  max_logden=13.767535  accepts=0  p_max=[6.00142201 1.0004626  0.70305966 8.98243128 0.39955459]  elapsed=246s
  iter=   600  max_logden=13.767535  accepts=0  p_max=[6.00142201 1.0004626  0.70305966 8.98243128 0.39955459]  elapsed=296s
  iter=   700  max_logden=13.767535  accepts=0  p_max=[6.00142201 1.0004626  0.70305966 8.98243128 0.39955459]  elapsed=345s
  iter=   800  max_logden=13.767535  accepts=0  p_max=[6.00142201 1.0004626  0.70305966 8.98243128 0.39955459]  elapsed=394s
  iter=   900  max_logden=13.767535  accepts=0  p_max=[6.00142201 1.0004626  0.70305966 8.98243128 0.39955459]  elapsed=443s
  iter=  1000  max_logden=13.767535  accepts=0  p_max=[6.00142201 1.0004626  0.70305966 8.98243128 0.39955459]  elapsed=493s
  iter=  1100  max_logden=13.767535  accepts=0  p_max=[6.00142201 1.0004626  0.70305966 8.98243128 0.39955459]  elapsed=542s
  iter=  1200  max_logden=13.767535  accepts=0  p_max=[6.00142201 1.0004626  0.70305966 8.98243128 0.39955459]  elapsed=591s
  iter=  1300  max_logden=13.774387  accepts=1  p_max=[6.00070497 1.00031051 0.70145215 8.99167327 0.3997245 ]  elapsed=640s
  iter=  1400  max_logden=13.774387  accepts=1  p_max=[6.00070497 1.00031051 0.70145215 8.99167327 0.3997245 ]  elapsed=689s
  iter=  1500  max_logden=13.774387  accepts=1  p_max=[6.00070497 1.00031051 0.70145215 8.99167327 0.3997245 ]  elapsed=739s
  iter=  1600  max_logden=13.774387  accepts=1  p_max=[6.00070497 1.00031051 0.70145215 8.99167327 0.3997245 ]  elapsed=788s
  iter=  1700  max_logden=13.774387  accepts=1  p_max=[6.00070497 1.00031051 0.70145215 8.99167327 0.3997245 ]  elapsed=837s
  iter=  1800  max_logden=13.774387  accepts=1  p_max=[6.00070497 1.00031051 0.70145215 8.99167327 0.3997245 ]  elapsed=886s
  iter=  1900  max_logden=13.774387  accepts=1  p_max=[6.00070497 1.00031051 0.70145215 8.99167327 0.3997245 ]  elapsed=935s
  iter=  2000  max_logden=13.774387  accepts=1  p_max=[6.00070497 1.00031051 0.70145215 8.99167327 0.3997245 ]  elapsed=984s
  iter=  2100  max_logden=13.774387  accepts=1  p_max=[6.00070497 1.00031051 0.70145215 8.99167327 0.3997245 ]  elapsed=1034s
  iter=  2200  max_logden=13.774387  accepts=1  p_max=[6.00070497 1.00031051 0.70145215 8.99167327 0.3997245 ]  elapsed=1083s
  iter=  2300  max_logden=13.774387  accepts=1  p_max=[6.00070497 1.00031051 0.70145215 8.99167327 0.3997245 ]  elapsed=1132s
  iter=  2400  max_logden=13.774387  accepts=1  p_max=[6.00070497 1.00031051 0.70145215 8.99167327 0.3997245 ]  elapsed=1181s
  iter=  2500  max_logden=13.774387  accepts=1  p_max=[6.00070497 1.00031051 0.70145215 8.99167327 0.3997245 ]  elapsed=1230s
  iter=  2600  max_logden=13.774387  accepts=1  p_max=[6.00070497 1.00031051 0.70145215 8.99167327 0.3997245 ]  elapsed=1279s
  iter=  2700  max_logden=13.774387  accepts=1  p_max=[6.00070497 1.00031051 0.70145215 8.99167327 0.3997245 ]  elapsed=1328s
  iter=  2800  max_logden=13.774387  accepts=1  p_max=[6.00070497 1.00031051 0.70145215 8.99167327 0.3997245 ]  elapsed=1378s
  iter=  2900  max_logden=13.774387  accepts=1  p_max=[6.00070497 1.00031051 0.70145215 8.99167327 0.3997245 ]  elapsed=1427s
  iter=  3000  max_logden=13.774387  accepts=1  p_max=[6.00070497 1.00031051 0.70145215 8.99167327 0.3997245 ]  elapsed=1476s
  iter=  3100  max_logden=13.774387  accepts=1  p_max=[6.00070497 1.00031051 0.70145215 8.99167327 0.3997245 ]  elapsed=1525s
  iter=  3200  max_logden=13.774387  accepts=1  p_max=[6.00070497 1.00031051 0.70145215 8.99167327 0.3997245 ]  elapsed=1574s
  iter=  3300  max_logden=13.774387  accepts=1  p_max=[6.00070497 1.00031051 0.70145215 8.99167327 0.3997245 ]  elapsed=1623s
  iter=  3400  max_logden=13.774387  accepts=1  p_max=[6.00070497 1.00031051 0.70145215 8.99167327 0.3997245 ]  elapsed=1672s
  iter=  3500  max_logden=13.774387  accepts=1  p_max=[6.00070497 1.00031051 0.70145215 8.99167327 0.3997245 ]  elapsed=1721s
  iter=  3600  max_logden=13.774387  accepts=1  p_max=[6.00070497 1.00031051 0.70145215 8.99167327 0.3997245 ]  elapsed=1770s
  iter=  3700  max_logden=13.774387  accepts=1  p_max=[6.00070497 1.00031051 0.70145215 8.99167327 0.3997245 ]  elapsed=1819s
  iter=  3800  max_logden=13.774387  accepts=1  p_max=[6.00070497 1.00031051 0.70145215 8.99167327 0.3997245 ]  elapsed=1868s
  iter=  3900  max_logden=13.774387  accepts=1  p_max=[6.00070497 1.00031051 0.70145215 8.99167327 0.3997245 ]  elapsed=1918s
  iter=  4000  max_logden=13.774387  accepts=1  p_max=[6.00070497 1.00031051 0.70145215 8.99167327 0.3997245 ]  elapsed=1967s
  iter=  4100  max_logden=13.774387  accepts=1  p_max=[6.00070497 1.00031051 0.70145215 8.99167327 0.3997245 ]  elapsed=2016s
  iter=  4200  max_logden=13.774387  accepts=1  p_max=[6.00070497 1.00031051 0.70145215 8.99167327 0.3997245 ]  elapsed=2065s
  iter=  4300  max_logden=13.774387  accepts=1  p_max=[6.00070497 1.00031051 0.70145215 8.99167327 0.3997245 ]  elapsed=2114s
  iter=  4400  max_logden=13.774387  accepts=1  p_max=[6.00070497 1.00031051 0.70145215 8.99167327 0.3997245 ]  elapsed=2163s
  iter=  4500  max_logden=13.774387  accepts=1  p_max=[6.00070497 1.00031051 0.70145215 8.99167327 0.3997245 ]  elapsed=2212s
  iter=  4600  max_logden=13.774387  accepts=1  p_max=[6.00070497 1.00031051 0.70145215 8.99167327 0.3997245 ]  elapsed=2261s
  iter=  4700  max_logden=13.774387  accepts=1  p_max=[6.00070497 1.00031051 0.70145215 8.99167327 0.3997245 ]  elapsed=2310s
  iter=  4800  max_logden=13.774387  accepts=1  p_max=[6.00070497 1.00031051 0.70145215 8.99167327 0.3997245 ]  elapsed=2359s
  iter=  4900  max_logden=13.774387  accepts=1  p_max=[6.00070497 1.00031051 0.70145215 8.99167327 0.3997245 ]  elapsed=2408s
  iter=  5000  max_logden=13.774387  accepts=1  p_max=[6.00070497 1.00031051 0.70145215 8.99167327 0.3997245 ]  elapsed=2457s
  iter=  5100  max_logden=13.774387  accepts=1  p_max=[6.00070497 1.00031051 0.70145215 8.99167327 0.3997245 ]  elapsed=2506s
  iter=  5200  max_logden=13.774387  accepts=1  p_max=[6.00070497 1.00031051 0.70145215 8.99167327 0.3997245 ]  elapsed=2555s
  iter=  5300  max_logden=13.774387  accepts=1  p_max=[6.00070497 1.00031051 0.70145215 8.99167327 0.3997245 ]  elapsed=2605s
  iter=  5400  max_logden=13.774387  accepts=1  p_max=[6.00070497 1.00031051 0.70145215 8.99167327 0.3997245 ]  elapsed=2654s
  iter=  5500  max_logden=13.774387  accepts=1  p_max=[6.00070497 1.00031051 0.70145215 8.99167327 0.3997245 ]  elapsed=2703s
  iter=  5600  max_logden=13.774387  accepts=1  p_max=[6.00070497 1.00031051 0.70145215 8.99167327 0.3997245 ]  elapsed=2752s
  iter=  5700  max_logden=13.774387  accepts=1  p_max=[6.00070497 1.00031051 0.70145215 8.99167327 0.3997245 ]  elapsed=2801s
  iter=  5800  max_logden=13.774387  accepts=1  p_max=[6.00070497 1.00031051 0.70145215 8.99167327 0.3997245 ]  elapsed=2850s
  iter=  5900  max_logden=13.774387  accepts=1  p_max=[6.00070497 1.00031051 0.70145215 8.99167327 0.3997245 ]  elapsed=2899s
  iter=  6000  max_logden=13.774387  accepts=1  p_max=[6.00070497 1.00031051 0.70145215 8.99167327 0.3997245 ]  elapsed=2948s
  iter=  6100  max_logden=13.774387  accepts=1  p_max=[6.00070497 1.00031051 0.70145215 8.99167327 0.3997245 ]  elapsed=2997s
  iter=  6200  max_logden=13.774387  accepts=1  p_max=[6.00070497 1.00031051 0.70145215 8.99167327 0.3997245 ]  elapsed=3046s
  iter=  6300  max_logden=13.774387  accepts=1  p_max=[6.00070497 1.00031051 0.70145215 8.99167327 0.3997245 ]  elapsed=3096s
  iter=  6400  max_logden=13.774387  accepts=1  p_max=[6.00070497 1.00031051 0.70145215 8.99167327 0.3997245 ]  elapsed=3145s
  iter=  6500  max_logden=13.774387  accepts=1  p_max=[6.00070497 1.00031051 0.70145215 8.99167327 0.3997245 ]  elapsed=3194s
  iter=  6600  max_logden=13.774387  accepts=1  p_max=[6.00070497 1.00031051 0.70145215 8.99167327 0.3997245 ]  elapsed=3243s
  iter=  6700  max_logden=13.774387  accepts=1  p_max=[6.00070497 1.00031051 0.70145215 8.99167327 0.3997245 ]  elapsed=3292s
  iter=  6800  max_logden=13.774387  accepts=1  p_max=[6.00070497 1.00031051 0.70145215 8.99167327 0.3997245 ]  elapsed=3341s
  iter=  6900  max_logden=13.774387  accepts=1  p_max=[6.00070497 1.00031051 0.70145215 8.99167327 0.3997245 ]  elapsed=3390s
  iter=  7000  max_logden=13.774387  accepts=1  p_max=[6.00070497 1.00031051 0.70145215 8.99167327 0.3997245 ]  elapsed=3439s
  iter=  7100  max_logden=13.774387  accepts=1  p_max=[6.00070497 1.00031051 0.70145215 8.99167327 0.3997245 ]  elapsed=3488s
  iter=  7200  max_logden=13.774387  accepts=1  p_max=[6.00070497 1.00031051 0.70145215 8.99167327 0.3997245 ]  elapsed=3538s
  iter=  7300  max_logden=13.774387  accepts=1  p_max=[6.00070497 1.00031051 0.70145215 8.99167327 0.3997245 ]  elapsed=3587s
  iter=  7400  max_logden=13.774387  accepts=1  p_max=[6.00070497 1.00031051 0.70145215 8.99167327 0.3997245 ]  elapsed=3636s
  iter=  7500  max_logden=13.774387  accepts=1  p_max=[6.00070497 1.00031051 0.70145215 8.99167327 0.3997245 ]  elapsed=3685s
  iter=  7600  max_logden=13.774387  accepts=1  p_max=[6.00070497 1.00031051 0.70145215 8.99167327 0.3997245 ]  elapsed=3734s
  iter=  7700  max_logden=13.774387  accepts=1  p_max=[6.00070497 1.00031051 0.70145215 8.99167327 0.3997245 ]  elapsed=3783s
  iter=  7800  max_logden=13.774387  accepts=1  p_max=[6.00070497 1.00031051 0.70145215 8.99167327 0.3997245 ]  elapsed=3833s
  iter=  7900  max_logden=13.774387  accepts=1  p_max=[6.00070497 1.00031051 0.70145215 8.99167327 0.3997245 ]  elapsed=3882s
  iter=  8000  max_logden=13.774387  accepts=1  p_max=[6.00070497 1.00031051 0.70145215 8.99167327 0.3997245 ]  elapsed=3931s
  iter=  8100  max_logden=13.774387  accepts=1  p_max=[6.00070497 1.00031051 0.70145215 8.99167327 0.3997245 ]  elapsed=3980s
  iter=  8200  max_logden=13.774387  accepts=1  p_max=[6.00070497 1.00031051 0.70145215 8.99167327 0.3997245 ]  elapsed=4029s
  iter=  8300  max_logden=13.774387  accepts=1  p_max=[6.00070497 1.00031051 0.70145215 8.99167327 0.3997245 ]  elapsed=4078s
  iter=  8400  max_logden=13.774387  accepts=1  p_max=[6.00070497 1.00031051 0.70145215 8.99167327 0.3997245 ]  elapsed=4127s
  iter=  8500  max_logden=13.774387  accepts=1  p_max=[6.00070497 1.00031051 0.70145215 8.99167327 0.3997245 ]  elapsed=4176s
  iter=  8600  max_logden=13.774387  accepts=1  p_max=[6.00070497 1.00031051 0.70145215 8.99167327 0.3997245 ]  elapsed=4226s
  iter=  8700  max_logden=13.774387  accepts=1  p_max=[6.00070497 1.00031051 0.70145215 8.99167327 0.3997245 ]  elapsed=4275s
  iter=  8800  max_logden=13.774387  accepts=1  p_max=[6.00070497 1.00031051 0.70145215 8.99167327 0.3997245 ]  elapsed=4324s
  iter=  8900  max_logden=13.774387  accepts=1  p_max=[6.00070497 1.00031051 0.70145215 8.99167327 0.3997245 ]  elapsed=4373s
  iter=  9000  max_logden=13.774387  accepts=1  p_max=[6.00070497 1.00031051 0.70145215 8.99167327 0.3997245 ]  elapsed=4422s
  iter=  9100  max_logden=13.774387  accepts=1  p_max=[6.00070497 1.00031051 0.70145215 8.99167327 0.3997245 ]  elapsed=4471s
  iter=  9200  max_logden=13.774387  accepts=1  p_max=[6.00070497 1.00031051 0.70145215 8.99167327 0.3997245 ]  elapsed=4520s
  iter=  9300  max_logden=13.774387  accepts=1  p_max=[6.00070497 1.00031051 0.70145215 8.99167327 0.3997245 ]  elapsed=4569s
  iter=  9400  max_logden=13.774387  accepts=1  p_max=[6.00070497 1.00031051 0.70145215 8.99167327 0.3997245 ]  elapsed=4619s
  iter=  9500  max_logden=13.774387  accepts=1  p_max=[6.00070497 1.00031051 0.70145215 8.99167327 0.3997245 ]  elapsed=4668s
  iter=  9600  max_logden=13.774387  accepts=1  p_max=[6.00070497 1.00031051 0.70145215 8.99167327 0.3997245 ]  elapsed=4717s
  iter=  9700  max_logden=13.774387  accepts=1  p_max=[6.00070497 1.00031051 0.70145215 8.99167327 0.3997245 ]  elapsed=4766s
  iter=  9800  max_logden=13.774387  accepts=1  p_max=[6.00070497 1.00031051 0.70145215 8.99167327 0.3997245 ]  elapsed=4815s
  iter=  9900  max_logden=13.774387  accepts=1  p_max=[6.00070497 1.00031051 0.70145215 8.99167327 0.3997245 ]  elapsed=4864s
  iter= 10000  max_logden=13.774387  accepts=1  p_max=[6.00070497 1.00031051 0.70145215 8.99167327 0.3997245 ]  elapsed=4913s

Done. 10000 iters in 4913s (2.0/s)
Total accepts: 1
Final max logden: 13.774387
Final p_max: [6.00070497 1.00031051 0.70145215 8.99167327 0.3997245 ]
Saved to /home/svu/e1498138/localgit/FEWNEW/work/search/greedy_pure_results.pkl
Job completed at Wed Apr 22 11:01:19 AM +08 2026
dt=10s, T=1.25yr
Initializing waveform generators...
Initializing loglike_pure...
SNR: 17.0440
Loading precomputed LHS from /home/svu/e1498138/localgit/FEWNEW/work/search/precomputed_lhs_paris3_1yr_1e+05.pkl...
Loading prev results from /home/svu/e1498138/localgit/FEWNEW/work/search/greedy_pure_results.pkl...
cov_prop (diag): [0.00092971 0.00052197 0.00191881 0.01102793 0.00039019]
Point start: [6.00070497 1.00031051 0.70145215 8.99167327 0.3997245 ]
Recomputed starting logden (pure): 14.8045

Running greedy hill-climb for 10000 iterations...
  iter=   100  max_logden=14.804456  accepts=0  p_max=[6.00070497 1.00031051 0.70145215 8.99167327 0.3997245 ]  elapsed=55s
  iter=   200  max_logden=14.804456  accepts=0  p_max=[6.00070497 1.00031051 0.70145215 8.99167327 0.3997245 ]  elapsed=110s
  iter=   300  max_logden=14.804456  accepts=0  p_max=[6.00070497 1.00031051 0.70145215 8.99167327 0.3997245 ]  elapsed=165s
  iter=   400  max_logden=14.804456  accepts=0  p_max=[6.00070497 1.00031051 0.70145215 8.99167327 0.3997245 ]  elapsed=219s
  iter=   500  max_logden=14.804456  accepts=0  p_max=[6.00070497 1.00031051 0.70145215 8.99167327 0.3997245 ]  elapsed=274s
  iter=   600  max_logden=14.804456  accepts=0  p_max=[6.00070497 1.00031051 0.70145215 8.99167327 0.3997245 ]  elapsed=329s
  iter=   700  max_logden=14.804456  accepts=0  p_max=[6.00070497 1.00031051 0.70145215 8.99167327 0.3997245 ]  elapsed=384s
  iter=   800  max_logden=14.804456  accepts=0  p_max=[6.00070497 1.00031051 0.70145215 8.99167327 0.3997245 ]  elapsed=439s
  iter=   900  max_logden=14.804456  accepts=0  p_max=[6.00070497 1.00031051 0.70145215 8.99167327 0.3997245 ]  elapsed=494s
  iter=  1000  max_logden=14.804456  accepts=0  p_max=[6.00070497 1.00031051 0.70145215 8.99167327 0.3997245 ]  elapsed=548s
  iter=  1100  max_logden=14.804456  accepts=0  p_max=[6.00070497 1.00031051 0.70145215 8.99167327 0.3997245 ]  elapsed=603s
  iter=  1200  max_logden=14.804456  accepts=0  p_max=[6.00070497 1.00031051 0.70145215 8.99167327 0.3997245 ]  elapsed=658s
  iter=  1300  max_logden=14.804456  accepts=0  p_max=[6.00070497 1.00031051 0.70145215 8.99167327 0.3997245 ]  elapsed=713s
  iter=  1400  max_logden=14.804456  accepts=0  p_max=[6.00070497 1.00031051 0.70145215 8.99167327 0.3997245 ]  elapsed=768s
  iter=  1500  max_logden=14.804456  accepts=0  p_max=[6.00070497 1.00031051 0.70145215 8.99167327 0.3997245 ]  elapsed=823s
  iter=  1600  max_logden=14.804456  accepts=0  p_max=[6.00070497 1.00031051 0.70145215 8.99167327 0.3997245 ]  elapsed=877s
  iter=  1700  max_logden=14.804456  accepts=0  p_max=[6.00070497 1.00031051 0.70145215 8.99167327 0.3997245 ]  elapsed=932s
  iter=  1800  max_logden=14.804456  accepts=0  p_max=[6.00070497 1.00031051 0.70145215 8.99167327 0.3997245 ]  elapsed=987s
  iter=  1900  max_logden=14.804456  accepts=0  p_max=[6.00070497 1.00031051 0.70145215 8.99167327 0.3997245 ]  elapsed=1042s
  iter=  2000  max_logden=14.804456  accepts=0  p_max=[6.00070497 1.00031051 0.70145215 8.99167327 0.3997245 ]  elapsed=1097s
  iter=  2100  max_logden=14.804456  accepts=0  p_max=[6.00070497 1.00031051 0.70145215 8.99167327 0.3997245 ]  elapsed=1152s
  iter=  2200  max_logden=14.804456  accepts=0  p_max=[6.00070497 1.00031051 0.70145215 8.99167327 0.3997245 ]  elapsed=1207s
  iter=  2300  max_logden=14.804456  accepts=0  p_max=[6.00070497 1.00031051 0.70145215 8.99167327 0.3997245 ]  elapsed=1262s
  iter=  2400  max_logden=14.804456  accepts=0  p_max=[6.00070497 1.00031051 0.70145215 8.99167327 0.3997245 ]  elapsed=1316s
  iter=  2500  max_logden=14.804456  accepts=0  p_max=[6.00070497 1.00031051 0.70145215 8.99167327 0.3997245 ]  elapsed=1371s
  iter=  2600  max_logden=14.804456  accepts=0  p_max=[6.00070497 1.00031051 0.70145215 8.99167327 0.3997245 ]  elapsed=1426s
  iter=  2700  max_logden=14.804456  accepts=0  p_max=[6.00070497 1.00031051 0.70145215 8.99167327 0.3997245 ]  elapsed=1481s
  iter=  2800  max_logden=14.804456  accepts=0  p_max=[6.00070497 1.00031051 0.70145215 8.99167327 0.3997245 ]  elapsed=1536s
  iter=  2900  max_logden=14.804456  accepts=0  p_max=[6.00070497 1.00031051 0.70145215 8.99167327 0.3997245 ]  elapsed=1591s
  iter=  3000  max_logden=14.804456  accepts=0  p_max=[6.00070497 1.00031051 0.70145215 8.99167327 0.3997245 ]  elapsed=1646s
  iter=  3100  max_logden=15.461113  accepts=1  p_max=[6.00026066 1.00017596 0.70048856 8.99723208 0.39985227]  elapsed=1700s
  iter=  3200  max_logden=15.461113  accepts=1  p_max=[6.00026066 1.00017596 0.70048856 8.99723208 0.39985227]  elapsed=1755s
  iter=  3300  max_logden=15.461113  accepts=1  p_max=[6.00026066 1.00017596 0.70048856 8.99723208 0.39985227]  elapsed=1810s
  iter=  3400  max_logden=15.461113  accepts=1  p_max=[6.00026066 1.00017596 0.70048856 8.99723208 0.39985227]  elapsed=1865s
  iter=  3500  max_logden=15.461113  accepts=1  p_max=[6.00026066 1.00017596 0.70048856 8.99723208 0.39985227]  elapsed=1920s
  iter=  3600  max_logden=15.461113  accepts=1  p_max=[6.00026066 1.00017596 0.70048856 8.99723208 0.39985227]  elapsed=1975s
  iter=  3700  max_logden=15.461113  accepts=1  p_max=[6.00026066 1.00017596 0.70048856 8.99723208 0.39985227]  elapsed=2029s
  iter=  3800  max_logden=15.461113  accepts=1  p_max=[6.00026066 1.00017596 0.70048856 8.99723208 0.39985227]  elapsed=2084s
  iter=  3900  max_logden=15.461113  accepts=1  p_max=[6.00026066 1.00017596 0.70048856 8.99723208 0.39985227]  elapsed=2139s
  iter=  4000  max_logden=15.461113  accepts=1  p_max=[6.00026066 1.00017596 0.70048856 8.99723208 0.39985227]  elapsed=2194s
  iter=  4100  max_logden=15.461113  accepts=1  p_max=[6.00026066 1.00017596 0.70048856 8.99723208 0.39985227]  elapsed=2249s
  iter=  4200  max_logden=15.461113  accepts=1  p_max=[6.00026066 1.00017596 0.70048856 8.99723208 0.39985227]  elapsed=2304s
  iter=  4300  max_logden=15.461113  accepts=1  p_max=[6.00026066 1.00017596 0.70048856 8.99723208 0.39985227]  elapsed=2358s
  iter=  4400  max_logden=15.461113  accepts=1  p_max=[6.00026066 1.00017596 0.70048856 8.99723208 0.39985227]  elapsed=2413s
  iter=  4500  max_logden=15.461113  accepts=1  p_max=[6.00026066 1.00017596 0.70048856 8.99723208 0.39985227]  elapsed=2468s
  iter=  4600  max_logden=15.461113  accepts=1  p_max=[6.00026066 1.00017596 0.70048856 8.99723208 0.39985227]  elapsed=2523s
  iter=  4700  max_logden=15.461113  accepts=1  p_max=[6.00026066 1.00017596 0.70048856 8.99723208 0.39985227]  elapsed=2578s
  iter=  4800  max_logden=15.461113  accepts=1  p_max=[6.00026066 1.00017596 0.70048856 8.99723208 0.39985227]  elapsed=2632s
  iter=  4900  max_logden=15.461113  accepts=1  p_max=[6.00026066 1.00017596 0.70048856 8.99723208 0.39985227]  elapsed=2687s
  iter=  5000  max_logden=15.461113  accepts=1  p_max=[6.00026066 1.00017596 0.70048856 8.99723208 0.39985227]  elapsed=2742s
  iter=  5100  max_logden=15.461113  accepts=1  p_max=[6.00026066 1.00017596 0.70048856 8.99723208 0.39985227]  elapsed=2797s
  iter=  5200  max_logden=15.461113  accepts=1  p_max=[6.00026066 1.00017596 0.70048856 8.99723208 0.39985227]  elapsed=2852s
  iter=  5300  max_logden=15.461113  accepts=1  p_max=[6.00026066 1.00017596 0.70048856 8.99723208 0.39985227]  elapsed=2906s
  iter=  5400  max_logden=15.461113  accepts=1  p_max=[6.00026066 1.00017596 0.70048856 8.99723208 0.39985227]  elapsed=2961s
  iter=  5500  max_logden=15.461113  accepts=1  p_max=[6.00026066 1.00017596 0.70048856 8.99723208 0.39985227]  elapsed=3016s
  iter=  5600  max_logden=15.461113  accepts=1  p_max=[6.00026066 1.00017596 0.70048856 8.99723208 0.39985227]  elapsed=3071s
  iter=  5700  max_logden=15.461113  accepts=1  p_max=[6.00026066 1.00017596 0.70048856 8.99723208 0.39985227]  elapsed=3126s
  iter=  5800  max_logden=15.461113  accepts=1  p_max=[6.00026066 1.00017596 0.70048856 8.99723208 0.39985227]  elapsed=3180s
  iter=  5900  max_logden=15.461113  accepts=1  p_max=[6.00026066 1.00017596 0.70048856 8.99723208 0.39985227]  elapsed=3235s
  iter=  6000  max_logden=15.461113  accepts=1  p_max=[6.00026066 1.00017596 0.70048856 8.99723208 0.39985227]  elapsed=3290s
  iter=  6100  max_logden=16.274447  accepts=2  p_max=[6.0003184  1.00018968 0.70061681 8.99647795 0.39984206]  elapsed=3345s
  iter=  6200  max_logden=16.274447  accepts=2  p_max=[6.0003184  1.00018968 0.70061681 8.99647795 0.39984206]  elapsed=3400s
  iter=  6300  max_logden=16.274447  accepts=2  p_max=[6.0003184  1.00018968 0.70061681 8.99647795 0.39984206]  elapsed=3455s
  iter=  6400  max_logden=16.274447  accepts=2  p_max=[6.0003184  1.00018968 0.70061681 8.99647795 0.39984206]  elapsed=3509s
  iter=  6500  max_logden=16.274447  accepts=2  p_max=[6.0003184  1.00018968 0.70061681 8.99647795 0.39984206]  elapsed=3564s
  iter=  6600  max_logden=16.274447  accepts=2  p_max=[6.0003184  1.00018968 0.70061681 8.99647795 0.39984206]  elapsed=3619s
  iter=  6700  max_logden=16.274447  accepts=2  p_max=[6.0003184  1.00018968 0.70061681 8.99647795 0.39984206]  elapsed=3674s
  iter=  6800  max_logden=16.274447  accepts=2  p_max=[6.0003184  1.00018968 0.70061681 8.99647795 0.39984206]  elapsed=3728s
  iter=  6900  max_logden=16.274447  accepts=2  p_max=[6.0003184  1.00018968 0.70061681 8.99647795 0.39984206]  elapsed=3783s
  iter=  7000  max_logden=16.274447  accepts=2  p_max=[6.0003184  1.00018968 0.70061681 8.99647795 0.39984206]  elapsed=3838s
  iter=  7100  max_logden=16.274447  accepts=2  p_max=[6.0003184  1.00018968 0.70061681 8.99647795 0.39984206]  elapsed=3893s
  iter=  7200  max_logden=16.274447  accepts=2  p_max=[6.0003184  1.00018968 0.70061681 8.99647795 0.39984206]  elapsed=3948s
  iter=  7300  max_logden=16.274447  accepts=2  p_max=[6.0003184  1.00018968 0.70061681 8.99647795 0.39984206]  elapsed=4002s
  iter=  7400  max_logden=16.274447  accepts=2  p_max=[6.0003184  1.00018968 0.70061681 8.99647795 0.39984206]  elapsed=4057s
  iter=  7500  max_logden=16.274447  accepts=2  p_max=[6.0003184  1.00018968 0.70061681 8.99647795 0.39984206]  elapsed=4112s
  iter=  7600  max_logden=16.274447  accepts=2  p_max=[6.0003184  1.00018968 0.70061681 8.99647795 0.39984206]  elapsed=4167s
  iter=  7700  max_logden=16.274447  accepts=2  p_max=[6.0003184  1.00018968 0.70061681 8.99647795 0.39984206]  elapsed=4222s
  iter=  7800  max_logden=16.274447  accepts=2  p_max=[6.0003184  1.00018968 0.70061681 8.99647795 0.39984206]  elapsed=4276s
  iter=  7900  max_logden=16.274447  accepts=2  p_max=[6.0003184  1.00018968 0.70061681 8.99647795 0.39984206]  elapsed=4331s
  iter=  8000  max_logden=16.274447  accepts=2  p_max=[6.0003184  1.00018968 0.70061681 8.99647795 0.39984206]  elapsed=4386s
  iter=  8100  max_logden=16.274447  accepts=2  p_max=[6.0003184  1.00018968 0.70061681 8.99647795 0.39984206]  elapsed=4441s
  iter=  8200  max_logden=16.274447  accepts=2  p_max=[6.0003184  1.00018968 0.70061681 8.99647795 0.39984206]  elapsed=4496s
  iter=  8300  max_logden=16.274447  accepts=2  p_max=[6.0003184  1.00018968 0.70061681 8.99647795 0.39984206]  elapsed=4551s
  iter=  8400  max_logden=16.274447  accepts=2  p_max=[6.0003184  1.00018968 0.70061681 8.99647795 0.39984206]  elapsed=4605s
  iter=  8500  max_logden=16.274447  accepts=2  p_max=[6.0003184  1.00018968 0.70061681 8.99647795 0.39984206]  elapsed=4660s
  iter=  8600  max_logden=16.274447  accepts=2  p_max=[6.0003184  1.00018968 0.70061681 8.99647795 0.39984206]  elapsed=4715s
  iter=  8700  max_logden=16.274447  accepts=2  p_max=[6.0003184  1.00018968 0.70061681 8.99647795 0.39984206]  elapsed=4770s
  iter=  8800  max_logden=16.274447  accepts=2  p_max=[6.0003184  1.00018968 0.70061681 8.99647795 0.39984206]  elapsed=4825s
  iter=  8900  max_logden=16.274447  accepts=2  p_max=[6.0003184  1.00018968 0.70061681 8.99647795 0.39984206]  elapsed=4879s
  iter=  9000  max_logden=16.274447  accepts=2  p_max=[6.0003184  1.00018968 0.70061681 8.99647795 0.39984206]  elapsed=4934s
  iter=  9100  max_logden=16.274447  accepts=2  p_max=[6.0003184  1.00018968 0.70061681 8.99647795 0.39984206]  elapsed=4989s
  iter=  9200  max_logden=16.274447  accepts=2  p_max=[6.0003184  1.00018968 0.70061681 8.99647795 0.39984206]  elapsed=5044s
  iter=  9300  max_logden=16.274447  accepts=2  p_max=[6.0003184  1.00018968 0.70061681 8.99647795 0.39984206]  elapsed=5099s
  iter=  9400  max_logden=16.274447  accepts=2  p_max=[6.0003184  1.00018968 0.70061681 8.99647795 0.39984206]  elapsed=5153s
  iter=  9500  max_logden=16.274447  accepts=2  p_max=[6.0003184  1.00018968 0.70061681 8.99647795 0.39984206]  elapsed=5208s
  iter=  9600  max_logden=16.274447  accepts=2  p_max=[6.0003184  1.00018968 0.70061681 8.99647795 0.39984206]  elapsed=5263s
  iter=  9700  max_logden=16.274447  accepts=2  p_max=[6.0003184  1.00018968 0.70061681 8.99647795 0.39984206]  elapsed=5318s
  iter=  9800  max_logden=16.274447  accepts=2  p_max=[6.0003184  1.00018968 0.70061681 8.99647795 0.39984206]  elapsed=5372s
  iter=  9900  max_logden=16.274447  accepts=2  p_max=[6.0003184  1.00018968 0.70061681 8.99647795 0.39984206]  elapsed=5427s
  iter= 10000  max_logden=16.274447  accepts=2  p_max=[6.0003184  1.00018968 0.70061681 8.99647795 0.39984206]  elapsed=5482s

Done. 10000 iters in 5482s (1.8/s)
Total accepts: 2
Final max logden: 16.274447
Final p_max: [6.0003184  1.00018968 0.70061681 8.99647795 0.39984206]
Saved to /home/svu/e1498138/localgit/FEWNEW/work/search/greedy_pure_results.pkl
Job completed at Wed Apr 22 05:03:45 PM +08 2026
