[seed_idx=0] Starting
[0] Initializing waveform generators...
[0] Initializing loglike_pure...
Job completed at Tue Apr 21 04:20:05 PM +08 2026
[seed_idx=0] Starting
[0] Initializing waveform generators...
[0] Initializing loglike_pure...
Job completed at Tue Apr 21 04:44:27 PM +08 2026
[seed_idx=0] Starting
[0] Initializing waveform generators...
[0] Initializing loglike_pure...
[0] SNR: 14.0813
[0] Starting from LHS rank 0: [6.01448138 1.00559399 0.73052065 8.82542789 0.39503829]  logden=2.6745
[0] cov_prop diag sigma: [0.00092971 0.00052197 0.00191881 0.01102793 0.00039019]
[0] Evaluating start with pure loglike...
Job completed at Tue Apr 21 05:00:47 PM +08 2026
[seed_idx=0] Starting
[0] Initializing waveform generators...
[0] Initializing loglike_pure...
[0] SNR: 14.0813
[0] Starting from LHS rank 0: [6.01448138 1.00559399 0.73052065 8.82542789 0.39503829]  logden=2.6745
[0] cov_prop diag sigma: [0.00092971 0.00052197 0.00191881 0.01102793 0.00039019]
[0] Evaluating start with pure loglike...
Job completed at Tue Apr 21 05:13:10 PM +08 2026
[seed_idx=0] Starting
[0] Initializing waveform generators...
Job completed at Tue Apr 21 05:23:38 PM +08 2026
[seed_idx=0] Starting
[0] Initializing waveform generators...
[0] Initializing loglike_pure...
[0] SNR: 14.0813
[0] Starting from LHS rank 0: [6.01448138 1.00559399 0.73052065 8.82542789 0.39503829]  logden=2.6745
[0] cov_prop diag sigma: [0.00092971 0.00052197 0.00191881 0.01102793 0.00039019]
[0] Evaluating start with pure loglike...
[0] Starting logden (pure): 2.6745
[0] Running 10000 iterations...
[0]  iter=   500  max_logden=2.840663  accepts=1  elapsed=5195s
[0]  iter=  1000  max_logden=3.182054  accepts=2  elapsed=10390s
