Using dt = 10 seconds, T = 2 years
Initializing waveform generator...
Creating GenerateEMRIWaveform class...
Done initializing waveform generator.
Creating GravWaveAnalysis class...
Initializing loglike class...
Done initializing loglike class.
Calculating SNR...
SNR calculated: 32.86622400746991
Setting up log_density and prior functions...
Done setting up log-likelihood and prior.
Setting up ParisMC sampler...
Done setting up ParisMC sampler.
Setting up initial covariance matrix...
Done setting up initial covariance matrix.
Initializing sampler...
Done initializing sampler.
Starting point (phys): [6.02770973, 1.11882518, 0.68188057, 9.12351337, 0.32140942, 0.25]
Starting log_density: [8.81544249]
Running sampling...
S=3 improved -> 0.38523 at iter 11
S=3 improved -> 0.40545 at iter 45
S=3 improved -> 0.63159 at iter 60
S=3 improved -> 0.71119 at iter 134
S=3 improved -> 1.48089 at iter 263
S=3 improved -> 2.50167 at iter 342
S=3 improved -> 3.55132 at iter 590
Stuck 10000 iters at S=3. Jumping -> S=10 at iter 10590
S=10 improved -> 5.32592 at iter 20300
Stuck 10000 iters at S=10. Jumping -> S=30 at iter 30300
S=30 improved -> 7.05160 at iter 30630
S=30 improved -> 7.56593 at iter 30734
S=30 improved -> 15.24822 at iter 31864
S=30 improved -> 17.56467 at iter 32152
S=30 improved -> 18.51811 at iter 32228
S=30 improved -> 22.29937 at iter 32296
S=30 improved -> 25.77453 at iter 32316
S=30 improved -> 28.23129 at iter 32421
S=30 improved -> 31.70602 at iter 32563
S=30 improved -> 32.79998 at iter 33089
S=30 improved -> 33.91451 at iter 33122
S=30 improved -> 33.99748 at iter 33251
S=30 improved -> 34.59763 at iter 33264
S=30 improved -> 36.47098 at iter 33273
S=30 improved -> 36.69340 at iter 33432
S=30 improved -> 36.99699 at iter 33480
S=30 improved -> 37.72530 at iter 33675
S=30 improved -> 39.43883 at iter 33912
S=30 improved -> 39.96812 at iter 33938
S=30 improved -> 41.13744 at iter 33963
S=30 improved -> 41.34871 at iter 33971
S=30 improved -> 48.02057 at iter 33973
S=30 improved -> 54.57527 at iter 33975
S=30 improved -> 69.54664 at iter 33977
S=30 improved -> 69.87797 at iter 34032
S=30 improved -> 71.06419 at iter 34033
S=30 improved -> 71.60198 at iter 34053
S=30 improved -> 72.05533 at iter 34060
S=30 improved -> 72.83456 at iter 34074
S=30 improved -> 73.34758 at iter 34096
S=30 improved -> 73.40928 at iter 34101
S=30 improved -> 74.07110 at iter 34105
S=30 improved -> 74.65035 at iter 34107
S=30 improved -> 74.65113 at iter 34113
S=30 improved -> 75.43203 at iter 34114
S=30 improved -> 75.96293 at iter 34115
S=30 improved -> 75.99985 at iter 34117
S=30 improved -> 76.25094 at iter 34118
S=30 improved -> 76.44086 at iter 34119
S=30 improved -> 77.01734 at iter 34120
S=30 improved -> 77.51191 at iter 34122
S=30 improved -> 77.64620 at iter 34144
S=30 improved -> 77.69229 at iter 34149
S=30 improved -> 77.83619 at iter 34166
S=30 improved -> 77.99682 at iter 34171
S=30 improved -> 78.05270 at iter 34176
S=30 improved -> 78.33132 at iter 34182
S=30 improved -> 78.44194 at iter 34269
S=30 improved -> 78.51607 at iter 34295
S=30 improved -> 78.73091 at iter 34297
S=30 improved -> 78.73192 at iter 34310
S=30 improved -> 78.83459 at iter 34344
S=30 improved -> 79.07509 at iter 34367
S=30 improved -> 79.31446 at iter 34371
S=30 improved -> 79.69776 at iter 34388
S=30 improved -> 80.15343 at iter 34501
S=30 improved -> 80.83441 at iter 34502
S=30 improved -> 80.96770 at iter 34506
S=30 improved -> 81.15355 at iter 34533
S=30 improved -> 81.57179 at iter 35097
S=30 improved -> 81.80382 at iter 35100
S=30 improved -> 82.92610 at iter 35105
S=30 improved -> 83.69998 at iter 35232
S=30 improved -> 83.92501 at iter 35237
S=30 improved -> 84.04921 at iter 35254
S=30 improved -> 84.67655 at iter 35289
S=30 improved -> 85.38431 at iter 35293
S=30 improved -> 85.42706 at iter 35374
S=30 improved -> 85.79249 at iter 35436
S=30 improved -> 86.12210 at iter 35440
S=30 improved -> 87.02421 at iter 35447
S=30 improved -> 87.72672 at iter 35451
S=30 improved -> 88.24588 at iter 35463
S=30 improved -> 88.27655 at iter 35469
S=30 improved -> 88.79708 at iter 35475
S=30 improved -> 90.16653 at iter 35483
S=30 improved -> 91.46181 at iter 35513
S=30 improved -> 94.17139 at iter 35517
S=30 improved -> 94.56424 at iter 35518
S=30 improved -> 95.55662 at iter 35527
S=30 improved -> 96.15974 at iter 35530
S=30 improved -> 98.61197 at iter 35536
S=30 improved -> 100.73523 at iter 35541
S=30 improved -> 102.06593 at iter 35558
S=30 improved -> 103.61535 at iter 35560
S=30 improved -> 104.63227 at iter 35561
S=30 improved -> 105.78297 at iter 35562
S=30 improved -> 106.19918 at iter 35612
S=30 improved -> 107.69306 at iter 35613
S=30 improved -> 107.77488 at iter 35636
S=30 improved -> 108.23311 at iter 35666
S=30 improved -> 108.60130 at iter 35672
S=30 improved -> 108.79595 at iter 35678
S=30 improved -> 109.48904 at iter 35680
S=30 improved -> 109.51651 at iter 35708
S=30 improved -> 110.79436 at iter 35711
S=30 improved -> 111.25889 at iter 35712
S=30 improved -> 111.40927 at iter 35731
S=30 improved -> 111.86099 at iter 35740
S=30 improved -> 112.54035 at iter 35752
S=30 improved -> 113.02952 at iter 35754
S=30 improved -> 113.36060 at iter 35759
S=30 improved -> 113.82669 at iter 35761
S=30 improved -> 114.77011 at iter 35781
S=30 improved -> 117.88051 at iter 35784
S=30 improved -> 118.69415 at iter 35803
S=30 improved -> 118.86298 at iter 35815
S=30 improved -> 119.43199 at iter 35838
S=30 improved -> 119.72205 at iter 35862
S=30 improved -> 120.09968 at iter 35883
S=30 improved -> 120.67814 at iter 35894
S=30 improved -> 121.80717 at iter 35951
S=30 improved -> 123.05312 at iter 36015
S=30 improved -> 123.42508 at iter 36018
S=30 improved -> 124.89614 at iter 36019
S=30 improved -> 125.90512 at iter 36020
S=30 improved -> 126.55789 at iter 36043
S=30 improved -> 127.45153 at iter 36045
S=30 improved -> 129.02500 at iter 36050
S=30 improved -> 130.64535 at iter 36054
S=30 improved -> 130.89043 at iter 36063
S=30 improved -> 132.96389 at iter 36068
S=30 improved -> 133.24621 at iter 36069
S=30 improved -> 134.64013 at iter 36115
S=30 improved -> 134.76400 at iter 36132
S=30 improved -> 135.52120 at iter 36140
S=30 improved -> 135.57029 at iter 36150
S=30 improved -> 137.19897 at iter 36152
S=30 improved -> 138.48111 at iter 36166
S=30 improved -> 139.55810 at iter 36203
S=30 improved -> 139.99246 at iter 36229
S=30 improved -> 141.02145 at iter 36233
S=30 improved -> 142.21290 at iter 36276
S=30 improved -> 144.01885 at iter 36280
S=30 improved -> 146.36687 at iter 36284
S=30 improved -> 147.55657 at iter 36294
S=30 improved -> 147.62871 at iter 36353
S=30 improved -> 147.86427 at iter 36358
S=30 improved -> 148.48310 at iter 36362
S=30 improved -> 149.41141 at iter 36369
S=30 improved -> 150.41430 at iter 36372
S=30 improved -> 153.36832 at iter 36373
S=30 improved -> 153.86488 at iter 36389
S=30 improved -> 156.06530 at iter 36426
S=30 improved -> 156.60883 at iter 36433
S=30 improved -> 157.31173 at iter 36456
S=30 improved -> 158.71889 at iter 36498
S=30 improved -> 160.00493 at iter 36520
S=30 improved -> 160.00985 at iter 36539
S=30 improved -> 160.06049 at iter 36569
S=30 improved -> 160.58294 at iter 36570
S=30 improved -> 161.70364 at iter 36572
S=30 improved -> 162.57073 at iter 36575
S=30 improved -> 162.80921 at iter 36581
S=30 improved -> 163.11190 at iter 36582
S=30 improved -> 163.36498 at iter 36583
S=30 improved -> 164.01175 at iter 36588
S=30 improved -> 164.33925 at iter 36598
S=30 improved -> 164.88690 at iter 36649
S=30 improved -> 164.92420 at iter 36652
S=30 improved -> 165.04052 at iter 36662
S=30 improved -> 165.16218 at iter 36667
S=30 improved -> 165.49350 at iter 36753
S=30 improved -> 165.80117 at iter 36760
S=30 improved -> 166.81304 at iter 36764
S=30 improved -> 167.01080 at iter 36803
S=30 improved -> 167.21601 at iter 36837
S=30 improved -> 167.92152 at iter 36854
S=30 improved -> 168.71581 at iter 36878
S=30 improved -> 169.68964 at iter 36882
S=30 improved -> 170.93691 at iter 36934
S=30 improved -> 171.03391 at iter 36966
S=30 improved -> 172.89427 at iter 36970
S=30 improved -> 173.19097 at iter 36972
S=30 improved -> 173.95374 at iter 36978
S=30 improved -> 174.19503 at iter 36986
S=30 improved -> 175.54249 at iter 37046
S=30 improved -> 176.48487 at iter 37052
S=30 improved -> 177.52688 at iter 37057
S=30 improved -> 177.64456 at iter 37064
S=30 improved -> 179.02239 at iter 37068
S=30 improved -> 181.28663 at iter 37073
S=30 improved -> 181.75638 at iter 37144
S=30 improved -> 182.19429 at iter 37154
S=30 improved -> 182.39617 at iter 37179
S=30 improved -> 183.20900 at iter 37185
S=30 improved -> 183.37438 at iter 37219
S=30 improved -> 183.52376 at iter 37239
S=30 improved -> 183.97901 at iter 37240
S=30 improved -> 184.45420 at iter 37251
S=30 improved -> 185.43107 at iter 37260
S=30 improved -> 186.14553 at iter 37311
S=30 improved -> 187.43729 at iter 37404
S=30 improved -> 187.49595 at iter 37424
S=30 improved -> 187.83646 at iter 37500
S=30 improved -> 188.49629 at iter 37507
S=30 improved -> 190.59475 at iter 37523
S=30 improved -> 190.83514 at iter 37533
S=30 improved -> 192.24631 at iter 37534
S=30 improved -> 192.42160 at iter 37548
S=30 improved -> 193.90102 at iter 37550
S=30 improved -> 194.48243 at iter 37684
S=30 improved -> 195.06016 at iter 37707
S=30 improved -> 196.27461 at iter 37718
S=30 improved -> 197.38994 at iter 37724
S=30 improved -> 197.42013 at iter 37726
S=30 improved -> 197.72826 at iter 37727
S=30 improved -> 198.49481 at iter 37729
S=30 improved -> 199.13185 at iter 37815
S=30 improved -> 199.39987 at iter 37822
S=30 improved -> 199.68933 at iter 37848
S=30 improved -> 200.18998 at iter 38000
S=30 improved -> 200.38692 at iter 38077
S=30 improved -> 200.91586 at iter 38093
S=30 improved -> 201.39990 at iter 38269
S=30 improved -> 202.75417 at iter 38335
S=30 improved -> 202.88011 at iter 38341
S=30 improved -> 203.15257 at iter 38366
S=30 improved -> 203.29496 at iter 38385
S=30 improved -> 203.59619 at iter 38437
S=30 improved -> 203.59998 at iter 38438
S=30 improved -> 203.70036 at iter 38450
S=30 improved -> 205.49105 at iter 38535
S=30 improved -> 206.00451 at iter 38606
S=30 improved -> 206.12081 at iter 38607
S=30 improved -> 207.27570 at iter 38616
S=30 improved -> 207.53299 at iter 38633
S=30 improved -> 208.31640 at iter 38646
S=30 improved -> 209.31197 at iter 38647
S=30 improved -> 209.37659 at iter 38665
S=30 improved -> 210.70034 at iter 38706
S=30 improved -> 210.73241 at iter 38749
S=30 improved -> 211.88498 at iter 38779
S=30 improved -> 213.93061 at iter 38859
S=30 improved -> 216.14082 at iter 38871
S=30 improved -> 216.98692 at iter 38957
S=30 improved -> 218.31081 at iter 38978
S=30 improved -> 218.54712 at iter 39072
S=30 improved -> 218.57023 at iter 39094
S=30 improved -> 219.91677 at iter 39129
S=30 improved -> 221.12663 at iter 39141
S=30 improved -> 221.35584 at iter 39144
S=30 improved -> 222.00504 at iter 39146
S=30 improved -> 223.15250 at iter 39153
S=30 improved -> 223.17862 at iter 39162
S=30 improved -> 223.44119 at iter 39168
S=30 improved -> 224.70737 at iter 39172
S=30 improved -> 225.02440 at iter 39184
S=30 improved -> 225.04397 at iter 39204
S=30 improved -> 226.56917 at iter 39205
S=30 improved -> 227.38632 at iter 39207
S=30 improved -> 227.38822 at iter 39353
S=30 improved -> 230.16457 at iter 39389
S=30 improved -> 231.67642 at iter 39416
S=30 improved -> 233.55616 at iter 39447
S=30 improved -> 235.79403 at iter 39484
S=30 improved -> 236.58884 at iter 39487
S=30 improved -> 238.76360 at iter 39525
S=30 improved -> 239.69442 at iter 39572
S=30 improved -> 240.54308 at iter 39577
S=30 improved -> 240.67992 at iter 39616
S=30 improved -> 240.72680 at iter 39623
S=30 improved -> 242.45666 at iter 39646
S=30 improved -> 242.92906 at iter 39653
S=30 improved -> 243.05942 at iter 39675
S=30 improved -> 244.26143 at iter 39693
S=30 improved -> 244.35849 at iter 39696
S=30 improved -> 246.09036 at iter 39704
S=30 improved -> 246.51882 at iter 39738
S=30 improved -> 248.33085 at iter 39744
S=30 improved -> 248.56458 at iter 39746
S=30 improved -> 248.72637 at iter 39770
S=30 improved -> 248.84111 at iter 39807
S=30 improved -> 249.53430 at iter 39809
S=30 improved -> 250.12977 at iter 39816
S=30 improved -> 250.98258 at iter 39858
S=30 improved -> 251.49046 at iter 39872
S=30 improved -> 252.51444 at iter 39953
S=30 improved -> 252.66842 at iter 39965
S=30 improved -> 252.69146 at iter 39971
S=30 improved -> 253.71071 at iter 39972
S=30 improved -> 253.86389 at iter 39973
S=30 improved -> 255.56859 at iter 39991
S=30 improved -> 255.71831 at iter 40080
S=30 improved -> 255.74790 at iter 40109
S=30 improved -> 255.90002 at iter 40176
S=30 improved -> 257.22837 at iter 40211
S=30 improved -> 258.14131 at iter 40260
S=30 improved -> 258.89941 at iter 40311
S=30 improved -> 259.00249 at iter 40450
S=30 improved -> 260.15122 at iter 40495
S=30 improved -> 261.00210 at iter 40635
S=30 improved -> 261.36577 at iter 40655
S=30 improved -> 261.60481 at iter 40694
S=30 improved -> 262.68403 at iter 40707
S=30 improved -> 264.04565 at iter 40712
S=30 improved -> 264.87004 at iter 40753
S=30 improved -> 267.73233 at iter 40775
S=30 improved -> 270.08977 at iter 40778
S=30 improved -> 270.35883 at iter 40781
S=30 improved -> 272.72253 at iter 40913
S=30 improved -> 273.04895 at iter 40928
S=30 improved -> 273.06371 at iter 40945
S=30 improved -> 273.64462 at iter 40995
S=30 improved -> 274.88834 at iter 41001
S=30 improved -> 275.51801 at iter 41017
S=30 improved -> 276.03071 at iter 41149
S=30 improved -> 277.16990 at iter 41169
S=30 improved -> 277.86868 at iter 41173
S=30 improved -> 278.00583 at iter 41191
S=30 improved -> 278.16385 at iter 41211
S=30 improved -> 278.70299 at iter 41226
S=30 improved -> 279.63894 at iter 41269
S=30 improved -> 279.67513 at iter 41299
S=30 improved -> 281.83387 at iter 41327
S=30 improved -> 282.50624 at iter 41331
S=30 improved -> 283.48151 at iter 41419
S=30 improved -> 284.30594 at iter 41445
S=30 improved -> 284.34031 at iter 41450
S=30 improved -> 286.18874 at iter 41461
S=30 improved -> 286.23806 at iter 41541
S=30 improved -> 287.89584 at iter 41609
S=30 improved -> 289.46888 at iter 41644
S=30 improved -> 290.39575 at iter 41696
S=30 improved -> 292.09085 at iter 41711
S=30 improved -> 293.12622 at iter 41712
S=30 improved -> 293.28668 at iter 41953
S=30 improved -> 293.81678 at iter 41980
S=30 improved -> 294.68469 at iter 42011
S=30 improved -> 294.82103 at iter 42470
S=30 improved -> 295.09383 at iter 42487
S=30 improved -> 295.94487 at iter 42527
S=30 improved -> 297.01268 at iter 42726
S=30 improved -> 297.26152 at iter 42805
S=30 improved -> 297.82593 at iter 42823
S=30 improved -> 297.85842 at iter 42981
S=30 improved -> 298.11832 at iter 43041
S=30 improved -> 298.29057 at iter 43062
S=30 improved -> 298.59385 at iter 43070
S=30 improved -> 301.34123 at iter 43073
S=30 improved -> 301.34645 at iter 43122
S=30 improved -> 302.98290 at iter 43123
S=30 improved -> 304.00318 at iter 43186
S=30 improved -> 304.67880 at iter 43396
S=30 improved -> 305.24732 at iter 43425
S=30 improved -> 305.83407 at iter 43493
S=30 improved -> 305.93867 at iter 43638
S=30 improved -> 306.65595 at iter 43717
S=30 improved -> 306.72186 at iter 43727
S=30 improved -> 307.08050 at iter 43791
S=30 improved -> 308.04572 at iter 43842
S=30 improved -> 310.31269 at iter 43913
S=30 improved -> 311.52933 at iter 43944
S=30 improved -> 312.58667 at iter 43996
S=30 improved -> 312.84288 at iter 44015
S=30 improved -> 313.47213 at iter 44085
S=30 improved -> 313.90704 at iter 44102
S=30 improved -> 314.08524 at iter 44279
S=30 improved -> 314.85877 at iter 44390
S=30 improved -> 315.93140 at iter 44650
S=30 improved -> 317.89499 at iter 44682
S=30 improved -> 318.86271 at iter 44728
S=30 improved -> 319.48775 at iter 44746
S=30 improved -> 320.32265 at iter 45002
S=30 improved -> 323.29636 at iter 45023
S=30 improved -> 324.05673 at iter 45043
S=30 improved -> 325.00701 at iter 45045
S=30 improved -> 327.42985 at iter 45147
S=30 improved -> 328.75656 at iter 45188
S=30 improved -> 330.59973 at iter 45310
S=30 improved -> 332.65545 at iter 45387
S=30 improved -> 334.50339 at iter 45418
S=30 improved -> 337.81624 at iter 45451
S=30 improved -> 340.27397 at iter 45484
S=30 improved -> 341.05005 at iter 45510
S=30 improved -> 341.64336 at iter 45616
S=30 improved -> 342.42680 at iter 47290
S=30 improved -> 342.50022 at iter 47624
S=30 improved -> 342.98802 at iter 47927
S=30 improved -> 343.82248 at iter 47979
S=30 improved -> 344.39489 at iter 48593
S=30 improved -> 344.93407 at iter 48700
S=30 improved -> 345.47438 at iter 48794
S=30 improved -> 345.85983 at iter 49753
S=30 improved -> 346.02100 at iter 49775
S=30 improved -> 347.05198 at iter 50103
S=30 improved -> 348.07319 at iter 50197
S=30 improved -> 348.55409 at iter 50283
S=30 improved -> 349.76285 at iter 50321
S=30 improved -> 350.17965 at iter 50548
S=30 improved -> 350.41574 at iter 50673
S=30 improved -> 351.52747 at iter 50815
S=30 improved -> 353.56924 at iter 50963
S=30 improved -> 356.79692 at iter 50964
S=30 improved -> 357.57239 at iter 51125
S=30 improved -> 357.98929 at iter 51545
S=30 improved -> 359.62485 at iter 51547
S=30 improved -> 360.88540 at iter 51589
S=30 improved -> 363.20390 at iter 51617
S=30 improved -> 367.55766 at iter 51642
S=30 improved -> 370.76716 at iter 51643
S=30 improved -> 371.20883 at iter 51661
S=30 improved -> 374.23190 at iter 51669
S=30 improved -> 374.57867 at iter 51673
S=30 improved -> 376.75838 at iter 51712
S=30 improved -> 378.19314 at iter 51755
S=30 improved -> 378.45642 at iter 51756
S=30 improved -> 381.76522 at iter 51759
S=30 improved -> 382.27236 at iter 51765
S=30 improved -> 385.04147 at iter 51769
S=30 improved -> 386.45013 at iter 51787
S=30 improved -> 387.63308 at iter 51812
S=30 improved -> 388.82518 at iter 51821
S=30 improved -> 389.56871 at iter 51957
S=30 improved -> 397.99898 at iter 51990
S=30 improved -> 401.00997 at iter 52040
S=30 improved -> 403.08223 at iter 52168
S=30 improved -> 403.34066 at iter 52894
S=30 improved -> 405.14962 at iter 53136
S=30 improved -> 405.63495 at iter 53409
S=30 improved -> 407.69719 at iter 53536
S=30 improved -> 409.12090 at iter 53548
S=30 improved -> 409.27718 at iter 53675
S=30 improved -> 413.23999 at iter 53681
S=30 improved -> 414.30342 at iter 53741
S=30 improved -> 418.21835 at iter 53982
S=30 improved -> 418.99726 at iter 54152
S=30 improved -> 419.07283 at iter 54238
S=30 improved -> 419.67553 at iter 54364
S=30 improved -> 420.47009 at iter 54481
S=30 improved -> 420.60453 at iter 54766
S=30 improved -> 421.92725 at iter 54842
S=30 improved -> 423.77062 at iter 55096
S=30 improved -> 424.23647 at iter 55171
S=30 improved -> 428.90577 at iter 55186
S=30 improved -> 429.25253 at iter 55273
S=30 improved -> 429.40135 at iter 55607
S=30 improved -> 430.34227 at iter 55697
S=30 improved -> 431.63222 at iter 55728
S=30 improved -> 435.47591 at iter 56105
S=30 improved -> 436.13775 at iter 56109
S=30 improved -> 436.79694 at iter 56142
S=30 improved -> 439.94202 at iter 56203
S=30 improved -> 442.73112 at iter 56282
S=30 improved -> 442.85218 at iter 56353
S=30 improved -> 444.10132 at iter 56433
S=30 improved -> 445.73335 at iter 56522
S=30 improved -> 446.89201 at iter 56952
S=30 improved -> 447.03259 at iter 57167
S=30 improved -> 447.73588 at iter 57234
S=30 improved -> 450.21377 at iter 57585
S=30 improved -> 450.28884 at iter 58261
S=30 improved -> 451.08355 at iter 58458
S=30 improved -> 451.24273 at iter 58620
S=30 improved -> 451.55475 at iter 58677
S=30 improved -> 453.09191 at iter 58972
S=30 improved -> 453.36991 at iter 59175
S=30 improved -> 455.07934 at iter 59245
S=30 improved -> 456.25082 at iter 59394
S=30 improved -> 456.36782 at iter 59503
S=30 improved -> 456.66964 at iter 59556
S=30 improved -> 457.31274 at iter 59775
S=30 improved -> 459.40636 at iter 60169
S=30 improved -> 459.75737 at iter 62076
S=30 improved -> 460.60550 at iter 63416
S=30 improved -> 460.77384 at iter 63476
S=30 improved -> 461.08737 at iter 63514
S=30 improved -> 464.17299 at iter 64384
S=30 improved -> 465.30612 at iter 64453
S=30 improved -> 465.57803 at iter 65016
S=30 improved -> 469.01022 at iter 65046
S=30 improved -> 469.30924 at iter 65074
S=30 improved -> 471.09088 at iter 65136
S=30 improved -> 472.36057 at iter 65207
S=30 improved -> 474.07467 at iter 65514
S=30 improved -> 474.31536 at iter 65541
S=30 improved -> 476.92498 at iter 65572
S=30 improved -> 477.93599 at iter 65822
S=30 improved -> 480.28560 at iter 65970
S=30 improved -> 481.09487 at iter 66094
S=30 improved -> 482.96870 at iter 66178
S=30 improved -> 483.47976 at iter 66179
S=30 improved -> 484.23037 at iter 67163
S=30 improved -> 485.26390 at iter 67309
S=30 improved -> 487.86219 at iter 67343
S=30 improved -> 490.58699 at iter 68260
S=30 improved -> 492.15325 at iter 68530
S=30 improved -> 495.51652 at iter 68702
S=30 improved -> 496.02653 at iter 68708
S=30 improved -> 496.38718 at iter 68767
S=30 improved -> 498.57349 at iter 68938
S=30 improved -> 498.67851 at iter 69080
S=30 improved -> 499.28293 at iter 69758
S=30 improved -> 502.91505 at iter 69771
S=30 improved -> 504.40864 at iter 69861
S=30 improved -> 507.86271 at iter 69862
S=30 improved -> 508.88017 at iter 69970
S=30 improved -> 510.58830 at iter 70242
S=30 improved -> 510.59480 at iter 70929
S=30 improved -> 511.14690 at iter 70933
S=30 improved -> 512.08251 at iter 71026
S=30 improved -> 512.96090 at iter 71663
S=30 improved -> 513.45282 at iter 71747
S=30 improved -> 515.72344 at iter 71800
S=30 improved -> 517.21801 at iter 71862
S=30 improved -> 518.12445 at iter 71905
S=30 improved -> 519.95942 at iter 72082
S=30 improved -> 520.23036 at iter 72130
S=30 improved -> 521.39253 at iter 72161
S=30 improved -> 521.39565 at iter 72167
S=30 improved -> 522.16808 at iter 72198
S=30 improved -> 523.21350 at iter 72248
S=30 improved -> 524.22078 at iter 72259
S=30 improved -> 526.28607 at iter 72310
S=30 improved -> 526.88217 at iter 72898
S=30 improved -> 527.58182 at iter 73208
S=30 improved -> 527.85840 at iter 73384
S=30 improved -> 530.49213 at iter 73449
S=30 improved -> 530.63902 at iter 73531
S=30 improved -> 531.41704 at iter 73725
S=30 improved -> 531.50184 at iter 74584
S=30 improved -> 534.00475 at iter 74632
S=30 improved -> 534.97950 at iter 75318
S=30 improved -> 535.88231 at iter 76898
S=30 improved -> 537.48962 at iter 76932
S=30 improved -> 539.54318 at iter 76962
S=30 improved -> 541.47364 at iter 77804
S=30 improved -> 542.71168 at iter 78335
S=30 improved -> 543.65457 at iter 78671
S=30 improved -> 545.42720 at iter 78685
S=30 improved -> 547.90024 at iter 79449
S=30 improved -> 550.97201 at iter 80449
S=30 improved -> 551.30010 at iter 80814
S=30 improved -> 552.30435 at iter 81003
S=30 improved -> 555.06805 at iter 81086
S=30 improved -> 556.48076 at iter 81311
S=30 improved -> 558.05213 at iter 82169
S=30 improved -> 559.64007 at iter 82185
S=30 improved -> 561.03094 at iter 82690
S=30 improved -> 561.53512 at iter 83051
S=30 improved -> 561.92829 at iter 83181
S=30 improved -> 562.39578 at iter 83220
S=30 improved -> 564.60366 at iter 83443
S=30 improved -> 564.74328 at iter 83538
S=30 improved -> 567.19568 at iter 83580
S=30 improved -> 567.73745 at iter 83615
S=30 improved -> 568.55191 at iter 83862
S=30 improved -> 570.73101 at iter 84034
S=30 improved -> 571.10965 at iter 84116
S=30 improved -> 573.97966 at iter 84199
S=30 improved -> 574.89080 at iter 84318
S=30 improved -> 576.11583 at iter 84429
S=30 improved -> 576.28377 at iter 85004
S=30 improved -> 579.47259 at iter 85264
S=30 improved -> 580.68622 at iter 86918
S=30 improved -> 580.79492 at iter 87262
S=30 improved -> 581.31715 at iter 87355
S=30 improved -> 582.34145 at iter 87504
S=30 improved -> 582.44794 at iter 88722
S=30 improved -> 582.86207 at iter 88740
S=30 improved -> 583.14054 at iter 89455
S=30 improved -> 583.55399 at iter 89533
S=30 improved -> 583.61690 at iter 89626
S=30 improved -> 584.20759 at iter 89914
S=30 improved -> 584.80093 at iter 89917
S=30 improved -> 585.85961 at iter 90047
S=30 improved -> 588.59358 at iter 90069
S=30 improved -> 588.66765 at iter 90769
S=30 improved -> 589.92903 at iter 90786
S=30 improved -> 591.12405 at iter 90811
S=30 improved -> 592.07060 at iter 91061
S=30 improved -> 593.21956 at iter 91669
S=30 improved -> 593.77130 at iter 92333
S=30 improved -> 594.79780 at iter 93122
S=30 improved -> 595.44928 at iter 95406
S=30 improved -> 595.52546 at iter 96101
S=30 improved -> 595.62040 at iter 96848
S=30 improved -> 596.40120 at iter 96902
S=30 improved -> 597.44067 at iter 99918
Done running sampling.
Job completed at Fri May 15 10:59:17 PM +08 2026
