Using dt = 10 seconds, T = 2 years
Initializing waveform generator...
Creating GenerateEMRIWaveform class...
Done initializing waveform generator.
Creating GravWaveAnalysis class...
Initializing loglike class...
Done initializing loglike class.
Calculating SNR...
SNR calculated: 32.86622400746991
Setting up log_density and prior functions...
Done setting up log-likelihood and prior.
Setting up ParisMC sampler...
Done setting up ParisMC sampler.
Setting up initial covariance matrix...
Done setting up initial covariance matrix.
Initializing sampler...
Done initializing sampler.
Starting point (phys): [6.02770973, 1.11882518, 0.68188057, 9.12351337, 0.32140942, 0.25]
Starting log_density: [2.93848083]
Running sampling...
Done running sampling.
Job completed at Thu May 14 02:49:57 PM +08 2026
