Using dt = 10 seconds, T = 1.0 years
Creating GenerateEMRIWaveform class...
Downloading 'KerrEccEqFluxData.h5'... ━━━━━━━━━━━━━━━━━━━━━━━━━━━━━ 100% 0:00:01
Downloading 'ZNAmps_l10_m10_n55_DS2Outer.h5'... ━━━━━━━━━━━━━━━━━━━ 100% 0:05:23
Job completed at Mon Apr 20 06:09:03 PM +08 2026
Using dt = 10 seconds, T = 1.0 years
Creating GenerateEMRIWaveform class...
Downloading 'KerrEccEqFluxData.h5'... ━━━━━━━━━━━━━━━━━━━━━━━━━━━━━ 100% 0:00:01
Downloading 'ZNAmps_l10_m10_n55_DS2Outer.h5'... ━━━━━━━━━━━━━━━━━━━ 100% 0:05:14
Done initializing waveform generator.
Creating GravWaveAnalysis class...
Initializing loglike class...
Job completed at Mon Apr 20 06:30:13 PM +08 2026
Using dt = 10 seconds, T = 1.0 years
Creating GenerateEMRIWaveform class...
Done initializing waveform generator.
Creating GravWaveAnalysis class...
Initializing loglike class...
Done initializing loglike class.
SNR: 14.081275739013003
Done setting up log-likelihood and prior.
Setting up ParisMC sampler...
Done setting up ParisMC sampler.
Setting up initial covariance matrix...
Done setting up initial covariance matrix.
Initializing sampler...
Done initializing sampler.
Evaluating log_density on ellipse LHS points...
Job completed at Mon Apr 20 07:05:06 PM +08 2026
