Using dt=10s, T=0.25 years
Initializing waveform generators...
Initializing loglike_pure (non-timemax, non-phasemax)...
SNR: 5.942134448355127
Loading paris2_1 to reconstruct ellipse prior bounds...
Paris2_1 maxld point (phys): [6.01487994 1.00500901 0.73205648 8.81696887 0.39543265]
Ellipse lo: [5.98698871 0.98935005 0.67449216 8.48613083 0.38372707]
Ellipse hi: [6.04277117 1.02066797 0.78962081 9.14780692 0.40713823]
Loading paris3_2 sampler to extract best point...
Paris3_2 best point (phys): [6.01295338 1.00709937 0.72597025 8.85164455 0.39445209]
Paris3_2 best logden:       5.898211

Starting point (paris3_2 best): [6.01295338 1.00709937 0.72597025 8.85164455 0.39445209]
loglike at start: 5.898211
Target loglike  : 5.942134
True point      : [np.float64(6.0), np.float64(1.0), 0.7, 9, 0.4]

Running Nelder-Mead...

=== Result ===
Peak : [6.01295303 1.00708355 0.7259736  8.85166294 0.39444992]
loglike: 5.90682295
Target : 5.94213445
True   : [np.float64(6.0), np.float64(1.0), 0.7, 9, 0.4]
Diff from true: [ 0.01295303  0.00708355  0.0259736  -0.14833706 -0.00555008]
Job completed at Sun Apr  5 02:13:57 PM +08 2026
Using dt=10s, T=0.25 years
Initializing waveform generators...
Initializing loglike_pure (non-timemax, non-phasemax)...
SNR: 5.942134448355127
Loading paris2_1 to reconstruct ellipse prior bounds...
Paris2_1 maxld point (phys): [6.01487994 1.00500901 0.73205648 8.81696887 0.39543265]
Ellipse lo: [5.98698871 0.98935005 0.67449216 8.48613083 0.38372707]
Ellipse hi: [6.04277117 1.02066797 0.78962081 9.14780692 0.40713823]
Loading paris3_2 sampler to extract best point...
Paris3_2 best point (phys): [6.01295338 1.00709937 0.72597025 8.85164455 0.39445209]
Paris3_2 best logden:       5.898211

Starting point (paris3_2 best): [6.01295338 1.00709937 0.72597025 8.85164455 0.39445209]
loglike at start: 5.898211
Target loglike  : 5.942134
True point      : [np.float64(6.0), np.float64(1.0), 0.7, 9, 0.4]

Running basin-hopping (Nelder-Mead local minimizer)...
  [opt] new best: 5.89966377  params: [6.01295337 1.00710601 0.72596951 8.85164883 0.39445239]
  [opt] new best: 5.90276225  params: [6.01295365 1.00710328 0.725971   8.85164909 0.39445155]
  [opt] new best: 5.90307251  params: [6.01295335 1.00709891 0.72597027 8.85164946 0.39445197]
  [opt] new best: 5.90562468  params: [6.01295334 1.0070939  0.72597175 8.85165334 0.39445109]
  [opt] new best: 5.90592691  params: [6.01295335 1.00709182 0.72597217 8.85165473 0.39445083]
  [opt] new best: 5.90613434  params: [6.01295305 1.00709046 0.72597174 8.85165657 0.39445106]
  [opt] new best: 5.90628918  params: [6.01295299 1.0070885  0.72597194 8.85165755 0.39445093]
  [opt] new best: 5.90640916  params: [6.01295293 1.00708766 0.72597283 8.85166204 0.39445037]
  [opt] new best: 5.90670838  params: [6.01295294 1.00708086 0.72597316 8.85166189 0.39445019]
  [opt] new best: 5.90675279  params: [6.01295313 1.00708432 0.72597347 8.85166131 0.39445001]
  [opt] new best: 5.90676999  params: [6.01295314 1.00708229 0.72597412 8.85166336 0.39444962]
  [opt] new best: 5.90678641  params: [6.01295306 1.0070834  0.72597348 8.85166174 0.39445   ]
  [opt] new best: 5.90679777  params: [6.0129531  1.00708372 0.72597352 8.85166181 0.39444997]
  [opt] new best: 5.90679930  params: [6.012953   1.00708183 0.72597376 8.85166347 0.39444982]
  [opt] new best: 5.90680704  params: [6.01295301 1.00708382 0.72597343 8.85166244 0.39445002]
  [opt] new best: 5.90680705  params: [6.01295299 1.00708268 0.72597341 8.85166267 0.39445003]
  [opt] new best: 5.90681237  params: [6.01295306 1.00708338 0.72597348 8.85166204 0.39444999]
  [opt] new best: 5.90681343  params: [6.012953   1.00708226 0.72597362 8.85166302 0.39444991]
  [opt] new best: 5.90681354  params: [6.01295298 1.00708313 0.72597323 8.85166193 0.39445014]
  [opt] new best: 5.90681596  params: [6.01295301 1.00708356 0.72597343 8.85166245 0.39445002]
  [opt] new best: 5.90681697  params: [6.012953   1.00708288 0.72597342 8.85166259 0.39445002]
  [opt] new best: 5.90681768  params: [6.01295302 1.00708361 0.72597347 8.85166259 0.39444999]
  [opt] new best: 5.90681874  params: [6.01295304 1.00708328 0.72597347 8.85166221 0.39445   ]
  [opt] new best: 5.90681970  params: [6.01295305 1.00708325 0.72597371 8.85166312 0.39444985]
  [opt] new best: 5.90682008  params: [6.01295302 1.00708341 0.72597346 8.85166252 0.39445   ]
  [opt] new best: 5.90682075  params: [6.01295302 1.00708344 0.72597349 8.85166261 0.39444998]
  [opt] new best: 5.90682125  params: [6.01295301 1.00708344 0.72597358 8.85166313 0.39444992]
  [opt] new best: 5.90682174  params: [6.01295304 1.0070833  0.72597363 8.85166296 0.3944499 ]
  [opt] new best: 5.90682181  params: [6.01295303 1.00708358 0.72597352 8.85166263 0.39444996]
  [opt] new best: 5.90682206  params: [6.01295302 1.00708342 0.72597352 8.8516627  0.39444997]
  [opt] new best: 5.90682235  params: [6.01295302 1.00708342 0.72597357 8.85166301 0.39444993]
  [opt] new best: 5.90682261  params: [6.01295304 1.00708368 0.72597365 8.85166305 0.39444989]
  [opt] new best: 5.90682270  params: [6.01295303 1.00708347 0.72597359 8.85166292 0.39444992]
  [opt] new best: 5.90682271  params: [6.01295303 1.00708353 0.72597357 8.85166285 0.39444993]
  [opt] new best: 5.90682288  params: [6.01295303 1.00708347 0.72597358 8.85166295 0.39444993]
  [opt] new best: 5.90682288  params: [6.01295303 1.00708352 0.72597357 8.85166287 0.39444993]
  [opt] new best: 5.90682292  params: [6.01295303 1.00708354 0.7259736  8.85166295 0.39444992]
  [opt] new best: 5.90682294  params: [6.01295303 1.00708355 0.7259736  8.85166294 0.39444992]
  [opt] new best: 5.90682295  params: [6.01295303 1.00708355 0.7259736  8.85166294 0.39444992]
  [opt] new best: 5.90682295  params: [6.01295303 1.00708355 0.7259736  8.85166294 0.39444992]
[BH] loglike=5.90682295  accepted=True  best=5.90682295
[BH] loglike=0.08616190  accepted=False  best=5.90682295
[BH] loglike=0.09737022  accepted=False  best=5.90682295
[BH] loglike=0.04691202  accepted=False  best=5.90682295
[BH] loglike=0.13201812  accepted=False  best=5.90682295
[BH] loglike=0.07804440  accepted=False  best=5.90682295
[BH] loglike=0.09083647  accepted=False  best=5.90682295
[BH] loglike=0.13166482  accepted=False  best=5.90682295
[BH] loglike=0.00684114  accepted=False  best=5.90682295
[BH] loglike=0.00689949  accepted=False  best=5.90682295
[BH] loglike=0.08286310  accepted=False  best=5.90682295
[BH] loglike=0.07919742  accepted=False  best=5.90682295
[BH] loglike=0.12500571  accepted=False  best=5.90682295
[BH] loglike=0.16003401  accepted=False  best=5.90682295
[BH] loglike=0.15661583  accepted=False  best=5.90682295
[BH] loglike=0.00334017  accepted=False  best=5.90682295
[BH] loglike=0.01223166  accepted=False  best=5.90682295
[BH] loglike=0.12041867  accepted=False  best=5.90682295
[BH] loglike=0.09236563  accepted=False  best=5.90682295
[BH] loglike=0.12316433  accepted=False  best=5.90682295
[BH] loglike=0.08150559  accepted=False  best=5.90682295
[BH] loglike=0.00902932  accepted=False  best=5.90682295
[BH] loglike=0.06330791  accepted=False  best=5.90682295
[BH] loglike=0.09469101  accepted=False  best=5.90682295
[BH] loglike=0.12365137  accepted=False  best=5.90682295
[BH] loglike=0.14626865  accepted=False  best=5.90682295
[BH] loglike=0.14700553  accepted=False  best=5.90682295
[BH] loglike=0.12617673  accepted=False  best=5.90682295
[BH] loglike=0.09456835  accepted=False  best=5.90682295
[BH] loglike=0.25258274  accepted=False  best=5.90682295
[BH] loglike=0.14629533  accepted=False  best=5.90682295
[BH] loglike=0.08605684  accepted=False  best=5.90682295
[BH] loglike=0.16093599  accepted=False  best=5.90682295
[BH] loglike=0.11130384  accepted=False  best=5.90682295
[BH] loglike=0.00847914  accepted=False  best=5.90682295
[BH] loglike=0.07891515  accepted=False  best=5.90682295
[BH] loglike=0.01099377  accepted=False  best=5.90682295
[BH] loglike=0.13045751  accepted=False  best=5.90682295
[BH] loglike=0.13311968  accepted=False  best=5.90682295
[BH] loglike=0.13087861  accepted=False  best=5.90682295
[BH] loglike=0.01000713  accepted=False  best=5.90682295
[EARLY-STOP] loglike 224.624748 >= target 5.942134; stopping.
  [opt] new best: 224.62474803  params: [7.08499752 0.92380379 0.68880007 9.13489451 0.3806217 ]
[BH] loglike=224.62474803  accepted=True  best=224.62474803

=== Result ===
Peak : [7.08499752 0.92380379 0.68880007 9.13489451 0.3806217 ]
loglike: 224.62474803
Target : 5.94213445
True   : [np.float64(6.0), np.float64(1.0), 0.7, 9, 0.4]
Diff from true: [ 1.08499752 -0.07619621 -0.01119993  0.13489451 -0.0193783 ]
Job completed at Sun Apr  5 09:17:56 PM +08 2026
Using dt=10s, T=0.25 years
Initializing waveform generators...
Initializing loglike_pure (non-timemax, non-phasemax)...
SNR: 5.942134448355127
Loading paris2_1 to reconstruct ellipse prior bounds...
Paris2_1 maxld point (phys): [6.01487994 1.00500901 0.73205648 8.81696887 0.39543265]
Ellipse lo: [5.98698871 0.98935005 0.67449216 8.48613083 0.38372707]
Ellipse hi: [6.04277117 1.02066797 0.78962081 9.14780692 0.40713823]
Starting point (anneal12 best): [6.00556816 1.00404448 0.71049625 8.94018508 0.39701817]

Starting point (paris3_2 best): [6.00556816 1.00404448 0.71049625 8.94018508 0.39701817]
loglike at start: -0.076347
Target loglike  : 5.907000
True point      : [np.float64(6.0), np.float64(1.0), 0.7, 9, 0.4]

Running Nelder-Mead...
  [opt] new best: 0.01613354  params: [6.00556816 1.0542467  0.71049625 8.94018508 0.39701817]
  [opt] new best: 0.07434282  params: [6.00556816 1.00404448 0.74602106 8.94018508 0.39701817]
  [opt] new best: 0.07531167  params: [6.20735525 1.01304072 0.72396726 9.02028914 0.40057545]
  [opt] new best: 0.10421951  params: [6.29575721 1.01162702 0.72296688 9.00770136 0.40001645]
  [opt] new best: 0.12648829  params: [6.29666499 1.00936568 0.72241536 9.01422579 0.39961481]
  [opt] new best: 0.13546417  params: [6.2954469  1.0095676  0.72254161 9.01560145 0.39976146]
  [opt] new best: 0.14022232  params: [6.29691049 1.00964827 0.72225647 9.01626225 0.39971623]
  [opt] new best: 0.14740461  params: [6.29757146 1.00998627 0.72218664 9.01544978 0.39977182]
  [opt] new best: 0.14945394  params: [6.29757026 1.00998443 0.72218782 9.01544976 0.39977178]
  [opt] new best: 0.14953419  params: [6.29757026 1.00998498 0.72218728 9.01545005 0.39977174]
  [opt] new best: 0.14958188  params: [6.29757125 1.00998473 0.72218745 9.01544888 0.39977173]
  [opt] new best: 0.14969869  params: [6.29757028 1.00998508 0.72218723 9.01545014 0.39977176]
  [opt] new best: 0.15016054  params: [6.29757109 1.00998494 0.72218726 9.01544918 0.3997717 ]
  [opt] new best: 0.15024590  params: [6.29757099 1.00998543 0.72218709 9.01544966 0.39977177]
  [opt] new best: 0.15027696  params: [6.29757104 1.00998483 0.7221874  9.01544917 0.39977173]
  [opt] new best: 0.15028958  params: [6.29757046 1.00998504 0.72218726 9.01544992 0.39977175]
  [opt] new best: 0.15047557  params: [6.29757095 1.00998495 0.72218729 9.01544935 0.39977171]
  [opt] new best: 0.15049894  params: [6.29757057 1.00998498 0.7221873  9.01544975 0.39977174]
  [opt] new best: 0.15051487  params: [6.29757091 1.00998489 0.72218736 9.01544934 0.39977174]
  [opt] new best: 0.15057650  params: [6.29757063 1.00998486 0.72218742 9.01544963 0.39977175]
  [opt] new best: 0.15057655  params: [6.29757087 1.00998497 0.7221873  9.01544944 0.39977173]
  [opt] new best: 0.15058693  params: [6.29757083 1.00998515 0.72218723 9.01544961 0.39977175]
  [opt] new best: 0.15059162  params: [6.29757064 1.009985   0.7221873  9.0154497  0.39977175]
  [opt] new best: 0.15061560  params: [6.29757068 1.00998491 0.72218738 9.01544961 0.39977175]
  [opt] new best: 0.15061834  params: [6.29757068 1.00998499 0.72218731 9.01544965 0.39977174]
  [opt] new best: 0.15062043  params: [6.2975708  1.00998495 0.72218733 9.0154495  0.39977174]
  [opt] new best: 0.15062808  params: [6.29757079 1.00998498 0.72218731 9.01544954 0.39977174]
  [opt] new best: 0.15062817  params: [6.2975707  1.00998494 0.72218735 9.0154496  0.39977175]
  [opt] new best: 0.15062931  params: [6.29757077 1.00998504 0.72218729 9.0154496  0.39977175]
  [opt] new best: 0.15062998  params: [6.29757071 1.00998499 0.72218731 9.01544963 0.39977174]
  [opt] new best: 0.15063299  params: [6.29757077 1.00998498 0.72218731 9.01544956 0.39977174]
  [opt] new best: 0.15063328  params: [6.29757072 1.00998499 0.72218731 9.01544961 0.39977174]
  [opt] new best: 0.15063364  params: [6.29757076 1.00998497 0.72218732 9.01544956 0.39977174]
  [opt] new best: 0.15063456  params: [6.29757073 1.00998497 0.72218733 9.01544959 0.39977174]
  [opt] new best: 0.15063456  params: [6.29757076 1.00998498 0.72218731 9.01544957 0.39977174]
  [opt] new best: 0.15063469  params: [6.29757075 1.009985   0.7221873  9.01544959 0.39977174]
  [opt] new best: 0.15063476  params: [6.29757073 1.00998499 0.72218731 9.0154496  0.39977174]
  [opt] new best: 0.15063481  params: [6.29757076 1.00998498 0.72218732 9.01544957 0.39977174]
  [opt] new best: 0.15063516  params: [6.29757073 1.00998498 0.72218732 9.01544959 0.39977174]
  [opt] new best: 0.15063518  params: [6.29757074 1.00998498 0.72218731 9.01544959 0.39977174]
  [opt] new best: 0.15063522  params: [6.29757074 1.00998498 0.72218731 9.01544959 0.39977174]
  [opt] new best: 0.15063523  params: [6.29757075 1.00998498 0.72218732 9.01544958 0.39977174]
  [opt] new best: 0.15063535  params: [6.29757075 1.00998498 0.72218731 9.01544958 0.39977174]
  [opt] new best: 0.15063536  params: [6.29757074 1.00998498 0.72218732 9.01544959 0.39977174]
  [opt] new best: 0.15063536  params: [6.29757075 1.00998499 0.72218731 9.01544959 0.39977174]
  [opt] new best: 0.15063536  params: [6.29757074 1.00998498 0.72218731 9.01544959 0.39977174]
  [opt] new best: 0.15063538  params: [6.29757074 1.00998498 0.72218732 9.01544959 0.39977174]
  [opt] new best: 0.15063543  params: [6.29757075 1.00998498 0.72218731 9.01544958 0.39977174]
  [opt] new best: 0.15063543  params: [6.29757074 1.00998498 0.72218732 9.01544959 0.39977174]
  [opt] new best: 0.15063544  params: [6.29757075 1.00998498 0.72218732 9.01544958 0.39977174]
  [opt] new best: 0.15063545  params: [6.29757074 1.00998498 0.72218732 9.01544959 0.39977174]
  [opt] new best: 0.15063546  params: [6.29757074 1.00998498 0.72218732 9.01544958 0.39977174]
  [opt] new best: 0.15063546  params: [6.29757074 1.00998498 0.72218732 9.01544958 0.39977174]
  [opt] new best: 0.15063546  params: [6.29757074 1.00998498 0.72218731 9.01544958 0.39977174]

=== Result ===
Peak : [6.29757074 1.00998498 0.72218731 9.01544958 0.39977174]
loglike: 0.15063546
Target : 5.90700000
True   : [np.float64(6.0), np.float64(1.0), 0.7, 9, 0.4]
Diff from true: [ 2.97570744e-01  9.98498365e-03  2.21873148e-02  1.54495850e-02
 -2.28257459e-04]
Job completed at Mon Apr  6 08:32:22 PM +08 2026
Using dt=10s, T=0.25 years
Initializing waveform generators...
Initializing loglike_pure (non-timemax, non-phasemax)...
SNR: 5.942134448355127
Loading paris2_1 to reconstruct ellipse prior bounds...
Paris2_1 maxld point (phys): [6.01487994 1.00500901 0.73205648 8.81696887 0.39543265]
Ellipse lo: [5.98698871 0.98935005 0.67449216 8.48613083 0.38372707]
Ellipse hi: [6.04277117 1.02066797 0.78962081 9.14780692 0.40713823]
Starting point (anneal12 best): [6.00556816 1.00404448 0.71049625 8.94018508 0.39701817]

Starting point (paris3_2 best): [6.00556816 1.00404448 0.71049625 8.94018508 0.39701817]
loglike at start: -0.076347
Target loglike  : 5.907000
True point      : [np.float64(6.0), np.float64(1.0), 0.7, 9, 0.4]

Running Nelder-Mead...
  [opt] new best: 0.00060987  params: [6.00656816 1.00404448 0.71049625 8.94018508 0.39701817]
  [opt] new best: 0.05675581  params: [6.00556816 1.00504448 0.71049625 8.94018508 0.39701817]
  [opt] new best: 0.13573562  params: [6.00556816 1.00404448 0.71149625 8.94018508 0.39701817]
  [opt] new best: 0.43438416  params: [6.00526538 1.00393831 0.7113696  8.94231254 0.39740352]
  [opt] new best: 0.85036396  params: [6.00543258 1.0040875  0.71171461 8.94137994 0.39717509]
  [opt] new best: 1.00179252  params: [6.00534697 1.00401111 0.71153797 8.94185743 0.39729205]
  [opt] new best: 1.01534770  params: [6.00541546 1.00407222 0.71167928 8.94147544 0.39719848]
  [opt] new best: 1.08529392  params: [6.00536067 1.00402334 0.71156623 8.94178103 0.39727333]
  [opt] new best: 1.08942969  params: [6.0054045  1.00406244 0.71165667 8.94153655 0.39721345]
  [opt] new best: 1.12227545  params: [6.00536944 1.00403116 0.71158432 8.94173214 0.39726136]
  [opt] new best: 1.13756169  params: [6.00539188 1.00405118 0.71163062 8.94160696 0.3972307 ]
  [opt] new best: 1.14437888  params: [6.00538468 1.00403869 0.71161528 8.94165804 0.39723831]
  [opt] new best: 1.15723952  params: [6.00537926 1.00404864 0.71160931 8.94174524 0.39723809]
  [opt] new best: 1.15789787  params: [6.00537742 1.00405133 0.71160794 8.94178288 0.39723652]
  [opt] new best: 1.16082685  params: [6.00539521 1.00405513 0.71163766 8.9416255  0.39722137]
  [opt] new best: 1.17305985  params: [6.00538333 1.00405075 0.71162211 8.94174576 0.39722977]
  [opt] new best: 1.17649383  params: [6.00538295 1.00405136 0.71162402 8.94176328 0.39722802]
  [opt] new best: 1.18469037  params: [6.00539654 1.00406577 0.71164723 8.94168584 0.39721074]
  [opt] new best: 1.18958095  params: [6.00540036 1.00406866 0.71165509 8.94166644 0.39720559]
  [opt] new best: 1.19189467  params: [6.00538916 1.00405972 0.71163763 8.94178212 0.39721233]
  [opt] new best: 1.19517402  params: [6.00539005 1.00406032 0.71164113 8.94179268 0.39720884]
  [opt] new best: 1.19979091  params: [6.00539346 1.00406305 0.71165199 8.94175548 0.39720769]
  [opt] new best: 1.20291659  params: [6.00539568 1.00406334 0.7116585  8.94174428 0.39720478]
  [opt] new best: 1.20968845  params: [6.00539797 1.00407809 0.71166116 8.94179609 0.39719265]
  [opt] new best: 1.21476272  params: [6.00540098 1.00408344 0.71166858 8.94180265 0.39718558]
  [opt] new best: 1.22335072  params: [6.00540283 1.00407393 0.71167998 8.94180239 0.39718125]
  [opt] new best: 1.22804269  params: [6.00540332 1.00407498 0.71168495 8.94182958 0.39717638]
  [opt] new best: 1.22953731  params: [6.00541729 1.00408696 0.71170911 8.94169888 0.39716642]
  [opt] new best: 1.23331922  params: [6.00542274 1.00409229 0.71172271 8.94168013 0.39715793]
  [opt] new best: 1.23598810  params: [6.00541489 1.00410428 0.71171762 8.94188101 0.39714584]
  [opt] new best: 1.24652247  params: [6.00543197 1.0040997  0.71175366 8.94173938 0.39713006]
  [opt] new best: 1.24878578  params: [6.00543816 1.00410295 0.71177068 8.94172673 0.39711896]
  [opt] new best: 1.25348419  params: [6.00545346 1.00411014 0.71178849 8.941556   0.39711095]
  [opt] new best: 1.25416704  params: [6.00545607 1.00410857 0.7117897  8.94151642 0.39711084]
  [opt] new best: 1.25910868  params: [6.00546247 1.00410285 0.7118182  8.94150469 0.39709932]
  [opt] new best: 1.26125640  params: [6.00546625 1.00409955 0.71182752 8.94147136 0.39709593]
  [opt] new best: 1.26462240  params: [6.00548691 1.00411903 0.71186032 8.94133959 0.39707175]
  [opt] new best: 1.26680062  params: [6.00549666 1.00412225 0.71187825 8.94126216 0.39706231]
  [opt] new best: 1.26866081  params: [6.0054761  1.00410075 0.71183001 8.94134842 0.39709235]
  [opt] new best: 1.27089737  params: [6.0054788  1.00409659 0.7118314  8.94130056 0.3970932 ]
  [opt] new best: 1.27591392  params: [6.0055014  1.0040984  0.71188089 8.94109813 0.3970746 ]
  [opt] new best: 1.27860297  params: [6.00550792 1.00409517 0.71189024 8.94100509 0.397074  ]
  [opt] new best: 1.28549219  params: [6.00552665 1.00410962 0.71192396 8.94092818 0.39704597]
  [opt] new best: 1.28946024  params: [6.00553874 1.00411163 0.71194325 8.94081954 0.39703598]
  [opt] new best: 1.29667372  params: [6.0055477  1.00410069 0.7119567  8.94061358 0.39704655]
  [opt] new best: 1.30120222  params: [6.00556148 1.00410151 0.71198176 8.94047618 0.39703721]
  [opt] new best: 1.31208060  params: [6.00558579 1.004097   0.71201095 8.94023149 0.39702009]
  [opt] new best: 1.31744978  params: [6.00560136 1.00409737 0.7120351  8.94007678 0.39700931]
  [opt] new best: 1.32572051  params: [6.00564523 1.00411293 0.71211648 8.93966621 0.39697648]
  [opt] new best: 1.32912725  params: [6.0056614  1.00411743 0.71214157 8.93950207 0.39696609]
  [opt] new best: 1.33276987  params: [6.00566682 1.00408864 0.71214541 8.93934524 0.39697579]
  [opt] new best: 1.33654958  params: [6.00569417 1.00411438 0.71218463 8.93918233 0.39694211]
  [opt] new best: 1.33749508  params: [6.00570919 1.00411939 0.7122078  8.93905418 0.39692895]
  [opt] new best: 1.33778777  params: [6.00574105 1.00410862 0.7122651  8.93868657 0.39691397]
  [opt] new best: 1.33783068  params: [6.00573237 1.00410903 0.71225158 8.93878479 0.3969181 ]
  [opt] new best: 1.33793402  params: [6.00574363 1.00411348 0.71226904 8.93864681 0.39691434]
  [opt] new best: 1.33796073  params: [6.00571687 1.00411607 0.71222251 8.93896073 0.39692601]
  [opt] new best: 1.33807776  params: [6.00573588 1.0041096  0.71225678 8.93874098 0.39691712]
  [opt] new best: 1.33808257  params: [6.0057203  1.00410809 0.71223101 8.93888611 0.39692919]
  [opt] new best: 1.33808526  params: [6.00572759 1.00411264 0.71224502 8.93883766 0.39692097]
  [opt] new best: 1.33813506  params: [6.00573758 1.00411269 0.71225915 8.93871576 0.39691723]
  [opt] new best: 1.33813546  params: [6.00572163 1.00411414 0.71223148 8.93890266 0.39692421]
  [opt] new best: 1.33816791  params: [6.00573019 1.00411031 0.71224728 8.93880159 0.39692042]
  [opt] new best: 1.33817346  params: [6.00573294 1.00411029 0.71225188 8.9387717  0.39691897]
  [opt] new best: 1.33818788  params: [6.00573026 1.00411056 0.71224544 8.93879193 0.39692166]
  [opt] new best: 1.33819267  params: [6.00573414 1.00411208 0.71225334 8.93875405 0.396919  ]
  [opt] new best: 1.33820641  params: [6.00572465 1.00411288 0.71223688 8.93886514 0.39692316]
  [opt] new best: 1.33820827  params: [6.0057315  1.00411072 0.7122491  8.93878538 0.39692006]
  [opt] new best: 1.33821269  params: [6.00572985 1.00411089 0.7122452  8.93879808 0.39692167]
  [opt] new best: 1.33821678  params: [6.00573207 1.0041118  0.71224976 8.93877655 0.39692013]
  [opt] new best: 1.33823265  params: [6.00573282 1.00411315 0.71224985 8.93877597 0.39691866]
  [opt] new best: 1.33823694  params: [6.00573001 1.00411332 0.71224491 8.93880353 0.39692063]
  [opt] new best: 1.33824806  params: [6.00573172 1.00411413 0.7122487  8.938793   0.39691859]
  [opt] new best: 1.33826293  params: [6.00572936 1.00411416 0.71224372 8.93882112 0.39691952]
  [opt] new best: 1.33826442  params: [6.00572882 1.00411463 0.71224251 8.93883004 0.39691939]
  [opt] new best: 1.33826978  params: [6.00573365 1.00411574 0.71225017 8.9387759  0.39691699]
  [opt] new best: 1.33826982  params: [6.00572805 1.00411608 0.71224109 8.93883821 0.3969199 ]
  [opt] new best: 1.33828725  params: [6.00572803 1.00411609 0.71223978 8.93883735 0.39692003]
  [opt] new best: 1.33828866  params: [6.00572729 1.00411648 0.712238   8.93884622 0.39692032]
  [opt] new best: 1.33830617  params: [6.00572973 1.00411694 0.71224247 8.93882712 0.39691791]
  [opt] new best: 1.33831249  params: [6.00572991 1.00411731 0.71224244 8.93882763 0.39691746]
  [opt] new best: 1.33831530  params: [6.0057302  1.00411851 0.71224254 8.93882065 0.39691792]
  [opt] new best: 1.33831879  params: [6.00573047 1.00411929 0.71224254 8.93881877 0.39691763]
  [opt] new best: 1.33833669  params: [6.00572812 1.00411958 0.71223719 8.93885112 0.39691794]
  [opt] new best: 1.33834440  params: [6.00572813 1.00412028 0.71223641 8.9388537  0.39691754]
  [opt] new best: 1.33834512  params: [6.00573405 1.00412086 0.71224675 8.93879171 0.39691395]
  [opt] new best: 1.33835214  params: [6.00572781 1.0041213  0.71223583 8.93885967 0.39691738]
  [opt] new best: 1.33837385  params: [6.00572932 1.00412284 0.71223806 8.93884771 0.39691598]
  [opt] new best: 1.33837628  params: [6.00572895 1.00412359 0.71223723 8.93885472 0.39691578]
  [opt] new best: 1.33841224  params: [6.0057294  1.00412433 0.71223556 8.93885593 0.39691461]
  [opt] new best: 1.33842831  params: [6.00572918 1.00412533 0.71223417 8.93886336 0.396914  ]
  [opt] new best: 1.33845463  params: [6.00572857 1.00412908 0.71223201 8.93887892 0.39691319]
  [opt] new best: 1.33846303  params: [6.00572858 1.00413059 0.71223099 8.93888224 0.39691272]
  [opt] new best: 1.33850229  params: [6.00572798 1.00412983 0.71222939 8.93889752 0.39691172]
  [opt] new best: 1.33852774  params: [6.00572778 1.00413108 0.71222782 8.93890608 0.39691091]
  [opt] new best: 1.33858699  params: [6.00573033 1.00413745 0.71222792 8.93889437 0.39690737]
  [opt] new best: 1.33861759  params: [6.00573055 1.00413988 0.71222667 8.93890058 0.39690604]
  [opt] new best: 1.33868623  params: [6.00572883 1.00414115 0.71222161 8.93893518 0.39690466]
  [opt] new best: 1.33871396  params: [6.00572896 1.00414282 0.71222055 8.93894166 0.39690348]
  [opt] new best: 1.33873143  params: [6.00572973 1.00414755 0.71221778 8.93894613 0.39690131]
  [opt] new best: 1.33876103  params: [6.00573012 1.00415085 0.71221577 8.93895414 0.39689939]
  [opt] new best: 1.33878560  params: [6.0057316  1.00414925 0.71222183 8.93893491 0.39689905]
  [opt] new best: 1.33881172  params: [6.00573288 1.00415127 0.71222296 8.93892975 0.39689714]
  [opt] new best: 1.33895499  params: [6.00572899 1.00415941 0.71220833 8.93900675 0.39689436]
  [opt] new best: 1.33902147  params: [6.00572867 1.00416332 0.71220466 8.93902798 0.39689203]
  [opt] new best: 1.33906712  params: [6.00573395 1.00416878 0.71221222 8.93898491 0.39688724]
  [opt] new best: 1.33910997  params: [6.00573472 1.00417236 0.71221151 8.93899107 0.3968848 ]
  [opt] new best: 1.33911890  params: [6.00573351 1.00417212 0.71220815 8.93901269 0.39688423]
  [opt] new best: 1.33914999  params: [6.00573386 1.00417563 0.71220629 8.93902626 0.3968816 ]
  [opt] new best: 1.33931428  params: [6.00573277 1.0041852  0.71219599 8.9390664  0.39687824]
  [opt] new best: 1.33940686  params: [6.00573275 1.00419199 0.7121906  8.93909372 0.39687446]
  [opt] new best: 1.33954341  params: [6.00573831 1.00420145 0.71219623 8.93907942 0.39686501]
  [opt] new best: 1.33963123  params: [6.00574023 1.00420907 0.71219454 8.93908971 0.3968596 ]
  [opt] new best: 1.33964672  params: [6.00573447 1.00420709 0.71218258 8.93915579 0.39686215]
  [opt] new best: 1.33972893  params: [6.00573442 1.00421403 0.7121768  8.93918874 0.39685762]
  [opt] new best: 1.33984116  params: [6.00573555 1.00421919 0.712176   8.93918559 0.39685577]
  [opt] new best: 1.33995183  params: [6.00573589 1.0042279  0.71216995 8.93921746 0.3968506 ]
  [opt] new best: 1.34002594  params: [6.00573324 1.00423015 0.71216489 8.93925213 0.39685135]
  [opt] new best: 1.34016131  params: [6.00573268 1.00423964 0.7121571  8.93929589 0.39684644]
  [opt] new best: 1.34039784  params: [6.00574068 1.0042618  0.71215501 8.93931503 0.39682711]
  [opt] new best: 1.34053672  params: [6.00574227 1.00427577 0.71214789 8.9393593  0.39681764]
  [opt] new best: 1.34067260  params: [6.00573401 1.0042714  0.71213241 8.93942689 0.39682518]
  [opt] new best: 1.34087012  params: [6.00573277 1.00428386 0.71211998 8.93949433 0.3968183 ]
  [opt] new best: 1.34096786  params: [6.00573916 1.00429437 0.71212742 8.93945009 0.39681143]
  [opt] new best: 1.34117948  params: [6.0057401  1.00431044 0.71211755 8.93950237 0.3968022 ]
  [opt] new best: 1.34120755  params: [6.00573938 1.00431352 0.71211331 8.93953533 0.3967991 ]
  [opt] new best: 1.34140064  params: [6.00574007 1.00433065 0.71210199 8.93959891 0.3967888 ]
  [opt] new best: 1.34155897  params: [6.0057348  1.0043323  0.71209218 8.9396702  0.39678968]
  [opt] new best: 1.34179926  params: [6.00573369 1.00434999 0.71207748 8.93975822 0.39677969]
  [opt] new best: 1.34220195  params: [6.00574288 1.00438065 0.71206885 8.93978936 0.3967562 ]
  [opt] new best: 1.34255908  params: [6.00574492 1.00440885 0.7120512  8.93988805 0.39673816]
  [opt] new best: 1.34259465  params: [6.00573436 1.00439775 0.71203939 8.93993746 0.39675322]
  [opt] new best: 1.34293234  params: [6.00573278 1.00442214 0.71201769 8.94005309 0.39674033]
  [opt] new best: 1.34325530  params: [6.00574386 1.00444496 0.71202638 8.94002593 0.39672137]
  [opt] new best: 1.34371755  params: [6.00574608 1.00447718 0.71200767 8.94013225 0.39670198]
  [opt] new best: 1.34453919  params: [6.00573848 1.00452666 0.71195357 8.94044168 0.39667422]
  [opt] new best: 1.34514200  params: [6.00573816 1.00456586 0.71192389 8.94061023 0.39665131]
  [opt] new best: 1.34534970  params: [6.00574665 1.00459366 0.71191664 8.94062316 0.39663198]
  [opt] new best: 1.34594772  params: [6.00574924 1.00464239 0.71188447 8.94079615 0.39660244]
  [opt] new best: 1.34631147  params: [6.00575104 1.00469735 0.71185316 8.94101293 0.3965686 ]
  [opt] new best: 1.34664438  params: [6.00575469 1.00475239 0.71182025 8.9412049  0.39653425]
  [opt] new best: 1.34776087  params: [6.00575122 1.00474133 0.71182014 8.9411702  0.39654629]
  [opt] new best: 1.34857509  params: [6.00575368 1.00479257 0.7117872  8.94135027 0.39651607]
  [opt] new best: 1.34895588  params: [6.00574709 1.00487539 0.71170915 8.941795   0.39646733]
  [opt] new best: 1.34958827  params: [6.00574729 1.00495503 0.71164945 8.94212755 0.3964204 ]
  [opt] new best: 1.35009163  params: [6.00576379 1.00513684 0.71155298 8.94268834 0.39630824]
  [opt] new best: 1.35154340  params: [6.00576199 1.00518061 0.71151029 8.94287296 0.39628602]
  [opt] new best: 1.35175304  params: [6.00576345 1.00526626 0.71144829 8.94320657 0.39623637]
  [opt] new best: 1.35196029  params: [6.00576086 1.00515779 0.71152689 8.94281535 0.39629624]
  [opt] new best: 1.35245442  params: [6.00576131 1.00520087 0.71149564 8.94299364 0.39627036]
  [opt] new best: 1.35262766  params: [6.00574845 1.00517255 0.71149329 8.94299038 0.39629761]
  [opt] new best: 1.35307889  params: [6.00574449 1.00520592 0.71146123 8.94316754 0.39628107]
  [opt] new best: 1.35346319  params: [6.00576832 1.00532357 0.71142212 8.94338338 0.39620178]
  [opt] new best: 1.35378103  params: [6.00577253 1.00539728 0.71137666 8.94363455 0.39615805]
  [opt] new best: 1.35481998  params: [6.00575603 1.00529561 0.71141253 8.94339945 0.39622467]
  [opt] new best: 1.35540165  params: [6.00575447 1.00532737 0.71138444 8.94354167 0.39620795]
  [opt] new best: 1.35632424  params: [6.00575395 1.00540563 0.71133271 8.94388856 0.39616065]
  [opt] new best: 1.35702382  params: [6.00575205 1.0054335  0.7113096  8.94402496 0.39614551]
  [opt] new best: 1.35758986  params: [6.00576082 1.00542152 0.71133621 8.94383713 0.39615389]
  [opt] new best: 1.35767936  params: [6.00576084 1.00539616 0.71135654 8.94372447 0.39616964]
  [opt] new best: 1.35911779  params: [6.00574433 1.00557207 0.71118605 8.94463898 0.39607558]
  [opt] new best: 1.35943038  params: [6.00573869 1.00560703 0.71114793 8.94483987 0.39605909]
  [opt] new best: 1.35985905  params: [6.00575607 1.00575385 0.71108367 8.94525115 0.39596614]
  [opt] new best: 1.36008139  params: [6.00575639 1.00583915 0.71102351 8.94559304 0.39591778]
  [opt] new best: 1.36127478  params: [6.00575975 1.00562718 0.71118218 8.94471039 0.3960338 ]
  [opt] new best: 1.36185779  params: [6.00576122 1.0056398  0.71117643 8.94474967 0.39602521]
  [opt] new best: 1.36194753  params: [6.00574892 1.00574495 0.71107631 8.9452555  0.39598022]
  [opt] new best: 1.36210014  params: [6.00574829 1.00580724 0.71102966 8.9455016  0.39594717]
  [opt] new best: 1.36418499  params: [6.00573511 1.00594672 0.71089861 8.94626684 0.39586711]
  [opt] new best: 1.36490149  params: [6.00572997 1.00605683 0.71080702 8.94677531 0.3958066 ]
  [opt] new best: 1.36535845  params: [6.00576307 1.00617659 0.71079211 8.94688387 0.3957235 ]
  [opt] new best: 1.36674601  params: [6.00574804 1.00607945 0.71082396 8.94664702 0.3957871 ]
  [opt] new best: 1.36695632  params: [6.00574637 1.00612751 0.71078405 8.94685782 0.39576097]
  [opt] new best: 1.36925115  params: [6.00573771 1.00643039 0.71055109 8.94821923 0.39558864]
  [opt] new best: 1.37046868  params: [6.0057588  1.00638223 0.71063184 8.9477384  0.39561261]
  [opt] new best: 1.37147867  params: [6.00576456 1.00644731 0.7105968  8.94793102 0.39557381]
  [opt] new best: 1.37300704  params: [6.00575327 1.0066389  0.71042519 8.94886803 0.39546559]
  [opt] new best: 1.37376407  params: [6.00575259 1.00672456 0.71035963 8.94922409 0.39541708]
  [opt] new best: 1.37384092  params: [6.00576414 1.00665465 0.71044187 8.94883734 0.39544753]
  [opt] new best: 1.37591810  params: [6.00578685 1.00654412 0.71056534 8.94810459 0.39550301]
  [opt] new best: 1.37676400  params: [6.00579668 1.00656687 0.71056819 8.94808166 0.39548588]
  [opt] new best: 1.37729396  params: [6.00576635 1.00670388 0.71040472 8.94900286 0.39541934]
  [opt] new best: 1.38009563  params: [6.0058     1.00683931 0.71037967 8.94916123 0.39532802]
  [opt] new best: 1.38087336  params: [6.00580949 1.00686226 0.71038368 8.94914865 0.39531021]
  [opt] new best: 1.38209361  params: [6.0058066  1.00699226 0.71027415 8.9496725  0.39524265]
  [opt] new best: 1.38303594  params: [6.00581509 1.00705978 0.71024061 8.94983953 0.39520167]
  [opt] new best: 1.38455623  params: [6.00580132 1.0071737  0.71013015 8.95051795 0.39513493]
  [opt] new best: 1.38504631  params: [6.00580225 1.00729507 0.71004254 8.95100521 0.39506474]
  [opt] new best: 1.38742747  params: [6.00584682 1.00714157 0.71024849 8.9498548  0.39513373]
  [opt] new best: 1.38820022  params: [6.00585848 1.00717777 0.71024612 8.94986793 0.39510775]
  [opt] new best: 1.38950494  params: [6.00584546 1.00736605 0.71007012 8.95078302 0.39500617]
  [opt] new best: 1.39038457  params: [6.00585266 1.00746681 0.71000741 8.9511099  0.39494536]
  [opt] new best: 1.39111769  params: [6.00583713 1.00733899 0.71007471 8.95080797 0.39501952]
  [opt] new best: 1.39124542  params: [6.00583536 1.00735215 0.71005991 8.95089003 0.39501149]
  [opt] new best: 1.39530282  params: [6.00590062 1.00765665 0.70996778 8.95133074 0.39481507]
  [opt] new best: 1.39591370  params: [6.00592029 1.00772897 0.70995283 8.95139585 0.39476513]
  [opt] new best: 1.39884586  params: [6.00588398 1.0078179  0.7098148  8.95218158 0.39472993]
  [opt] new best: 1.40020460  params: [6.00589024 1.00788812 0.70977628 8.95239592 0.39468684]
  [opt] new best: 1.40347893  params: [6.00589834 1.00822294 0.70954051 8.95369839 0.39448705]
  [opt] new best: 1.40412566  params: [6.00589395 1.00832174 0.70945805 8.9541589  0.39443143]
  [opt] new best: 1.40571211  params: [6.00591908 1.00816172 0.70963847 8.95319068 0.39451554]
  [opt] new best: 1.40675326  params: [6.00592118 1.00821408 0.70960701 8.9533752  0.39448539]
  [opt] new best: 1.40996042  params: [6.00592594 1.0084181  0.70945521 8.95419632 0.39435956]
  [opt] new best: 1.41132001  params: [6.00593308 1.0085241  0.709391   8.9545564  0.39429411]
  [opt] new best: 1.41368909  params: [6.00591968 1.00857773 0.70933356 8.95489005 0.39427539]
  [opt] new best: 1.41446968  params: [6.00592482 1.00862893 0.70930866 8.95503628 0.39424418]
  [opt] new best: 1.41616553  params: [6.00597006 1.00885756 0.70922958 8.95548493 0.39408711]
  [opt] new best: 1.41660160  params: [6.0059798  1.0089555  0.70917711 8.95577995 0.39402538]
  [opt] new best: 1.41811730  params: [6.00595828 1.00911233 0.70902307 8.95663134 0.39395085]
  [opt] new best: 1.42095207  params: [6.00594288 1.00901186 0.70905665 8.95641893 0.39401205]
  [opt] new best: 1.42222651  params: [6.0059412  1.00906145 0.7090156  8.95664252 0.39398399]
  [opt] new best: 1.42269187  params: [6.00592517 1.0090771  0.70898443 8.95685066 0.39398852]
  [opt] new best: 1.42542292  params: [6.00596663 1.00938442 0.70884254 8.95765191 0.39378977]
  [opt] new best: 1.42560998  params: [6.00591744 1.00926006 0.70882766 8.95772546 0.39388119]
  [opt] new best: 1.42655978  params: [6.00592576 1.00928302 0.70882483 8.95769687 0.39386787]
  [opt] new best: 1.42671527  params: [6.00592033 1.00932145 0.70878349 8.95791058 0.39384904]
  [opt] new best: 1.42840933  params: [6.00592913 1.00941643 0.70874792 8.95818987 0.39379194]
  [opt] new best: 1.42897211  params: [6.00592672 1.00948743 0.70869438 8.95849934 0.39375353]
  [opt] new best: 1.43339623  params: [6.00593179 1.00968816 0.70854784 8.95925977 0.39363558]
  [opt] new best: 1.43463826  params: [6.00593466 1.00977378 0.70849188 8.95956663 0.39358646]
  [opt] new best: 1.43473615  params: [6.00593464 1.00980769 0.70847537 8.95973707 0.3935627 ]
  [opt] new best: 1.43549568  params: [6.00593751 1.00990494 0.70841374 8.96010236 0.39350543]
  [opt] new best: 1.43925048  params: [6.00596367 1.01023228 0.70823455 8.96109227 0.39331217]
  [opt] new best: 1.43986831  params: [6.00596881 1.01034184 0.70816887 8.9614709  0.39324832]
  [opt] new best: 1.44181180  params: [6.0059516  1.01014181 0.70826252 8.96089672 0.39336394]
  [opt] new best: 1.44239964  params: [6.00595448 1.0101555  0.70825635 8.96092742 0.39335342]
  [opt] new best: 1.44403203  params: [6.00594638 1.01058323 0.70794404 8.96271348 0.39311959]
  [opt] new best: 1.44438976  params: [6.00594431 1.01066505 0.70788261 8.96306386 0.39307457]
  [opt] new best: 1.44788316  params: [6.00597653 1.01053271 0.70803697 8.96215288 0.39313559]
  [opt] new best: 1.44862043  params: [6.00598089 1.01055194 0.70803104 8.96217264 0.39312368]
  [opt] new best: 1.45162620  params: [6.00596728 1.01071146 0.70787962 8.96301678 0.3930326 ]
  [opt] new best: 1.45344395  params: [6.00596697 1.01078538 0.70782177 8.96332595 0.39298945]
  [opt] new best: 1.45440121  params: [6.00599788 1.01082417 0.7078571  8.96310329 0.39295636]
  [opt] new best: 1.45493100  params: [6.00600859 1.01085599 0.707852   8.96311118 0.39293272]
  [opt] new best: 1.45644661  params: [6.00598398 1.01115584 0.70759125 8.96456999 0.39277926]
  [opt] new best: 1.45883372  params: [6.00601022 1.01137781 0.70747967 8.96521599 0.39263319]
  [opt] new best: 1.45979874  params: [6.00600857 1.01096973 0.70775406 8.96359381 0.39286427]
  [opt] new best: 1.46368886  params: [6.00604868 1.01133748 0.70758271 8.96457587 0.39264323]
  [opt] new best: 1.46628517  params: [6.00604508 1.01124593 0.70762527 8.96430577 0.39268754]
  [opt] new best: 1.47015123  params: [6.00605533 1.01153978 0.70743015 8.96533383 0.39252137]
  [opt] new best: 1.47057434  params: [6.00606356 1.0115864  0.7074092  8.96542461 0.39249124]
  [opt] new best: 1.47185238  params: [6.00603404 1.01162859 0.70731301 8.96597684 0.39247435]
  [opt] new best: 1.47224316  params: [6.00603111 1.01168681 0.70725907 8.96625703 0.39244058]
  [opt] new best: 1.47385929  params: [6.00607644 1.01168887 0.7073536  8.96573847 0.39241945]
  [opt] new best: 1.47433996  params: [6.00608884 1.01175041 0.70733034 8.96585382 0.3923771 ]
  [opt] new best: 1.47743821  params: [6.00605659 1.01195577 0.70710637 8.96707046 0.39227202]
  [opt] new best: 1.47867705  params: [6.0060552  1.01202964 0.7070458  8.96739963 0.39222818]
  [opt] new best: 1.48243735  params: [6.00606227 1.01217259 0.70695779 8.96792279 0.39213959]
  [opt] new best: 1.48345579  params: [6.00605984 1.01218394 0.706946   8.96800359 0.39213324]
  [opt] new best: 1.48379074  params: [6.0060216  1.01231659 0.70676331 8.96898383 0.3920741 ]
  [opt] new best: 1.48709871  params: [6.00603618 1.01243181 0.70669938 8.96934525 0.39199198]
  [opt] new best: 1.48786233  params: [6.00603238 1.01251224 0.70663009 8.96973437 0.39194474]
  [opt] new best: 1.48946945  params: [6.00604632 1.01250692 0.7066676  8.96952017 0.39194614]
  [opt] new best: 1.49032834  params: [6.00604905 1.01259027 0.70661108 8.96983135 0.39189638]
  [opt] new best: 1.49222340  params: [6.00599852 1.01266827 0.70644563 8.97076861 0.39186894]
  [opt] new best: 1.49341421  params: [6.00598625 1.01276513 0.70634555 8.97132162 0.39181607]
  [opt] new best: 1.49354590  params: [6.00602262 1.01271504 0.70646121 8.97072349 0.39182487]
  [opt] new best: 1.49356855  params: [6.00602282 1.01279473 0.7064008  8.97107143 0.39177503]
  [opt] new best: 1.49446470  params: [6.00602857 1.0127304  0.70644374 8.97074326 0.39180859]
  [opt] new best: 1.49456321  params: [6.00603082 1.01278004 0.70640419 8.97094481 0.39177488]
  [opt] new best: 1.49878775  params: [6.00601287 1.01280747 0.70636477 8.97122857 0.39177306]
  [opt] new best: 1.50051366  params: [6.00600897 1.01286652 0.70631171 8.97152741 0.39173872]
  [opt] new best: 1.50459596  params: [6.00597649 1.01315212 0.70601533 8.97317096 0.39157281]
  [opt] new best: 1.50700781  params: [6.00596198 1.0132645  0.70589618 8.97383888 0.3915081 ]
  [opt] new best: 1.51187380  params: [6.00597297 1.01330302 0.70588274 8.97392141 0.39147251]
  [opt] new best: 1.51307015  params: [6.00596457 1.01333371 0.70583853 8.97417759 0.39145335]
  [opt] new best: 1.51528668  params: [6.00592237 1.01383745 0.70535726 8.97680766 0.39116806]
  [opt] new best: 1.51721897  params: [6.00590627 1.01361849 0.70551548 8.97604019 0.39131189]
  [opt] new best: 1.51763138  params: [6.00588838 1.01368212 0.70543337 8.97653138 0.39127968]
  [opt] new best: 1.52454144  params: [6.00587878 1.01379584 0.70530403 8.97718138 0.39120582]
  [opt] new best: 1.52678954  params: [6.00586214 1.01390211 0.70518559 8.97784988 0.39114536]
  [opt] new best: 1.52688960  params: [6.00588027 1.01394761 0.70518191 8.97790176 0.39109972]
  [opt] new best: 1.52919652  params: [6.00581437 1.01419772 0.70486111 8.97968415 0.39098515]
  [opt] new best: 1.53353940  params: [6.0058133  1.01414481 0.70487615 8.97957978 0.39100022]
  [opt] new best: 1.53408262  params: [6.00579829 1.01423735 0.70476471 8.98018946 0.39094433]
  [opt] new best: 1.54222444  params: [6.00577927 1.01445635 0.70457774 8.98132405 0.39082404]
  [opt] new best: 1.54502672  params: [6.00575773 1.01462398 0.70440219 8.98232273 0.3907269 ]
  [opt] new best: 1.55088166  params: [6.00571053 1.01493486 0.70404299 8.98422645 0.39055411]
  [opt] new best: 1.55382194  params: [6.00567658 1.01513231 0.70381521 8.98549139 0.39044499]
  [opt] new best: 1.55557360  params: [6.00572132 1.01505859 0.70394543 8.98476695 0.39045261]
  [opt] new best: 1.55760376  params: [6.00570271 1.01523076 0.7037623  8.98578351 0.3903461 ]
  [opt] new best: 1.56025261  params: [6.00564828 1.01510204 0.70377559 8.98582969 0.39045509]
  [opt] new best: 1.56205560  params: [6.005611   1.01523008 0.70359701 8.98686208 0.39038595]
  [opt] new best: 1.56742883  params: [6.00558726 1.01566962 0.70320251 8.98902394 0.39012786]
  [opt] new best: 1.58325051  params: [6.00552663 1.01596135 0.70281347 8.99110898 0.38995585]
  [opt] new best: 1.58844984  params: [6.00548041 1.01622883 0.70249573 8.99286623 0.38980164]
  [opt] new best: 1.58941274  params: [6.00539286 1.01641723 0.70218885 8.99477431 0.38971417]
  [opt] new best: 1.59111534  params: [6.00533088 1.01665452 0.70187416 8.99657247 0.38958778]
  [opt] new best: 1.60680147  params: [6.00530582 1.01704305 0.70146379 8.99874064 0.38932792]
  [opt] new best: 1.61109372  params: [6.00524953 1.01731773 0.70111604 9.00068398 0.38916793]
  [opt] new best: 1.62083081  params: [6.00503746 1.01807489 0.70009033 9.00658647 0.38877145]
  [opt] new best: 1.64066036  params: [6.00501312 1.01814855 0.69994899 9.00727925 0.38872197]
  [opt] new best: 1.64626064  params: [6.00495943 1.01832865 0.69968627 9.00876394 0.38862227]
  [opt] new best: 1.66211204  params: [6.00481907 1.01890777 0.69889134 9.01323726 0.38827512]
  [opt] new best: 1.66656532  params: [6.00477539 1.01907435 0.69865154 9.01456742 0.38817585]
  [opt] new best: 1.66975319  params: [6.00476731 1.01925166 0.69850426 9.01530612 0.38808876]
  [opt] new best: 1.68604947  params: [6.00466248 1.01953498 0.69803754 9.01794392 0.38793096]
  [opt] new best: 1.69153420  params: [6.00461166 1.01974244 0.69775103 9.0195278  0.3878107 ]
  [opt] new best: 1.70628888  params: [6.00448053 1.02026951 0.69704725 9.02351006 0.38751633]
  [opt] new best: 1.71589557  params: [6.00438474 1.02065768 0.69651944 9.02645928 0.38729515]
  [opt] new best: 1.71978352  params: [6.0044358  1.0204708  0.69674582 9.02507987 0.38738344]
  [opt] new best: 1.72392280  params: [6.0043933  1.02064184 0.6965095  9.02638267 0.38728605]
  [opt] new best: 1.72776061  params: [6.00436299 1.02066653 0.6964476  9.02677765 0.38729482]
  [opt] new best: 1.73085206  params: [6.00437955 1.02058319 0.69652974 9.02626608 0.38733203]
  [opt] new best: 1.73261563  params: [6.00436924 1.02061282 0.69647896 9.02653577 0.38731489]
  [opt] new best: 1.73459093  params: [6.00435421 1.02066462 0.69639932 9.02697162 0.38728384]
  [opt] new best: 1.73504758  params: [6.00435084 1.02066082 0.69639215 9.02700299 0.38728628]
  [opt] new best: 1.73520943  params: [6.00434726 1.0206664  0.69638163 9.02706659 0.38728483]
  [opt] new best: 1.73533903  params: [6.00434578 1.02066644 0.69637579 9.0270921  0.38728413]
  [opt] new best: 1.73540568  params: [6.00434499 1.0206679  0.69637221 9.02711033 0.38728315]
  [opt] new best: 1.73544015  params: [6.00434684 1.0206675  0.69637405 9.02709397 0.38728145]
  [opt] new best: 1.73544653  params: [6.00434508 1.02066781 0.69636988 9.0271167  0.38728191]
  [opt] new best: 1.73545026  params: [6.00434622 1.02066753 0.6963714  9.02710534 0.38728107]
  [opt] new best: 1.73545297  params: [6.00434639 1.0206676  0.69637145 9.02710444 0.38728082]
  [opt] new best: 1.73546225  params: [6.00434652 1.02066789 0.69637191 9.02710302 0.38728078]
  [opt] new best: 1.73546531  params: [6.00434629 1.02066793 0.6963713  9.02710622 0.3872808 ]
  [opt] new best: 1.73546542  params: [6.00434632 1.02066794 0.69637132 9.02710599 0.38728076]
  [opt] new best: 1.73546557  params: [6.00434641 1.02066795 0.69637146 9.02710512 0.38728069]
  [opt] new best: 1.73546676  params: [6.00434621 1.02066796 0.69637091 9.02710788 0.38728072]
  [opt] new best: 1.73546685  params: [6.00434617 1.02066797 0.69637102 9.0271078  0.38728083]
  [opt] new best: 1.73546701  params: [6.00434612 1.02066796 0.69637088 9.02710842 0.38728083]
  [opt] new best: 1.73546703  params: [6.00434613 1.02066796 0.69637093 9.02710826 0.38728085]
  [opt] new best: 1.73546716  params: [6.00434609 1.02066796 0.69637085 9.0271087  0.38728086]
  [opt] new best: 1.73546716  params: [6.00434609 1.02066796 0.69637085 9.02710869 0.38728086]
  [opt] new best: 1.73546716  params: [6.00434609 1.02066796 0.69637085 9.02710869 0.38728086]
  [opt] new best: 1.73546717  params: [6.00434609 1.02066796 0.69637085 9.02710869 0.38728086]
  [opt] new best: 1.73546719  params: [6.00434609 1.02066796 0.69637085 9.02710869 0.38728086]

=== Result ===
Peak : [6.00434609 1.02066796 0.69637085 9.02710869 0.38728086]
loglike: 1.73546719
Target : 5.90700000
True   : [np.float64(6.0), np.float64(1.0), 0.7, 9, 0.4]
Diff from true: [ 0.00434609  0.02066796 -0.00362915  0.02710869 -0.01271914]
Job completed at Tue Apr  7 05:04:46 AM +08 2026
