dt=5s  T=0.25yr  TDI gen=1
~~~~~~~~~~~~~~~~~~~~~~~~~~~~~~~~~~~~~~~~~~~~~~~~~~~~~~~~~~~~~~~~~~~~~~~~~~~~~~~~~~~~~~~~~~
			Resource Usage on 2026-07-08 16:40:39.572191:
~~~~~~~~~~~~~~~~~~~~~~~~~~~~~~~~~~~~~~~~~~~~~~~~~~~~~~~~~~~~~~~~~~~~~~~~~~~~~~~~~~~~~~~~~~
	JobId: 525000.hopper-m-02
	Project: CFP03-CF-051
	Exit Status: 271
~~~~~~~~~~~~~~~~~~~~~~~~~~~~~~~~~~~~~~~~~~~~~~~~~~~~~~~~~~~~~~~~~~~~~~~~~~~~~~~~~~~~~~~~~~
	NCPUs: Requested(12), Used(12)
	CPU Time Used: 00:00:19
	Memory: Requested(225gb), Used(1011448kb)
	Vmem Used: 15019952kb
	Walltime: Requested(24:00:00), Used(00:00:41)
~~~~~~~~~~~~~~~~~~~~~~~~~~~~~~~~~~~~~~~~~~~~~~~~~~~~~~~~~~~~~~~~~~~~~~~~~~~~~~~~~~~~~~~~~~
	Execution Nodes Used: (hopper-14:ngpus=1:ncpus=12:mem=235929600kb)
~~~~~~~~~~~~~~~~~~~~~~~~~~~~~~~~~~~~~~~~~~~~~~~~~~~~~~~~~~~~~~~~~~~~~~~~~~~~~~~~~~~~~~~~~~
	No GPU-related information available for this job.
dt=5s  T=1.0yr  TDI gen=1
SNR (rhostat): 4353.0012
Loading paris2_noise sampler from /scratch/e1498138/paris2_sc/int_1yr_s12/sampler_state.pkl...
paris2_noise maxld: 549.9160
paris2_noise maxld point: [5.9897139  1.06187119 0.84993711 9.21099004 0.39363801]
paris2_noise posterior 1-sigma (diag): [0.00816561 0.00456723 0.01489452 0.09398996 0.0038732 ]
Ellipse prior bounds (per-dim sigma):
  logm1: [5.94889, 6.03054]  mu=5.98971  sigma=0.00817  N_sigma=5
  logm2: [0.99336, 1.13038]  mu=1.06187  sigma=0.00457  N_sigma=15
  a: [0.62652, 0.99000]  mu=0.84994  sigma=0.01489  N_sigma=15
  p0: [8.74104, 9.68094]  mu=9.21099  sigma=0.09399  N_sigma=5
  e0: [0.37427, 0.41300]  mu=0.39364  sigma=0.00387  N_sigma=5
Generating 500000 LHS points in 5D Cholesky space...
LHS points inside unit sphere: 82383 / 500000 (16.5%)
Evaluating S6 semi-coherent statistic on 82383 points...
  [500/82383]  elapsed=34s  rate=14.7/s  ETA=5585s
  [1000/82383]  elapsed=68s  rate=14.7/s  ETA=5549s
  [1500/82383]  elapsed=102s  rate=14.7/s  ETA=5516s
  [2000/82383]  elapsed=136s  rate=14.7/s  ETA=5472s
  [2500/82383]  elapsed=170s  rate=14.7/s  ETA=5435s
  [3000/82383]  elapsed=204s  rate=14.7/s  ETA=5397s
  [3500/82383]  elapsed=238s  rate=14.7/s  ETA=5366s
  [4000/82383]  elapsed=272s  rate=14.7/s  ETA=5327s
  [4500/82383]  elapsed=306s  rate=14.7/s  ETA=5291s
  [5000/82383]  elapsed=340s  rate=14.7/s  ETA=5256s
  [5500/82383]  elapsed=374s  rate=14.7/s  ETA=5224s
  [6000/82383]  elapsed=408s  rate=14.7/s  ETA=5190s
  [6500/82383]  elapsed=441s  rate=14.7/s  ETA=5153s
  [7000/82383]  elapsed=475s  rate=14.7/s  ETA=5120s
  [7500/82383]  elapsed=509s  rate=14.7/s  ETA=5086s
  [8000/82383]  elapsed=543s  rate=14.7/s  ETA=5050s
  [8500/82383]  elapsed=577s  rate=14.7/s  ETA=5014s
  [9000/82383]  elapsed=611s  rate=14.7/s  ETA=4981s
  [9500/82383]  elapsed=645s  rate=14.7/s  ETA=4945s
  [10000/82383]  elapsed=678s  rate=14.7/s  ETA=4910s
  [10500/82383]  elapsed=712s  rate=14.7/s  ETA=4877s
  [11000/82383]  elapsed=747s  rate=14.7/s  ETA=4850s
  [11500/82383]  elapsed=783s  rate=14.7/s  ETA=4826s
  [12000/82383]  elapsed=817s  rate=14.7/s  ETA=4793s
~~~~~~~~~~~~~~~~~~~~~~~~~~~~~~~~~~~~~~~~~~~~~~~~~~~~~~~~~~~~~~~~~~~~~~~~~~~~~~~~~~~~~~~~~~
			Resource Usage on 2026-07-08 16:56:43.019424:
~~~~~~~~~~~~~~~~~~~~~~~~~~~~~~~~~~~~~~~~~~~~~~~~~~~~~~~~~~~~~~~~~~~~~~~~~~~~~~~~~~~~~~~~~~
	JobId: 525011.hopper-m-02
	Project: CFP03-CF-051
	Exit Status: 271
~~~~~~~~~~~~~~~~~~~~~~~~~~~~~~~~~~~~~~~~~~~~~~~~~~~~~~~~~~~~~~~~~~~~~~~~~~~~~~~~~~~~~~~~~~
	NCPUs: Requested(12), Used(12)
	CPU Time Used: 00:14:06
	Memory: Requested(225gb), Used(11208444kb)
	Vmem Used: 29046804kb
	Walltime: Requested(24:00:00), Used(00:15:59)
~~~~~~~~~~~~~~~~~~~~~~~~~~~~~~~~~~~~~~~~~~~~~~~~~~~~~~~~~~~~~~~~~~~~~~~~~~~~~~~~~~~~~~~~~~
	Execution Nodes Used: (hopper-14:ngpus=1:ncpus=12:mem=235929600kb)
~~~~~~~~~~~~~~~~~~~~~~~~~~~~~~~~~~~~~~~~~~~~~~~~~~~~~~~~~~~~~~~~~~~~~~~~~~~~~~~~~~~~~~~~~~
	No GPU-related information available for this job.
dt=5s  T=1.0yr  TDI gen=1
SNR (rhostat): 4353.0012
Loading paris2_noise sampler from /scratch/e1498138/paris2_sc/int_1yr_s12/sampler_state.pkl...
paris2_noise maxld: 549.9160
paris2_noise maxld point: [5.9897139  1.06187119 0.84993711 9.21099004 0.39363801]
paris2_noise posterior 1-sigma (diag): [0.00816561 0.00456723 0.01489452 0.09398996 0.0038732 ]
Ellipse prior bounds (per-dim sigma):
  logm1: [5.94889, 6.03054]  mu=5.98971  sigma=0.00817  N_sigma=5
  logm2: [0.99336, 1.13038]  mu=1.06187  sigma=0.00457  N_sigma=15
  a: [0.62652, 0.99000]  mu=0.84994  sigma=0.01489  N_sigma=15
  p0: [8.74104, 9.68094]  mu=9.21099  sigma=0.09399  N_sigma=5
  e0: [0.37427, 0.41300]  mu=0.39364  sigma=0.00387  N_sigma=5
Generating 500000 LHS points in 5D N-sigma box...
Evaluating S6 semi-coherent statistic on 500000 points...
  [500/500000]  elapsed=36s  rate=14.0/s  ETA=35594s
  [1000/500000]  elapsed=70s  rate=14.2/s  ETA=35087s
  [1500/500000]  elapsed=105s  rate=14.2/s  ETA=35053s
  [2000/500000]  elapsed=140s  rate=14.3/s  ETA=34897s
  [2500/500000]  elapsed=176s  rate=14.2/s  ETA=34983s
  [3000/500000]  elapsed=211s  rate=14.2/s  ETA=34881s
  [3500/500000]  elapsed=246s  rate=14.2/s  ETA=34848s
  [4000/500000]  elapsed=281s  rate=14.3/s  ETA=34800s
  [4500/500000]  elapsed=316s  rate=14.3/s  ETA=34750s
  [5000/500000]  elapsed=350s  rate=14.3/s  ETA=34682s
  [5500/500000]  elapsed=385s  rate=14.3/s  ETA=34634s
  [6000/500000]  elapsed=420s  rate=14.3/s  ETA=34559s
  [6500/500000]  elapsed=455s  rate=14.3/s  ETA=34513s
  [7000/500000]  elapsed=489s  rate=14.3/s  ETA=34469s
  [7500/500000]  elapsed=524s  rate=14.3/s  ETA=34420s
  [8000/500000]  elapsed=559s  rate=14.3/s  ETA=34377s
  [8500/500000]  elapsed=594s  rate=14.3/s  ETA=34333s
  [9000/500000]  elapsed=629s  rate=14.3/s  ETA=34297s
  [9500/500000]  elapsed=663s  rate=14.3/s  ETA=34252s
  [10000/500000]  elapsed=698s  rate=14.3/s  ETA=34206s
  [10500/500000]  elapsed=733s  rate=14.3/s  ETA=34161s
  [11000/500000]  elapsed=767s  rate=14.3/s  ETA=34117s
  [11500/500000]  elapsed=802s  rate=14.3/s  ETA=34076s
  [12000/500000]  elapsed=837s  rate=14.3/s  ETA=34043s
  [12500/500000]  elapsed=872s  rate=14.3/s  ETA=34000s
  [13000/500000]  elapsed=907s  rate=14.3/s  ETA=33966s
  [13500/500000]  elapsed=941s  rate=14.3/s  ETA=33921s
  [14000/500000]  elapsed=976s  rate=14.3/s  ETA=33890s
  [14500/500000]  elapsed=1011s  rate=14.3/s  ETA=33857s
  [15000/500000]  elapsed=1046s  rate=14.3/s  ETA=33819s
  [15500/500000]  elapsed=1081s  rate=14.3/s  ETA=33797s
  [16000/500000]  elapsed=1116s  rate=14.3/s  ETA=33768s
  [16500/500000]  elapsed=1152s  rate=14.3/s  ETA=33746s
  [17000/500000]  elapsed=1187s  rate=14.3/s  ETA=33730s
  [17500/500000]  elapsed=1223s  rate=14.3/s  ETA=33707s
  [18000/500000]  elapsed=1258s  rate=14.3/s  ETA=33688s
  [18500/500000]  elapsed=1293s  rate=14.3/s  ETA=33665s
  [19000/500000]  elapsed=1329s  rate=14.3/s  ETA=33651s
  [19500/500000]  elapsed=1364s  rate=14.3/s  ETA=33622s
  [20000/500000]  elapsed=1400s  rate=14.3/s  ETA=33598s
  [20500/500000]  elapsed=1435s  rate=14.3/s  ETA=33574s
  [21000/500000]  elapsed=1471s  rate=14.3/s  ETA=33544s
  [21500/500000]  elapsed=1506s  rate=14.3/s  ETA=33521s
  [22000/500000]  elapsed=1541s  rate=14.3/s  ETA=33492s
  [22500/500000]  elapsed=1577s  rate=14.3/s  ETA=33464s
  [23000/500000]  elapsed=1612s  rate=14.3/s  ETA=33437s
  [23500/500000]  elapsed=1647s  rate=14.3/s  ETA=33405s
  [24000/500000]  elapsed=1683s  rate=14.3/s  ETA=33373s
  [24500/500000]  elapsed=1718s  rate=14.3/s  ETA=33339s
  [25000/500000]  elapsed=1753s  rate=14.3/s  ETA=33312s
  [25500/500000]  elapsed=1788s  rate=14.3/s  ETA=33279s
  [26000/500000]  elapsed=1824s  rate=14.3/s  ETA=33249s
  [26500/500000]  elapsed=1859s  rate=14.3/s  ETA=33220s
  [27000/500000]  elapsed=1895s  rate=14.3/s  ETA=33191s
  [27500/500000]  elapsed=1930s  rate=14.2/s  ETA=33158s
  [28000/500000]  elapsed=1965s  rate=14.2/s  ETA=33127s
  [28500/500000]  elapsed=2000s  rate=14.2/s  ETA=33095s
  [29000/500000]  elapsed=2036s  rate=14.2/s  ETA=33063s
  [29500/500000]  elapsed=2071s  rate=14.2/s  ETA=33030s
  [30000/500000]  elapsed=2106s  rate=14.2/s  ETA=32998s
  [30500/500000]  elapsed=2141s  rate=14.2/s  ETA=32964s
  [31000/500000]  elapsed=2177s  rate=14.2/s  ETA=32931s
  [31500/500000]  elapsed=2212s  rate=14.2/s  ETA=32899s
  [32000/500000]  elapsed=2247s  rate=14.2/s  ETA=32865s
  [32500/500000]  elapsed=2282s  rate=14.2/s  ETA=32832s
  [33000/500000]  elapsed=2318s  rate=14.2/s  ETA=32799s
  [33500/500000]  elapsed=2353s  rate=14.2/s  ETA=32771s
  [34000/500000]  elapsed=2389s  rate=14.2/s  ETA=32737s
  [34500/500000]  elapsed=2425s  rate=14.2/s  ETA=32713s
  [35000/500000]  elapsed=2460s  rate=14.2/s  ETA=32679s
  [35500/500000]  elapsed=2495s  rate=14.2/s  ETA=32649s
  [36000/500000]  elapsed=2531s  rate=14.2/s  ETA=32616s
  [36500/500000]  elapsed=2566s  rate=14.2/s  ETA=32585s
  [37000/500000]  elapsed=2601s  rate=14.2/s  ETA=32550s
  [37500/500000]  elapsed=2637s  rate=14.2/s  ETA=32518s
  [38000/500000]  elapsed=2672s  rate=14.2/s  ETA=32483s
  [38500/500000]  elapsed=2707s  rate=14.2/s  ETA=32449s
  [39000/500000]  elapsed=2742s  rate=14.2/s  ETA=32417s
  [39500/500000]  elapsed=2778s  rate=14.2/s  ETA=32385s
  [40000/500000]  elapsed=2813s  rate=14.2/s  ETA=32351s
  [40500/500000]  elapsed=2848s  rate=14.2/s  ETA=32318s
  [41000/500000]  elapsed=2884s  rate=14.2/s  ETA=32284s
  [41500/500000]  elapsed=2919s  rate=14.2/s  ETA=32249s
  [42000/500000]  elapsed=2954s  rate=14.2/s  ETA=32217s
  [42500/500000]  elapsed=2990s  rate=14.2/s  ETA=32183s
  [43000/500000]  elapsed=3025s  rate=14.2/s  ETA=32151s
  [43500/500000]  elapsed=3061s  rate=14.2/s  ETA=32120s
  [44000/500000]  elapsed=3096s  rate=14.2/s  ETA=32086s
  [44500/500000]  elapsed=3131s  rate=14.2/s  ETA=32051s
  [45000/500000]  elapsed=3167s  rate=14.2/s  ETA=32017s
  [45500/500000]  elapsed=3202s  rate=14.2/s  ETA=31983s
  [46000/500000]  elapsed=3237s  rate=14.2/s  ETA=31950s
  [46500/500000]  elapsed=3272s  rate=14.2/s  ETA=31915s
  [47000/500000]  elapsed=3308s  rate=14.2/s  ETA=31881s
  [47500/500000]  elapsed=3343s  rate=14.2/s  ETA=31847s
  [48000/500000]  elapsed=3378s  rate=14.2/s  ETA=31812s
  [48500/500000]  elapsed=3414s  rate=14.2/s  ETA=31777s
  [49000/500000]  elapsed=3449s  rate=14.2/s  ETA=31745s
  [49500/500000]  elapsed=3484s  rate=14.2/s  ETA=31710s
  [50000/500000]  elapsed=3520s  rate=14.2/s  ETA=31676s
  [50500/500000]  elapsed=3555s  rate=14.2/s  ETA=31642s
  [51000/500000]  elapsed=3590s  rate=14.2/s  ETA=31608s
  [51500/500000]  elapsed=3626s  rate=14.2/s  ETA=31576s
  [52000/500000]  elapsed=3661s  rate=14.2/s  ETA=31541s
  [52500/500000]  elapsed=3697s  rate=14.2/s  ETA=31509s
  [53000/500000]  elapsed=3732s  rate=14.2/s  ETA=31474s
  [53500/500000]  elapsed=3767s  rate=14.2/s  ETA=31441s
  [54000/500000]  elapsed=3803s  rate=14.2/s  ETA=31407s
  [54500/500000]  elapsed=3838s  rate=14.2/s  ETA=31372s
  [55000/500000]  elapsed=3873s  rate=14.2/s  ETA=31338s
  [55500/500000]  elapsed=3909s  rate=14.2/s  ETA=31304s
  [56000/500000]  elapsed=3944s  rate=14.2/s  ETA=31272s
  [56500/500000]  elapsed=3979s  rate=14.2/s  ETA=31236s
  [57000/500000]  elapsed=4015s  rate=14.2/s  ETA=31202s
  [57500/500000]  elapsed=4050s  rate=14.2/s  ETA=31168s
  [58000/500000]  elapsed=4085s  rate=14.2/s  ETA=31134s
  [58500/500000]  elapsed=4121s  rate=14.2/s  ETA=31099s
  [59000/500000]  elapsed=4156s  rate=14.2/s  ETA=31065s
  [59500/500000]  elapsed=4191s  rate=14.2/s  ETA=31031s
  [60000/500000]  elapsed=4227s  rate=14.2/s  ETA=30997s
  [60500/500000]  elapsed=4262s  rate=14.2/s  ETA=30962s
  [61000/500000]  elapsed=4298s  rate=14.2/s  ETA=30928s
  [61500/500000]  elapsed=4333s  rate=14.2/s  ETA=30897s
  [62000/500000]  elapsed=4369s  rate=14.2/s  ETA=30864s
  [62500/500000]  elapsed=4404s  rate=14.2/s  ETA=30829s
  [63000/500000]  elapsed=4439s  rate=14.2/s  ETA=30794s
  [63500/500000]  elapsed=4475s  rate=14.2/s  ETA=30759s
  [64000/500000]  elapsed=4510s  rate=14.2/s  ETA=30724s
  [64500/500000]  elapsed=4545s  rate=14.2/s  ETA=30690s
  [65000/500000]  elapsed=4581s  rate=14.2/s  ETA=30657s
  [65500/500000]  elapsed=4616s  rate=14.2/s  ETA=30622s
  [66000/500000]  elapsed=4652s  rate=14.2/s  ETA=30588s
  [66500/500000]  elapsed=4687s  rate=14.2/s  ETA=30555s
  [67000/500000]  elapsed=4723s  rate=14.2/s  ETA=30520s
  [67500/500000]  elapsed=4758s  rate=14.2/s  ETA=30488s
  [68000/500000]  elapsed=4794s  rate=14.2/s  ETA=30453s
  [68500/500000]  elapsed=4829s  rate=14.2/s  ETA=30419s
  [69000/500000]  elapsed=4864s  rate=14.2/s  ETA=30385s
  [69500/500000]  elapsed=4900s  rate=14.2/s  ETA=30351s
  [70000/500000]  elapsed=4935s  rate=14.2/s  ETA=30318s
  [70500/500000]  elapsed=4971s  rate=14.2/s  ETA=30285s
  [71000/500000]  elapsed=5007s  rate=14.2/s  ETA=30251s
  [71500/500000]  elapsed=5042s  rate=14.2/s  ETA=30216s
  [72000/500000]  elapsed=5078s  rate=14.2/s  ETA=30183s
  [72500/500000]  elapsed=5113s  rate=14.2/s  ETA=30152s
  [73000/500000]  elapsed=5149s  rate=14.2/s  ETA=30117s
  [73500/500000]  elapsed=5184s  rate=14.2/s  ETA=30083s
  [74000/500000]  elapsed=5220s  rate=14.2/s  ETA=30048s
  [74500/500000]  elapsed=5255s  rate=14.2/s  ETA=30013s
  [75000/500000]  elapsed=5291s  rate=14.2/s  ETA=29980s
  [75500/500000]  elapsed=5326s  rate=14.2/s  ETA=29945s
  [76000/500000]  elapsed=5361s  rate=14.2/s  ETA=29910s
  [76500/500000]  elapsed=5397s  rate=14.2/s  ETA=29876s
  [77000/500000]  elapsed=5432s  rate=14.2/s  ETA=29841s
  [77500/500000]  elapsed=5467s  rate=14.2/s  ETA=29806s
  [78000/500000]  elapsed=5503s  rate=14.2/s  ETA=29771s
  [78500/500000]  elapsed=5538s  rate=14.2/s  ETA=29736s
  [79000/500000]  elapsed=5574s  rate=14.2/s  ETA=29702s
  [79500/500000]  elapsed=5609s  rate=14.2/s  ETA=29668s
  [80000/500000]  elapsed=5644s  rate=14.2/s  ETA=29633s
  [80500/500000]  elapsed=5680s  rate=14.2/s  ETA=29599s
  [81000/500000]  elapsed=5715s  rate=14.2/s  ETA=29563s
  [81500/500000]  elapsed=5750s  rate=14.2/s  ETA=29528s
  [82000/500000]  elapsed=5786s  rate=14.2/s  ETA=29492s
  [82500/500000]  elapsed=5821s  rate=14.2/s  ETA=29458s
  [83000/500000]  elapsed=5857s  rate=14.2/s  ETA=29424s
  [83500/500000]  elapsed=5892s  rate=14.2/s  ETA=29388s
  [84000/500000]  elapsed=5927s  rate=14.2/s  ETA=29355s
  [84500/500000]  elapsed=5963s  rate=14.2/s  ETA=29320s
  [85000/500000]  elapsed=5998s  rate=14.2/s  ETA=29285s
  [85500/500000]  elapsed=6033s  rate=14.2/s  ETA=29249s
  [86000/500000]  elapsed=6068s  rate=14.2/s  ETA=29213s
  [86500/500000]  elapsed=6104s  rate=14.2/s  ETA=29178s
  [87000/500000]  elapsed=6139s  rate=14.2/s  ETA=29143s
  [87500/500000]  elapsed=6174s  rate=14.2/s  ETA=29108s
  [88000/500000]  elapsed=6210s  rate=14.2/s  ETA=29072s
  [88500/500000]  elapsed=6245s  rate=14.2/s  ETA=29036s
  [89000/500000]  elapsed=6280s  rate=14.2/s  ETA=29002s
  [89500/500000]  elapsed=6315s  rate=14.2/s  ETA=28966s
  [90000/500000]  elapsed=6351s  rate=14.2/s  ETA=28931s
  [90500/500000]  elapsed=6386s  rate=14.2/s  ETA=28895s
  [91000/500000]  elapsed=6421s  rate=14.2/s  ETA=28860s
  [91500/500000]  elapsed=6456s  rate=14.2/s  ETA=28825s
  [92000/500000]  elapsed=6492s  rate=14.2/s  ETA=28789s
  [92500/500000]  elapsed=6528s  rate=14.2/s  ETA=28759s
  [93000/500000]  elapsed=6564s  rate=14.2/s  ETA=28725s
  [93500/500000]  elapsed=6600s  rate=14.2/s  ETA=28694s
  [94000/500000]  elapsed=6635s  rate=14.2/s  ETA=28659s
  [94500/500000]  elapsed=6671s  rate=14.2/s  ETA=28624s
  [95000/500000]  elapsed=6706s  rate=14.2/s  ETA=28590s
  [95500/500000]  elapsed=6742s  rate=14.2/s  ETA=28556s
  [96000/500000]  elapsed=6777s  rate=14.2/s  ETA=28522s
  [96500/500000]  elapsed=6813s  rate=14.2/s  ETA=28486s
  [97000/500000]  elapsed=6848s  rate=14.2/s  ETA=28451s
  [97500/500000]  elapsed=6884s  rate=14.2/s  ETA=28417s
  [98000/500000]  elapsed=6919s  rate=14.2/s  ETA=28383s
  [98500/500000]  elapsed=6955s  rate=14.2/s  ETA=28348s
  [99000/500000]  elapsed=6990s  rate=14.2/s  ETA=28315s
  [99500/500000]  elapsed=7026s  rate=14.2/s  ETA=28279s
  [100000/500000]  elapsed=7061s  rate=14.2/s  ETA=28244s
  [100500/500000]  elapsed=7096s  rate=14.2/s  ETA=28209s
  [101000/500000]  elapsed=7132s  rate=14.2/s  ETA=28174s
  [101500/500000]  elapsed=7167s  rate=14.2/s  ETA=28139s
  [102000/500000]  elapsed=7203s  rate=14.2/s  ETA=28105s
  [102500/500000]  elapsed=7238s  rate=14.2/s  ETA=28071s
  [103000/500000]  elapsed=7274s  rate=14.2/s  ETA=28036s
  [103500/500000]  elapsed=7309s  rate=14.2/s  ETA=28000s
  [104000/500000]  elapsed=7344s  rate=14.2/s  ETA=27964s
  [104500/500000]  elapsed=7379s  rate=14.2/s  ETA=27929s
  [105000/500000]  elapsed=7415s  rate=14.2/s  ETA=27894s
  [105500/500000]  elapsed=7450s  rate=14.2/s  ETA=27858s
  [106000/500000]  elapsed=7485s  rate=14.2/s  ETA=27823s
  [106500/500000]  elapsed=7521s  rate=14.2/s  ETA=27788s
  [107000/500000]  elapsed=7556s  rate=14.2/s  ETA=27754s
  [107500/500000]  elapsed=7592s  rate=14.2/s  ETA=27719s
  [108000/500000]  elapsed=7627s  rate=14.2/s  ETA=27684s
  [108500/500000]  elapsed=7663s  rate=14.2/s  ETA=27649s
  [109000/500000]  elapsed=7698s  rate=14.2/s  ETA=27614s
  [109500/500000]  elapsed=7733s  rate=14.2/s  ETA=27579s
  [110000/500000]  elapsed=7769s  rate=14.2/s  ETA=27544s
  [110500/500000]  elapsed=7804s  rate=14.2/s  ETA=27509s
  [111000/500000]  elapsed=7840s  rate=14.2/s  ETA=27474s
  [111500/500000]  elapsed=7875s  rate=14.2/s  ETA=27439s
  [112000/500000]  elapsed=7911s  rate=14.2/s  ETA=27405s
  [112500/500000]  elapsed=7946s  rate=14.2/s  ETA=27370s
  [113000/500000]  elapsed=7982s  rate=14.2/s  ETA=27335s
  [113500/500000]  elapsed=8017s  rate=14.2/s  ETA=27300s
  [114000/500000]  elapsed=8052s  rate=14.2/s  ETA=27265s
  [114500/500000]  elapsed=8088s  rate=14.2/s  ETA=27230s
  [115000/500000]  elapsed=8123s  rate=14.2/s  ETA=27194s
  [115500/500000]  elapsed=8159s  rate=14.2/s  ETA=27160s
  [116000/500000]  elapsed=8194s  rate=14.2/s  ETA=27125s
  [116500/500000]  elapsed=8229s  rate=14.2/s  ETA=27090s
  [117000/500000]  elapsed=8265s  rate=14.2/s  ETA=27055s
  [117500/500000]  elapsed=8301s  rate=14.2/s  ETA=27023s
  [118000/500000]  elapsed=8336s  rate=14.2/s  ETA=26987s
  [118500/500000]  elapsed=8372s  rate=14.2/s  ETA=26953s
  [119000/500000]  elapsed=8407s  rate=14.2/s  ETA=26918s
  [119500/500000]  elapsed=8443s  rate=14.2/s  ETA=26884s
  [120000/500000]  elapsed=8479s  rate=14.2/s  ETA=26849s
  [120500/500000]  elapsed=8514s  rate=14.2/s  ETA=26814s
  [121000/500000]  elapsed=8549s  rate=14.2/s  ETA=26779s
  [121500/500000]  elapsed=8585s  rate=14.2/s  ETA=26744s
  [122000/500000]  elapsed=8620s  rate=14.2/s  ETA=26709s
  [122500/500000]  elapsed=8656s  rate=14.2/s  ETA=26673s
  [123000/500000]  elapsed=8691s  rate=14.2/s  ETA=26639s
  [123500/500000]  elapsed=8726s  rate=14.2/s  ETA=26603s
  [124000/500000]  elapsed=8762s  rate=14.2/s  ETA=26568s
  [124500/500000]  elapsed=8797s  rate=14.2/s  ETA=26532s
  [125000/500000]  elapsed=8832s  rate=14.2/s  ETA=26497s
  [125500/500000]  elapsed=8868s  rate=14.2/s  ETA=26462s
  [126000/500000]  elapsed=8903s  rate=14.2/s  ETA=26427s
  [126500/500000]  elapsed=8938s  rate=14.2/s  ETA=26391s
  [127000/500000]  elapsed=8974s  rate=14.2/s  ETA=26356s
  [127500/500000]  elapsed=9009s  rate=14.2/s  ETA=26321s
  [128000/500000]  elapsed=9044s  rate=14.2/s  ETA=26285s
  [128500/500000]  elapsed=9080s  rate=14.2/s  ETA=26251s
  [129000/500000]  elapsed=9116s  rate=14.2/s  ETA=26218s
  [129500/500000]  elapsed=9152s  rate=14.2/s  ETA=26183s
  [130000/500000]  elapsed=9187s  rate=14.2/s  ETA=26148s
  [130500/500000]  elapsed=9222s  rate=14.2/s  ETA=26113s
  [131000/500000]  elapsed=9258s  rate=14.2/s  ETA=26078s
  [131500/500000]  elapsed=9293s  rate=14.1/s  ETA=26042s
  [132000/500000]  elapsed=9329s  rate=14.1/s  ETA=26009s
  [132500/500000]  elapsed=9364s  rate=14.1/s  ETA=25973s
  [133000/500000]  elapsed=9400s  rate=14.1/s  ETA=25938s
  [133500/500000]  elapsed=9435s  rate=14.1/s  ETA=25903s
  [134000/500000]  elapsed=9470s  rate=14.1/s  ETA=25867s
  [134500/500000]  elapsed=9506s  rate=14.1/s  ETA=25832s
  [135000/500000]  elapsed=9541s  rate=14.1/s  ETA=25797s
  [135500/500000]  elapsed=9577s  rate=14.1/s  ETA=25762s
  [136000/500000]  elapsed=9612s  rate=14.1/s  ETA=25726s
  [136500/500000]  elapsed=9647s  rate=14.1/s  ETA=25691s
  [137000/500000]  elapsed=9683s  rate=14.1/s  ETA=25655s
  [137500/500000]  elapsed=9718s  rate=14.1/s  ETA=25621s
  [138000/500000]  elapsed=9754s  rate=14.1/s  ETA=25586s
  [138500/500000]  elapsed=9789s  rate=14.1/s  ETA=25551s
  [139000/500000]  elapsed=9825s  rate=14.1/s  ETA=25516s
  [139500/500000]  elapsed=9860s  rate=14.1/s  ETA=25480s
  [140000/500000]  elapsed=9895s  rate=14.1/s  ETA=25445s
  [140500/500000]  elapsed=9931s  rate=14.1/s  ETA=25410s
  [141000/500000]  elapsed=9966s  rate=14.1/s  ETA=25375s
  [141500/500000]  elapsed=10002s  rate=14.1/s  ETA=25341s
  [142000/500000]  elapsed=10037s  rate=14.1/s  ETA=25305s
  [142500/500000]  elapsed=10073s  rate=14.1/s  ETA=25270s
  [143000/500000]  elapsed=10108s  rate=14.1/s  ETA=25234s
  [143500/500000]  elapsed=10143s  rate=14.1/s  ETA=25199s
  [144000/500000]  elapsed=10179s  rate=14.1/s  ETA=25164s
  [144500/500000]  elapsed=10214s  rate=14.1/s  ETA=25129s
  [145000/500000]  elapsed=10250s  rate=14.1/s  ETA=25094s
  [145500/500000]  elapsed=10285s  rate=14.1/s  ETA=25059s
  [146000/500000]  elapsed=10320s  rate=14.1/s  ETA=25023s
  [146500/500000]  elapsed=10356s  rate=14.1/s  ETA=24988s
  [147000/500000]  elapsed=10391s  rate=14.1/s  ETA=24952s
  [147500/500000]  elapsed=10426s  rate=14.1/s  ETA=24917s
  [148000/500000]  elapsed=10462s  rate=14.1/s  ETA=24882s
  [148500/500000]  elapsed=10497s  rate=14.1/s  ETA=24846s
  [149000/500000]  elapsed=10532s  rate=14.1/s  ETA=24811s
  [149500/500000]  elapsed=10567s  rate=14.1/s  ETA=24775s
  [150000/500000]  elapsed=10603s  rate=14.1/s  ETA=24740s
  [150500/500000]  elapsed=10638s  rate=14.1/s  ETA=24705s
  [151000/500000]  elapsed=10674s  rate=14.1/s  ETA=24670s
  [151500/500000]  elapsed=10709s  rate=14.1/s  ETA=24634s
  [152000/500000]  elapsed=10744s  rate=14.1/s  ETA=24599s
  [152500/500000]  elapsed=10779s  rate=14.1/s  ETA=24563s
  [153000/500000]  elapsed=10815s  rate=14.1/s  ETA=24528s
  [153500/500000]  elapsed=10850s  rate=14.1/s  ETA=24492s
  [154000/500000]  elapsed=10885s  rate=14.1/s  ETA=24456s
  [154500/500000]  elapsed=10921s  rate=14.1/s  ETA=24421s
  [155000/500000]  elapsed=10956s  rate=14.1/s  ETA=24386s
  [155500/500000]  elapsed=10991s  rate=14.1/s  ETA=24351s
  [156000/500000]  elapsed=11027s  rate=14.1/s  ETA=24315s
  [156500/500000]  elapsed=11062s  rate=14.1/s  ETA=24281s
  [157000/500000]  elapsed=11098s  rate=14.1/s  ETA=24245s
  [157500/500000]  elapsed=11133s  rate=14.1/s  ETA=24210s
  [158000/500000]  elapsed=11168s  rate=14.1/s  ETA=24175s
  [158500/500000]  elapsed=11204s  rate=14.1/s  ETA=24139s
  [159000/500000]  elapsed=11239s  rate=14.1/s  ETA=24104s
  [159500/500000]  elapsed=11274s  rate=14.1/s  ETA=24069s
  [160000/500000]  elapsed=11310s  rate=14.1/s  ETA=24033s
  [160500/500000]  elapsed=11345s  rate=14.1/s  ETA=23998s
  [161000/500000]  elapsed=11380s  rate=14.1/s  ETA=23962s
  [161500/500000]  elapsed=11416s  rate=14.1/s  ETA=23927s
  [162000/500000]  elapsed=11451s  rate=14.1/s  ETA=23891s
  [162500/500000]  elapsed=11486s  rate=14.1/s  ETA=23856s
  [163000/500000]  elapsed=11521s  rate=14.1/s  ETA=23820s
  [163500/500000]  elapsed=11557s  rate=14.1/s  ETA=23785s
  [164000/500000]  elapsed=11592s  rate=14.1/s  ETA=23749s
  [164500/500000]  elapsed=11627s  rate=14.1/s  ETA=23713s
  [165000/500000]  elapsed=11662s  rate=14.1/s  ETA=23678s
  [165500/500000]  elapsed=11697s  rate=14.1/s  ETA=23642s
  [166000/500000]  elapsed=11733s  rate=14.1/s  ETA=23607s
  [166500/500000]  elapsed=11768s  rate=14.1/s  ETA=23571s
  [167000/500000]  elapsed=11803s  rate=14.1/s  ETA=23536s
  [167500/500000]  elapsed=11838s  rate=14.1/s  ETA=23500s
  [168000/500000]  elapsed=11874s  rate=14.1/s  ETA=23465s
  [168500/500000]  elapsed=11909s  rate=14.1/s  ETA=23430s
  [169000/500000]  elapsed=11944s  rate=14.1/s  ETA=23394s
  [169500/500000]  elapsed=11980s  rate=14.1/s  ETA=23359s
  [170000/500000]  elapsed=12015s  rate=14.1/s  ETA=23324s
  [170500/500000]  elapsed=12050s  rate=14.1/s  ETA=23288s
  [171000/500000]  elapsed=12086s  rate=14.1/s  ETA=23253s
  [171500/500000]  elapsed=12121s  rate=14.1/s  ETA=23218s
  [172000/500000]  elapsed=12157s  rate=14.1/s  ETA=23183s
  [172500/500000]  elapsed=12192s  rate=14.1/s  ETA=23147s
  [173000/500000]  elapsed=12228s  rate=14.1/s  ETA=23112s
  [173500/500000]  elapsed=12263s  rate=14.1/s  ETA=23077s
  [174000/500000]  elapsed=12298s  rate=14.1/s  ETA=23042s
  [174500/500000]  elapsed=12334s  rate=14.1/s  ETA=23007s
  [175000/500000]  elapsed=12369s  rate=14.1/s  ETA=22971s
  [175500/500000]  elapsed=12405s  rate=14.1/s  ETA=22936s
  [176000/500000]  elapsed=12440s  rate=14.1/s  ETA=22901s
  [176500/500000]  elapsed=12476s  rate=14.1/s  ETA=22866s
  [177000/500000]  elapsed=12512s  rate=14.1/s  ETA=22832s
  [177500/500000]  elapsed=12547s  rate=14.1/s  ETA=22797s
  [178000/500000]  elapsed=12583s  rate=14.1/s  ETA=22762s
  [178500/500000]  elapsed=12618s  rate=14.1/s  ETA=22727s
  [179000/500000]  elapsed=12653s  rate=14.1/s  ETA=22691s
  [179500/500000]  elapsed=12689s  rate=14.1/s  ETA=22656s
  [180000/500000]  elapsed=12724s  rate=14.1/s  ETA=22620s
  [180500/500000]  elapsed=12759s  rate=14.1/s  ETA=22585s
  [181000/500000]  elapsed=12794s  rate=14.1/s  ETA=22549s
  [181500/500000]  elapsed=12830s  rate=14.1/s  ETA=22514s
  [182000/500000]  elapsed=12865s  rate=14.1/s  ETA=22479s
  [182500/500000]  elapsed=12901s  rate=14.1/s  ETA=22444s
  [183000/500000]  elapsed=12936s  rate=14.1/s  ETA=22408s
  [183500/500000]  elapsed=12971s  rate=14.1/s  ETA=22373s
  [184000/500000]  elapsed=13006s  rate=14.1/s  ETA=22337s
  [184500/500000]  elapsed=13042s  rate=14.1/s  ETA=22301s
  [185000/500000]  elapsed=13077s  rate=14.1/s  ETA=22266s
  [185500/500000]  elapsed=13112s  rate=14.1/s  ETA=22231s
  [186000/500000]  elapsed=13147s  rate=14.1/s  ETA=22195s
  [186500/500000]  elapsed=13183s  rate=14.1/s  ETA=22160s
  [187000/500000]  elapsed=13218s  rate=14.1/s  ETA=22125s
  [187500/500000]  elapsed=13253s  rate=14.1/s  ETA=22089s
  [188000/500000]  elapsed=13289s  rate=14.1/s  ETA=22054s
  [188500/500000]  elapsed=13324s  rate=14.1/s  ETA=22018s
  [189000/500000]  elapsed=13359s  rate=14.1/s  ETA=21983s
  [189500/500000]  elapsed=13395s  rate=14.1/s  ETA=21947s
  [190000/500000]  elapsed=13430s  rate=14.1/s  ETA=21912s
  [190500/500000]  elapsed=13465s  rate=14.1/s  ETA=21876s
  [191000/500000]  elapsed=13500s  rate=14.1/s  ETA=21841s
  [191500/500000]  elapsed=13536s  rate=14.1/s  ETA=21806s
  [192000/500000]  elapsed=13572s  rate=14.1/s  ETA=21771s
  [192500/500000]  elapsed=13607s  rate=14.1/s  ETA=21735s
  [193000/500000]  elapsed=13642s  rate=14.1/s  ETA=21700s
  [193500/500000]  elapsed=13677s  rate=14.1/s  ETA=21664s
  [194000/500000]  elapsed=13712s  rate=14.1/s  ETA=21629s
  [194500/500000]  elapsed=13748s  rate=14.1/s  ETA=21593s
  [195000/500000]  elapsed=13783s  rate=14.1/s  ETA=21558s
  [195500/500000]  elapsed=13818s  rate=14.1/s  ETA=21522s
  [196000/500000]  elapsed=13853s  rate=14.1/s  ETA=21487s
  [196500/500000]  elapsed=13889s  rate=14.1/s  ETA=21452s
  [197000/500000]  elapsed=13924s  rate=14.1/s  ETA=21416s
  [197500/500000]  elapsed=13960s  rate=14.1/s  ETA=21381s
  [198000/500000]  elapsed=13996s  rate=14.1/s  ETA=21347s
  [198500/500000]  elapsed=14031s  rate=14.1/s  ETA=21312s
  [199000/500000]  elapsed=14066s  rate=14.1/s  ETA=21276s
  [199500/500000]  elapsed=14102s  rate=14.1/s  ETA=21241s
  [200000/500000]  elapsed=14137s  rate=14.1/s  ETA=21205s
  [200500/500000]  elapsed=14172s  rate=14.1/s  ETA=21169s
  [201000/500000]  elapsed=14207s  rate=14.1/s  ETA=21134s
  [201500/500000]  elapsed=14243s  rate=14.1/s  ETA=21099s
  [202000/500000]  elapsed=14278s  rate=14.1/s  ETA=21063s
  [202500/500000]  elapsed=14313s  rate=14.1/s  ETA=21028s
  [203000/500000]  elapsed=14348s  rate=14.1/s  ETA=20992s
  [203500/500000]  elapsed=14384s  rate=14.1/s  ETA=20957s
  [204000/500000]  elapsed=14419s  rate=14.1/s  ETA=20922s
  [204500/500000]  elapsed=14454s  rate=14.1/s  ETA=20886s
  [205000/500000]  elapsed=14489s  rate=14.1/s  ETA=20850s
  [205500/500000]  elapsed=14524s  rate=14.1/s  ETA=20815s
  [206000/500000]  elapsed=14560s  rate=14.1/s  ETA=20779s
  [206500/500000]  elapsed=14595s  rate=14.1/s  ETA=20744s
  [207000/500000]  elapsed=14631s  rate=14.1/s  ETA=20709s
  [207500/500000]  elapsed=14666s  rate=14.1/s  ETA=20674s
  [208000/500000]  elapsed=14701s  rate=14.1/s  ETA=20638s
  [208500/500000]  elapsed=14736s  rate=14.1/s  ETA=20603s
  [209000/500000]  elapsed=14772s  rate=14.1/s  ETA=20568s
  [209500/500000]  elapsed=14807s  rate=14.1/s  ETA=20532s
  [210000/500000]  elapsed=14843s  rate=14.1/s  ETA=20497s
  [210500/500000]  elapsed=14878s  rate=14.1/s  ETA=20462s
  [211000/500000]  elapsed=14913s  rate=14.1/s  ETA=20426s
  [211500/500000]  elapsed=14948s  rate=14.1/s  ETA=20390s
  [212000/500000]  elapsed=14983s  rate=14.1/s  ETA=20355s
  [212500/500000]  elapsed=15019s  rate=14.1/s  ETA=20319s
  [213000/500000]  elapsed=15054s  rate=14.1/s  ETA=20284s
  [213500/500000]  elapsed=15089s  rate=14.1/s  ETA=20249s
  [214000/500000]  elapsed=15124s  rate=14.1/s  ETA=20213s
  [214500/500000]  elapsed=15160s  rate=14.1/s  ETA=20178s
  [215000/500000]  elapsed=15195s  rate=14.1/s  ETA=20142s
  [215500/500000]  elapsed=15231s  rate=14.1/s  ETA=20107s
  [216000/500000]  elapsed=15266s  rate=14.1/s  ETA=20072s
  [216500/500000]  elapsed=15301s  rate=14.1/s  ETA=20037s
  [217000/500000]  elapsed=15337s  rate=14.1/s  ETA=20001s
  [217500/500000]  elapsed=15372s  rate=14.1/s  ETA=19966s
  [218000/500000]  elapsed=15407s  rate=14.1/s  ETA=19931s
  [218500/500000]  elapsed=15443s  rate=14.1/s  ETA=19895s
  [219000/500000]  elapsed=15478s  rate=14.1/s  ETA=19860s
  [219500/500000]  elapsed=15514s  rate=14.1/s  ETA=19825s
  [220000/500000]  elapsed=15549s  rate=14.1/s  ETA=19789s
  [220500/500000]  elapsed=15584s  rate=14.1/s  ETA=19754s
  [221000/500000]  elapsed=15620s  rate=14.1/s  ETA=19719s
  [221500/500000]  elapsed=15656s  rate=14.1/s  ETA=19684s
  [222000/500000]  elapsed=15691s  rate=14.1/s  ETA=19649s
  [222500/500000]  elapsed=15726s  rate=14.1/s  ETA=19614s
  [223000/500000]  elapsed=15762s  rate=14.1/s  ETA=19579s
  [223500/500000]  elapsed=15797s  rate=14.1/s  ETA=19544s
  [224000/500000]  elapsed=15833s  rate=14.1/s  ETA=19508s
  [224500/500000]  elapsed=15868s  rate=14.1/s  ETA=19473s
  [225000/500000]  elapsed=15903s  rate=14.1/s  ETA=19437s
  [225500/500000]  elapsed=15939s  rate=14.1/s  ETA=19402s
  [226000/500000]  elapsed=15974s  rate=14.1/s  ETA=19367s
  [226500/500000]  elapsed=16010s  rate=14.1/s  ETA=19332s
  [227000/500000]  elapsed=16046s  rate=14.1/s  ETA=19297s
  [227500/500000]  elapsed=16081s  rate=14.1/s  ETA=19262s
  [228000/500000]  elapsed=16117s  rate=14.1/s  ETA=19227s
  [228500/500000]  elapsed=16152s  rate=14.1/s  ETA=19191s
  [229000/500000]  elapsed=16187s  rate=14.1/s  ETA=19156s
  [229500/500000]  elapsed=16222s  rate=14.1/s  ETA=19120s
  [230000/500000]  elapsed=16257s  rate=14.1/s  ETA=19085s
  [230500/500000]  elapsed=16293s  rate=14.1/s  ETA=19049s
  [231000/500000]  elapsed=16328s  rate=14.1/s  ETA=19014s
  [231500/500000]  elapsed=16364s  rate=14.1/s  ETA=18980s
  [232000/500000]  elapsed=16399s  rate=14.1/s  ETA=18944s
  [232500/500000]  elapsed=16435s  rate=14.1/s  ETA=18909s
  [233000/500000]  elapsed=16470s  rate=14.1/s  ETA=18873s
  [233500/500000]  elapsed=16505s  rate=14.1/s  ETA=18838s
  [234000/500000]  elapsed=16540s  rate=14.1/s  ETA=18802s
  [234500/500000]  elapsed=16575s  rate=14.1/s  ETA=18767s
  [235000/500000]  elapsed=16611s  rate=14.1/s  ETA=18731s
  [235500/500000]  elapsed=16646s  rate=14.1/s  ETA=18696s
  [236000/500000]  elapsed=16681s  rate=14.1/s  ETA=18660s
  [236500/500000]  elapsed=16717s  rate=14.1/s  ETA=18625s
  [237000/500000]  elapsed=16752s  rate=14.1/s  ETA=18590s
  [237500/500000]  elapsed=16788s  rate=14.1/s  ETA=18555s
  [238000/500000]  elapsed=16823s  rate=14.1/s  ETA=18520s
  [238500/500000]  elapsed=16858s  rate=14.1/s  ETA=18484s
  [239000/500000]  elapsed=16894s  rate=14.1/s  ETA=18449s
  [239500/500000]  elapsed=16929s  rate=14.1/s  ETA=18413s
  [240000/500000]  elapsed=16964s  rate=14.1/s  ETA=18378s
  [240500/500000]  elapsed=17000s  rate=14.1/s  ETA=18343s
  [241000/500000]  elapsed=17035s  rate=14.1/s  ETA=18307s
  [241500/500000]  elapsed=17070s  rate=14.1/s  ETA=18272s
  [242000/500000]  elapsed=17106s  rate=14.1/s  ETA=18237s
  [242500/500000]  elapsed=17141s  rate=14.1/s  ETA=18201s
  [243000/500000]  elapsed=17176s  rate=14.1/s  ETA=18166s
  [243500/500000]  elapsed=17212s  rate=14.1/s  ETA=18130s
  [244000/500000]  elapsed=17247s  rate=14.1/s  ETA=18095s
  [244500/500000]  elapsed=17282s  rate=14.1/s  ETA=18059s
  [245000/500000]  elapsed=17317s  rate=14.1/s  ETA=18024s
  [245500/500000]  elapsed=17353s  rate=14.1/s  ETA=17989s
  [246000/500000]  elapsed=17389s  rate=14.1/s  ETA=17954s
  [246500/500000]  elapsed=17424s  rate=14.1/s  ETA=17919s
  [247000/500000]  elapsed=17459s  rate=14.1/s  ETA=17883s
  [247500/500000]  elapsed=17495s  rate=14.1/s  ETA=17848s
  [248000/500000]  elapsed=17530s  rate=14.1/s  ETA=17813s
  [248500/500000]  elapsed=17565s  rate=14.1/s  ETA=17777s
  [249000/500000]  elapsed=17600s  rate=14.1/s  ETA=17742s
  [249500/500000]  elapsed=17636s  rate=14.1/s  ETA=17706s
  [250000/500000]  elapsed=17671s  rate=14.1/s  ETA=17671s
  [250500/500000]  elapsed=17706s  rate=14.1/s  ETA=17636s
  [251000/500000]  elapsed=17741s  rate=14.1/s  ETA=17600s
  [251500/500000]  elapsed=17777s  rate=14.1/s  ETA=17564s
  [252000/500000]  elapsed=17812s  rate=14.1/s  ETA=17529s
  [252500/500000]  elapsed=17847s  rate=14.1/s  ETA=17493s
  [253000/500000]  elapsed=17884s  rate=14.1/s  ETA=17459s
  [253500/500000]  elapsed=17919s  rate=14.1/s  ETA=17424s
  [254000/500000]  elapsed=17953s  rate=14.1/s  ETA=17388s
  [254500/500000]  elapsed=17988s  rate=14.1/s  ETA=17352s
  [255000/500000]  elapsed=18024s  rate=14.1/s  ETA=17317s
  [255500/500000]  elapsed=18059s  rate=14.1/s  ETA=17281s
  [256000/500000]  elapsed=18094s  rate=14.1/s  ETA=17246s
  [256500/500000]  elapsed=18129s  rate=14.1/s  ETA=17210s
  [257000/500000]  elapsed=18164s  rate=14.1/s  ETA=17175s
  [257500/500000]  elapsed=18200s  rate=14.1/s  ETA=17140s
  [258000/500000]  elapsed=18235s  rate=14.1/s  ETA=17105s
  [258500/500000]  elapsed=18270s  rate=14.1/s  ETA=17069s
  [259000/500000]  elapsed=18305s  rate=14.1/s  ETA=17033s
  [259500/500000]  elapsed=18340s  rate=14.1/s  ETA=16997s
  [260000/500000]  elapsed=18375s  rate=14.1/s  ETA=16962s
  [260500/500000]  elapsed=18411s  rate=14.1/s  ETA=16926s
  [261000/500000]  elapsed=18445s  rate=14.1/s  ETA=16891s
  [261500/500000]  elapsed=18480s  rate=14.2/s  ETA=16855s
  [262000/500000]  elapsed=18515s  rate=14.2/s  ETA=16819s
  [262500/500000]  elapsed=18550s  rate=14.2/s  ETA=16783s
  [263000/500000]  elapsed=18585s  rate=14.2/s  ETA=16747s
  [263500/500000]  elapsed=18619s  rate=14.2/s  ETA=16712s
  [264000/500000]  elapsed=18654s  rate=14.2/s  ETA=16676s
  [264500/500000]  elapsed=18689s  rate=14.2/s  ETA=16640s
  [265000/500000]  elapsed=18724s  rate=14.2/s  ETA=16604s
  [265500/500000]  elapsed=18759s  rate=14.2/s  ETA=16568s
  [266000/500000]  elapsed=18794s  rate=14.2/s  ETA=16533s
  [266500/500000]  elapsed=18833s  rate=14.2/s  ETA=16501s
  [267000/500000]  elapsed=18868s  rate=14.2/s  ETA=16465s
  [267500/500000]  elapsed=18903s  rate=14.2/s  ETA=16429s
  [268000/500000]  elapsed=18938s  rate=14.2/s  ETA=16394s
  [268500/500000]  elapsed=18974s  rate=14.2/s  ETA=16359s
  [269000/500000]  elapsed=19009s  rate=14.2/s  ETA=16324s
  [269500/500000]  elapsed=19044s  rate=14.2/s  ETA=16288s
  [270000/500000]  elapsed=19080s  rate=14.2/s  ETA=16253s
  [270500/500000]  elapsed=19115s  rate=14.2/s  ETA=16218s
  [271000/500000]  elapsed=19150s  rate=14.2/s  ETA=16182s
  [271500/500000]  elapsed=19185s  rate=14.2/s  ETA=16147s
  [272000/500000]  elapsed=19220s  rate=14.2/s  ETA=16111s
  [272500/500000]  elapsed=19256s  rate=14.2/s  ETA=16076s
  [273000/500000]  elapsed=19306s  rate=14.1/s  ETA=16053s
  [273500/500000]  elapsed=19341s  rate=14.1/s  ETA=16018s
  [274000/500000]  elapsed=19376s  rate=14.1/s  ETA=15982s
  [274500/500000]  elapsed=19411s  rate=14.1/s  ETA=15946s
  [275000/500000]  elapsed=19446s  rate=14.1/s  ETA=15910s
  [275500/500000]  elapsed=19481s  rate=14.1/s  ETA=15875s
  [276000/500000]  elapsed=19516s  rate=14.1/s  ETA=15839s
  [276500/500000]  elapsed=19550s  rate=14.1/s  ETA=15803s
  [277000/500000]  elapsed=19585s  rate=14.1/s  ETA=15767s
  [277500/500000]  elapsed=19619s  rate=14.1/s  ETA=15731s
  [278000/500000]  elapsed=19654s  rate=14.1/s  ETA=15695s
  [278500/500000]  elapsed=19689s  rate=14.1/s  ETA=15659s
  [279000/500000]  elapsed=19723s  rate=14.1/s  ETA=15623s
  [279500/500000]  elapsed=19758s  rate=14.1/s  ETA=15587s
  [280000/500000]  elapsed=19792s  rate=14.1/s  ETA=15551s
  [280500/500000]  elapsed=19827s  rate=14.1/s  ETA=15515s
  [281000/500000]  elapsed=19862s  rate=14.1/s  ETA=15479s
  [281500/500000]  elapsed=19896s  rate=14.1/s  ETA=15444s
  [282000/500000]  elapsed=19931s  rate=14.1/s  ETA=15408s
  [282500/500000]  elapsed=19966s  rate=14.1/s  ETA=15372s
  [283000/500000]  elapsed=20000s  rate=14.1/s  ETA=15336s
  [283500/500000]  elapsed=20035s  rate=14.2/s  ETA=15300s
  [284000/500000]  elapsed=20070s  rate=14.2/s  ETA=15264s
  [284500/500000]  elapsed=20104s  rate=14.2/s  ETA=15228s
  [285000/500000]  elapsed=20139s  rate=14.2/s  ETA=15192s
  [285500/500000]  elapsed=20174s  rate=14.2/s  ETA=15157s
  [286000/500000]  elapsed=20209s  rate=14.2/s  ETA=15121s
  [286500/500000]  elapsed=20243s  rate=14.2/s  ETA=15085s
  [287000/500000]  elapsed=20278s  rate=14.2/s  ETA=15049s
  [287500/500000]  elapsed=20312s  rate=14.2/s  ETA=15013s
  [288000/500000]  elapsed=20347s  rate=14.2/s  ETA=14978s
  [288500/500000]  elapsed=20382s  rate=14.2/s  ETA=14942s
  [289000/500000]  elapsed=20416s  rate=14.2/s  ETA=14906s
  [289500/500000]  elapsed=20451s  rate=14.2/s  ETA=14870s
  [290000/500000]  elapsed=20485s  rate=14.2/s  ETA=14834s
  [290500/500000]  elapsed=20520s  rate=14.2/s  ETA=14798s
  [291000/500000]  elapsed=20554s  rate=14.2/s  ETA=14762s
  [291500/500000]  elapsed=20589s  rate=14.2/s  ETA=14727s
  [292000/500000]  elapsed=20624s  rate=14.2/s  ETA=14691s
  [292500/500000]  elapsed=20659s  rate=14.2/s  ETA=14655s
  [293000/500000]  elapsed=20693s  rate=14.2/s  ETA=14619s
  [293500/500000]  elapsed=20728s  rate=14.2/s  ETA=14584s
  [294000/500000]  elapsed=20763s  rate=14.2/s  ETA=14548s
  [294500/500000]  elapsed=20797s  rate=14.2/s  ETA=14512s
  [295000/500000]  elapsed=20832s  rate=14.2/s  ETA=14476s
  [295500/500000]  elapsed=20866s  rate=14.2/s  ETA=14441s
  [296000/500000]  elapsed=20901s  rate=14.2/s  ETA=14405s
  [296500/500000]  elapsed=20936s  rate=14.2/s  ETA=14369s
  [297000/500000]  elapsed=20971s  rate=14.2/s  ETA=14333s
  [297500/500000]  elapsed=21005s  rate=14.2/s  ETA=14298s
  [298000/500000]  elapsed=21040s  rate=14.2/s  ETA=14262s
  [298500/500000]  elapsed=21075s  rate=14.2/s  ETA=14226s
  [299000/500000]  elapsed=21109s  rate=14.2/s  ETA=14190s
  [299500/500000]  elapsed=21144s  rate=14.2/s  ETA=14155s
  [300000/500000]  elapsed=21178s  rate=14.2/s  ETA=14119s
  [300500/500000]  elapsed=21213s  rate=14.2/s  ETA=14083s
  [301000/500000]  elapsed=21247s  rate=14.2/s  ETA=14047s
  [301500/500000]  elapsed=21282s  rate=14.2/s  ETA=14011s
  [302000/500000]  elapsed=21316s  rate=14.2/s  ETA=13976s
  [302500/500000]  elapsed=21351s  rate=14.2/s  ETA=13940s
  [303000/500000]  elapsed=21385s  rate=14.2/s  ETA=13904s
  [303500/500000]  elapsed=21420s  rate=14.2/s  ETA=13868s
  [304000/500000]  elapsed=21454s  rate=14.2/s  ETA=13832s
  [304500/500000]  elapsed=21489s  rate=14.2/s  ETA=13796s
  [305000/500000]  elapsed=21523s  rate=14.2/s  ETA=13761s
  [305500/500000]  elapsed=21558s  rate=14.2/s  ETA=13725s
  [306000/500000]  elapsed=21592s  rate=14.2/s  ETA=13689s
  [306500/500000]  elapsed=21627s  rate=14.2/s  ETA=13654s
  [307000/500000]  elapsed=21662s  rate=14.2/s  ETA=13618s
  [307500/500000]  elapsed=21696s  rate=14.2/s  ETA=13582s
  [308000/500000]  elapsed=21731s  rate=14.2/s  ETA=13546s
  [308500/500000]  elapsed=21765s  rate=14.2/s  ETA=13511s
  [309000/500000]  elapsed=21800s  rate=14.2/s  ETA=13475s
  [309500/500000]  elapsed=21835s  rate=14.2/s  ETA=13439s
  [310000/500000]  elapsed=21869s  rate=14.2/s  ETA=13404s
  [310500/500000]  elapsed=21904s  rate=14.2/s  ETA=13368s
  [311000/500000]  elapsed=21938s  rate=14.2/s  ETA=13332s
  [311500/500000]  elapsed=21973s  rate=14.2/s  ETA=13297s
  [312000/500000]  elapsed=22007s  rate=14.2/s  ETA=13261s
  [312500/500000]  elapsed=22042s  rate=14.2/s  ETA=13225s
  [313000/500000]  elapsed=22076s  rate=14.2/s  ETA=13189s
  [313500/500000]  elapsed=22111s  rate=14.2/s  ETA=13153s
  [314000/500000]  elapsed=22145s  rate=14.2/s  ETA=13118s
  [314500/500000]  elapsed=22180s  rate=14.2/s  ETA=13082s
  [315000/500000]  elapsed=22214s  rate=14.2/s  ETA=13046s
  [315500/500000]  elapsed=22249s  rate=14.2/s  ETA=13011s
  [316000/500000]  elapsed=22283s  rate=14.2/s  ETA=12975s
  [316500/500000]  elapsed=22318s  rate=14.2/s  ETA=12939s
  [317000/500000]  elapsed=22353s  rate=14.2/s  ETA=12904s
  [317500/500000]  elapsed=22387s  rate=14.2/s  ETA=12868s
  [318000/500000]  elapsed=22421s  rate=14.2/s  ETA=12832s
  [318500/500000]  elapsed=22456s  rate=14.2/s  ETA=12797s
  [319000/500000]  elapsed=22491s  rate=14.2/s  ETA=12761s
  [319500/500000]  elapsed=22525s  rate=14.2/s  ETA=12725s
  [320000/500000]  elapsed=22560s  rate=14.2/s  ETA=12690s
  [320500/500000]  elapsed=22594s  rate=14.2/s  ETA=12654s
  [321000/500000]  elapsed=22629s  rate=14.2/s  ETA=12619s
  [321500/500000]  elapsed=22664s  rate=14.2/s  ETA=12583s
  [322000/500000]  elapsed=22698s  rate=14.2/s  ETA=12547s
  [322500/500000]  elapsed=22733s  rate=14.2/s  ETA=12512s
  [323000/500000]  elapsed=22767s  rate=14.2/s  ETA=12476s
  [323500/500000]  elapsed=22802s  rate=14.2/s  ETA=12441s
  [324000/500000]  elapsed=22836s  rate=14.2/s  ETA=12405s
  [324500/500000]  elapsed=22871s  rate=14.2/s  ETA=12369s
  [325000/500000]  elapsed=22905s  rate=14.2/s  ETA=12333s
  [325500/500000]  elapsed=22940s  rate=14.2/s  ETA=12298s
  [326000/500000]  elapsed=22974s  rate=14.2/s  ETA=12262s
  [326500/500000]  elapsed=23008s  rate=14.2/s  ETA=12227s
  [327000/500000]  elapsed=23043s  rate=14.2/s  ETA=12191s
  [327500/500000]  elapsed=23078s  rate=14.2/s  ETA=12155s
  [328000/500000]  elapsed=23112s  rate=14.2/s  ETA=12120s
  [328500/500000]  elapsed=23147s  rate=14.2/s  ETA=12084s
  [329000/500000]  elapsed=23182s  rate=14.2/s  ETA=12049s
  [329500/500000]  elapsed=23216s  rate=14.2/s  ETA=12013s
  [330000/500000]  elapsed=23250s  rate=14.2/s  ETA=11978s
  [330500/500000]  elapsed=23285s  rate=14.2/s  ETA=11942s
  [331000/500000]  elapsed=23320s  rate=14.2/s  ETA=11906s
  [331500/500000]  elapsed=23355s  rate=14.2/s  ETA=11871s
  [332000/500000]  elapsed=23389s  rate=14.2/s  ETA=11836s
  [332500/500000]  elapsed=23424s  rate=14.2/s  ETA=11800s
  [333000/500000]  elapsed=23458s  rate=14.2/s  ETA=11764s
  [333500/500000]  elapsed=23493s  rate=14.2/s  ETA=11729s
  [334000/500000]  elapsed=23527s  rate=14.2/s  ETA=11693s
  [334500/500000]  elapsed=23562s  rate=14.2/s  ETA=11658s
  [335000/500000]  elapsed=23596s  rate=14.2/s  ETA=11622s
  [335500/500000]  elapsed=23631s  rate=14.2/s  ETA=11586s
  [336000/500000]  elapsed=23665s  rate=14.2/s  ETA=11551s
  [336500/500000]  elapsed=23700s  rate=14.2/s  ETA=11515s
  [337000/500000]  elapsed=23734s  rate=14.2/s  ETA=11480s
  [337500/500000]  elapsed=23768s  rate=14.2/s  ETA=11444s
  [338000/500000]  elapsed=23803s  rate=14.2/s  ETA=11409s
  [338500/500000]  elapsed=23838s  rate=14.2/s  ETA=11373s
  [339000/500000]  elapsed=23872s  rate=14.2/s  ETA=11337s
  [339500/500000]  elapsed=23906s  rate=14.2/s  ETA=11302s
  [340000/500000]  elapsed=23941s  rate=14.2/s  ETA=11266s
  [340500/500000]  elapsed=23975s  rate=14.2/s  ETA=11231s
  [341000/500000]  elapsed=24010s  rate=14.2/s  ETA=11195s
  [341500/500000]  elapsed=24044s  rate=14.2/s  ETA=11160s
  [342000/500000]  elapsed=24079s  rate=14.2/s  ETA=11124s
  [342500/500000]  elapsed=24113s  rate=14.2/s  ETA=11088s
  [343000/500000]  elapsed=24148s  rate=14.2/s  ETA=11053s
  [343500/500000]  elapsed=24182s  rate=14.2/s  ETA=11017s
  [344000/500000]  elapsed=24217s  rate=14.2/s  ETA=10982s
  [344500/500000]  elapsed=24251s  rate=14.2/s  ETA=10947s
  [345000/500000]  elapsed=24286s  rate=14.2/s  ETA=10911s
  [345500/500000]  elapsed=24321s  rate=14.2/s  ETA=10876s
  [346000/500000]  elapsed=24355s  rate=14.2/s  ETA=10840s
  [346500/500000]  elapsed=24390s  rate=14.2/s  ETA=10805s
  [347000/500000]  elapsed=24425s  rate=14.2/s  ETA=10769s
  [347500/500000]  elapsed=24459s  rate=14.2/s  ETA=10734s
  [348000/500000]  elapsed=24494s  rate=14.2/s  ETA=10698s
  [348500/500000]  elapsed=24529s  rate=14.2/s  ETA=10663s
  [349000/500000]  elapsed=24563s  rate=14.2/s  ETA=10628s
  [349500/500000]  elapsed=24598s  rate=14.2/s  ETA=10592s
  [350000/500000]  elapsed=24632s  rate=14.2/s  ETA=10557s
  [350500/500000]  elapsed=24667s  rate=14.2/s  ETA=10521s
  [351000/500000]  elapsed=24701s  rate=14.2/s  ETA=10486s
  [351500/500000]  elapsed=24736s  rate=14.2/s  ETA=10450s
  [352000/500000]  elapsed=24770s  rate=14.2/s  ETA=10415s
  [352500/500000]  elapsed=24805s  rate=14.2/s  ETA=10379s
  [353000/500000]  elapsed=24839s  rate=14.2/s  ETA=10344s
  [353500/500000]  elapsed=24874s  rate=14.2/s  ETA=10308s
  [354000/500000]  elapsed=24908s  rate=14.2/s  ETA=10273s
  [354500/500000]  elapsed=24943s  rate=14.2/s  ETA=10237s
  [355000/500000]  elapsed=24977s  rate=14.2/s  ETA=10202s
  [355500/500000]  elapsed=25012s  rate=14.2/s  ETA=10167s
  [356000/500000]  elapsed=25046s  rate=14.2/s  ETA=10131s
  [356500/500000]  elapsed=25082s  rate=14.2/s  ETA=10096s
  [357000/500000]  elapsed=25116s  rate=14.2/s  ETA=10061s
  [357500/500000]  elapsed=25151s  rate=14.2/s  ETA=10025s
  [358000/500000]  elapsed=25185s  rate=14.2/s  ETA=9990s
  [358500/500000]  elapsed=25220s  rate=14.2/s  ETA=9954s
  [359000/500000]  elapsed=25254s  rate=14.2/s  ETA=9919s
  [359500/500000]  elapsed=25288s  rate=14.2/s  ETA=9883s
  [360000/500000]  elapsed=25323s  rate=14.2/s  ETA=9848s
  [360500/500000]  elapsed=25357s  rate=14.2/s  ETA=9812s
  [361000/500000]  elapsed=25392s  rate=14.2/s  ETA=9777s
  [361500/500000]  elapsed=25427s  rate=14.2/s  ETA=9742s
  [362000/500000]  elapsed=25461s  rate=14.2/s  ETA=9706s
  [362500/500000]  elapsed=25496s  rate=14.2/s  ETA=9671s
  [363000/500000]  elapsed=25530s  rate=14.2/s  ETA=9635s
  [363500/500000]  elapsed=25565s  rate=14.2/s  ETA=9600s
  [364000/500000]  elapsed=25599s  rate=14.2/s  ETA=9565s
  [364500/500000]  elapsed=25634s  rate=14.2/s  ETA=9529s
  [365000/500000]  elapsed=25668s  rate=14.2/s  ETA=9494s
  [365500/500000]  elapsed=25703s  rate=14.2/s  ETA=9458s
  [366000/500000]  elapsed=25737s  rate=14.2/s  ETA=9423s
  [366500/500000]  elapsed=25773s  rate=14.2/s  ETA=9388s
  [367000/500000]  elapsed=25808s  rate=14.2/s  ETA=9353s
  [367500/500000]  elapsed=25842s  rate=14.2/s  ETA=9317s
  [368000/500000]  elapsed=25877s  rate=14.2/s  ETA=9282s
  [368500/500000]  elapsed=25912s  rate=14.2/s  ETA=9247s
  [369000/500000]  elapsed=25947s  rate=14.2/s  ETA=9211s
  [369500/500000]  elapsed=25981s  rate=14.2/s  ETA=9176s
  [370000/500000]  elapsed=26016s  rate=14.2/s  ETA=9141s
  [370500/500000]  elapsed=26050s  rate=14.2/s  ETA=9105s
  [371000/500000]  elapsed=26085s  rate=14.2/s  ETA=9070s
  [371500/500000]  elapsed=26120s  rate=14.2/s  ETA=9035s
  [372000/500000]  elapsed=26154s  rate=14.2/s  ETA=8999s
  [372500/500000]  elapsed=26189s  rate=14.2/s  ETA=8964s
  [373000/500000]  elapsed=26223s  rate=14.2/s  ETA=8929s
  [373500/500000]  elapsed=26258s  rate=14.2/s  ETA=8893s
  [374000/500000]  elapsed=26292s  rate=14.2/s  ETA=8858s
  [374500/500000]  elapsed=26327s  rate=14.2/s  ETA=8822s
  [375000/500000]  elapsed=26361s  rate=14.2/s  ETA=8787s
  [375500/500000]  elapsed=26396s  rate=14.2/s  ETA=8752s
  [376000/500000]  elapsed=26430s  rate=14.2/s  ETA=8716s
  [376500/500000]  elapsed=26465s  rate=14.2/s  ETA=8681s
  [377000/500000]  elapsed=26499s  rate=14.2/s  ETA=8646s
  [377500/500000]  elapsed=26534s  rate=14.2/s  ETA=8610s
  [378000/500000]  elapsed=26568s  rate=14.2/s  ETA=8575s
  [378500/500000]  elapsed=26603s  rate=14.2/s  ETA=8540s
  [379000/500000]  elapsed=26637s  rate=14.2/s  ETA=8504s
  [379500/500000]  elapsed=26672s  rate=14.2/s  ETA=8469s
  [380000/500000]  elapsed=26707s  rate=14.2/s  ETA=8434s
  [380500/500000]  elapsed=26741s  rate=14.2/s  ETA=8398s
  [381000/500000]  elapsed=26776s  rate=14.2/s  ETA=8363s
  [381500/500000]  elapsed=26810s  rate=14.2/s  ETA=8328s
  [382000/500000]  elapsed=26845s  rate=14.2/s  ETA=8292s
  [382500/500000]  elapsed=26879s  rate=14.2/s  ETA=8257s
  [383000/500000]  elapsed=26914s  rate=14.2/s  ETA=8222s
  [383500/500000]  elapsed=26948s  rate=14.2/s  ETA=8186s
  [384000/500000]  elapsed=26983s  rate=14.2/s  ETA=8151s
  [384500/500000]  elapsed=27017s  rate=14.2/s  ETA=8116s
  [385000/500000]  elapsed=27052s  rate=14.2/s  ETA=8081s
  [385500/500000]  elapsed=27087s  rate=14.2/s  ETA=8045s
  [386000/500000]  elapsed=27122s  rate=14.2/s  ETA=8010s
  [386500/500000]  elapsed=27156s  rate=14.2/s  ETA=7975s
  [387000/500000]  elapsed=27191s  rate=14.2/s  ETA=7939s
  [387500/500000]  elapsed=27226s  rate=14.2/s  ETA=7904s
  [388000/500000]  elapsed=27266s  rate=14.2/s  ETA=7871s
  [388500/500000]  elapsed=27302s  rate=14.2/s  ETA=7836s
  [389000/500000]  elapsed=27337s  rate=14.2/s  ETA=7800s
  [389500/500000]  elapsed=27371s  rate=14.2/s  ETA=7765s
  [390000/500000]  elapsed=27406s  rate=14.2/s  ETA=7730s
  [390500/500000]  elapsed=27441s  rate=14.2/s  ETA=7695s
  [391000/500000]  elapsed=27477s  rate=14.2/s  ETA=7660s
  [391500/500000]  elapsed=27512s  rate=14.2/s  ETA=7625s
  [392000/500000]  elapsed=27546s  rate=14.2/s  ETA=7589s
  [392500/500000]  elapsed=27581s  rate=14.2/s  ETA=7554s
  [393000/500000]  elapsed=27616s  rate=14.2/s  ETA=7519s
  [393500/500000]  elapsed=27651s  rate=14.2/s  ETA=7484s
  [394000/500000]  elapsed=27686s  rate=14.2/s  ETA=7448s
  [394500/500000]  elapsed=27720s  rate=14.2/s  ETA=7413s
  [395000/500000]  elapsed=27755s  rate=14.2/s  ETA=7378s
  [395500/500000]  elapsed=27790s  rate=14.2/s  ETA=7343s
  [396000/500000]  elapsed=27824s  rate=14.2/s  ETA=7307s
  [396500/500000]  elapsed=27859s  rate=14.2/s  ETA=7272s
  [397000/500000]  elapsed=27894s  rate=14.2/s  ETA=7237s
  [397500/500000]  elapsed=27929s  rate=14.2/s  ETA=7202s
  [398000/500000]  elapsed=27963s  rate=14.2/s  ETA=7166s
  [398500/500000]  elapsed=27998s  rate=14.2/s  ETA=7131s
  [399000/500000]  elapsed=28032s  rate=14.2/s  ETA=7096s
  [399500/500000]  elapsed=28067s  rate=14.2/s  ETA=7061s
  [400000/500000]  elapsed=28102s  rate=14.2/s  ETA=7025s
  [400500/500000]  elapsed=28136s  rate=14.2/s  ETA=6990s
  [401000/500000]  elapsed=28171s  rate=14.2/s  ETA=6955s
  [401500/500000]  elapsed=28206s  rate=14.2/s  ETA=6920s
  [402000/500000]  elapsed=28241s  rate=14.2/s  ETA=6885s
  [402500/500000]  elapsed=28276s  rate=14.2/s  ETA=6849s
  [403000/500000]  elapsed=28310s  rate=14.2/s  ETA=6814s
  [403500/500000]  elapsed=28346s  rate=14.2/s  ETA=6779s
  [404000/500000]  elapsed=28381s  rate=14.2/s  ETA=6744s
  [404500/500000]  elapsed=28415s  rate=14.2/s  ETA=6709s
  [405000/500000]  elapsed=28450s  rate=14.2/s  ETA=6673s
  [405500/500000]  elapsed=28485s  rate=14.2/s  ETA=6638s
  [406000/500000]  elapsed=28519s  rate=14.2/s  ETA=6603s
  [406500/500000]  elapsed=28554s  rate=14.2/s  ETA=6568s
  [407000/500000]  elapsed=28588s  rate=14.2/s  ETA=6532s
  [407500/500000]  elapsed=28623s  rate=14.2/s  ETA=6497s
  [408000/500000]  elapsed=28657s  rate=14.2/s  ETA=6462s
  [408500/500000]  elapsed=28692s  rate=14.2/s  ETA=6427s
  [409000/500000]  elapsed=28727s  rate=14.2/s  ETA=6392s
  [409500/500000]  elapsed=28762s  rate=14.2/s  ETA=6356s
  [410000/500000]  elapsed=28796s  rate=14.2/s  ETA=6321s
  [410500/500000]  elapsed=28831s  rate=14.2/s  ETA=6286s
  [411000/500000]  elapsed=28866s  rate=14.2/s  ETA=6251s
  [411500/500000]  elapsed=28901s  rate=14.2/s  ETA=6216s
  [412000/500000]  elapsed=28936s  rate=14.2/s  ETA=6180s
  [412500/500000]  elapsed=28970s  rate=14.2/s  ETA=6145s
  [413000/500000]  elapsed=29005s  rate=14.2/s  ETA=6110s
  [413500/500000]  elapsed=29040s  rate=14.2/s  ETA=6075s
  [414000/500000]  elapsed=29075s  rate=14.2/s  ETA=6040s
  [414500/500000]  elapsed=29110s  rate=14.2/s  ETA=6005s
  [415000/500000]  elapsed=29144s  rate=14.2/s  ETA=5969s
  [415500/500000]  elapsed=29185s  rate=14.2/s  ETA=5935s
  [416000/500000]  elapsed=29220s  rate=14.2/s  ETA=5900s
  [416500/500000]  elapsed=29255s  rate=14.2/s  ETA=5865s
  [417000/500000]  elapsed=29289s  rate=14.2/s  ETA=5830s
  [417500/500000]  elapsed=29324s  rate=14.2/s  ETA=5795s
  [418000/500000]  elapsed=29359s  rate=14.2/s  ETA=5759s
  [418500/500000]  elapsed=29393s  rate=14.2/s  ETA=5724s
  [419000/500000]  elapsed=29428s  rate=14.2/s  ETA=5689s
  [419500/500000]  elapsed=29462s  rate=14.2/s  ETA=5654s
  [420000/500000]  elapsed=29497s  rate=14.2/s  ETA=5618s
  [420500/500000]  elapsed=29531s  rate=14.2/s  ETA=5583s
  [421000/500000]  elapsed=29566s  rate=14.2/s  ETA=5548s
  [421500/500000]  elapsed=29600s  rate=14.2/s  ETA=5513s
  [422000/500000]  elapsed=29635s  rate=14.2/s  ETA=5478s
  [422500/500000]  elapsed=29670s  rate=14.2/s  ETA=5442s
  [423000/500000]  elapsed=29704s  rate=14.2/s  ETA=5407s
  [423500/500000]  elapsed=29739s  rate=14.2/s  ETA=5372s
  [424000/500000]  elapsed=29774s  rate=14.2/s  ETA=5337s
  [424500/500000]  elapsed=29808s  rate=14.2/s  ETA=5302s
  [425000/500000]  elapsed=29843s  rate=14.2/s  ETA=5266s
  [425500/500000]  elapsed=29878s  rate=14.2/s  ETA=5231s
  [426000/500000]  elapsed=29912s  rate=14.2/s  ETA=5196s
  [426500/500000]  elapsed=29947s  rate=14.2/s  ETA=5161s
  [427000/500000]  elapsed=29982s  rate=14.2/s  ETA=5126s
  [427500/500000]  elapsed=30016s  rate=14.2/s  ETA=5090s
  [428000/500000]  elapsed=30051s  rate=14.2/s  ETA=5055s
  [428500/500000]  elapsed=30085s  rate=14.2/s  ETA=5020s
  [429000/500000]  elapsed=30120s  rate=14.2/s  ETA=4985s
  [429500/500000]  elapsed=30155s  rate=14.2/s  ETA=4950s
  [430000/500000]  elapsed=30189s  rate=14.2/s  ETA=4915s
  [430500/500000]  elapsed=30224s  rate=14.2/s  ETA=4879s
  [431000/500000]  elapsed=30259s  rate=14.2/s  ETA=4844s
  [431500/500000]  elapsed=30293s  rate=14.2/s  ETA=4809s
  [432000/500000]  elapsed=30328s  rate=14.2/s  ETA=4774s
  [432500/500000]  elapsed=30362s  rate=14.2/s  ETA=4739s
  [433000/500000]  elapsed=30397s  rate=14.2/s  ETA=4703s
  [433500/500000]  elapsed=30431s  rate=14.2/s  ETA=4668s
  [434000/500000]  elapsed=30466s  rate=14.2/s  ETA=4633s
  [434500/500000]  elapsed=30501s  rate=14.2/s  ETA=4598s
  [435000/500000]  elapsed=30535s  rate=14.2/s  ETA=4563s
  [435500/500000]  elapsed=30570s  rate=14.2/s  ETA=4528s
  [436000/500000]  elapsed=30606s  rate=14.2/s  ETA=4493s
  [436500/500000]  elapsed=30641s  rate=14.2/s  ETA=4457s
  [437000/500000]  elapsed=30676s  rate=14.2/s  ETA=4422s
  [437500/500000]  elapsed=30711s  rate=14.2/s  ETA=4387s
  [438000/500000]  elapsed=30746s  rate=14.2/s  ETA=4352s
  [438500/500000]  elapsed=30781s  rate=14.2/s  ETA=4317s
  [439000/500000]  elapsed=30816s  rate=14.2/s  ETA=4282s
  [439500/500000]  elapsed=30851s  rate=14.2/s  ETA=4247s
  [440000/500000]  elapsed=30886s  rate=14.2/s  ETA=4212s
  [440500/500000]  elapsed=30921s  rate=14.2/s  ETA=4177s
  [441000/500000]  elapsed=30956s  rate=14.2/s  ETA=4142s
  [441500/500000]  elapsed=30991s  rate=14.2/s  ETA=4106s
  [442000/500000]  elapsed=31026s  rate=14.2/s  ETA=4071s
  [442500/500000]  elapsed=31061s  rate=14.2/s  ETA=4036s
  [443000/500000]  elapsed=31096s  rate=14.2/s  ETA=4001s
  [443500/500000]  elapsed=31131s  rate=14.2/s  ETA=3966s
  [444000/500000]  elapsed=31166s  rate=14.2/s  ETA=3931s
  [444500/500000]  elapsed=31201s  rate=14.2/s  ETA=3896s
  [445000/500000]  elapsed=31235s  rate=14.2/s  ETA=3861s
  [445500/500000]  elapsed=31270s  rate=14.2/s  ETA=3825s
  [446000/500000]  elapsed=31305s  rate=14.2/s  ETA=3790s
  [446500/500000]  elapsed=31340s  rate=14.2/s  ETA=3755s
  [447000/500000]  elapsed=31375s  rate=14.2/s  ETA=3720s
  [447500/500000]  elapsed=31410s  rate=14.2/s  ETA=3685s
  [448000/500000]  elapsed=31445s  rate=14.2/s  ETA=3650s
  [448500/500000]  elapsed=31480s  rate=14.2/s  ETA=3615s
  [449000/500000]  elapsed=31515s  rate=14.2/s  ETA=3580s
  [449500/500000]  elapsed=31550s  rate=14.2/s  ETA=3545s
  [450000/500000]  elapsed=31585s  rate=14.2/s  ETA=3509s
  [450500/500000]  elapsed=31620s  rate=14.2/s  ETA=3474s
  [451000/500000]  elapsed=31654s  rate=14.2/s  ETA=3439s
  [451500/500000]  elapsed=31689s  rate=14.2/s  ETA=3404s
  [452000/500000]  elapsed=31724s  rate=14.2/s  ETA=3369s
  [452500/500000]  elapsed=31759s  rate=14.2/s  ETA=3334s
  [453000/500000]  elapsed=31794s  rate=14.2/s  ETA=3299s
  [453500/500000]  elapsed=31829s  rate=14.2/s  ETA=3264s
  [454000/500000]  elapsed=31864s  rate=14.2/s  ETA=3229s
  [454500/500000]  elapsed=31899s  rate=14.2/s  ETA=3193s
  [455000/500000]  elapsed=31934s  rate=14.2/s  ETA=3158s
  [455500/500000]  elapsed=31969s  rate=14.2/s  ETA=3123s
  [456000/500000]  elapsed=32004s  rate=14.2/s  ETA=3088s
  [456500/500000]  elapsed=32039s  rate=14.2/s  ETA=3053s
  [457000/500000]  elapsed=32074s  rate=14.2/s  ETA=3018s
  [457500/500000]  elapsed=32109s  rate=14.2/s  ETA=2983s
  [458000/500000]  elapsed=32144s  rate=14.2/s  ETA=2948s
  [458500/500000]  elapsed=32179s  rate=14.2/s  ETA=2913s
  [459000/500000]  elapsed=32214s  rate=14.2/s  ETA=2877s
  [459500/500000]  elapsed=32249s  rate=14.2/s  ETA=2842s
  [460000/500000]  elapsed=32284s  rate=14.2/s  ETA=2807s
  [460500/500000]  elapsed=32319s  rate=14.2/s  ETA=2772s
  [461000/500000]  elapsed=32353s  rate=14.2/s  ETA=2737s
  [461500/500000]  elapsed=32388s  rate=14.2/s  ETA=2702s
  [462000/500000]  elapsed=32423s  rate=14.2/s  ETA=2667s
  [462500/500000]  elapsed=32459s  rate=14.2/s  ETA=2632s
  [463000/500000]  elapsed=32494s  rate=14.2/s  ETA=2597s
  [463500/500000]  elapsed=32529s  rate=14.2/s  ETA=2562s
  [464000/500000]  elapsed=32564s  rate=14.2/s  ETA=2526s
  [464500/500000]  elapsed=32599s  rate=14.2/s  ETA=2491s
  [465000/500000]  elapsed=32634s  rate=14.2/s  ETA=2456s
  [465500/500000]  elapsed=32669s  rate=14.2/s  ETA=2421s
  [466000/500000]  elapsed=32704s  rate=14.2/s  ETA=2386s
  [466500/500000]  elapsed=32738s  rate=14.2/s  ETA=2351s
  [467000/500000]  elapsed=32773s  rate=14.2/s  ETA=2316s
  [467500/500000]  elapsed=32808s  rate=14.2/s  ETA=2281s
  [468000/500000]  elapsed=32844s  rate=14.2/s  ETA=2246s
  [468500/500000]  elapsed=32879s  rate=14.2/s  ETA=2211s
  [469000/500000]  elapsed=32914s  rate=14.2/s  ETA=2176s
  [469500/500000]  elapsed=32949s  rate=14.2/s  ETA=2140s
  [470000/500000]  elapsed=32984s  rate=14.2/s  ETA=2105s
  [470500/500000]  elapsed=33019s  rate=14.2/s  ETA=2070s
  [471000/500000]  elapsed=33054s  rate=14.2/s  ETA=2035s
  [471500/500000]  elapsed=33089s  rate=14.2/s  ETA=2000s
  [472000/500000]  elapsed=33124s  rate=14.2/s  ETA=1965s
  [472500/500000]  elapsed=33159s  rate=14.2/s  ETA=1930s
  [473000/500000]  elapsed=33194s  rate=14.2/s  ETA=1895s
  [473500/500000]  elapsed=33229s  rate=14.2/s  ETA=1860s
  [474000/500000]  elapsed=33264s  rate=14.2/s  ETA=1825s
  [474500/500000]  elapsed=33299s  rate=14.2/s  ETA=1790s
  [475000/500000]  elapsed=33334s  rate=14.2/s  ETA=1754s
  [475500/500000]  elapsed=33369s  rate=14.2/s  ETA=1719s
  [476000/500000]  elapsed=33404s  rate=14.2/s  ETA=1684s
  [476500/500000]  elapsed=33439s  rate=14.2/s  ETA=1649s
  [477000/500000]  elapsed=33475s  rate=14.2/s  ETA=1614s
  [477500/500000]  elapsed=33510s  rate=14.2/s  ETA=1579s
  [478000/500000]  elapsed=33545s  rate=14.2/s  ETA=1544s
  [478500/500000]  elapsed=33580s  rate=14.2/s  ETA=1509s
  [479000/500000]  elapsed=33615s  rate=14.2/s  ETA=1474s
  [479500/500000]  elapsed=33650s  rate=14.2/s  ETA=1439s
  [480000/500000]  elapsed=33685s  rate=14.2/s  ETA=1404s
  [480500/500000]  elapsed=33720s  rate=14.2/s  ETA=1368s
  [481000/500000]  elapsed=33755s  rate=14.2/s  ETA=1333s
  [481500/500000]  elapsed=33790s  rate=14.2/s  ETA=1298s
  [482000/500000]  elapsed=33825s  rate=14.2/s  ETA=1263s
  [482500/500000]  elapsed=33860s  rate=14.2/s  ETA=1228s
  [483000/500000]  elapsed=33895s  rate=14.2/s  ETA=1193s
  [483500/500000]  elapsed=33930s  rate=14.2/s  ETA=1158s
  [484000/500000]  elapsed=33966s  rate=14.2/s  ETA=1123s
  [484500/500000]  elapsed=34001s  rate=14.2/s  ETA=1088s
  [485000/500000]  elapsed=34036s  rate=14.2/s  ETA=1053s
  [485500/500000]  elapsed=34071s  rate=14.2/s  ETA=1018s
  [486000/500000]  elapsed=34106s  rate=14.2/s  ETA=982s
  [486500/500000]  elapsed=34141s  rate=14.2/s  ETA=947s
  [487000/500000]  elapsed=34176s  rate=14.2/s  ETA=912s
  [487500/500000]  elapsed=34211s  rate=14.2/s  ETA=877s
  [488000/500000]  elapsed=34247s  rate=14.2/s  ETA=842s
  [488500/500000]  elapsed=34282s  rate=14.2/s  ETA=807s
  [489000/500000]  elapsed=34317s  rate=14.2/s  ETA=772s
  [489500/500000]  elapsed=34352s  rate=14.2/s  ETA=737s
  [490000/500000]  elapsed=34387s  rate=14.2/s  ETA=702s
  [490500/500000]  elapsed=34423s  rate=14.2/s  ETA=667s
  [491000/500000]  elapsed=34458s  rate=14.2/s  ETA=632s
  [491500/500000]  elapsed=34493s  rate=14.2/s  ETA=597s
  [492000/500000]  elapsed=34528s  rate=14.2/s  ETA=561s
  [492500/500000]  elapsed=34563s  rate=14.2/s  ETA=526s
  [493000/500000]  elapsed=34597s  rate=14.2/s  ETA=491s
  [493500/500000]  elapsed=34632s  rate=14.2/s  ETA=456s
  [494000/500000]  elapsed=34667s  rate=14.2/s  ETA=421s
  [494500/500000]  elapsed=34703s  rate=14.2/s  ETA=386s
  [495000/500000]  elapsed=34737s  rate=14.2/s  ETA=351s
  [495500/500000]  elapsed=34773s  rate=14.2/s  ETA=316s
  [496000/500000]  elapsed=34808s  rate=14.2/s  ETA=281s
  [496500/500000]  elapsed=34843s  rate=14.2/s  ETA=246s
  [497000/500000]  elapsed=34877s  rate=14.2/s  ETA=211s
  [497500/500000]  elapsed=34912s  rate=14.3/s  ETA=175s
  [498000/500000]  elapsed=34947s  rate=14.3/s  ETA=140s
  [498500/500000]  elapsed=34982s  rate=14.3/s  ETA=105s
  [499000/500000]  elapsed=35017s  rate=14.3/s  ETA=70s
  [499500/500000]  elapsed=35052s  rate=14.3/s  ETA=35s
Done. 500000 evals in 35086s (14.3/s)
Finite log_densities: 499996 / 500000
Max log_density: 19.929135
Mean log_density (finite): 10.989810
Saved to /scratch/e1498138/paris3_noise/lhs_s6.pkl
Job completed at Thu Jul  9 02:45:06 AM +08 2026
~~~~~~~~~~~~~~~~~~~~~~~~~~~~~~~~~~~~~~~~~~~~~~~~~~~~~~~~~~~~~~~~~~~~~~~~~~~~~~~~~~~~~~~~~~
			Resource Usage on 2026-07-09 02:45:08.333454:
~~~~~~~~~~~~~~~~~~~~~~~~~~~~~~~~~~~~~~~~~~~~~~~~~~~~~~~~~~~~~~~~~~~~~~~~~~~~~~~~~~~~~~~~~~
	JobId: 525085.hopper-m-02
	Project: CFP03-CF-051
	Exit Status: 0
~~~~~~~~~~~~~~~~~~~~~~~~~~~~~~~~~~~~~~~~~~~~~~~~~~~~~~~~~~~~~~~~~~~~~~~~~~~~~~~~~~~~~~~~~~
	NCPUs: Requested(12), Used(12)
	CPU Time Used: 09:11:44
	Memory: Requested(225gb), Used(11411652kb)
	Vmem Used: 29054988kb
	Walltime: Requested(24:00:00), Used(09:46:55)
~~~~~~~~~~~~~~~~~~~~~~~~~~~~~~~~~~~~~~~~~~~~~~~~~~~~~~~~~~~~~~~~~~~~~~~~~~~~~~~~~~~~~~~~~~
	Execution Nodes Used: (hopper-25:ngpus=1:ncpus=12:mem=235929600kb)
~~~~~~~~~~~~~~~~~~~~~~~~~~~~~~~~~~~~~~~~~~~~~~~~~~~~~~~~~~~~~~~~~~~~~~~~~~~~~~~~~~~~~~~~~~
	No GPU-related information available for this job.
