Using dt=10s, T=0.25yr, TDI gen=1
Building ResponseWrapper...
Building GravWaveAnalysis...
Initializing LogLike...
LogLike initialized.
SNR (time-max): 1539.1741
Evaluating 100000 remaining samples in 10000 batches of 10  (checkpoint every 10 batches)
  [10/100000]  elapsed=8s  rate=1.3/s  eta=75493s  finite=8
  [warn] sample 6 failed: 
  [20/100000]  elapsed=14s  rate=1.4/s  eta=72484s  finite=16
  [30/100000]  elapsed=22s  rate=1.4/s  eta=72894s  finite=26
  [warn] sample 4 failed: 
  [40/100000]  elapsed=29s  rate=1.4/s  eta=71542s  finite=35
  [50/100000]  elapsed=36s  rate=1.4/s  eta=71749s  finite=44
  [60/100000]  elapsed=43s  rate=1.4/s  eta=71959s  finite=54
  [70/100000]  elapsed=50s  rate=1.4/s  eta=72000s  finite=63
  [80/100000]  elapsed=58s  rate=1.4/s  eta=72136s  finite=73
  [90/100000]  elapsed=65s  rate=1.4/s  eta=72219s  finite=83
  [warn] sample 6 failed: 
  [100/100000]  elapsed=72s  rate=1.4/s  eta=71747s  finite=92
  -> checkpoint saved: /scratch/e1498138/lhs/lhs_noise_paris1_new_checkpoints/lhs_noise_paris1_ckpt_000100.pkl
  [110/100000]  elapsed=79s  rate=1.4/s  eta=72003s  finite=102
  [warn] sample 4 failed: 
  [120/100000]  elapsed=86s  rate=1.4/s  eta=71571s  finite=109
  [130/100000]  elapsed=93s  rate=1.4/s  eta=71823s  finite=119
  [140/100000]  elapsed=101s  rate=1.4/s  eta=71979s  finite=128
  [150/100000]  elapsed=108s  rate=1.4/s  eta=72071s  finite=136
  [warn] sample 8 failed: 
  [160/100000]  elapsed=115s  rate=1.4/s  eta=71666s  finite=144
  [warn] sample 9 failed: 
  [170/100000]  elapsed=122s  rate=1.4/s  eta=71401s  finite=153
  [warn] sample 1 failed: 
  [warn] sample 9 failed: 
  [180/100000]  elapsed=128s  rate=1.4/s  eta=70862s  finite=160
  [warn] sample 7 failed: 
  [190/100000]  elapsed=135s  rate=1.4/s  eta=70669s  finite=169
  [200/100000]  elapsed=142s  rate=1.4/s  eta=70791s  finite=177
  -> checkpoint saved: /scratch/e1498138/lhs/lhs_noise_paris1_new_checkpoints/lhs_noise_paris1_ckpt_000200.pkl
  [210/100000]  elapsed=149s  rate=1.4/s  eta=70897s  finite=186
  [220/100000]  elapsed=156s  rate=1.4/s  eta=70980s  finite=196
  [warn] sample 8 failed: 
  [230/100000]  elapsed=163s  rate=1.4/s  eta=70841s  finite=205
  [240/100000]  elapsed=171s  rate=1.4/s  eta=70946s  finite=214
  [250/100000]  elapsed=178s  rate=1.4/s  eta=71005s  finite=223
  [260/100000]  elapsed=185s  rate=1.4/s  eta=71046s  finite=231
  [270/100000]  elapsed=193s  rate=1.4/s  eta=71141s  finite=241
  [280/100000]  elapsed=200s  rate=1.4/s  eta=71169s  finite=250
  [warn] sample 0 failed: 
  [290/100000]  elapsed=206s  rate=1.4/s  eta=70985s  finite=258
  [300/100000]  elapsed=214s  rate=1.4/s  eta=71054s  finite=267
  -> checkpoint saved: /scratch/e1498138/lhs/lhs_noise_paris1_new_checkpoints/lhs_noise_paris1_ckpt_000300.pkl
  [310/100000]  elapsed=221s  rate=1.4/s  eta=71126s  finite=274
  [320/100000]  elapsed=229s  rate=1.4/s  eta=71202s  finite=284
  [330/100000]  elapsed=236s  rate=1.4/s  eta=71224s  finite=294
  [warn] sample 0 failed: 
  [340/100000]  elapsed=243s  rate=1.4/s  eta=71085s  finite=303
  [350/100000]  elapsed=250s  rate=1.4/s  eta=71171s  finite=313
  [360/100000]  elapsed=257s  rate=1.4/s  eta=71188s  finite=323
  [370/100000]  elapsed=264s  rate=1.4/s  eta=71220s  finite=333
  [380/100000]  elapsed=272s  rate=1.4/s  eta=71219s  finite=343
  [390/100000]  elapsed=279s  rate=1.4/s  eta=71267s  finite=351
  [400/100000]  elapsed=286s  rate=1.4/s  eta=71267s  finite=359
  -> checkpoint saved: /scratch/e1498138/lhs/lhs_noise_paris1_new_checkpoints/lhs_noise_paris1_ckpt_000400.pkl
  [warn] sample 9 failed: 
  [410/100000]  elapsed=293s  rate=1.4/s  eta=71185s  finite=368
  [420/100000]  elapsed=301s  rate=1.4/s  eta=71253s  finite=378
  [430/100000]  elapsed=308s  rate=1.4/s  eta=71312s  finite=388
  [warn] sample 6 failed: 
  [440/100000]  elapsed=315s  rate=1.4/s  eta=71223s  finite=396
  [warn] sample 1 failed: 
  [450/100000]  elapsed=321s  rate=1.4/s  eta=71111s  finite=405
  [460/100000]  elapsed=329s  rate=1.4/s  eta=71145s  finite=415
  [470/100000]  elapsed=336s  rate=1.4/s  eta=71165s  finite=425
  [warn] sample 6 failed: 
  [480/100000]  elapsed=343s  rate=1.4/s  eta=71079s  finite=433
  [490/100000]  elapsed=350s  rate=1.4/s  eta=71142s  finite=442
  [warn] sample 0 failed: 
  [warn] sample 4 failed: 
  [500/100000]  elapsed=356s  rate=1.4/s  eta=70926s  finite=450
  -> checkpoint saved: /scratch/e1498138/lhs/lhs_noise_paris1_new_checkpoints/lhs_noise_paris1_ckpt_000500.pkl
  [510/100000]  elapsed=364s  rate=1.4/s  eta=70983s  finite=460
  [520/100000]  elapsed=372s  rate=1.4/s  eta=71087s  finite=469
  [530/100000]  elapsed=379s  rate=1.4/s  eta=71116s  finite=478
  [540/100000]  elapsed=386s  rate=1.4/s  eta=71143s  finite=487
  [550/100000]  elapsed=394s  rate=1.4/s  eta=71158s  finite=496
  [560/100000]  elapsed=401s  rate=1.4/s  eta=71182s  finite=506
  [570/100000]  elapsed=408s  rate=1.4/s  eta=71186s  finite=516
  [580/100000]  elapsed=415s  rate=1.4/s  eta=71209s  finite=525
  [590/100000]  elapsed=423s  rate=1.4/s  eta=71215s  finite=534
  [600/100000]  elapsed=430s  rate=1.4/s  eta=71252s  finite=543
  -> checkpoint saved: /scratch/e1498138/lhs/lhs_noise_paris1_new_checkpoints/lhs_noise_paris1_ckpt_000600.pkl
  [warn] sample 2 failed: 
  [610/100000]  elapsed=437s  rate=1.4/s  eta=71167s  finite=552
  [620/100000]  elapsed=444s  rate=1.4/s  eta=71199s  finite=562
  [warn] sample 5 failed: 
  [630/100000]  elapsed=451s  rate=1.4/s  eta=71146s  finite=570
  [640/100000]  elapsed=459s  rate=1.4/s  eta=71245s  finite=580
  [650/100000]  elapsed=466s  rate=1.4/s  eta=71243s  finite=587
  [660/100000]  elapsed=473s  rate=1.4/s  eta=71264s  finite=596
  [670/100000]  elapsed=481s  rate=1.4/s  eta=71272s  finite=606
  [680/100000]  elapsed=488s  rate=1.4/s  eta=71298s  finite=616
  [warn] sample 5 failed: 
  [warn] sample 6 failed: 
  [690/100000]  elapsed=494s  rate=1.4/s  eta=71120s  finite=624
  [700/100000]  elapsed=501s  rate=1.4/s  eta=71127s  finite=634
  -> checkpoint saved: /scratch/e1498138/lhs/lhs_noise_paris1_new_checkpoints/lhs_noise_paris1_ckpt_000700.pkl
  [710/100000]  elapsed=509s  rate=1.4/s  eta=71155s  finite=644
  [720/100000]  elapsed=516s  rate=1.4/s  eta=71178s  finite=653
  [730/100000]  elapsed=524s  rate=1.4/s  eta=71197s  finite=663
  [740/100000]  elapsed=531s  rate=1.4/s  eta=71197s  finite=673
  [750/100000]  elapsed=538s  rate=1.4/s  eta=71205s  finite=682
  [760/100000]  elapsed=545s  rate=1.4/s  eta=71207s  finite=691
  [warn] sample 4 failed: 
  [770/100000]  elapsed=552s  rate=1.4/s  eta=71146s  finite=700
  [780/100000]  elapsed=559s  rate=1.4/s  eta=71152s  finite=710
  [warn] sample 2 failed: 
  [warn] sample 7 failed: 
  [790/100000]  elapsed=565s  rate=1.4/s  eta=71000s  finite=715
  [warn] sample 9 failed: 
  [800/100000]  elapsed=572s  rate=1.4/s  eta=70948s  finite=723
  -> checkpoint saved: /scratch/e1498138/lhs/lhs_noise_paris1_new_checkpoints/lhs_noise_paris1_ckpt_000800.pkl
  [810/100000]  elapsed=579s  rate=1.4/s  eta=70961s  finite=733
  [820/100000]  elapsed=587s  rate=1.4/s  eta=71004s  finite=743
  [830/100000]  elapsed=594s  rate=1.4/s  eta=71024s  finite=751
  [warn] sample 1 failed: 
  [840/100000]  elapsed=601s  rate=1.4/s  eta=70946s  finite=759
  [warn] sample 0 failed: 
  [850/100000]  elapsed=609s  rate=1.4/s  eta=71094s  finite=767
  [860/100000]  elapsed=617s  rate=1.4/s  eta=71095s  finite=777
  [870/100000]  elapsed=624s  rate=1.4/s  eta=71102s  finite=787
  [880/100000]  elapsed=631s  rate=1.4/s  eta=71100s  finite=796
  [890/100000]  elapsed=639s  rate=1.4/s  eta=71128s  finite=805
  [900/100000]  elapsed=646s  rate=1.4/s  eta=71128s  finite=815
  -> checkpoint saved: /scratch/e1498138/lhs/lhs_noise_paris1_new_checkpoints/lhs_noise_paris1_ckpt_000900.pkl
  [910/100000]  elapsed=653s  rate=1.4/s  eta=71127s  finite=825
  [warn] sample 3 failed: 
  [920/100000]  elapsed=660s  rate=1.4/s  eta=71073s  finite=833
  [930/100000]  elapsed=667s  rate=1.4/s  eta=71080s  finite=843
  [warn] sample 0 failed: 
  [940/100000]  elapsed=674s  rate=1.4/s  eta=71031s  finite=852
  [950/100000]  elapsed=681s  rate=1.4/s  eta=71035s  finite=860
  [960/100000]  elapsed=690s  rate=1.4/s  eta=71136s  finite=870
  [970/100000]  elapsed=697s  rate=1.4/s  eta=71144s  finite=880
  [980/100000]  elapsed=704s  rate=1.4/s  eta=71145s  finite=889
  [warn] sample 5 failed: 
  [990/100000]  elapsed=711s  rate=1.4/s  eta=71083s  finite=898
  [1000/100000]  elapsed=718s  rate=1.4/s  eta=71103s  finite=906
  -> checkpoint saved: /scratch/e1498138/lhs/lhs_noise_paris1_new_checkpoints/lhs_noise_paris1_ckpt_001000.pkl
  [1010/100000]  elapsed=725s  rate=1.4/s  eta=71104s  finite=915
  [1020/100000]  elapsed=733s  rate=1.4/s  eta=71116s  finite=925
  [1030/100000]  elapsed=740s  rate=1.4/s  eta=71120s  finite=932
  [warn] sample 4 failed: 
  [1040/100000]  elapsed=747s  rate=1.4/s  eta=71060s  finite=941
  [1050/100000]  elapsed=754s  rate=1.4/s  eta=71060s  finite=951
  [warn] sample 4 failed: 
  [1060/100000]  elapsed=761s  rate=1.4/s  eta=71014s  finite=959
  [1070/100000]  elapsed=768s  rate=1.4/s  eta=71012s  finite=969
  [1080/100000]  elapsed=775s  rate=1.4/s  eta=71012s  finite=978
  [warn] sample 4 failed: 
  [1090/100000]  elapsed=782s  rate=1.4/s  eta=70964s  finite=986
  [warn] sample 8 failed: 
  [1100/100000]  elapsed=789s  rate=1.4/s  eta=70928s  finite=994
  -> checkpoint saved: /scratch/e1498138/lhs/lhs_noise_paris1_new_checkpoints/lhs_noise_paris1_ckpt_001100.pkl
  [1110/100000]  elapsed=796s  rate=1.4/s  eta=70946s  finite=1004
  [1120/100000]  elapsed=804s  rate=1.4/s  eta=70948s  finite=1013
  [1130/100000]  elapsed=811s  rate=1.4/s  eta=70987s  finite=1022
  [warn] sample 8 failed: 
  [1140/100000]  elapsed=818s  rate=1.4/s  eta=70934s  finite=1031
  [warn] sample 0 failed: 
  [1150/100000]  elapsed=825s  rate=1.4/s  eta=70888s  finite=1040
  [1160/100000]  elapsed=832s  rate=1.4/s  eta=70869s  finite=1050
  [warn] sample 7 failed: 
  [warn] sample 8 failed: 
  [1170/100000]  elapsed=838s  rate=1.4/s  eta=70770s  finite=1058
  [warn] sample 6 failed: 
  [1180/100000]  elapsed=844s  rate=1.4/s  eta=70715s  finite=1067
  [1190/100000]  elapsed=852s  rate=1.4/s  eta=70722s  finite=1076
  [1200/100000]  elapsed=859s  rate=1.4/s  eta=70732s  finite=1085
  -> checkpoint saved: /scratch/e1498138/lhs/lhs_noise_paris1_new_checkpoints/lhs_noise_paris1_ckpt_001200.pkl
  [1210/100000]  elapsed=866s  rate=1.4/s  eta=70736s  finite=1095
  [1220/100000]  elapsed=874s  rate=1.4/s  eta=70746s  finite=1103
  [1230/100000]  elapsed=881s  rate=1.4/s  eta=70749s  finite=1113
  [1240/100000]  elapsed=888s  rate=1.4/s  eta=70743s  finite=1122
  [1250/100000]  elapsed=895s  rate=1.4/s  eta=70742s  finite=1131
  [1260/100000]  elapsed=903s  rate=1.4/s  eta=70745s  finite=1141
  [1270/100000]  elapsed=910s  rate=1.4/s  eta=70748s  finite=1150
  [1280/100000]  elapsed=917s  rate=1.4/s  eta=70758s  finite=1159
  [warn] sample 6 failed: 
  [1290/100000]  elapsed=924s  rate=1.4/s  eta=70704s  finite=1168
  [1300/100000]  elapsed=931s  rate=1.4/s  eta=70716s  finite=1178
  -> checkpoint saved: /scratch/e1498138/lhs/lhs_noise_paris1_new_checkpoints/lhs_noise_paris1_ckpt_001300.pkl
  [1310/100000]  elapsed=939s  rate=1.4/s  eta=70740s  finite=1187
  [warn] sample 1 failed: 
  [warn] sample 2 failed: 
  [1320/100000]  elapsed=945s  rate=1.4/s  eta=70659s  finite=1195
  [warn] sample 6 failed: 
  [1330/100000]  elapsed=952s  rate=1.4/s  eta=70615s  finite=1204
  [1340/100000]  elapsed=960s  rate=1.4/s  eta=70653s  finite=1214
  [1350/100000]  elapsed=967s  rate=1.4/s  eta=70663s  finite=1222
  [1360/100000]  elapsed=974s  rate=1.4/s  eta=70659s  finite=1231
  [warn] sample 4 failed: 
  [1370/100000]  elapsed=981s  rate=1.4/s  eta=70611s  finite=1240
  [warn] sample 6 failed: 
  [1380/100000]  elapsed=988s  rate=1.4/s  eta=70578s  finite=1248
  [1390/100000]  elapsed=995s  rate=1.4/s  eta=70563s  finite=1258
  [1400/100000]  elapsed=1002s  rate=1.4/s  eta=70566s  finite=1268
  -> checkpoint saved: /scratch/e1498138/lhs/lhs_noise_paris1_new_checkpoints/lhs_noise_paris1_ckpt_001400.pkl
  [1410/100000]  elapsed=1009s  rate=1.4/s  eta=70564s  finite=1277
  [warn] sample 4 failed: 
  [1420/100000]  elapsed=1016s  rate=1.4/s  eta=70509s  finite=1286
  [1430/100000]  elapsed=1023s  rate=1.4/s  eta=70503s  finite=1295
  [1440/100000]  elapsed=1030s  rate=1.4/s  eta=70495s  finite=1305
  [1450/100000]  elapsed=1037s  rate=1.4/s  eta=70478s  finite=1315
  [1460/100000]  elapsed=1044s  rate=1.4/s  eta=70467s  finite=1323
  [1470/100000]  elapsed=1051s  rate=1.4/s  eta=70466s  finite=1333
  [1480/100000]  elapsed=1058s  rate=1.4/s  eta=70453s  finite=1342
  [1490/100000]  elapsed=1066s  rate=1.4/s  eta=70453s  finite=1352
  [warn] sample 5 failed: 
  [1500/100000]  elapsed=1072s  rate=1.4/s  eta=70410s  finite=1359
  -> checkpoint saved: /scratch/e1498138/lhs/lhs_noise_paris1_new_checkpoints/lhs_noise_paris1_ckpt_001500.pkl
  [1510/100000]  elapsed=1080s  rate=1.4/s  eta=70411s  finite=1369
  [1520/100000]  elapsed=1087s  rate=1.4/s  eta=70417s  finite=1377
  [1530/100000]  elapsed=1094s  rate=1.4/s  eta=70415s  finite=1386
  [1540/100000]  elapsed=1101s  rate=1.4/s  eta=70423s  finite=1395
  [1550/100000]  elapsed=1109s  rate=1.4/s  eta=70426s  finite=1404
  [1560/100000]  elapsed=1116s  rate=1.4/s  eta=70426s  finite=1413
  [1570/100000]  elapsed=1123s  rate=1.4/s  eta=70427s  finite=1421
  [1580/100000]  elapsed=1131s  rate=1.4/s  eta=70431s  finite=1431
  [1590/100000]  elapsed=1138s  rate=1.4/s  eta=70433s  finite=1441
  [warn] sample 9 failed: 
  [1600/100000]  elapsed=1145s  rate=1.4/s  eta=70411s  finite=1450
  -> checkpoint saved: /scratch/e1498138/lhs/lhs_noise_paris1_new_checkpoints/lhs_noise_paris1_ckpt_001600.pkl
  [warn] sample 8 failed: 
  [1610/100000]  elapsed=1152s  rate=1.4/s  eta=70392s  finite=1458
  [1620/100000]  elapsed=1159s  rate=1.4/s  eta=70393s  finite=1467
  [1630/100000]  elapsed=1166s  rate=1.4/s  eta=70397s  finite=1474
  [warn] sample 9 failed: 
  [1640/100000]  elapsed=1173s  rate=1.4/s  eta=70361s  finite=1482
  [1650/100000]  elapsed=1181s  rate=1.4/s  eta=70385s  finite=1491
  [1660/100000]  elapsed=1188s  rate=1.4/s  eta=70379s  finite=1501
  [1670/100000]  elapsed=1195s  rate=1.4/s  eta=70375s  finite=1511
  [1680/100000]  elapsed=1203s  rate=1.4/s  eta=70375s  finite=1520
  [1690/100000]  elapsed=1210s  rate=1.4/s  eta=70407s  finite=1530
  [warn] sample 8 failed: 
  [1700/100000]  elapsed=1217s  rate=1.4/s  eta=70365s  finite=1539
  -> checkpoint saved: /scratch/e1498138/lhs/lhs_noise_paris1_new_checkpoints/lhs_noise_paris1_ckpt_001700.pkl
  [warn] sample 8 failed: 
  [1710/100000]  elapsed=1223s  rate=1.4/s  eta=70325s  finite=1548
  [1720/100000]  elapsed=1231s  rate=1.4/s  eta=70331s  finite=1557
  [1730/100000]  elapsed=1238s  rate=1.4/s  eta=70330s  finite=1567
  [warn] sample 1 failed: 
  [1740/100000]  elapsed=1245s  rate=1.4/s  eta=70293s  finite=1575
  [1750/100000]  elapsed=1252s  rate=1.4/s  eta=70292s  finite=1583
  [1760/100000]  elapsed=1259s  rate=1.4/s  eta=70288s  finite=1593
  [1770/100000]  elapsed=1266s  rate=1.4/s  eta=70282s  finite=1603
  [warn] sample 0 failed: 
  [1780/100000]  elapsed=1273s  rate=1.4/s  eta=70247s  finite=1612
  [1790/100000]  elapsed=1280s  rate=1.4/s  eta=70246s  finite=1622
  [1800/100000]  elapsed=1288s  rate=1.4/s  eta=70249s  finite=1632
  -> checkpoint saved: /scratch/e1498138/lhs/lhs_noise_paris1_new_checkpoints/lhs_noise_paris1_ckpt_001800.pkl
  [1810/100000]  elapsed=1295s  rate=1.4/s  eta=70244s  finite=1640
  [1820/100000]  elapsed=1303s  rate=1.4/s  eta=70273s  finite=1650
  [1830/100000]  elapsed=1310s  rate=1.4/s  eta=70276s  finite=1658
  [1840/100000]  elapsed=1317s  rate=1.4/s  eta=70284s  finite=1668
  [warn] sample 7 failed: 
  [1850/100000]  elapsed=1324s  rate=1.4/s  eta=70251s  finite=1677
  [warn] sample 3 failed: 
  [1860/100000]  elapsed=1331s  rate=1.4/s  eta=70223s  finite=1686
  [1870/100000]  elapsed=1338s  rate=1.4/s  eta=70218s  finite=1695
  [1880/100000]  elapsed=1345s  rate=1.4/s  eta=70211s  finite=1704
  [1890/100000]  elapsed=1352s  rate=1.4/s  eta=70203s  finite=1712
  [1900/100000]  elapsed=1360s  rate=1.4/s  eta=70195s  finite=1722
  -> checkpoint saved: /scratch/e1498138/lhs/lhs_noise_paris1_new_checkpoints/lhs_noise_paris1_ckpt_001900.pkl
  [1910/100000]  elapsed=1367s  rate=1.4/s  eta=70186s  finite=1732
  [1920/100000]  elapsed=1374s  rate=1.4/s  eta=70171s  finite=1742
  [1930/100000]  elapsed=1381s  rate=1.4/s  eta=70165s  finite=1751
  [warn] sample 1 failed: 
  [1940/100000]  elapsed=1388s  rate=1.4/s  eta=70140s  finite=1760
  [1950/100000]  elapsed=1395s  rate=1.4/s  eta=70122s  finite=1769
  [1960/100000]  elapsed=1402s  rate=1.4/s  eta=70107s  finite=1779
  [1970/100000]  elapsed=1409s  rate=1.4/s  eta=70099s  finite=1788
  [1980/100000]  elapsed=1416s  rate=1.4/s  eta=70080s  finite=1797
  [1990/100000]  elapsed=1423s  rate=1.4/s  eta=70079s  finite=1807
  [warn] sample 6 failed: 
  [2000/100000]  elapsed=1429s  rate=1.4/s  eta=70035s  finite=1815
  -> checkpoint saved: /scratch/e1498138/lhs/lhs_noise_paris1_new_checkpoints/lhs_noise_paris1_ckpt_002000.pkl
  [2010/100000]  elapsed=1436s  rate=1.4/s  eta=70027s  finite=1825
  [warn] sample 0 failed: 
  [warn] sample 7 failed: 
  [2020/100000]  elapsed=1442s  rate=1.4/s  eta=69961s  finite=1832
  [warn] sample 1 failed: 
  [2030/100000]  elapsed=1449s  rate=1.4/s  eta=69931s  finite=1840
  [2040/100000]  elapsed=1456s  rate=1.4/s  eta=69926s  finite=1848
  [2050/100000]  elapsed=1463s  rate=1.4/s  eta=69920s  finite=1858
  [2060/100000]  elapsed=1471s  rate=1.4/s  eta=69927s  finite=1868
  [2070/100000]  elapsed=1478s  rate=1.4/s  eta=69924s  finite=1876
  [warn] sample 1 failed: 
  [2080/100000]  elapsed=1485s  rate=1.4/s  eta=69897s  finite=1883
  [2090/100000]  elapsed=1492s  rate=1.4/s  eta=69891s  finite=1893
  [warn] sample 7 failed: 
  [2100/100000]  elapsed=1499s  rate=1.4/s  eta=69867s  finite=1901
  -> checkpoint saved: /scratch/e1498138/lhs/lhs_noise_paris1_new_checkpoints/lhs_noise_paris1_ckpt_002100.pkl
  [2110/100000]  elapsed=1506s  rate=1.4/s  eta=69869s  finite=1911
  [warn] sample 0 failed: 
  [2120/100000]  elapsed=1513s  rate=1.4/s  eta=69850s  finite=1919
  [warn] sample 9 failed: 
  [2130/100000]  elapsed=1519s  rate=1.4/s  eta=69818s  finite=1926
  [2140/100000]  elapsed=1527s  rate=1.4/s  eta=69823s  finite=1935
  [2150/100000]  elapsed=1534s  rate=1.4/s  eta=69825s  finite=1945
  [2160/100000]  elapsed=1542s  rate=1.4/s  eta=69833s  finite=1955
  [2170/100000]  elapsed=1549s  rate=1.4/s  eta=69835s  finite=1964
  [2180/100000]  elapsed=1556s  rate=1.4/s  eta=69835s  finite=1974
  [2190/100000]  elapsed=1564s  rate=1.4/s  eta=69833s  finite=1983
  [2200/100000]  elapsed=1571s  rate=1.4/s  eta=69833s  finite=1993
  -> checkpoint saved: /scratch/e1498138/lhs/lhs_noise_paris1_new_checkpoints/lhs_noise_paris1_ckpt_002200.pkl
  [2210/100000]  elapsed=1578s  rate=1.4/s  eta=69832s  finite=2003
  [2220/100000]  elapsed=1585s  rate=1.4/s  eta=69826s  finite=2012
  [2230/100000]  elapsed=1593s  rate=1.4/s  eta=69831s  finite=2021
  [2240/100000]  elapsed=1600s  rate=1.4/s  eta=69834s  finite=2030
  [2250/100000]  elapsed=1607s  rate=1.4/s  eta=69827s  finite=2039
  [2260/100000]  elapsed=1615s  rate=1.4/s  eta=69837s  finite=2047
  [warn] sample 2 failed: 
  [2270/100000]  elapsed=1621s  rate=1.4/s  eta=69805s  finite=2055
  [2280/100000]  elapsed=1629s  rate=1.4/s  eta=69803s  finite=2064
  [warn] sample 1 failed: 
  [2290/100000]  elapsed=1635s  rate=1.4/s  eta=69774s  finite=2071
  [2300/100000]  elapsed=1642s  rate=1.4/s  eta=69769s  finite=2081
  -> checkpoint saved: /scratch/e1498138/lhs/lhs_noise_paris1_new_checkpoints/lhs_noise_paris1_ckpt_002300.pkl
  [warn] sample 8 failed: 
  [2310/100000]  elapsed=1649s  rate=1.4/s  eta=69740s  finite=2088
  [2320/100000]  elapsed=1656s  rate=1.4/s  eta=69739s  finite=2096
  [2330/100000]  elapsed=1664s  rate=1.4/s  eta=69744s  finite=2106
  [warn] sample 0 failed: 
  [warn] sample 4 failed: 
  [2340/100000]  elapsed=1670s  rate=1.4/s  eta=69689s  finite=2114
  [2350/100000]  elapsed=1677s  rate=1.4/s  eta=69690s  finite=2123
  [warn] sample 8 failed: 
  [2360/100000]  elapsed=1684s  rate=1.4/s  eta=69663s  finite=2132
  [warn] sample 6 failed: 
  [2370/100000]  elapsed=1691s  rate=1.4/s  eta=69639s  finite=2140
  [2380/100000]  elapsed=1698s  rate=1.4/s  eta=69634s  finite=2148
  [2390/100000]  elapsed=1705s  rate=1.4/s  eta=69633s  finite=2157
  [2400/100000]  elapsed=1712s  rate=1.4/s  eta=69636s  finite=2166
  -> checkpoint saved: /scratch/e1498138/lhs/lhs_noise_paris1_new_checkpoints/lhs_noise_paris1_ckpt_002400.pkl
  [2410/100000]  elapsed=1720s  rate=1.4/s  eta=69639s  finite=2174
  [2420/100000]  elapsed=1727s  rate=1.4/s  eta=69648s  finite=2182
  [2430/100000]  elapsed=1735s  rate=1.4/s  eta=69648s  finite=2191
  [warn] sample 7 failed: 
  [2440/100000]  elapsed=1741s  rate=1.4/s  eta=69622s  finite=2200
  [warn] sample 0 failed: 
  [2450/100000]  elapsed=1748s  rate=1.4/s  eta=69594s  finite=2207
  [2460/100000]  elapsed=1755s  rate=1.4/s  eta=69594s  finite=2217
  [2470/100000]  elapsed=1762s  rate=1.4/s  eta=69590s  finite=2226
  [warn] sample 8 failed: 
  [2480/100000]  elapsed=1769s  rate=1.4/s  eta=69567s  finite=2233
  [warn] sample 3 failed: 
  [2490/100000]  elapsed=1776s  rate=1.4/s  eta=69543s  finite=2240
  [2500/100000]  elapsed=1783s  rate=1.4/s  eta=69544s  finite=2249
  -> checkpoint saved: /scratch/e1498138/lhs/lhs_noise_paris1_new_checkpoints/lhs_noise_paris1_ckpt_002500.pkl
  [warn] sample 6 failed: 
  [2510/100000]  elapsed=1790s  rate=1.4/s  eta=69522s  finite=2258
  [2520/100000]  elapsed=1797s  rate=1.4/s  eta=69518s  finite=2267
  [2530/100000]  elapsed=1805s  rate=1.4/s  eta=69521s  finite=2277
  [warn] sample 2 failed: 
  [2540/100000]  elapsed=1811s  rate=1.4/s  eta=69503s  finite=2286
  [warn] sample 8 failed: 
  [2550/100000]  elapsed=1818s  rate=1.4/s  eta=69479s  finite=2295
  [warn] sample 9 failed: 
  [2560/100000]  elapsed=1825s  rate=1.4/s  eta=69460s  finite=2304
  [2570/100000]  elapsed=1832s  rate=1.4/s  eta=69458s  finite=2313
  [2580/100000]  elapsed=1839s  rate=1.4/s  eta=69455s  finite=2323
  [warn] sample 0 failed: 
  [2590/100000]  elapsed=1846s  rate=1.4/s  eta=69435s  finite=2332
  [2600/100000]  elapsed=1854s  rate=1.4/s  eta=69436s  finite=2342
  -> checkpoint saved: /scratch/e1498138/lhs/lhs_noise_paris1_new_checkpoints/lhs_noise_paris1_ckpt_002600.pkl
  [2610/100000]  elapsed=1861s  rate=1.4/s  eta=69434s  finite=2352
  [2620/100000]  elapsed=1868s  rate=1.4/s  eta=69435s  finite=2360
  [warn] sample 4 failed: 
  [2630/100000]  elapsed=1875s  rate=1.4/s  eta=69416s  finite=2368
  [2640/100000]  elapsed=1882s  rate=1.4/s  eta=69412s  finite=2377
  [2650/100000]  elapsed=1890s  rate=1.4/s  eta=69414s  finite=2387
  [2660/100000]  elapsed=1897s  rate=1.4/s  eta=69416s  finite=2397
  [2670/100000]  elapsed=1904s  rate=1.4/s  eta=69411s  finite=2407
  [warn] sample 2 failed: 
  [2680/100000]  elapsed=1911s  rate=1.4/s  eta=69390s  finite=2415
  [warn] sample 6 failed: 
  [2690/100000]  elapsed=1917s  rate=1.4/s  eta=69364s  finite=2424
  [2700/100000]  elapsed=1925s  rate=1.4/s  eta=69361s  finite=2432
  -> checkpoint saved: /scratch/e1498138/lhs/lhs_noise_paris1_new_checkpoints/lhs_noise_paris1_ckpt_002700.pkl
  [warn] sample 6 failed: 
  [2710/100000]  elapsed=1932s  rate=1.4/s  eta=69342s  finite=2440
  [2720/100000]  elapsed=1939s  rate=1.4/s  eta=69342s  finite=2450
  [2730/100000]  elapsed=1946s  rate=1.4/s  eta=69340s  finite=2460
  [2740/100000]  elapsed=1953s  rate=1.4/s  eta=69333s  finite=2469
  [2750/100000]  elapsed=1961s  rate=1.4/s  eta=69335s  finite=2477
  [warn] sample 2 failed: 
  [2760/100000]  elapsed=1967s  rate=1.4/s  eta=69312s  finite=2486
  [2770/100000]  elapsed=1975s  rate=1.4/s  eta=69307s  finite=2495
  [2780/100000]  elapsed=1982s  rate=1.4/s  eta=69309s  finite=2504
  [warn] sample 2 failed: 
  [warn] sample 5 failed: 
  [2790/100000]  elapsed=1988s  rate=1.4/s  eta=69268s  finite=2512
  [2800/100000]  elapsed=1995s  rate=1.4/s  eta=69267s  finite=2522
  -> checkpoint saved: /scratch/e1498138/lhs/lhs_noise_paris1_new_checkpoints/lhs_noise_paris1_ckpt_002800.pkl
  [2810/100000]  elapsed=2003s  rate=1.4/s  eta=69267s  finite=2531
  [2820/100000]  elapsed=2010s  rate=1.4/s  eta=69270s  finite=2541
  [2830/100000]  elapsed=2018s  rate=1.4/s  eta=69281s  finite=2550
  [2840/100000]  elapsed=2025s  rate=1.4/s  eta=69279s  finite=2558
  [warn] sample 1 failed: 
  [2850/100000]  elapsed=2032s  rate=1.4/s  eta=69254s  finite=2567
  [warn] sample 3 failed: 
  [2860/100000]  elapsed=2038s  rate=1.4/s  eta=69231s  finite=2576
  [warn] sample 7 failed: 
  [2870/100000]  elapsed=2045s  rate=1.4/s  eta=69212s  finite=2585
  [warn] sample 7 failed: 
  [2880/100000]  elapsed=2052s  rate=1.4/s  eta=69192s  finite=2593
  [warn] sample 1 failed: 
  [warn] sample 9 failed: 
  [2890/100000]  elapsed=2058s  rate=1.4/s  eta=69154s  finite=2601
  [2900/100000]  elapsed=2065s  rate=1.4/s  eta=69151s  finite=2610
  -> checkpoint saved: /scratch/e1498138/lhs/lhs_noise_paris1_new_checkpoints/lhs_noise_paris1_ckpt_002900.pkl
  [2910/100000]  elapsed=2073s  rate=1.4/s  eta=69150s  finite=2617
  [2920/100000]  elapsed=2080s  rate=1.4/s  eta=69154s  finite=2625
  [2930/100000]  elapsed=2087s  rate=1.4/s  eta=69149s  finite=2634
