Using dt = 10 seconds, T = 2 years
Initializing waveform generator...
Creating GenerateEMRIWaveform class...
Done initializing waveform generator.
Creating GravWaveAnalysis class...
Initializing loglike class...
Done initializing loglike class.
Calculating SNR...
SNR calculated: 32.86622400746991
Setting up log_density and prior functions...
Done setting up log-likelihood and prior.
Setting up ParisMC sampler...
Done setting up ParisMC sampler.
Setting up initial covariance matrix...
Loading top processes from saved sampler state...
Top 10 process max_logden: [np.float64(2.9440448524236205)]
Loaded 10 seed points from saved state.
Done setting up initial covariance matrix.
Initializing sampler...
Job completed at Mon May 18 01:06:29 PM +08 2026
Using dt = 10 seconds, T = 2 years
Initializing waveform generator...
Creating GenerateEMRIWaveform class...
Done initializing waveform generator.
Creating GravWaveAnalysis class...
Initializing loglike class...
Done initializing loglike class.
Calculating SNR...
SNR calculated: 32.86622400746991
Setting up log_density and prior functions...
Done setting up log-likelihood and prior.
Setting up ParisMC sampler...
Done setting up ParisMC sampler.
Setting up initial covariance matrix...
Loading top processes from saved sampler state...
Top 10 process max_logden: [np.float64(2.9440448524236205)]
Loaded 10 seed points from saved state.
Done setting up initial covariance matrix.
Initializing sampler...
Job completed at Mon May 18 01:36:45 PM +08 2026
