Job ID: 523665.hopper-m-02
Job name: paris3_s12
Job starts at Tue Jul  7 06:49:49 PM +08 2026
Using dt=10s, T=1.0yr, TDI gen=1
Building ResponseWrapper...
Building GravWaveAnalysis...
Initializing LogLike...
LogLike initialized.
Done setting up log-likelihood and prior.
Setting up ParisMC sampler...
Done setting up ParisMC sampler.
Setting up initial covariance matrix...
Done setting up initial covariance matrix.
Initializing sampler...
Done initializing sampler.
Evaluating log_density on ellipse LHS points...
Running paris3 sampling...
Done.
Job completed at Wed Jul  8 04:19:20 PM +08 2026
~~~~~~~~~~~~~~~~~~~~~~~~~~~~~~~~~~~~~~~~~~~~~~~~~~~~~~~~~~~~~~~~~~~~~~~~~~~~~~~~~~~~~~~~~~
			Resource Usage on 2026-07-08 16:19:20.813708:
~~~~~~~~~~~~~~~~~~~~~~~~~~~~~~~~~~~~~~~~~~~~~~~~~~~~~~~~~~~~~~~~~~~~~~~~~~~~~~~~~~~~~~~~~~
	JobId: 523665.hopper-m-02
	Project: CFP03-CF-051
	Exit Status: 0
~~~~~~~~~~~~~~~~~~~~~~~~~~~~~~~~~~~~~~~~~~~~~~~~~~~~~~~~~~~~~~~~~~~~~~~~~~~~~~~~~~~~~~~~~~
	NCPUs: Requested(12), Used(12)
	CPU Time Used: 19:40:06
	Memory: Requested(225gb), Used(11253184kb)
	Vmem Used: 27410844kb
	Walltime: Requested(24:00:00), Used(21:29:33)
~~~~~~~~~~~~~~~~~~~~~~~~~~~~~~~~~~~~~~~~~~~~~~~~~~~~~~~~~~~~~~~~~~~~~~~~~~~~~~~~~~~~~~~~~~
	Execution Nodes Used: (hopper-15:ngpus=1:ncpus=12:mem=235929600kb)
~~~~~~~~~~~~~~~~~~~~~~~~~~~~~~~~~~~~~~~~~~~~~~~~~~~~~~~~~~~~~~~~~~~~~~~~~~~~~~~~~~~~~~~~~~
	No GPU-related information available for this job.
