Job ID: 552425.hopper-m-02
Job name: diag_beta_vs_T
Job starts at Tue Aug  4 01:00:16 PM +08 2026
  T (yr)    rho_tot  rho_dom_M    alpha       beta         logl
Building for T=0.25...
  0.2500    44.8377     0.3362   0.0075    -0.0011         -inf
  all mode rho: [0.08735774188433824, 0.33616324173683426, 0.1999707226802217, 0.01899472671023604, 0.03486773576245017, 0.05215995063698075, 0.07048117078926677]
  n_modes in dominant group: 35, groups: 7
Building for T=0.5...
  0.5000    53.5438     0.4314   0.0081    -0.0006         -inf
  all mode rho: [0.4161139057413023, 0.43136413657492745, 0.3183986209400732, 0.029768772574942738, 0.05276865583870307, 0.07678550144319057, 0.10046840461575679]
  n_modes in dominant group: 35, groups: 7
Building for T=0.75...
  0.7500    61.1883     2.1240   0.0347     0.0004      62.9719
  all mode rho: [2.123952464704162, 0.46556285103444145, 0.6869551008463427, 0.06467254411595148, 0.10041583779345459, 0.13011594540207397, 0.15174847760236884]
  n_modes in dominant group: 35, groups: 7
Building for T=1.0...
  1.0000   100.6866    24.0590   0.2389     0.0007     100.3622
  all mode rho: [24.058977310544414, 6.194110063074894, 4.8715837866578235, 0.38540459515907877, 0.39849473856549783, 0.35804469114650533, 0.3013028782966924]
  n_modes in dominant group: 35, groups: 7
Done.
Job completed at Tue Aug  4 01:02:10 PM +08 2026
~~~~~~~~~~~~~~~~~~~~~~~~~~~~~~~~~~~~~~~~~~~~~~~~~~~~~~~~~~~~~~~~~~~~~~~~~~~~~~~~~~~~~~~~~~
			Resource Usage on 2026-08-04 13:02:11.462348:
~~~~~~~~~~~~~~~~~~~~~~~~~~~~~~~~~~~~~~~~~~~~~~~~~~~~~~~~~~~~~~~~~~~~~~~~~~~~~~~~~~~~~~~~~~
	JobId: 552425.hopper-m-02
	Project: CFP03-CF-051
	Exit Status: 0
~~~~~~~~~~~~~~~~~~~~~~~~~~~~~~~~~~~~~~~~~~~~~~~~~~~~~~~~~~~~~~~~~~~~~~~~~~~~~~~~~~~~~~~~~~
	NCPUs: Requested(12), Used(12)
	CPU Time Used: 00:01:31
	Memory: Requested(225gb), Used(13529776kb)
	Vmem Used: 41480968kb
	Walltime: Requested(02:00:00), Used(00:01:55)
~~~~~~~~~~~~~~~~~~~~~~~~~~~~~~~~~~~~~~~~~~~~~~~~~~~~~~~~~~~~~~~~~~~~~~~~~~~~~~~~~~~~~~~~~~
	Execution Nodes Used: (hopper-30:ngpus=1:ncpus=12:mem=235929600kb)
~~~~~~~~~~~~~~~~~~~~~~~~~~~~~~~~~~~~~~~~~~~~~~~~~~~~~~~~~~~~~~~~~~~~~~~~~~~~~~~~~~~~~~~~~~
	No GPU-related information available for this job.
