dt=5s  T=1.0yr  TDI gen=1
SNR (rhostat): 4354.0710
Loading stage1_anneal_s12 sampler from /scratch/e1498138/paper/ext/emri_g/stage1_anneal_s12/sampler_state.pkl...
stage1_anneal_s12 maxld: 2976.5033
stage1_anneal_s12 maxld point: [ 5.82634381  1.99281015  0.49706118 15.72982949  0.74403054  0.83037521
  3.57644322]
stage1_anneal_s12 posterior 1-sigma (diag): [4.26052785e-04 9.82007005e-05 1.23897430e-03 7.94668416e-03
 5.05997070e-05 1.03704283e-02 3.08689024e-02]
Ellipse prior bounds (per-dim sigma):
  logm1: [5.82507, 5.82762]  mu=5.82634  sigma=0.00043  N_sigma=3
  logm2: [1.99252, 1.99310]  mu=1.99281  sigma=0.00010  N_sigma=3
  a: [0.49334, 0.50078]  mu=0.49706  sigma=0.00124  N_sigma=3
  p0: [15.70599, 15.75367]  mu=15.72983  sigma=0.00795  N_sigma=3
  e0: [0.74388, 0.74418]  mu=0.74403  sigma=0.00005  N_sigma=3
  cos_qS: [0.79926, 0.86149]  mu=0.83038  sigma=0.01037  N_sigma=3
  phiS: [3.48384, 3.66905]  mu=3.57644  sigma=0.03087  N_sigma=3
Generating 500000 LHS points in 7D box...
Evaluating S6 semi-coherent statistic on 500000 points...
  [500/500000]  elapsed=59s  rate=8.4/s  ETA=59241s
  [1000/500000]  elapsed=119s  rate=8.4/s  ETA=59185s
  [1500/500000]  elapsed=178s  rate=8.4/s  ETA=59140s
  [2000/500000]  elapsed=237s  rate=8.4/s  ETA=59104s
  [2500/500000]  elapsed=297s  rate=8.4/s  ETA=59074s
  [3000/500000]  elapsed=356s  rate=8.4/s  ETA=59016s
  [3500/500000]  elapsed=416s  rate=8.4/s  ETA=58997s
  [4000/500000]  elapsed=475s  rate=8.4/s  ETA=58950s
  [4500/500000]  elapsed=535s  rate=8.4/s  ETA=58923s
  [5000/500000]  elapsed=595s  rate=8.4/s  ETA=58918s
  [5500/500000]  elapsed=655s  rate=8.4/s  ETA=58901s
  [6000/500000]  elapsed=715s  rate=8.4/s  ETA=58877s
  [6500/500000]  elapsed=775s  rate=8.4/s  ETA=58843s
  [7000/500000]  elapsed=835s  rate=8.4/s  ETA=58813s
  [7500/500000]  elapsed=895s  rate=8.4/s  ETA=58775s
  [8000/500000]  elapsed=955s  rate=8.4/s  ETA=58711s
  [8500/500000]  elapsed=1014s  rate=8.4/s  ETA=58633s
  [9000/500000]  elapsed=1073s  rate=8.4/s  ETA=58559s
  [9500/500000]  elapsed=1133s  rate=8.4/s  ETA=58480s
  [10000/500000]  elapsed=1192s  rate=8.4/s  ETA=58407s
  [10500/500000]  elapsed=1251s  rate=8.4/s  ETA=58332s
  [11000/500000]  elapsed=1311s  rate=8.4/s  ETA=58259s
  [11500/500000]  elapsed=1370s  rate=8.4/s  ETA=58198s
  [12000/500000]  elapsed=1429s  rate=8.4/s  ETA=58129s
  [12500/500000]  elapsed=1489s  rate=8.4/s  ETA=58079s
  [13000/500000]  elapsed=1549s  rate=8.4/s  ETA=58034s
  [13500/500000]  elapsed=1609s  rate=8.4/s  ETA=57987s
  [14000/500000]  elapsed=1669s  rate=8.4/s  ETA=57938s
  [14500/500000]  elapsed=1729s  rate=8.4/s  ETA=57890s
  [15000/500000]  elapsed=1789s  rate=8.4/s  ETA=57842s
  [15500/500000]  elapsed=1849s  rate=8.4/s  ETA=57792s
  [16000/500000]  elapsed=1908s  rate=8.4/s  ETA=57726s
  [16500/500000]  elapsed=1968s  rate=8.4/s  ETA=57682s
  [17000/500000]  elapsed=2028s  rate=8.4/s  ETA=57622s
  [17500/500000]  elapsed=2087s  rate=8.4/s  ETA=57555s
  [18000/500000]  elapsed=2147s  rate=8.4/s  ETA=57488s
  [18500/500000]  elapsed=2206s  rate=8.4/s  ETA=57419s
  [19000/500000]  elapsed=2265s  rate=8.4/s  ETA=57352s
  [19500/500000]  elapsed=2325s  rate=8.4/s  ETA=57291s
  [20000/500000]  elapsed=2384s  rate=8.4/s  ETA=57227s
  [20500/500000]  elapsed=2444s  rate=8.4/s  ETA=57173s
  [21000/500000]  elapsed=2504s  rate=8.4/s  ETA=57122s
  [21500/500000]  elapsed=2564s  rate=8.4/s  ETA=57069s
  [22000/500000]  elapsed=2624s  rate=8.4/s  ETA=57016s
  [22500/500000]  elapsed=2684s  rate=8.4/s  ETA=56963s
  [23000/500000]  elapsed=2744s  rate=8.4/s  ETA=56911s
  [23500/500000]  elapsed=2804s  rate=8.4/s  ETA=56857s
  [24000/500000]  elapsed=2864s  rate=8.4/s  ETA=56793s
  [24500/500000]  elapsed=2923s  rate=8.4/s  ETA=56728s
  [25000/500000]  elapsed=2982s  rate=8.4/s  ETA=56663s
  [25500/500000]  elapsed=3042s  rate=8.4/s  ETA=56598s
  [26000/500000]  elapsed=3101s  rate=8.4/s  ETA=56533s
  [26500/500000]  elapsed=3160s  rate=8.4/s  ETA=56469s
  [27000/500000]  elapsed=3220s  rate=8.4/s  ETA=56405s
  [27500/500000]  elapsed=3279s  rate=8.4/s  ETA=56345s
  [28000/500000]  elapsed=3339s  rate=8.4/s  ETA=56282s
  [28500/500000]  elapsed=3399s  rate=8.4/s  ETA=56229s
  [29000/500000]  elapsed=3459s  rate=8.4/s  ETA=56175s
  [29500/500000]  elapsed=3519s  rate=8.4/s  ETA=56121s
  [30000/500000]  elapsed=3579s  rate=8.4/s  ETA=56066s
  [30500/500000]  elapsed=3639s  rate=8.4/s  ETA=56011s
  [31000/500000]  elapsed=3699s  rate=8.4/s  ETA=55957s
  [31500/500000]  elapsed=3759s  rate=8.4/s  ETA=55900s
  [32000/500000]  elapsed=3818s  rate=8.4/s  ETA=55836s
  [32500/500000]  elapsed=3877s  rate=8.4/s  ETA=55771s
  [33000/500000]  elapsed=3937s  rate=8.4/s  ETA=55708s
  [33500/500000]  elapsed=3996s  rate=8.4/s  ETA=55645s
  [34000/500000]  elapsed=4055s  rate=8.4/s  ETA=55582s
  [34500/500000]  elapsed=4115s  rate=8.4/s  ETA=55518s
  [35000/500000]  elapsed=4174s  rate=8.4/s  ETA=55455s
  [35500/500000]  elapsed=4234s  rate=8.4/s  ETA=55395s
  [36000/500000]  elapsed=4293s  rate=8.4/s  ETA=55335s
  [36500/500000]  elapsed=4353s  rate=8.4/s  ETA=55280s
  [37000/500000]  elapsed=4413s  rate=8.4/s  ETA=55225s
  [37500/500000]  elapsed=4473s  rate=8.4/s  ETA=55169s
  [38000/500000]  elapsed=4533s  rate=8.4/s  ETA=55113s
  [38500/500000]  elapsed=4593s  rate=8.4/s  ETA=55057s
  [39000/500000]  elapsed=4653s  rate=8.4/s  ETA=55001s
  [39500/500000]  elapsed=4713s  rate=8.4/s  ETA=54944s
  [40000/500000]  elapsed=4772s  rate=8.4/s  ETA=54881s
  [40500/500000]  elapsed=4832s  rate=8.4/s  ETA=54818s
  [41000/500000]  elapsed=4891s  rate=8.4/s  ETA=54755s
  [41500/500000]  elapsed=4950s  rate=8.4/s  ETA=54693s
  [42000/500000]  elapsed=5010s  rate=8.4/s  ETA=54630s
  [42500/500000]  elapsed=5069s  rate=8.4/s  ETA=54568s
  [43000/500000]  elapsed=5129s  rate=8.4/s  ETA=54507s
  [43500/500000]  elapsed=5188s  rate=8.4/s  ETA=54446s
  [44000/500000]  elapsed=5248s  rate=8.4/s  ETA=54389s
  [44500/500000]  elapsed=5308s  rate=8.4/s  ETA=54333s
  [45000/500000]  elapsed=5368s  rate=8.4/s  ETA=54277s
  [45500/500000]  elapsed=5428s  rate=8.4/s  ETA=54221s
  [46000/500000]  elapsed=5488s  rate=8.4/s  ETA=54164s
  [46500/500000]  elapsed=5548s  rate=8.4/s  ETA=54107s
  [47000/500000]  elapsed=5608s  rate=8.4/s  ETA=54051s
  [47500/500000]  elapsed=5668s  rate=8.4/s  ETA=53991s
  [48000/500000]  elapsed=5727s  rate=8.4/s  ETA=53929s
  [48500/500000]  elapsed=5786s  rate=8.4/s  ETA=53866s
  [49000/500000]  elapsed=5846s  rate=8.4/s  ETA=53804s
  [49500/500000]  elapsed=5905s  rate=8.4/s  ETA=53742s
  [50000/500000]  elapsed=5964s  rate=8.4/s  ETA=53679s
  [50500/500000]  elapsed=6024s  rate=8.4/s  ETA=53617s
  [51000/500000]  elapsed=6083s  rate=8.4/s  ETA=53557s
  [51500/500000]  elapsed=6143s  rate=8.4/s  ETA=53496s
  [52000/500000]  elapsed=6203s  rate=8.4/s  ETA=53438s
  [52500/500000]  elapsed=6263s  rate=8.4/s  ETA=53381s
  [53000/500000]  elapsed=6323s  rate=8.4/s  ETA=53325s
  [53500/500000]  elapsed=6383s  rate=8.4/s  ETA=53268s
  [54000/500000]  elapsed=6443s  rate=8.4/s  ETA=53211s
  [54500/500000]  elapsed=6503s  rate=8.4/s  ETA=53154s
  [55000/500000]  elapsed=6563s  rate=8.4/s  ETA=53097s
  [55500/500000]  elapsed=6622s  rate=8.4/s  ETA=53037s
  [56000/500000]  elapsed=6681s  rate=8.4/s  ETA=52975s
  [56500/500000]  elapsed=6741s  rate=8.4/s  ETA=52912s
  [57000/500000]  elapsed=6800s  rate=8.4/s  ETA=52850s
  [57500/500000]  elapsed=6860s  rate=8.4/s  ETA=52789s
  [58000/500000]  elapsed=6919s  rate=8.4/s  ETA=52727s
  [58500/500000]  elapsed=6978s  rate=8.4/s  ETA=52666s
  [59000/500000]  elapsed=7038s  rate=8.4/s  ETA=52606s
  [59500/500000]  elapsed=7097s  rate=8.4/s  ETA=52545s
  [60000/500000]  elapsed=7157s  rate=8.4/s  ETA=52488s
  [60500/500000]  elapsed=7217s  rate=8.4/s  ETA=52431s
  [61000/500000]  elapsed=7277s  rate=8.4/s  ETA=52374s
  [61500/500000]  elapsed=7337s  rate=8.4/s  ETA=52316s
  [62000/500000]  elapsed=7397s  rate=8.4/s  ETA=52258s
  [62500/500000]  elapsed=7457s  rate=8.4/s  ETA=52200s
  [63000/500000]  elapsed=7517s  rate=8.4/s  ETA=52142s
  [63500/500000]  elapsed=7576s  rate=8.4/s  ETA=52081s
  [64000/500000]  elapsed=7636s  rate=8.4/s  ETA=52019s
  [64500/500000]  elapsed=7695s  rate=8.4/s  ETA=51957s
  [65000/500000]  elapsed=7754s  rate=8.4/s  ETA=51895s
  [65500/500000]  elapsed=7814s  rate=8.4/s  ETA=51834s
  [66000/500000]  elapsed=7873s  rate=8.4/s  ETA=51772s
  [66500/500000]  elapsed=7933s  rate=8.4/s  ETA=51712s
  [67000/500000]  elapsed=7992s  rate=8.4/s  ETA=51652s
  [67500/500000]  elapsed=8052s  rate=8.4/s  ETA=51592s
  [68000/500000]  elapsed=8112s  rate=8.4/s  ETA=51534s
  [68500/500000]  elapsed=8172s  rate=8.4/s  ETA=51477s
  [69000/500000]  elapsed=8232s  rate=8.4/s  ETA=51419s
  [69500/500000]  elapsed=8292s  rate=8.4/s  ETA=51362s
  [70000/500000]  elapsed=8352s  rate=8.4/s  ETA=51304s
  [70500/500000]  elapsed=8412s  rate=8.4/s  ETA=51246s
  [71000/500000]  elapsed=8472s  rate=8.4/s  ETA=51187s
  [71500/500000]  elapsed=8531s  rate=8.4/s  ETA=51125s
  [72000/500000]  elapsed=8590s  rate=8.4/s  ETA=51063s
  [72500/500000]  elapsed=8649s  rate=8.4/s  ETA=51002s
  [73000/500000]  elapsed=8709s  rate=8.4/s  ETA=50940s
  [73500/500000]  elapsed=8768s  rate=8.4/s  ETA=50879s
  [74000/500000]  elapsed=8827s  rate=8.4/s  ETA=50817s
  [74500/500000]  elapsed=8887s  rate=8.4/s  ETA=50758s
  [75000/500000]  elapsed=8947s  rate=8.4/s  ETA=50697s
  [75500/500000]  elapsed=9006s  rate=8.4/s  ETA=50638s
  [76000/500000]  elapsed=9066s  rate=8.4/s  ETA=50581s
  [76500/500000]  elapsed=9126s  rate=8.4/s  ETA=50523s
  [77000/500000]  elapsed=9186s  rate=8.4/s  ETA=50465s
  [77500/500000]  elapsed=9246s  rate=8.4/s  ETA=50407s
  [78000/500000]  elapsed=9306s  rate=8.4/s  ETA=50349s
  [78500/500000]  elapsed=9366s  rate=8.4/s  ETA=50291s
  [79000/500000]  elapsed=9426s  rate=8.4/s  ETA=50231s
  [79500/500000]  elapsed=9485s  rate=8.4/s  ETA=50170s
  [80000/500000]  elapsed=9544s  rate=8.4/s  ETA=50109s
  [80500/500000]  elapsed=9604s  rate=8.4/s  ETA=50048s
  [81000/500000]  elapsed=9663s  rate=8.4/s  ETA=49986s
  [81500/500000]  elapsed=9723s  rate=8.4/s  ETA=49925s
  [82000/500000]  elapsed=9782s  rate=8.4/s  ETA=49864s
  [82500/500000]  elapsed=9841s  rate=8.4/s  ETA=49803s
  [83000/500000]  elapsed=9901s  rate=8.4/s  ETA=49743s
  [83500/500000]  elapsed=9961s  rate=8.4/s  ETA=49684s
  [84000/500000]  elapsed=10021s  rate=8.4/s  ETA=49626s
  [84500/500000]  elapsed=10081s  rate=8.4/s  ETA=49568s
  [85000/500000]  elapsed=10141s  rate=8.4/s  ETA=49510s
  [85500/500000]  elapsed=10200s  rate=8.4/s  ETA=49451s
  [86000/500000]  elapsed=10260s  rate=8.4/s  ETA=49393s
  [86500/500000]  elapsed=10320s  rate=8.4/s  ETA=49335s
  [87000/500000]  elapsed=10380s  rate=8.4/s  ETA=49274s
  [87500/500000]  elapsed=10439s  rate=8.4/s  ETA=49213s
  [88000/500000]  elapsed=10498s  rate=8.4/s  ETA=49152s
  [88500/500000]  elapsed=10558s  rate=8.4/s  ETA=49091s
  [89000/500000]  elapsed=10617s  rate=8.4/s  ETA=49030s
  [89500/500000]  elapsed=10676s  rate=8.4/s  ETA=48969s
  [90000/500000]  elapsed=10736s  rate=8.4/s  ETA=48908s
  [90500/500000]  elapsed=10795s  rate=8.4/s  ETA=48848s
  [91000/500000]  elapsed=10855s  rate=8.4/s  ETA=48788s
  [91500/500000]  elapsed=10915s  rate=8.4/s  ETA=48730s
  [92000/500000]  elapsed=10975s  rate=8.4/s  ETA=48672s
  [92500/500000]  elapsed=11035s  rate=8.4/s  ETA=48614s
  [93000/500000]  elapsed=11095s  rate=8.4/s  ETA=48555s
  [93500/500000]  elapsed=11155s  rate=8.4/s  ETA=48497s
  [94000/500000]  elapsed=11215s  rate=8.4/s  ETA=48439s
  [94500/500000]  elapsed=11275s  rate=8.4/s  ETA=48380s
  [95000/500000]  elapsed=11334s  rate=8.4/s  ETA=48320s
  [95500/500000]  elapsed=11394s  rate=8.4/s  ETA=48259s
  [96000/500000]  elapsed=11453s  rate=8.4/s  ETA=48198s
  [96500/500000]  elapsed=11512s  rate=8.4/s  ETA=48137s
  [97000/500000]  elapsed=11572s  rate=8.4/s  ETA=48077s
  [97500/500000]  elapsed=11631s  rate=8.4/s  ETA=48016s
  [98000/500000]  elapsed=11690s  rate=8.4/s  ETA=47955s
  [98500/500000]  elapsed=11750s  rate=8.4/s  ETA=47895s
  [99000/500000]  elapsed=11809s  rate=8.4/s  ETA=47834s
  [99500/500000]  elapsed=11869s  rate=8.4/s  ETA=47776s
  [100000/500000]  elapsed=11929s  rate=8.4/s  ETA=47717s
  [100500/500000]  elapsed=11989s  rate=8.4/s  ETA=47659s
  [101000/500000]  elapsed=12049s  rate=8.4/s  ETA=47600s
  [101500/500000]  elapsed=12109s  rate=8.4/s  ETA=47542s
  [102000/500000]  elapsed=12169s  rate=8.4/s  ETA=47484s
  [102500/500000]  elapsed=12229s  rate=8.4/s  ETA=47426s
  [103000/500000]  elapsed=12289s  rate=8.4/s  ETA=47365s
  [103500/500000]  elapsed=12348s  rate=8.4/s  ETA=47304s
  [104000/500000]  elapsed=12407s  rate=8.4/s  ETA=47243s
  [104500/500000]  elapsed=12467s  rate=8.4/s  ETA=47183s
  [105000/500000]  elapsed=12526s  rate=8.4/s  ETA=47122s
  [105500/500000]  elapsed=12586s  rate=8.4/s  ETA=47061s
  [106000/500000]  elapsed=12645s  rate=8.4/s  ETA=47001s
  [106500/500000]  elapsed=12705s  rate=8.4/s  ETA=46942s
  [107000/500000]  elapsed=12764s  rate=8.4/s  ETA=46881s
  [107500/500000]  elapsed=12824s  rate=8.4/s  ETA=46823s
  [108000/500000]  elapsed=12884s  rate=8.4/s  ETA=46765s
  [108500/500000]  elapsed=12944s  rate=8.4/s  ETA=46706s
  [109000/500000]  elapsed=13004s  rate=8.4/s  ETA=46648s
  [109500/500000]  elapsed=13064s  rate=8.4/s  ETA=46589s
  [110000/500000]  elapsed=13124s  rate=8.4/s  ETA=46531s
  [110500/500000]  elapsed=13184s  rate=8.4/s  ETA=46472s
  [111000/500000]  elapsed=13243s  rate=8.4/s  ETA=46412s
  [111500/500000]  elapsed=13303s  rate=8.4/s  ETA=46351s
  [112000/500000]  elapsed=13362s  rate=8.4/s  ETA=46290s
  [112500/500000]  elapsed=13421s  rate=8.4/s  ETA=46229s
  [113000/500000]  elapsed=13481s  rate=8.4/s  ETA=46169s
  [113500/500000]  elapsed=13540s  rate=8.4/s  ETA=46108s
  [114000/500000]  elapsed=13600s  rate=8.4/s  ETA=46048s
  [114500/500000]  elapsed=13659s  rate=8.4/s  ETA=45988s
  [115000/500000]  elapsed=13719s  rate=8.4/s  ETA=45928s
  [115500/500000]  elapsed=13779s  rate=8.4/s  ETA=45869s
  [116000/500000]  elapsed=13839s  rate=8.4/s  ETA=45811s
  [116500/500000]  elapsed=13899s  rate=8.4/s  ETA=45752s
  [117000/500000]  elapsed=13959s  rate=8.4/s  ETA=45693s
  [117500/500000]  elapsed=14019s  rate=8.4/s  ETA=45635s
  [118000/500000]  elapsed=14079s  rate=8.4/s  ETA=45576s
  [118500/500000]  elapsed=14139s  rate=8.4/s  ETA=45518s
  [119000/500000]  elapsed=14198s  rate=8.4/s  ETA=45458s
  [119500/500000]  elapsed=14257s  rate=8.4/s  ETA=45397s
  [120000/500000]  elapsed=14317s  rate=8.4/s  ETA=45337s
  [120500/500000]  elapsed=14376s  rate=8.4/s  ETA=45277s
  [121000/500000]  elapsed=14436s  rate=8.4/s  ETA=45217s
  [121500/500000]  elapsed=14495s  rate=8.4/s  ETA=45156s
  [122000/500000]  elapsed=14555s  rate=8.4/s  ETA=45096s
  [122500/500000]  elapsed=14614s  rate=8.4/s  ETA=45036s
  [123000/500000]  elapsed=14674s  rate=8.4/s  ETA=44976s
  [123500/500000]  elapsed=14734s  rate=8.4/s  ETA=44918s
  [124000/500000]  elapsed=14794s  rate=8.4/s  ETA=44859s
  [124500/500000]  elapsed=14854s  rate=8.4/s  ETA=44800s
  [125000/500000]  elapsed=14914s  rate=8.4/s  ETA=44742s
  [125500/500000]  elapsed=14974s  rate=8.4/s  ETA=44683s
  [126000/500000]  elapsed=15034s  rate=8.4/s  ETA=44624s
  [126500/500000]  elapsed=15094s  rate=8.4/s  ETA=44565s
  [127000/500000]  elapsed=15153s  rate=8.4/s  ETA=44505s
  [127500/500000]  elapsed=15212s  rate=8.4/s  ETA=44444s
  [128000/500000]  elapsed=15272s  rate=8.4/s  ETA=44383s
  [128500/500000]  elapsed=15331s  rate=8.4/s  ETA=44323s
  [129000/500000]  elapsed=15391s  rate=8.4/s  ETA=44263s
  [129500/500000]  elapsed=15450s  rate=8.4/s  ETA=44202s
  [130000/500000]  elapsed=15510s  rate=8.4/s  ETA=44143s
  [130500/500000]  elapsed=15569s  rate=8.4/s  ETA=44082s
  [131000/500000]  elapsed=15629s  rate=8.4/s  ETA=44023s
  [131500/500000]  elapsed=15689s  rate=8.4/s  ETA=43964s
  [132000/500000]  elapsed=15749s  rate=8.4/s  ETA=43906s
  [132500/500000]  elapsed=15809s  rate=8.4/s  ETA=43847s
  [133000/500000]  elapsed=15869s  rate=8.4/s  ETA=43788s
  [133500/500000]  elapsed=15929s  rate=8.4/s  ETA=43729s
  [134000/500000]  elapsed=15989s  rate=8.4/s  ETA=43671s
  [134500/500000]  elapsed=16048s  rate=8.4/s  ETA=43611s
  [135000/500000]  elapsed=16108s  rate=8.4/s  ETA=43551s
  [135500/500000]  elapsed=16167s  rate=8.4/s  ETA=43490s
  [136000/500000]  elapsed=16227s  rate=8.4/s  ETA=43431s
  [136500/500000]  elapsed=16286s  rate=8.4/s  ETA=43370s
  [137000/500000]  elapsed=16346s  rate=8.4/s  ETA=43310s
  [137500/500000]  elapsed=16405s  rate=8.4/s  ETA=43250s
  [138000/500000]  elapsed=16465s  rate=8.4/s  ETA=43190s
  [138500/500000]  elapsed=16524s  rate=8.4/s  ETA=43130s
  [139000/500000]  elapsed=16584s  rate=8.4/s  ETA=43071s
  [139500/500000]  elapsed=16644s  rate=8.4/s  ETA=43012s
  [140000/500000]  elapsed=16704s  rate=8.4/s  ETA=42953s
  [140500/500000]  elapsed=16764s  rate=8.4/s  ETA=42894s
  [141000/500000]  elapsed=16824s  rate=8.4/s  ETA=42835s
  [141500/500000]  elapsed=16884s  rate=8.4/s  ETA=42776s
  [142000/500000]  elapsed=16944s  rate=8.4/s  ETA=42717s
  [142500/500000]  elapsed=17003s  rate=8.4/s  ETA=42657s
  [143000/500000]  elapsed=17063s  rate=8.4/s  ETA=42597s
  [143500/500000]  elapsed=17122s  rate=8.4/s  ETA=42537s
  [144000/500000]  elapsed=17182s  rate=8.4/s  ETA=42477s
  [144500/500000]  elapsed=17241s  rate=8.4/s  ETA=42416s
  [145000/500000]  elapsed=17300s  rate=8.4/s  ETA=42356s
  [145500/500000]  elapsed=17360s  rate=8.4/s  ETA=42296s
  [146000/500000]  elapsed=17420s  rate=8.4/s  ETA=42237s
  [146500/500000]  elapsed=17479s  rate=8.4/s  ETA=42177s
  [147000/500000]  elapsed=17539s  rate=8.4/s  ETA=42118s
  [147500/500000]  elapsed=17599s  rate=8.4/s  ETA=42059s
  [148000/500000]  elapsed=17659s  rate=8.4/s  ETA=42000s
  [148500/500000]  elapsed=17719s  rate=8.4/s  ETA=41941s
  [149000/500000]  elapsed=17779s  rate=8.4/s  ETA=41883s
  [149500/500000]  elapsed=17839s  rate=8.4/s  ETA=41824s
  [150000/500000]  elapsed=17899s  rate=8.4/s  ETA=41765s
  [150500/500000]  elapsed=17959s  rate=8.4/s  ETA=41705s
  [151000/500000]  elapsed=18018s  rate=8.4/s  ETA=41645s
  [151500/500000]  elapsed=18078s  rate=8.4/s  ETA=41585s
  [152000/500000]  elapsed=18137s  rate=8.4/s  ETA=41525s
  [152500/500000]  elapsed=18197s  rate=8.4/s  ETA=41465s
  [153000/500000]  elapsed=18257s  rate=8.4/s  ETA=41406s
  [153500/500000]  elapsed=18316s  rate=8.4/s  ETA=41345s
  [154000/500000]  elapsed=18376s  rate=8.4/s  ETA=41286s
  [154500/500000]  elapsed=18435s  rate=8.4/s  ETA=41226s
  [155000/500000]  elapsed=18495s  rate=8.4/s  ETA=41167s
  [155500/500000]  elapsed=18555s  rate=8.4/s  ETA=41108s
  [156000/500000]  elapsed=18615s  rate=8.4/s  ETA=41049s
  [156500/500000]  elapsed=18675s  rate=8.4/s  ETA=40990s
  [157000/500000]  elapsed=18735s  rate=8.4/s  ETA=40931s
  [157500/500000]  elapsed=18795s  rate=8.4/s  ETA=40872s
  [158000/500000]  elapsed=18855s  rate=8.4/s  ETA=40813s
  [158500/500000]  elapsed=18915s  rate=8.4/s  ETA=40753s
  [159000/500000]  elapsed=18974s  rate=8.4/s  ETA=40692s
  [159500/500000]  elapsed=19033s  rate=8.4/s  ETA=40632s
  [160000/500000]  elapsed=19093s  rate=8.4/s  ETA=40572s
  [160500/500000]  elapsed=19152s  rate=8.4/s  ETA=40511s
  [161000/500000]  elapsed=19211s  rate=8.4/s  ETA=40451s
  [161500/500000]  elapsed=19271s  rate=8.4/s  ETA=40391s
  [162000/500000]  elapsed=19330s  rate=8.4/s  ETA=40331s
  [162500/500000]  elapsed=19390s  rate=8.4/s  ETA=40271s
  [163000/500000]  elapsed=19450s  rate=8.4/s  ETA=40212s
  [163500/500000]  elapsed=19510s  rate=8.4/s  ETA=40153s
  [164000/500000]  elapsed=19570s  rate=8.4/s  ETA=40094s
  [164500/500000]  elapsed=19630s  rate=8.4/s  ETA=40035s
  [165000/500000]  elapsed=19690s  rate=8.4/s  ETA=39976s
  [165500/500000]  elapsed=19749s  rate=8.4/s  ETA=39917s
  [166000/500000]  elapsed=19809s  rate=8.4/s  ETA=39858s
  [166500/500000]  elapsed=19869s  rate=8.4/s  ETA=39797s
  [167000/500000]  elapsed=19928s  rate=8.4/s  ETA=39737s
  [167500/500000]  elapsed=19988s  rate=8.4/s  ETA=39677s
  [168000/500000]  elapsed=20047s  rate=8.4/s  ETA=39617s
  [168500/500000]  elapsed=20107s  rate=8.4/s  ETA=39557s
  [169000/500000]  elapsed=20166s  rate=8.4/s  ETA=39497s
  [169500/500000]  elapsed=20226s  rate=8.4/s  ETA=39437s
  [170000/500000]  elapsed=20285s  rate=8.4/s  ETA=39377s
  [170500/500000]  elapsed=20345s  rate=8.4/s  ETA=39318s
  [171000/500000]  elapsed=20405s  rate=8.4/s  ETA=39259s
  [171500/500000]  elapsed=20465s  rate=8.4/s  ETA=39200s
  [172000/500000]  elapsed=20525s  rate=8.4/s  ETA=39141s
  [172500/500000]  elapsed=20585s  rate=8.4/s  ETA=39082s
  [173000/500000]  elapsed=20645s  rate=8.4/s  ETA=39023s
  [173500/500000]  elapsed=20705s  rate=8.4/s  ETA=38964s
  [174000/500000]  elapsed=20765s  rate=8.4/s  ETA=38905s
  [174500/500000]  elapsed=20824s  rate=8.4/s  ETA=38844s
  [175000/500000]  elapsed=20884s  rate=8.4/s  ETA=38784s
  [175500/500000]  elapsed=20943s  rate=8.4/s  ETA=38724s
  [176000/500000]  elapsed=21003s  rate=8.4/s  ETA=38664s
  [176500/500000]  elapsed=21062s  rate=8.4/s  ETA=38604s
  [177000/500000]  elapsed=21121s  rate=8.4/s  ETA=38544s
  [177500/500000]  elapsed=21181s  rate=8.4/s  ETA=38484s
  [178000/500000]  elapsed=21241s  rate=8.4/s  ETA=38424s
  [178500/500000]  elapsed=21300s  rate=8.4/s  ETA=38365s
  [179000/500000]  elapsed=21360s  rate=8.4/s  ETA=38306s
  [179500/500000]  elapsed=21420s  rate=8.4/s  ETA=38247s
  [180000/500000]  elapsed=21481s  rate=8.4/s  ETA=38188s
  [180500/500000]  elapsed=21541s  rate=8.4/s  ETA=38129s
  [181000/500000]  elapsed=21601s  rate=8.4/s  ETA=38070s
  [181500/500000]  elapsed=21661s  rate=8.4/s  ETA=38011s
  [182000/500000]  elapsed=21720s  rate=8.4/s  ETA=37951s
  [182500/500000]  elapsed=21780s  rate=8.4/s  ETA=37891s
  [183000/500000]  elapsed=21839s  rate=8.4/s  ETA=37831s
  [183500/500000]  elapsed=21899s  rate=8.4/s  ETA=37771s
  [184000/500000]  elapsed=21958s  rate=8.4/s  ETA=37711s
  [184500/500000]  elapsed=22018s  rate=8.4/s  ETA=37651s
  [185000/500000]  elapsed=22077s  rate=8.4/s  ETA=37591s
  [185500/500000]  elapsed=22137s  rate=8.4/s  ETA=37531s
  [186000/500000]  elapsed=22196s  rate=8.4/s  ETA=37471s
  [186500/500000]  elapsed=22256s  rate=8.4/s  ETA=37412s
  [187000/500000]  elapsed=22316s  rate=8.4/s  ETA=37353s
  [187500/500000]  elapsed=22377s  rate=8.4/s  ETA=37294s
  [188000/500000]  elapsed=22437s  rate=8.4/s  ETA=37235s
  [188500/500000]  elapsed=22497s  rate=8.4/s  ETA=37176s
  [189000/500000]  elapsed=22557s  rate=8.4/s  ETA=37117s
  [189500/500000]  elapsed=22617s  rate=8.4/s  ETA=37058s
  [190000/500000]  elapsed=22676s  rate=8.4/s  ETA=36998s
  [190500/500000]  elapsed=22735s  rate=8.4/s  ETA=36937s
  [191000/500000]  elapsed=22795s  rate=8.4/s  ETA=36877s
  [191500/500000]  elapsed=22854s  rate=8.4/s  ETA=36817s
  [192000/500000]  elapsed=22913s  rate=8.4/s  ETA=36756s
  [192500/500000]  elapsed=22972s  rate=8.4/s  ETA=36696s
  [193000/500000]  elapsed=23032s  rate=8.4/s  ETA=36636s
  [193500/500000]  elapsed=23091s  rate=8.4/s  ETA=36576s
  [194000/500000]  elapsed=23151s  rate=8.4/s  ETA=36516s
  [194500/500000]  elapsed=23211s  rate=8.4/s  ETA=36457s
  [195000/500000]  elapsed=23271s  rate=8.4/s  ETA=36398s
  [195500/500000]  elapsed=23331s  rate=8.4/s  ETA=36339s
  [196000/500000]  elapsed=23391s  rate=8.4/s  ETA=36279s
  [196500/500000]  elapsed=23451s  rate=8.4/s  ETA=36220s
  [197000/500000]  elapsed=23510s  rate=8.4/s  ETA=36161s
  [197500/500000]  elapsed=23570s  rate=8.4/s  ETA=36101s
  [198000/500000]  elapsed=23630s  rate=8.4/s  ETA=36041s
  [198500/500000]  elapsed=23689s  rate=8.4/s  ETA=35981s
  [199000/500000]  elapsed=23748s  rate=8.4/s  ETA=35921s
  [199500/500000]  elapsed=23808s  rate=8.4/s  ETA=35861s
  [200000/500000]  elapsed=23867s  rate=8.4/s  ETA=35800s
  [200500/500000]  elapsed=23926s  rate=8.4/s  ETA=35740s
  [201000/500000]  elapsed=23986s  rate=8.4/s  ETA=35680s
  [201500/500000]  elapsed=24045s  rate=8.4/s  ETA=35621s
  [202000/500000]  elapsed=24105s  rate=8.4/s  ETA=35561s
  [202500/500000]  elapsed=24165s  rate=8.4/s  ETA=35502s
  [203000/500000]  elapsed=24225s  rate=8.4/s  ETA=35443s
  [203500/500000]  elapsed=24285s  rate=8.4/s  ETA=35384s
  [204000/500000]  elapsed=24345s  rate=8.4/s  ETA=35325s
  [204500/500000]  elapsed=24405s  rate=8.4/s  ETA=35266s
  [205000/500000]  elapsed=24465s  rate=8.4/s  ETA=35206s
  [205500/500000]  elapsed=24525s  rate=8.4/s  ETA=35147s
  [206000/500000]  elapsed=24585s  rate=8.4/s  ETA=35087s
  [206500/500000]  elapsed=24644s  rate=8.4/s  ETA=35027s
  [207000/500000]  elapsed=24704s  rate=8.4/s  ETA=34967s
  [207500/500000]  elapsed=24763s  rate=8.4/s  ETA=34907s
  [208000/500000]  elapsed=24822s  rate=8.4/s  ETA=34847s
  [208500/500000]  elapsed=24882s  rate=8.4/s  ETA=34786s
  [209000/500000]  elapsed=24941s  rate=8.4/s  ETA=34727s
  [209500/500000]  elapsed=25001s  rate=8.4/s  ETA=34667s
  [210000/500000]  elapsed=25060s  rate=8.4/s  ETA=34607s
  [210500/500000]  elapsed=25120s  rate=8.4/s  ETA=34548s
  [211000/500000]  elapsed=25180s  rate=8.4/s  ETA=34489s
  [211500/500000]  elapsed=25240s  rate=8.4/s  ETA=34430s
  [212000/500000]  elapsed=25300s  rate=8.4/s  ETA=34370s
  [212500/500000]  elapsed=25360s  rate=8.4/s  ETA=34311s
  [213000/500000]  elapsed=25420s  rate=8.4/s  ETA=34252s
  [213500/500000]  elapsed=25480s  rate=8.4/s  ETA=34192s
  [214000/500000]  elapsed=25539s  rate=8.4/s  ETA=34132s
  [214500/500000]  elapsed=25599s  rate=8.4/s  ETA=34072s
  [215000/500000]  elapsed=25658s  rate=8.4/s  ETA=34012s
  [215500/500000]  elapsed=25717s  rate=8.4/s  ETA=33952s
  [216000/500000]  elapsed=25777s  rate=8.4/s  ETA=33892s
  [216500/500000]  elapsed=25836s  rate=8.4/s  ETA=33832s
  [217000/500000]  elapsed=25896s  rate=8.4/s  ETA=33772s
  [217500/500000]  elapsed=25955s  rate=8.4/s  ETA=33712s
  [218000/500000]  elapsed=26015s  rate=8.4/s  ETA=33653s
  [218500/500000]  elapsed=26075s  rate=8.4/s  ETA=33593s
  [219000/500000]  elapsed=26135s  rate=8.4/s  ETA=33534s
  [219500/500000]  elapsed=26195s  rate=8.4/s  ETA=33475s
  [220000/500000]  elapsed=26255s  rate=8.4/s  ETA=33415s
  [220500/500000]  elapsed=26315s  rate=8.4/s  ETA=33356s
  [221000/500000]  elapsed=26375s  rate=8.4/s  ETA=33297s
  [221500/500000]  elapsed=26434s  rate=8.4/s  ETA=33236s
  [222000/500000]  elapsed=26493s  rate=8.4/s  ETA=33176s
  [222500/500000]  elapsed=26552s  rate=8.4/s  ETA=33116s
  [223000/500000]  elapsed=26611s  rate=8.4/s  ETA=33055s
  [223500/500000]  elapsed=26670s  rate=8.4/s  ETA=32995s
  [224000/500000]  elapsed=26730s  rate=8.4/s  ETA=32935s
  [224500/500000]  elapsed=26789s  rate=8.4/s  ETA=32874s
  [225000/500000]  elapsed=26848s  rate=8.4/s  ETA=32814s
  [225500/500000]  elapsed=26908s  rate=8.4/s  ETA=32754s
  [226000/500000]  elapsed=26967s  rate=8.4/s  ETA=32695s
  [226500/500000]  elapsed=27027s  rate=8.4/s  ETA=32635s
  [227000/500000]  elapsed=27087s  rate=8.4/s  ETA=32576s
  [227500/500000]  elapsed=27146s  rate=8.4/s  ETA=32516s
  [228000/500000]  elapsed=27206s  rate=8.4/s  ETA=32456s
  [228500/500000]  elapsed=27266s  rate=8.4/s  ETA=32397s
  [229000/500000]  elapsed=27325s  rate=8.4/s  ETA=32337s
  [229500/500000]  elapsed=27384s  rate=8.4/s  ETA=32276s
  [230000/500000]  elapsed=27443s  rate=8.4/s  ETA=32216s
  [230500/500000]  elapsed=27502s  rate=8.4/s  ETA=32156s
  [231000/500000]  elapsed=27561s  rate=8.4/s  ETA=32095s
  [231500/500000]  elapsed=27620s  rate=8.4/s  ETA=32035s
  [232000/500000]  elapsed=27679s  rate=8.4/s  ETA=31974s
  [232500/500000]  elapsed=27739s  rate=8.4/s  ETA=31915s
  [233000/500000]  elapsed=27798s  rate=8.4/s  ETA=31855s
  [233500/500000]  elapsed=27858s  rate=8.4/s  ETA=31795s
  [234000/500000]  elapsed=27917s  rate=8.4/s  ETA=31735s
  [234500/500000]  elapsed=27976s  rate=8.4/s  ETA=31675s
  [235000/500000]  elapsed=28035s  rate=8.4/s  ETA=31614s
  [235500/500000]  elapsed=28095s  rate=8.4/s  ETA=31554s
  [236000/500000]  elapsed=28154s  rate=8.4/s  ETA=31494s
  [236500/500000]  elapsed=28213s  rate=8.4/s  ETA=31434s
  [237000/500000]  elapsed=28273s  rate=8.4/s  ETA=31375s
  [237500/500000]  elapsed=28332s  rate=8.4/s  ETA=31315s
  [238000/500000]  elapsed=28392s  rate=8.4/s  ETA=31255s
  [238500/500000]  elapsed=28451s  rate=8.4/s  ETA=31195s
  [239000/500000]  elapsed=28511s  rate=8.4/s  ETA=31135s
  [239500/500000]  elapsed=28570s  rate=8.4/s  ETA=31075s
  [240000/500000]  elapsed=28629s  rate=8.4/s  ETA=31015s
  [240500/500000]  elapsed=28689s  rate=8.4/s  ETA=30955s
  [241000/500000]  elapsed=28748s  rate=8.4/s  ETA=30895s
  [241500/500000]  elapsed=28807s  rate=8.4/s  ETA=30835s
  [242000/500000]  elapsed=28867s  rate=8.4/s  ETA=30775s
  [242500/500000]  elapsed=28926s  rate=8.4/s  ETA=30715s
  [243000/500000]  elapsed=28985s  rate=8.4/s  ETA=30655s
  [243500/500000]  elapsed=29045s  rate=8.4/s  ETA=30595s
  [244000/500000]  elapsed=29104s  rate=8.4/s  ETA=30535s
  [244500/500000]  elapsed=29163s  rate=8.4/s  ETA=30475s
  [245000/500000]  elapsed=29222s  rate=8.4/s  ETA=30415s
  [245500/500000]  elapsed=29282s  rate=8.4/s  ETA=30356s
  [246000/500000]  elapsed=29342s  rate=8.4/s  ETA=30296s
  [246500/500000]  elapsed=29401s  rate=8.4/s  ETA=30236s
  [247000/500000]  elapsed=29461s  rate=8.4/s  ETA=30176s
  [247500/500000]  elapsed=29520s  rate=8.4/s  ETA=30116s
  [248000/500000]  elapsed=29579s  rate=8.4/s  ETA=30057s
  [248500/500000]  elapsed=29639s  rate=8.4/s  ETA=29997s
  [249000/500000]  elapsed=29698s  rate=8.4/s  ETA=29937s
  [249500/500000]  elapsed=29757s  rate=8.4/s  ETA=29877s
  [250000/500000]  elapsed=29817s  rate=8.4/s  ETA=29817s
  [250500/500000]  elapsed=29876s  rate=8.4/s  ETA=29757s
  [251000/500000]  elapsed=29935s  rate=8.4/s  ETA=29697s
  [251500/500000]  elapsed=29995s  rate=8.4/s  ETA=29637s
  [252000/500000]  elapsed=30054s  rate=8.4/s  ETA=29577s
  [252500/500000]  elapsed=30113s  rate=8.4/s  ETA=29517s
  [253000/500000]  elapsed=30172s  rate=8.4/s  ETA=29456s
  [253500/500000]  elapsed=30232s  rate=8.4/s  ETA=29397s
  [254000/500000]  elapsed=30291s  rate=8.4/s  ETA=29337s
  [254500/500000]  elapsed=30350s  rate=8.4/s  ETA=29277s
  [255000/500000]  elapsed=30409s  rate=8.4/s  ETA=29217s
  [255500/500000]  elapsed=30469s  rate=8.4/s  ETA=29157s
  [256000/500000]  elapsed=30528s  rate=8.4/s  ETA=29097s
  [256500/500000]  elapsed=30587s  rate=8.4/s  ETA=29037s
  [257000/500000]  elapsed=30646s  rate=8.4/s  ETA=28977s
  [257500/500000]  elapsed=30705s  rate=8.4/s  ETA=28917s
  [258000/500000]  elapsed=30765s  rate=8.4/s  ETA=28857s
  [258500/500000]  elapsed=30824s  rate=8.4/s  ETA=28797s
  [259000/500000]  elapsed=30883s  rate=8.4/s  ETA=28737s
  [259500/500000]  elapsed=30942s  rate=8.4/s  ETA=28677s
  [260000/500000]  elapsed=31001s  rate=8.4/s  ETA=28616s
  [260500/500000]  elapsed=31060s  rate=8.4/s  ETA=28556s
  [261000/500000]  elapsed=31119s  rate=8.4/s  ETA=28496s
  [261500/500000]  elapsed=31179s  rate=8.4/s  ETA=28436s
  [262000/500000]  elapsed=31238s  rate=8.4/s  ETA=28376s
  [262500/500000]  elapsed=31297s  rate=8.4/s  ETA=28316s
  [263000/500000]  elapsed=31356s  rate=8.4/s  ETA=28256s
  [263500/500000]  elapsed=31415s  rate=8.4/s  ETA=28196s
  [264000/500000]  elapsed=31474s  rate=8.4/s  ETA=28136s
  [264500/500000]  elapsed=31534s  rate=8.4/s  ETA=28077s
  [265000/500000]  elapsed=31593s  rate=8.4/s  ETA=28017s
  [265500/500000]  elapsed=31653s  rate=8.4/s  ETA=27957s
  [266000/500000]  elapsed=31712s  rate=8.4/s  ETA=27897s
  [266500/500000]  elapsed=31771s  rate=8.4/s  ETA=27837s
  [267000/500000]  elapsed=31831s  rate=8.4/s  ETA=27777s
  [267500/500000]  elapsed=31890s  rate=8.4/s  ETA=27717s
  [268000/500000]  elapsed=31949s  rate=8.4/s  ETA=27657s
  [268500/500000]  elapsed=32008s  rate=8.4/s  ETA=27597s
  [269000/500000]  elapsed=32068s  rate=8.4/s  ETA=27538s
  [269500/500000]  elapsed=32127s  rate=8.4/s  ETA=27478s
  [270000/500000]  elapsed=32186s  rate=8.4/s  ETA=27418s
  [270500/500000]  elapsed=32245s  rate=8.4/s  ETA=27358s
  [271000/500000]  elapsed=32305s  rate=8.4/s  ETA=27298s
  [271500/500000]  elapsed=32364s  rate=8.4/s  ETA=27238s
  [272000/500000]  elapsed=32423s  rate=8.4/s  ETA=27178s
  [272500/500000]  elapsed=32482s  rate=8.4/s  ETA=27118s
  [273000/500000]  elapsed=32541s  rate=8.4/s  ETA=27058s
  [273500/500000]  elapsed=32600s  rate=8.4/s  ETA=26998s
  [274000/500000]  elapsed=32659s  rate=8.4/s  ETA=26938s
  [274500/500000]  elapsed=32719s  rate=8.4/s  ETA=26878s
  [275000/500000]  elapsed=32778s  rate=8.4/s  ETA=26818s
  [275500/500000]  elapsed=32837s  rate=8.4/s  ETA=26758s
  [276000/500000]  elapsed=32896s  rate=8.4/s  ETA=26698s
  [276500/500000]  elapsed=32955s  rate=8.4/s  ETA=26638s
  [277000/500000]  elapsed=33015s  rate=8.4/s  ETA=26579s
  [277500/500000]  elapsed=33074s  rate=8.4/s  ETA=26519s
  [278000/500000]  elapsed=33134s  rate=8.4/s  ETA=26459s
  [278500/500000]  elapsed=33192s  rate=8.4/s  ETA=26399s
  [279000/500000]  elapsed=33251s  rate=8.4/s  ETA=26339s
  [279500/500000]  elapsed=33311s  rate=8.4/s  ETA=26279s
  [280000/500000]  elapsed=33370s  rate=8.4/s  ETA=26219s
  [280500/500000]  elapsed=33429s  rate=8.4/s  ETA=26159s
  [281000/500000]  elapsed=33488s  rate=8.4/s  ETA=26099s
  [281500/500000]  elapsed=33547s  rate=8.4/s  ETA=26040s
  [282000/500000]  elapsed=33607s  rate=8.4/s  ETA=25980s
  [282500/500000]  elapsed=33666s  rate=8.4/s  ETA=25920s
  [283000/500000]  elapsed=33725s  rate=8.4/s  ETA=25860s
  [283500/500000]  elapsed=33784s  rate=8.4/s  ETA=25800s
  [284000/500000]  elapsed=33843s  rate=8.4/s  ETA=25740s
  [284500/500000]  elapsed=33902s  rate=8.4/s  ETA=25680s
  [285000/500000]  elapsed=33961s  rate=8.4/s  ETA=25620s
  [285500/500000]  elapsed=34021s  rate=8.4/s  ETA=25560s
  [286000/500000]  elapsed=34080s  rate=8.4/s  ETA=25500s
  [286500/500000]  elapsed=34139s  rate=8.4/s  ETA=25441s
  [287000/500000]  elapsed=34198s  rate=8.4/s  ETA=25381s
  [287500/500000]  elapsed=34258s  rate=8.4/s  ETA=25321s
  [288000/500000]  elapsed=34317s  rate=8.4/s  ETA=25261s
  [288500/500000]  elapsed=34376s  rate=8.4/s  ETA=25201s
  [289000/500000]  elapsed=34436s  rate=8.4/s  ETA=25142s
  [289500/500000]  elapsed=34495s  rate=8.4/s  ETA=25082s
  [290000/500000]  elapsed=34554s  rate=8.4/s  ETA=25022s
  [290500/500000]  elapsed=34613s  rate=8.4/s  ETA=24962s
  [291000/500000]  elapsed=34672s  rate=8.4/s  ETA=24902s
  [291500/500000]  elapsed=34731s  rate=8.4/s  ETA=24842s
  [292000/500000]  elapsed=34790s  rate=8.4/s  ETA=24782s
  [292500/500000]  elapsed=34849s  rate=8.4/s  ETA=24722s
  [293000/500000]  elapsed=34909s  rate=8.4/s  ETA=24663s
  [293500/500000]  elapsed=34968s  rate=8.4/s  ETA=24603s
  [294000/500000]  elapsed=35028s  rate=8.4/s  ETA=24543s
  [294500/500000]  elapsed=35087s  rate=8.4/s  ETA=24483s
  [295000/500000]  elapsed=35147s  rate=8.4/s  ETA=24424s
  [295500/500000]  elapsed=35206s  rate=8.4/s  ETA=24364s
  [296000/500000]  elapsed=35266s  rate=8.4/s  ETA=24305s
  [296500/500000]  elapsed=35325s  rate=8.4/s  ETA=24245s
  [297000/500000]  elapsed=35384s  rate=8.4/s  ETA=24185s
  [297500/500000]  elapsed=35444s  rate=8.4/s  ETA=24126s
  [298000/500000]  elapsed=35503s  rate=8.4/s  ETA=24066s
  [298500/500000]  elapsed=35562s  rate=8.4/s  ETA=24006s
  [299000/500000]  elapsed=35621s  rate=8.4/s  ETA=23946s
  [299500/500000]  elapsed=35681s  rate=8.4/s  ETA=23886s
  [300000/500000]  elapsed=35740s  rate=8.4/s  ETA=23827s
  [300500/500000]  elapsed=35799s  rate=8.4/s  ETA=23767s
  [301000/500000]  elapsed=35858s  rate=8.4/s  ETA=23707s
  [301500/500000]  elapsed=35918s  rate=8.4/s  ETA=23647s
  [302000/500000]  elapsed=35977s  rate=8.4/s  ETA=23587s
  [302500/500000]  elapsed=36036s  rate=8.4/s  ETA=23528s
  [303000/500000]  elapsed=36096s  rate=8.4/s  ETA=23468s
  [303500/500000]  elapsed=36155s  rate=8.4/s  ETA=23409s
  [304000/500000]  elapsed=36215s  rate=8.4/s  ETA=23349s
  [304500/500000]  elapsed=36274s  rate=8.4/s  ETA=23289s
  [305000/500000]  elapsed=36333s  rate=8.4/s  ETA=23229s
  [305500/500000]  elapsed=36392s  rate=8.4/s  ETA=23170s
  [306000/500000]  elapsed=36452s  rate=8.4/s  ETA=23110s
  [306500/500000]  elapsed=36511s  rate=8.4/s  ETA=23050s
  [307000/500000]  elapsed=36570s  rate=8.4/s  ETA=22990s
  [307500/500000]  elapsed=36629s  rate=8.4/s  ETA=22931s
  [308000/500000]  elapsed=36688s  rate=8.4/s  ETA=22871s
  [308500/500000]  elapsed=36748s  rate=8.4/s  ETA=22811s
  [309000/500000]  elapsed=36807s  rate=8.4/s  ETA=22751s
  [309500/500000]  elapsed=36866s  rate=8.4/s  ETA=22691s
  [310000/500000]  elapsed=36925s  rate=8.4/s  ETA=22631s
  [310500/500000]  elapsed=36985s  rate=8.4/s  ETA=22572s
  [311000/500000]  elapsed=37044s  rate=8.4/s  ETA=22512s
  [311500/500000]  elapsed=37103s  rate=8.4/s  ETA=22453s
  [312000/500000]  elapsed=37162s  rate=8.4/s  ETA=22393s
  [312500/500000]  elapsed=37221s  rate=8.4/s  ETA=22333s
  [313000/500000]  elapsed=37281s  rate=8.4/s  ETA=22273s
  [313500/500000]  elapsed=37340s  rate=8.4/s  ETA=22213s
  [314000/500000]  elapsed=37399s  rate=8.4/s  ETA=22153s
  [314500/500000]  elapsed=37458s  rate=8.4/s  ETA=22094s
  [315000/500000]  elapsed=37517s  rate=8.4/s  ETA=22034s
  [315500/500000]  elapsed=37576s  rate=8.4/s  ETA=21974s
  [316000/500000]  elapsed=37636s  rate=8.4/s  ETA=21914s
  [316500/500000]  elapsed=37695s  rate=8.4/s  ETA=21855s
  [317000/500000]  elapsed=37754s  rate=8.4/s  ETA=21795s
  [317500/500000]  elapsed=37813s  rate=8.4/s  ETA=21735s
  [318000/500000]  elapsed=37872s  rate=8.4/s  ETA=21675s
  [318500/500000]  elapsed=37931s  rate=8.4/s  ETA=21616s
  [319000/500000]  elapsed=37991s  rate=8.4/s  ETA=21556s
  [319500/500000]  elapsed=38050s  rate=8.4/s  ETA=21496s
  [320000/500000]  elapsed=38109s  rate=8.4/s  ETA=21436s
  [320500/500000]  elapsed=38168s  rate=8.4/s  ETA=21377s
  [321000/500000]  elapsed=38227s  rate=8.4/s  ETA=21317s
  [321500/500000]  elapsed=38287s  rate=8.4/s  ETA=21257s
  [322000/500000]  elapsed=38346s  rate=8.4/s  ETA=21197s
  [322500/500000]  elapsed=38405s  rate=8.4/s  ETA=21138s
  [323000/500000]  elapsed=38464s  rate=8.4/s  ETA=21078s
  [323500/500000]  elapsed=38523s  rate=8.4/s  ETA=21018s
  [324000/500000]  elapsed=38583s  rate=8.4/s  ETA=20958s
  [324500/500000]  elapsed=38642s  rate=8.4/s  ETA=20899s
  [325000/500000]  elapsed=38701s  rate=8.4/s  ETA=20839s
  [325500/500000]  elapsed=38760s  rate=8.4/s  ETA=20779s
  [326000/500000]  elapsed=38819s  rate=8.4/s  ETA=20720s
  [326500/500000]  elapsed=38878s  rate=8.4/s  ETA=20660s
  [327000/500000]  elapsed=38937s  rate=8.4/s  ETA=20600s
  [327500/500000]  elapsed=38997s  rate=8.4/s  ETA=20540s
  [328000/500000]  elapsed=39056s  rate=8.4/s  ETA=20481s
  [328500/500000]  elapsed=39115s  rate=8.4/s  ETA=20421s
  [329000/500000]  elapsed=39175s  rate=8.4/s  ETA=20361s
  [329500/500000]  elapsed=39234s  rate=8.4/s  ETA=20302s
  [330000/500000]  elapsed=39293s  rate=8.4/s  ETA=20242s
  [330500/500000]  elapsed=39353s  rate=8.4/s  ETA=20182s
  [331000/500000]  elapsed=39412s  rate=8.4/s  ETA=20123s
  [331500/500000]  elapsed=39471s  rate=8.4/s  ETA=20063s
  [332000/500000]  elapsed=39530s  rate=8.4/s  ETA=20003s
  [332500/500000]  elapsed=39589s  rate=8.4/s  ETA=19944s
  [333000/500000]  elapsed=39649s  rate=8.4/s  ETA=19884s
  [333500/500000]  elapsed=39708s  rate=8.4/s  ETA=19824s
  [334000/500000]  elapsed=39767s  rate=8.4/s  ETA=19765s
  [334500/500000]  elapsed=39826s  rate=8.4/s  ETA=19705s
  [335000/500000]  elapsed=39886s  rate=8.4/s  ETA=19645s
  [335500/500000]  elapsed=39945s  rate=8.4/s  ETA=19586s
  [336000/500000]  elapsed=40004s  rate=8.4/s  ETA=19526s
  [336500/500000]  elapsed=40064s  rate=8.4/s  ETA=19466s
  [337000/500000]  elapsed=40123s  rate=8.4/s  ETA=19407s
  [337500/500000]  elapsed=40182s  rate=8.4/s  ETA=19347s
  [338000/500000]  elapsed=40242s  rate=8.4/s  ETA=19287s
  [338500/500000]  elapsed=40301s  rate=8.4/s  ETA=19228s
  [339000/500000]  elapsed=40360s  rate=8.4/s  ETA=19168s
  [339500/500000]  elapsed=40419s  rate=8.4/s  ETA=19108s
  [340000/500000]  elapsed=40479s  rate=8.4/s  ETA=19049s
  [340500/500000]  elapsed=40538s  rate=8.4/s  ETA=18989s
  [341000/500000]  elapsed=40597s  rate=8.4/s  ETA=18930s
  [341500/500000]  elapsed=40657s  rate=8.4/s  ETA=18870s
  [342000/500000]  elapsed=40716s  rate=8.4/s  ETA=18810s
  [342500/500000]  elapsed=40775s  rate=8.4/s  ETA=18751s
  [343000/500000]  elapsed=40834s  rate=8.4/s  ETA=18691s
  [343500/500000]  elapsed=40894s  rate=8.4/s  ETA=18631s
  [344000/500000]  elapsed=40953s  rate=8.4/s  ETA=18572s
  [344500/500000]  elapsed=41012s  rate=8.4/s  ETA=18512s
  [345000/500000]  elapsed=41072s  rate=8.4/s  ETA=18452s
  [345500/500000]  elapsed=41131s  rate=8.4/s  ETA=18393s
  [346000/500000]  elapsed=41190s  rate=8.4/s  ETA=18333s
  [346500/500000]  elapsed=41249s  rate=8.4/s  ETA=18273s
  [347000/500000]  elapsed=41308s  rate=8.4/s  ETA=18214s
  [347500/500000]  elapsed=41367s  rate=8.4/s  ETA=18154s
  [348000/500000]  elapsed=41426s  rate=8.4/s  ETA=18094s
  [348500/500000]  elapsed=41486s  rate=8.4/s  ETA=18035s
  [349000/500000]  elapsed=41545s  rate=8.4/s  ETA=17975s
  [349500/500000]  elapsed=41604s  rate=8.4/s  ETA=17915s
  [350000/500000]  elapsed=41663s  rate=8.4/s  ETA=17856s
  [350500/500000]  elapsed=41722s  rate=8.4/s  ETA=17796s
  [351000/500000]  elapsed=41781s  rate=8.4/s  ETA=17736s
  [351500/500000]  elapsed=41841s  rate=8.4/s  ETA=17677s
  [352000/500000]  elapsed=41900s  rate=8.4/s  ETA=17617s
  [352500/500000]  elapsed=41959s  rate=8.4/s  ETA=17557s
  [353000/500000]  elapsed=42018s  rate=8.4/s  ETA=17498s
  [353500/500000]  elapsed=42078s  rate=8.4/s  ETA=17438s
  [354000/500000]  elapsed=42137s  rate=8.4/s  ETA=17378s
  [354500/500000]  elapsed=42196s  rate=8.4/s  ETA=17319s
  [355000/500000]  elapsed=42255s  rate=8.4/s  ETA=17259s
  [355500/500000]  elapsed=42315s  rate=8.4/s  ETA=17200s
  [356000/500000]  elapsed=42374s  rate=8.4/s  ETA=17140s
  [356500/500000]  elapsed=42433s  rate=8.4/s  ETA=17080s
  [357000/500000]  elapsed=42492s  rate=8.4/s  ETA=17021s
  [357500/500000]  elapsed=42551s  rate=8.4/s  ETA=16961s
  [358000/500000]  elapsed=42611s  rate=8.4/s  ETA=16901s
  [358500/500000]  elapsed=42670s  rate=8.4/s  ETA=16842s
  [359000/500000]  elapsed=42728s  rate=8.4/s  ETA=16782s
  [359500/500000]  elapsed=42788s  rate=8.4/s  ETA=16722s
  [360000/500000]  elapsed=42847s  rate=8.4/s  ETA=16663s
  [360500/500000]  elapsed=42907s  rate=8.4/s  ETA=16603s
  [361000/500000]  elapsed=42966s  rate=8.4/s  ETA=16544s
  [361500/500000]  elapsed=43025s  rate=8.4/s  ETA=16484s
  [362000/500000]  elapsed=43085s  rate=8.4/s  ETA=16424s
  [362500/500000]  elapsed=43144s  rate=8.4/s  ETA=16365s
  [363000/500000]  elapsed=43203s  rate=8.4/s  ETA=16305s
  [363500/500000]  elapsed=43262s  rate=8.4/s  ETA=16245s
  [364000/500000]  elapsed=43321s  rate=8.4/s  ETA=16186s
  [364500/500000]  elapsed=43380s  rate=8.4/s  ETA=16126s
  [365000/500000]  elapsed=43440s  rate=8.4/s  ETA=16067s
  [365500/500000]  elapsed=43499s  rate=8.4/s  ETA=16007s
  [366000/500000]  elapsed=43558s  rate=8.4/s  ETA=15948s
  [366500/500000]  elapsed=43617s  rate=8.4/s  ETA=15888s
  [367000/500000]  elapsed=43677s  rate=8.4/s  ETA=15828s
  [367500/500000]  elapsed=43736s  rate=8.4/s  ETA=15769s
  [368000/500000]  elapsed=43795s  rate=8.4/s  ETA=15709s
  [368500/500000]  elapsed=43854s  rate=8.4/s  ETA=15649s
  [369000/500000]  elapsed=43913s  rate=8.4/s  ETA=15590s
  [369500/500000]  elapsed=43972s  rate=8.4/s  ETA=15530s
  [370000/500000]  elapsed=44031s  rate=8.4/s  ETA=15471s
  [370500/500000]  elapsed=44091s  rate=8.4/s  ETA=15411s
  [371000/500000]  elapsed=44150s  rate=8.4/s  ETA=15351s
  [371500/500000]  elapsed=44209s  rate=8.4/s  ETA=15292s
  [372000/500000]  elapsed=44268s  rate=8.4/s  ETA=15232s
  [372500/500000]  elapsed=44328s  rate=8.4/s  ETA=15173s
  [373000/500000]  elapsed=44387s  rate=8.4/s  ETA=15113s
  [373500/500000]  elapsed=44446s  rate=8.4/s  ETA=15053s
  [374000/500000]  elapsed=44505s  rate=8.4/s  ETA=14994s
  [374500/500000]  elapsed=44565s  rate=8.4/s  ETA=14934s
  [375000/500000]  elapsed=44624s  rate=8.4/s  ETA=14875s
  [375500/500000]  elapsed=44684s  rate=8.4/s  ETA=14815s
  [376000/500000]  elapsed=44743s  rate=8.4/s  ETA=14756s
  [376500/500000]  elapsed=44802s  rate=8.4/s  ETA=14696s
  [377000/500000]  elapsed=44861s  rate=8.4/s  ETA=14636s
  [377500/500000]  elapsed=44920s  rate=8.4/s  ETA=14577s
  [378000/500000]  elapsed=44979s  rate=8.4/s  ETA=14517s
  [378500/500000]  elapsed=45038s  rate=8.4/s  ETA=14457s
  [379000/500000]  elapsed=45097s  rate=8.4/s  ETA=14398s
  [379500/500000]  elapsed=45157s  rate=8.4/s  ETA=14338s
  [380000/500000]  elapsed=45216s  rate=8.4/s  ETA=14279s
  [380500/500000]  elapsed=45275s  rate=8.4/s  ETA=14219s
  [381000/500000]  elapsed=45335s  rate=8.4/s  ETA=14160s
  [381500/500000]  elapsed=45394s  rate=8.4/s  ETA=14100s
  [382000/500000]  elapsed=45453s  rate=8.4/s  ETA=14040s
  [382500/500000]  elapsed=45512s  rate=8.4/s  ETA=13981s
  [383000/500000]  elapsed=45571s  rate=8.4/s  ETA=13921s
  [383500/500000]  elapsed=45630s  rate=8.4/s  ETA=13862s
  [384000/500000]  elapsed=45689s  rate=8.4/s  ETA=13802s
  [384500/500000]  elapsed=45749s  rate=8.4/s  ETA=13742s
  [385000/500000]  elapsed=45808s  rate=8.4/s  ETA=13683s
  [385500/500000]  elapsed=45867s  rate=8.4/s  ETA=13623s
  [386000/500000]  elapsed=45926s  rate=8.4/s  ETA=13564s
  [386500/500000]  elapsed=45985s  rate=8.4/s  ETA=13504s
  [387000/500000]  elapsed=46044s  rate=8.4/s  ETA=13444s
  [387500/500000]  elapsed=46103s  rate=8.4/s  ETA=13385s
  [388000/500000]  elapsed=46162s  rate=8.4/s  ETA=13325s
  [388500/500000]  elapsed=46221s  rate=8.4/s  ETA=13265s
  [389000/500000]  elapsed=46280s  rate=8.4/s  ETA=13206s
  [389500/500000]  elapsed=46339s  rate=8.4/s  ETA=13146s
  [390000/500000]  elapsed=46398s  rate=8.4/s  ETA=13087s
  [390500/500000]  elapsed=46457s  rate=8.4/s  ETA=13027s
  [391000/500000]  elapsed=46516s  rate=8.4/s  ETA=12967s
  [391500/500000]  elapsed=46576s  rate=8.4/s  ETA=12908s
  [392000/500000]  elapsed=46635s  rate=8.4/s  ETA=12848s
  [392500/500000]  elapsed=46694s  rate=8.4/s  ETA=12789s
  [393000/500000]  elapsed=46753s  rate=8.4/s  ETA=12729s
  [393500/500000]  elapsed=46812s  rate=8.4/s  ETA=12670s
  [394000/500000]  elapsed=46871s  rate=8.4/s  ETA=12610s
  [394500/500000]  elapsed=46930s  rate=8.4/s  ETA=12550s
  [395000/500000]  elapsed=46989s  rate=8.4/s  ETA=12491s
  [395500/500000]  elapsed=47048s  rate=8.4/s  ETA=12431s
  [396000/500000]  elapsed=47107s  rate=8.4/s  ETA=12372s
  [396500/500000]  elapsed=47166s  rate=8.4/s  ETA=12312s
  [397000/500000]  elapsed=47225s  rate=8.4/s  ETA=12252s
  [397500/500000]  elapsed=47284s  rate=8.4/s  ETA=12193s
  [398000/500000]  elapsed=47343s  rate=8.4/s  ETA=12133s
  [398500/500000]  elapsed=47403s  rate=8.4/s  ETA=12074s
  [399000/500000]  elapsed=47462s  rate=8.4/s  ETA=12014s
  [399500/500000]  elapsed=47522s  rate=8.4/s  ETA=11955s
  [400000/500000]  elapsed=47581s  rate=8.4/s  ETA=11895s
  [400500/500000]  elapsed=47639s  rate=8.4/s  ETA=11836s
  [401000/500000]  elapsed=47698s  rate=8.4/s  ETA=11776s
  [401500/500000]  elapsed=47757s  rate=8.4/s  ETA=11716s
  [402000/500000]  elapsed=47816s  rate=8.4/s  ETA=11657s
  [402500/500000]  elapsed=47876s  rate=8.4/s  ETA=11597s
  [403000/500000]  elapsed=47935s  rate=8.4/s  ETA=11538s
  [403500/500000]  elapsed=47994s  rate=8.4/s  ETA=11478s
  [404000/500000]  elapsed=48053s  rate=8.4/s  ETA=11419s
  [404500/500000]  elapsed=48112s  rate=8.4/s  ETA=11359s
  [405000/500000]  elapsed=48171s  rate=8.4/s  ETA=11299s
  [405500/500000]  elapsed=48230s  rate=8.4/s  ETA=11240s
  [406000/500000]  elapsed=48289s  rate=8.4/s  ETA=11180s
  [406500/500000]  elapsed=48348s  rate=8.4/s  ETA=11121s
  [407000/500000]  elapsed=48407s  rate=8.4/s  ETA=11061s
  [407500/500000]  elapsed=48466s  rate=8.4/s  ETA=11002s
  [408000/500000]  elapsed=48526s  rate=8.4/s  ETA=10942s
  [408500/500000]  elapsed=48584s  rate=8.4/s  ETA=10882s
  [409000/500000]  elapsed=48644s  rate=8.4/s  ETA=10823s
  [409500/500000]  elapsed=48703s  rate=8.4/s  ETA=10763s
  [410000/500000]  elapsed=48762s  rate=8.4/s  ETA=10704s
  [410500/500000]  elapsed=48821s  rate=8.4/s  ETA=10644s
  [411000/500000]  elapsed=48880s  rate=8.4/s  ETA=10585s
  [411500/500000]  elapsed=48939s  rate=8.4/s  ETA=10525s
  [412000/500000]  elapsed=48999s  rate=8.4/s  ETA=10466s
  [412500/500000]  elapsed=49058s  rate=8.4/s  ETA=10406s
  [413000/500000]  elapsed=49117s  rate=8.4/s  ETA=10347s
  [413500/500000]  elapsed=49176s  rate=8.4/s  ETA=10287s
  [414000/500000]  elapsed=49235s  rate=8.4/s  ETA=10228s
  [414500/500000]  elapsed=49294s  rate=8.4/s  ETA=10168s
  [415000/500000]  elapsed=49353s  rate=8.4/s  ETA=10109s
  [415500/500000]  elapsed=49412s  rate=8.4/s  ETA=10049s
  [416000/500000]  elapsed=49471s  rate=8.4/s  ETA=9989s
  [416500/500000]  elapsed=49530s  rate=8.4/s  ETA=9930s
  [417000/500000]  elapsed=49589s  rate=8.4/s  ETA=9870s
  [417500/500000]  elapsed=49648s  rate=8.4/s  ETA=9811s
  [418000/500000]  elapsed=49707s  rate=8.4/s  ETA=9751s
  [418500/500000]  elapsed=49767s  rate=8.4/s  ETA=9692s
  [419000/500000]  elapsed=49826s  rate=8.4/s  ETA=9632s
  [419500/500000]  elapsed=49885s  rate=8.4/s  ETA=9573s
  [420000/500000]  elapsed=49944s  rate=8.4/s  ETA=9513s
  [420500/500000]  elapsed=50003s  rate=8.4/s  ETA=9454s
  [421000/500000]  elapsed=50062s  rate=8.4/s  ETA=9394s
  [421500/500000]  elapsed=50121s  rate=8.4/s  ETA=9335s
  [422000/500000]  elapsed=50180s  rate=8.4/s  ETA=9275s
  [422500/500000]  elapsed=50240s  rate=8.4/s  ETA=9216s
  [423000/500000]  elapsed=50299s  rate=8.4/s  ETA=9156s
  [423500/500000]  elapsed=50358s  rate=8.4/s  ETA=9097s
  [424000/500000]  elapsed=50417s  rate=8.4/s  ETA=9037s
  [424500/500000]  elapsed=50477s  rate=8.4/s  ETA=8978s
  [425000/500000]  elapsed=50536s  rate=8.4/s  ETA=8918s
  [425500/500000]  elapsed=50595s  rate=8.4/s  ETA=8859s
  [426000/500000]  elapsed=50655s  rate=8.4/s  ETA=8799s
  [426500/500000]  elapsed=50714s  rate=8.4/s  ETA=8740s
  [427000/500000]  elapsed=50773s  rate=8.4/s  ETA=8680s
  [427500/500000]  elapsed=50832s  rate=8.4/s  ETA=8621s
  [428000/500000]  elapsed=50891s  rate=8.4/s  ETA=8561s
  [428500/500000]  elapsed=50951s  rate=8.4/s  ETA=8502s
  [429000/500000]  elapsed=51010s  rate=8.4/s  ETA=8442s
  [429500/500000]  elapsed=51069s  rate=8.4/s  ETA=8383s
  [430000/500000]  elapsed=51128s  rate=8.4/s  ETA=8323s
  [430500/500000]  elapsed=51188s  rate=8.4/s  ETA=8264s
  [431000/500000]  elapsed=51247s  rate=8.4/s  ETA=8204s
  [431500/500000]  elapsed=51306s  rate=8.4/s  ETA=8145s
  [432000/500000]  elapsed=51365s  rate=8.4/s  ETA=8085s
  [432500/500000]  elapsed=51425s  rate=8.4/s  ETA=8026s
  [433000/500000]  elapsed=51484s  rate=8.4/s  ETA=7966s
  [433500/500000]  elapsed=51543s  rate=8.4/s  ETA=7907s
  [434000/500000]  elapsed=51603s  rate=8.4/s  ETA=7847s
  [434500/500000]  elapsed=51662s  rate=8.4/s  ETA=7788s
  [435000/500000]  elapsed=51721s  rate=8.4/s  ETA=7728s
  [435500/500000]  elapsed=51780s  rate=8.4/s  ETA=7669s
  [436000/500000]  elapsed=51839s  rate=8.4/s  ETA=7609s
  [436500/500000]  elapsed=51899s  rate=8.4/s  ETA=7550s
  [437000/500000]  elapsed=51958s  rate=8.4/s  ETA=7490s
  [437500/500000]  elapsed=52017s  rate=8.4/s  ETA=7431s
  [438000/500000]  elapsed=52076s  rate=8.4/s  ETA=7372s
  [438500/500000]  elapsed=52136s  rate=8.4/s  ETA=7312s
  [439000/500000]  elapsed=52195s  rate=8.4/s  ETA=7253s
  [439500/500000]  elapsed=52254s  rate=8.4/s  ETA=7193s
  [440000/500000]  elapsed=52313s  rate=8.4/s  ETA=7134s
  [440500/500000]  elapsed=52373s  rate=8.4/s  ETA=7074s
  [441000/500000]  elapsed=52432s  rate=8.4/s  ETA=7015s
  [441500/500000]  elapsed=52491s  rate=8.4/s  ETA=6955s
  [442000/500000]  elapsed=52551s  rate=8.4/s  ETA=6896s
  [442500/500000]  elapsed=52610s  rate=8.4/s  ETA=6836s
  [443000/500000]  elapsed=52669s  rate=8.4/s  ETA=6777s
  [443500/500000]  elapsed=52729s  rate=8.4/s  ETA=6717s
  [444000/500000]  elapsed=52788s  rate=8.4/s  ETA=6658s
  [444500/500000]  elapsed=52847s  rate=8.4/s  ETA=6598s
  [445000/500000]  elapsed=52906s  rate=8.4/s  ETA=6539s
  [445500/500000]  elapsed=52965s  rate=8.4/s  ETA=6479s
  [446000/500000]  elapsed=53025s  rate=8.4/s  ETA=6420s
  [446500/500000]  elapsed=53084s  rate=8.4/s  ETA=6361s
  [447000/500000]  elapsed=53143s  rate=8.4/s  ETA=6301s
  [447500/500000]  elapsed=53202s  rate=8.4/s  ETA=6242s
  [448000/500000]  elapsed=53261s  rate=8.4/s  ETA=6182s
  [448500/500000]  elapsed=53320s  rate=8.4/s  ETA=6123s
  [449000/500000]  elapsed=53380s  rate=8.4/s  ETA=6063s
  [449500/500000]  elapsed=53439s  rate=8.4/s  ETA=6004s
  [450000/500000]  elapsed=53498s  rate=8.4/s  ETA=5944s
  [450500/500000]  elapsed=53558s  rate=8.4/s  ETA=5885s
  [451000/500000]  elapsed=53617s  rate=8.4/s  ETA=5825s
  [451500/500000]  elapsed=53676s  rate=8.4/s  ETA=5766s
  [452000/500000]  elapsed=53736s  rate=8.4/s  ETA=5706s
  [452500/500000]  elapsed=53795s  rate=8.4/s  ETA=5647s
  [453000/500000]  elapsed=53855s  rate=8.4/s  ETA=5588s
  [453500/500000]  elapsed=53914s  rate=8.4/s  ETA=5528s
  [454000/500000]  elapsed=53973s  rate=8.4/s  ETA=5469s
  [454500/500000]  elapsed=54033s  rate=8.4/s  ETA=5409s
  [455000/500000]  elapsed=54092s  rate=8.4/s  ETA=5350s
  [455500/500000]  elapsed=54151s  rate=8.4/s  ETA=5290s
  [456000/500000]  elapsed=54210s  rate=8.4/s  ETA=5231s
  [456500/500000]  elapsed=54270s  rate=8.4/s  ETA=5171s
  [457000/500000]  elapsed=54329s  rate=8.4/s  ETA=5112s
  [457500/500000]  elapsed=54388s  rate=8.4/s  ETA=5052s
  [458000/500000]  elapsed=54447s  rate=8.4/s  ETA=4993s
  [458500/500000]  elapsed=54507s  rate=8.4/s  ETA=4934s
  [459000/500000]  elapsed=54566s  rate=8.4/s  ETA=4874s
  [459500/500000]  elapsed=54625s  rate=8.4/s  ETA=4815s
  [460000/500000]  elapsed=54684s  rate=8.4/s  ETA=4755s
  [460500/500000]  elapsed=54743s  rate=8.4/s  ETA=4696s
  [461000/500000]  elapsed=54802s  rate=8.4/s  ETA=4636s
  [461500/500000]  elapsed=54861s  rate=8.4/s  ETA=4577s
  [462000/500000]  elapsed=54921s  rate=8.4/s  ETA=4517s
  [462500/500000]  elapsed=54980s  rate=8.4/s  ETA=4458s
  [463000/500000]  elapsed=55039s  rate=8.4/s  ETA=4398s
  [463500/500000]  elapsed=55098s  rate=8.4/s  ETA=4339s
  [464000/500000]  elapsed=55157s  rate=8.4/s  ETA=4279s
  [464500/500000]  elapsed=55216s  rate=8.4/s  ETA=4220s
  [465000/500000]  elapsed=55275s  rate=8.4/s  ETA=4161s
  [465500/500000]  elapsed=55334s  rate=8.4/s  ETA=4101s
  [466000/500000]  elapsed=55394s  rate=8.4/s  ETA=4042s
  [466500/500000]  elapsed=55453s  rate=8.4/s  ETA=3982s
  [467000/500000]  elapsed=55512s  rate=8.4/s  ETA=3923s
  [467500/500000]  elapsed=55571s  rate=8.4/s  ETA=3863s
  [468000/500000]  elapsed=55630s  rate=8.4/s  ETA=3804s
  [468500/500000]  elapsed=55689s  rate=8.4/s  ETA=3744s
  [469000/500000]  elapsed=55748s  rate=8.4/s  ETA=3685s
  [469500/500000]  elapsed=55808s  rate=8.4/s  ETA=3625s
  [470000/500000]  elapsed=55867s  rate=8.4/s  ETA=3566s
  [470500/500000]  elapsed=55926s  rate=8.4/s  ETA=3507s
  [471000/500000]  elapsed=55986s  rate=8.4/s  ETA=3447s
  [471500/500000]  elapsed=56045s  rate=8.4/s  ETA=3388s
  [472000/500000]  elapsed=56105s  rate=8.4/s  ETA=3328s
  [472500/500000]  elapsed=56165s  rate=8.4/s  ETA=3269s
  [473000/500000]  elapsed=56225s  rate=8.4/s  ETA=3209s
  [473500/500000]  elapsed=56285s  rate=8.4/s  ETA=3150s
  [474000/500000]  elapsed=56345s  rate=8.4/s  ETA=3091s
  [474500/500000]  elapsed=56405s  rate=8.4/s  ETA=3031s
  [475000/500000]  elapsed=56465s  rate=8.4/s  ETA=2972s
  [475500/500000]  elapsed=56525s  rate=8.4/s  ETA=2912s
  [476000/500000]  elapsed=56585s  rate=8.4/s  ETA=2853s
  [476500/500000]  elapsed=56645s  rate=8.4/s  ETA=2794s
  [477000/500000]  elapsed=56705s  rate=8.4/s  ETA=2734s
  [477500/500000]  elapsed=56765s  rate=8.4/s  ETA=2675s
  [478000/500000]  elapsed=56824s  rate=8.4/s  ETA=2615s
  [478500/500000]  elapsed=56886s  rate=8.4/s  ETA=2556s
  [479000/500000]  elapsed=56945s  rate=8.4/s  ETA=2497s
  [479500/500000]  elapsed=57005s  rate=8.4/s  ETA=2437s
  [480000/500000]  elapsed=57064s  rate=8.4/s  ETA=2378s
  [480500/500000]  elapsed=57123s  rate=8.4/s  ETA=2318s
  [481000/500000]  elapsed=57182s  rate=8.4/s  ETA=2259s
  [481500/500000]  elapsed=57242s  rate=8.4/s  ETA=2199s
  [482000/500000]  elapsed=57301s  rate=8.4/s  ETA=2140s
  [482500/500000]  elapsed=57360s  rate=8.4/s  ETA=2080s
  [483000/500000]  elapsed=57420s  rate=8.4/s  ETA=2021s
  [483500/500000]  elapsed=57480s  rate=8.4/s  ETA=1962s
  [484000/500000]  elapsed=57539s  rate=8.4/s  ETA=1902s
  [484500/500000]  elapsed=57599s  rate=8.4/s  ETA=1843s
  [485000/500000]  elapsed=57659s  rate=8.4/s  ETA=1783s
  [485500/500000]  elapsed=57719s  rate=8.4/s  ETA=1724s
  [486000/500000]  elapsed=57779s  rate=8.4/s  ETA=1664s
  [486500/500000]  elapsed=57839s  rate=8.4/s  ETA=1605s
  [487000/500000]  elapsed=57899s  rate=8.4/s  ETA=1546s
  [487500/500000]  elapsed=57959s  rate=8.4/s  ETA=1486s
  [488000/500000]  elapsed=58019s  rate=8.4/s  ETA=1427s
  [488500/500000]  elapsed=58079s  rate=8.4/s  ETA=1367s
  [489000/500000]  elapsed=58139s  rate=8.4/s  ETA=1308s
  [489500/500000]  elapsed=58199s  rate=8.4/s  ETA=1248s
  [490000/500000]  elapsed=58258s  rate=8.4/s  ETA=1189s
  [490500/500000]  elapsed=58317s  rate=8.4/s  ETA=1129s
  [491000/500000]  elapsed=58377s  rate=8.4/s  ETA=1070s
  [491500/500000]  elapsed=58436s  rate=8.4/s  ETA=1011s
  [492000/500000]  elapsed=58495s  rate=8.4/s  ETA=951s
  [492500/500000]  elapsed=58555s  rate=8.4/s  ETA=892s
  [493000/500000]  elapsed=58614s  rate=8.4/s  ETA=832s
  [493500/500000]  elapsed=58673s  rate=8.4/s  ETA=773s
  [494000/500000]  elapsed=58733s  rate=8.4/s  ETA=713s
  [494500/500000]  elapsed=58792s  rate=8.4/s  ETA=654s
  [495000/500000]  elapsed=58852s  rate=8.4/s  ETA=594s
  [495500/500000]  elapsed=58911s  rate=8.4/s  ETA=535s
  [496000/500000]  elapsed=58971s  rate=8.4/s  ETA=476s
  [496500/500000]  elapsed=59031s  rate=8.4/s  ETA=416s
  [497000/500000]  elapsed=59091s  rate=8.4/s  ETA=357s
  [497500/500000]  elapsed=59151s  rate=8.4/s  ETA=297s
  [498000/500000]  elapsed=59210s  rate=8.4/s  ETA=238s
  [498500/500000]  elapsed=59270s  rate=8.4/s  ETA=178s
  [499000/500000]  elapsed=59330s  rate=8.4/s  ETA=119s
  [499500/500000]  elapsed=59390s  rate=8.4/s  ETA=59s
Done. 500000 evals in 59450s (8.4/s)
Finite log_densities: 500000 / 500000
Max log_density: 97.378685
Mean log_density (finite): 36.743663
Saved to /scratch/e1498138/paper/ext/emri_g/paris3_lhs_s6/lhs_s6.pkl
Job completed at Fri Aug  7 05:31:51 PM +08 2026
~~~~~~~~~~~~~~~~~~~~~~~~~~~~~~~~~~~~~~~~~~~~~~~~~~~~~~~~~~~~~~~~~~~~~~~~~~~~~~~~~~~~~~~~~~
			Resource Usage on 2026-08-07 17:31:51.912838:
~~~~~~~~~~~~~~~~~~~~~~~~~~~~~~~~~~~~~~~~~~~~~~~~~~~~~~~~~~~~~~~~~~~~~~~~~~~~~~~~~~~~~~~~~~
	JobId: 555218.hopper-m-02
	Project: CFP03-CF-051
	Exit Status: 0
~~~~~~~~~~~~~~~~~~~~~~~~~~~~~~~~~~~~~~~~~~~~~~~~~~~~~~~~~~~~~~~~~~~~~~~~~~~~~~~~~~~~~~~~~~
	NCPUs: Requested(12), Used(12)
	CPU Time Used: 16:05:32
	Memory: Requested(225gb), Used(11221068kb)
	Vmem Used: 30136580kb
	Walltime: Requested(24:00:00), Used(16:35:16)
~~~~~~~~~~~~~~~~~~~~~~~~~~~~~~~~~~~~~~~~~~~~~~~~~~~~~~~~~~~~~~~~~~~~~~~~~~~~~~~~~~~~~~~~~~
	Execution Nodes Used: (hopper-12:ngpus=1:ncpus=12:mem=235929600kb)
~~~~~~~~~~~~~~~~~~~~~~~~~~~~~~~~~~~~~~~~~~~~~~~~~~~~~~~~~~~~~~~~~~~~~~~~~~~~~~~~~~~~~~~~~~
	No GPU-related information available for this job.
