Job ID: 550322.hopper-m-02
Job name: resume_paris1
Job starts at Fri Jul 31 03:37:27 PM +08 2026
Using dt=5s, T=1.0yr, TDI gen=1, N_segs=12
Building ResponseWrapper...
Building GravWaveAnalysis...
Initializing LogLike...
LogLike initialized.
Done setting up log-likelihood and prior.
Loading sampler state from: /scratch/e1498138/paper/ext/emri_g/stage1_merge/sampler_state.pkl
Done loading sampler.
Sampler ndim: 7
Sampler n_seed: 10
Sampler current_iter: 19999
Resuming paris1_sc_ext sampling...
Job completed at Fri Jul 31 03:38:58 PM +08 2026
~~~~~~~~~~~~~~~~~~~~~~~~~~~~~~~~~~~~~~~~~~~~~~~~~~~~~~~~~~~~~~~~~~~~~~~~~~~~~~~~~~~~~~~~~~
			Resource Usage on 2026-07-31 15:38:59.196841:
~~~~~~~~~~~~~~~~~~~~~~~~~~~~~~~~~~~~~~~~~~~~~~~~~~~~~~~~~~~~~~~~~~~~~~~~~~~~~~~~~~~~~~~~~~
	JobId: 550322.hopper-m-02
	Project: CFP03-CF-051
	Exit Status: 0
~~~~~~~~~~~~~~~~~~~~~~~~~~~~~~~~~~~~~~~~~~~~~~~~~~~~~~~~~~~~~~~~~~~~~~~~~~~~~~~~~~~~~~~~~~
	NCPUs: Requested(12), Used(12)
	CPU Time Used: 00:00:54
	Memory: Requested(225gb), Used(11205964kb)
	Vmem Used: 23173220kb
	Walltime: Requested(24:00:00), Used(00:01:33)
~~~~~~~~~~~~~~~~~~~~~~~~~~~~~~~~~~~~~~~~~~~~~~~~~~~~~~~~~~~~~~~~~~~~~~~~~~~~~~~~~~~~~~~~~~
	Execution Nodes Used: (hopper-28:ngpus=1:ncpus=12:mem=235929600kb)
~~~~~~~~~~~~~~~~~~~~~~~~~~~~~~~~~~~~~~~~~~~~~~~~~~~~~~~~~~~~~~~~~~~~~~~~~~~~~~~~~~~~~~~~~~
	No GPU-related information available for this job.
