Job ID: 555408.hopper-m-02
Job name: resume_paris1_brute
Job starts at Fri Aug  7 12:36:42 PM +08 2026
Using dt=5s, T=1.0yr, TDI gen=1, N_segs=12
Building ResponseWrapper...
Building GravWaveAnalysis...
Initializing LogLike...
LogLike initialized.
Done setting up log-likelihood and prior.
Loading sampler state from: /scratch/e1498138/paper/ext/emri_g/stage1_merge_brute_smol/sampler_state.pkl
Done loading sampler.
Sampler ndim: 12
Sampler n_seed: 10
Sampler current_iter: 49999
Resuming paris1_sc_brute sampling...
Done.
Savepath: /scratch/e1498138/paper/ext/emri_g/stage1_merge_brute_smol_resume/
Job completed at Fri Aug  7 03:09:19 PM +08 2026
~~~~~~~~~~~~~~~~~~~~~~~~~~~~~~~~~~~~~~~~~~~~~~~~~~~~~~~~~~~~~~~~~~~~~~~~~~~~~~~~~~~~~~~~~~
			Resource Usage on 2026-08-07 15:09:20.330907:
~~~~~~~~~~~~~~~~~~~~~~~~~~~~~~~~~~~~~~~~~~~~~~~~~~~~~~~~~~~~~~~~~~~~~~~~~~~~~~~~~~~~~~~~~~
	JobId: 555408.hopper-m-02
	Project: CFP03-CF-051
	Exit Status: 0
~~~~~~~~~~~~~~~~~~~~~~~~~~~~~~~~~~~~~~~~~~~~~~~~~~~~~~~~~~~~~~~~~~~~~~~~~~~~~~~~~~~~~~~~~~
	NCPUs: Requested(12), Used(12)
	CPU Time Used: 04:04:05
	Memory: Requested(225gb), Used(11508612kb)
	Vmem Used: 30119280kb
	Walltime: Requested(24:00:00), Used(02:32:39)
~~~~~~~~~~~~~~~~~~~~~~~~~~~~~~~~~~~~~~~~~~~~~~~~~~~~~~~~~~~~~~~~~~~~~~~~~~~~~~~~~~~~~~~~~~
	Execution Nodes Used: (hopper-17:ngpus=1:ncpus=12:mem=235929600kb)
~~~~~~~~~~~~~~~~~~~~~~~~~~~~~~~~~~~~~~~~~~~~~~~~~~~~~~~~~~~~~~~~~~~~~~~~~~~~~~~~~~~~~~~~~~
	No GPU-related information available for this job.
