Job ID: 555220.hopper-m-02
Job name: paris1_brute
Job starts at Fri Aug  7 12:59:16 AM +08 2026
Using dt=5s, T=1.0yr, TDI gen=1, N_segs=12
Building ResponseWrapper...
Building GravWaveAnalysis...
Initializing LogLike...
LogLike initialized.
Setting up ParisMC...
Getting LHS points...
Loaded 72725 / 100000 finite LHS evaluations.
Running sampling...
Done.
Savepath: /scratch/e1498138/paper/ext/emri_g/stage1_merge_brute_smol/
Job completed at Fri Aug  7 08:05:08 AM +08 2026
~~~~~~~~~~~~~~~~~~~~~~~~~~~~~~~~~~~~~~~~~~~~~~~~~~~~~~~~~~~~~~~~~~~~~~~~~~~~~~~~~~~~~~~~~~
			Resource Usage on 2026-08-07 08:05:09.128278:
~~~~~~~~~~~~~~~~~~~~~~~~~~~~~~~~~~~~~~~~~~~~~~~~~~~~~~~~~~~~~~~~~~~~~~~~~~~~~~~~~~~~~~~~~~
	JobId: 555220.hopper-m-02
	Project: CFP03-CF-051
	Exit Status: 0
~~~~~~~~~~~~~~~~~~~~~~~~~~~~~~~~~~~~~~~~~~~~~~~~~~~~~~~~~~~~~~~~~~~~~~~~~~~~~~~~~~~~~~~~~~
	NCPUs: Requested(12), Used(12)
	CPU Time Used: 07:56:50
	Memory: Requested(225gb), Used(11214112kb)
	Vmem Used: 30117272kb
	Walltime: Requested(24:00:00), Used(07:05:53)
~~~~~~~~~~~~~~~~~~~~~~~~~~~~~~~~~~~~~~~~~~~~~~~~~~~~~~~~~~~~~~~~~~~~~~~~~~~~~~~~~~~~~~~~~~
	Execution Nodes Used: (hopper-24:ngpus=1:ncpus=12:mem=235929600kb)
~~~~~~~~~~~~~~~~~~~~~~~~~~~~~~~~~~~~~~~~~~~~~~~~~~~~~~~~~~~~~~~~~~~~~~~~~~~~~~~~~~~~~~~~~~
	No GPU-related information available for this job.
