dt=5s  T=1.0yr  TDI gen=1
SNR (rhostat): 4353.0012
Loading stage1_anneal sampler from /scratch/e1498138/paper/ext/stage1_anneal/sampler_state.pkl...
Job completed at Fri Jul 31 08:31:02 PM +08 2026
~~~~~~~~~~~~~~~~~~~~~~~~~~~~~~~~~~~~~~~~~~~~~~~~~~~~~~~~~~~~~~~~~~~~~~~~~~~~~~~~~~~~~~~~~~
			Resource Usage on 2026-07-31 20:31:04.283926:
~~~~~~~~~~~~~~~~~~~~~~~~~~~~~~~~~~~~~~~~~~~~~~~~~~~~~~~~~~~~~~~~~~~~~~~~~~~~~~~~~~~~~~~~~~
	JobId: 550494.hopper-m-02
	Project: CFP03-CF-051
	Exit Status: 0
~~~~~~~~~~~~~~~~~~~~~~~~~~~~~~~~~~~~~~~~~~~~~~~~~~~~~~~~~~~~~~~~~~~~~~~~~~~~~~~~~~~~~~~~~~
	NCPUs: Requested(12), Used(12)
	CPU Time Used: 00:00:50
	Memory: Requested(225gb), Used(11220344kb)
	Vmem Used: 29509116kb
	Walltime: Requested(24:00:00), Used(00:01:24)
~~~~~~~~~~~~~~~~~~~~~~~~~~~~~~~~~~~~~~~~~~~~~~~~~~~~~~~~~~~~~~~~~~~~~~~~~~~~~~~~~~~~~~~~~~
	Execution Nodes Used: (hopper-26:ngpus=1:ncpus=12:mem=235929600kb)
~~~~~~~~~~~~~~~~~~~~~~~~~~~~~~~~~~~~~~~~~~~~~~~~~~~~~~~~~~~~~~~~~~~~~~~~~~~~~~~~~~~~~~~~~~
	No GPU-related information available for this job.
dt=5s  T=1.0yr  TDI gen=1
SNR (rhostat): 4353.0012
Loading stage1_anneal sampler from /scratch/e1498138/paper/ext/stage1_anneal/sampler_state.pkl...
Job completed at Fri Jul 31 08:33:23 PM +08 2026
~~~~~~~~~~~~~~~~~~~~~~~~~~~~~~~~~~~~~~~~~~~~~~~~~~~~~~~~~~~~~~~~~~~~~~~~~~~~~~~~~~~~~~~~~~
			Resource Usage on 2026-07-31 20:33:23.749627:
~~~~~~~~~~~~~~~~~~~~~~~~~~~~~~~~~~~~~~~~~~~~~~~~~~~~~~~~~~~~~~~~~~~~~~~~~~~~~~~~~~~~~~~~~~
	JobId: 550507.hopper-m-02
	Project: CFP03-CF-051
	Exit Status: 0
~~~~~~~~~~~~~~~~~~~~~~~~~~~~~~~~~~~~~~~~~~~~~~~~~~~~~~~~~~~~~~~~~~~~~~~~~~~~~~~~~~~~~~~~~~
	NCPUs: Requested(12), Used(12)
	CPU Time Used: 00:00:50
	Memory: Requested(225gb), Used(11220352kb)
	Vmem Used: 23248624kb
	Walltime: Requested(24:00:00), Used(00:00:54)
~~~~~~~~~~~~~~~~~~~~~~~~~~~~~~~~~~~~~~~~~~~~~~~~~~~~~~~~~~~~~~~~~~~~~~~~~~~~~~~~~~~~~~~~~~
	Execution Nodes Used: (hopper-26:ngpus=1:ncpus=12:mem=235929600kb)
~~~~~~~~~~~~~~~~~~~~~~~~~~~~~~~~~~~~~~~~~~~~~~~~~~~~~~~~~~~~~~~~~~~~~~~~~~~~~~~~~~~~~~~~~~
	No GPU-related information available for this job.
dt=5s  T=1.0yr  TDI gen=1
SNR (rhostat): 4353.0012
Loading stage1_anneal sampler from /scratch/e1498138/paper/ext/stage1_anneal/sampler_state.pkl...
stage1_anneal maxld: 522.4107
stage1_anneal maxld point: [6.01679005 0.95577645 0.73481632 8.6000163  0.42458149 0.19632648
 1.24347216]
stage1_anneal posterior 1-sigma (diag): [0.00381642 0.00255099 0.00178051 0.03424723 0.00100113 0.05081786
 0.0152585 ]
Ellipse prior bounds (per-dim sigma):
  logm1: [5.92138, 6.11220]  mu=6.01679  sigma=0.00382  N_sigma=25
  logm2: [0.89200, 1.01955]  mu=0.95578  sigma=0.00255  N_sigma=25
  a: [0.69030, 0.77933]  mu=0.73482  sigma=0.00178  N_sigma=25
  p0: [8.00000, 9.45620]  mu=8.60002  sigma=0.03425  N_sigma=25
  e0: [0.39955, 0.44961]  mu=0.42458  sigma=0.00100  N_sigma=25
  qS: [0.00000, 3.14159]  mu=0.19633  sigma=0.05082  N_sigma=0
  phiS: [0.00000, 6.28319]  mu=1.24347  sigma=0.01526  N_sigma=0
Generating 500000 LHS points in 7D box...
Evaluating S6 semi-coherent statistic on 500000 points...
  [500/500000]  elapsed=43s  rate=11.6/s  ETA=42921s
  [1000/500000]  elapsed=86s  rate=11.7/s  ETA=42688s
  [1500/500000]  elapsed=128s  rate=11.7/s  ETA=42685s
  [2000/500000]  elapsed=172s  rate=11.6/s  ETA=42755s
  [2500/500000]  elapsed=214s  rate=11.7/s  ETA=42645s
  [3000/500000]  elapsed=256s  rate=11.7/s  ETA=42450s
  [3500/500000]  elapsed=298s  rate=11.7/s  ETA=42335s
  [4000/500000]  elapsed=341s  rate=11.7/s  ETA=42241s
  [4500/500000]  elapsed=383s  rate=11.7/s  ETA=42174s
  [5000/500000]  elapsed=426s  rate=11.7/s  ETA=42166s
  [5500/500000]  elapsed=469s  rate=11.7/s  ETA=42132s
  [6000/500000]  elapsed=512s  rate=11.7/s  ETA=42119s
  [6500/500000]  elapsed=554s  rate=11.7/s  ETA=42092s
  [7000/500000]  elapsed=597s  rate=11.7/s  ETA=42018s
  [7500/500000]  elapsed=639s  rate=11.7/s  ETA=41949s
  [8000/500000]  elapsed=681s  rate=11.7/s  ETA=41889s
  [8500/500000]  elapsed=724s  rate=11.7/s  ETA=41845s
  [9000/500000]  elapsed=766s  rate=11.7/s  ETA=41794s
  [9500/500000]  elapsed=808s  rate=11.8/s  ETA=41732s
  [10000/500000]  elapsed=852s  rate=11.7/s  ETA=41738s
  [10500/500000]  elapsed=894s  rate=11.7/s  ETA=41676s
  [11000/500000]  elapsed=936s  rate=11.8/s  ETA=41610s
  [11500/500000]  elapsed=979s  rate=11.7/s  ETA=41580s
  [12000/500000]  elapsed=1022s  rate=11.7/s  ETA=41542s
  [12500/500000]  elapsed=1065s  rate=11.7/s  ETA=41517s
  [13000/500000]  elapsed=1107s  rate=11.7/s  ETA=41462s
  [13500/500000]  elapsed=1147s  rate=11.8/s  ETA=41333s
  [14000/500000]  elapsed=1186s  rate=11.8/s  ETA=41178s
  [14500/500000]  elapsed=1225s  rate=11.8/s  ETA=41026s
  [15000/500000]  elapsed=1264s  rate=11.9/s  ETA=40883s
  [15500/500000]  elapsed=1304s  rate=11.9/s  ETA=40753s
  [16000/500000]  elapsed=1343s  rate=11.9/s  ETA=40627s
  [16500/500000]  elapsed=1382s  rate=11.9/s  ETA=40508s
  [17000/500000]  elapsed=1422s  rate=12.0/s  ETA=40395s
  [17500/500000]  elapsed=1461s  rate=12.0/s  ETA=40282s
  [18000/500000]  elapsed=1500s  rate=12.0/s  ETA=40169s
  [18500/500000]  elapsed=1539s  rate=12.0/s  ETA=40058s
  [19000/500000]  elapsed=1578s  rate=12.0/s  ETA=39957s
  [19500/500000]  elapsed=1618s  rate=12.1/s  ETA=39868s
  [20000/500000]  elapsed=1657s  rate=12.1/s  ETA=39774s
  [20500/500000]  elapsed=1697s  rate=12.1/s  ETA=39695s
  [21000/500000]  elapsed=1736s  rate=12.1/s  ETA=39606s
  [21500/500000]  elapsed=1776s  rate=12.1/s  ETA=39526s
  [22000/500000]  elapsed=1816s  rate=12.1/s  ETA=39451s
  [22500/500000]  elapsed=1855s  rate=12.1/s  ETA=39371s
  [23000/500000]  elapsed=1894s  rate=12.1/s  ETA=39290s
  [23500/500000]  elapsed=1934s  rate=12.1/s  ETA=39223s
  [24000/500000]  elapsed=1974s  rate=12.2/s  ETA=39143s
  [24500/500000]  elapsed=2013s  rate=12.2/s  ETA=39072s
  [25000/500000]  elapsed=2052s  rate=12.2/s  ETA=38992s
  [25500/500000]  elapsed=2091s  rate=12.2/s  ETA=38915s
  [26000/500000]  elapsed=2130s  rate=12.2/s  ETA=38839s
  [26500/500000]  elapsed=2170s  rate=12.2/s  ETA=38766s
  [27000/500000]  elapsed=2209s  rate=12.2/s  ETA=38696s
  [27500/500000]  elapsed=2248s  rate=12.2/s  ETA=38626s
  [28000/500000]  elapsed=2287s  rate=12.2/s  ETA=38555s
  [28500/500000]  elapsed=2327s  rate=12.2/s  ETA=38490s
  [29000/500000]  elapsed=2366s  rate=12.3/s  ETA=38432s
  [29500/500000]  elapsed=2408s  rate=12.2/s  ETA=38413s
  [30000/500000]  elapsed=2451s  rate=12.2/s  ETA=38395s
  [30500/500000]  elapsed=2493s  rate=12.2/s  ETA=38374s
  [31000/500000]  elapsed=2535s  rate=12.2/s  ETA=38356s
  [31500/500000]  elapsed=2578s  rate=12.2/s  ETA=38336s
  [32000/500000]  elapsed=2620s  rate=12.2/s  ETA=38320s
  [32500/500000]  elapsed=2662s  rate=12.2/s  ETA=38295s
  [33000/500000]  elapsed=2705s  rate=12.2/s  ETA=38276s
  [33500/500000]  elapsed=2747s  rate=12.2/s  ETA=38247s
  [34000/500000]  elapsed=2789s  rate=12.2/s  ETA=38231s
  [34500/500000]  elapsed=2832s  rate=12.2/s  ETA=38214s
  [35000/500000]  elapsed=2875s  rate=12.2/s  ETA=38196s
  [35500/500000]  elapsed=2917s  rate=12.2/s  ETA=38171s
  [36000/500000]  elapsed=2960s  rate=12.2/s  ETA=38156s
  [36500/500000]  elapsed=3003s  rate=12.2/s  ETA=38134s
  [37000/500000]  elapsed=3045s  rate=12.1/s  ETA=38108s
  [37500/500000]  elapsed=3088s  rate=12.1/s  ETA=38082s
  [38000/500000]  elapsed=3130s  rate=12.1/s  ETA=38056s
  [38500/500000]  elapsed=3173s  rate=12.1/s  ETA=38038s
  [39000/500000]  elapsed=3216s  rate=12.1/s  ETA=38011s
  [39500/500000]  elapsed=3258s  rate=12.1/s  ETA=37985s
  [40000/500000]  elapsed=3300s  rate=12.1/s  ETA=37951s
  [40500/500000]  elapsed=3343s  rate=12.1/s  ETA=37926s
  [41000/500000]  elapsed=3385s  rate=12.1/s  ETA=37899s
  [41500/500000]  elapsed=3428s  rate=12.1/s  ETA=37873s
  [42000/500000]  elapsed=3470s  rate=12.1/s  ETA=37835s
  [42500/500000]  elapsed=3512s  rate=12.1/s  ETA=37803s
  [43000/500000]  elapsed=3554s  rate=12.1/s  ETA=37767s
  [43500/500000]  elapsed=3597s  rate=12.1/s  ETA=37743s
  [44000/500000]  elapsed=3639s  rate=12.1/s  ETA=37717s
  [44500/500000]  elapsed=3682s  rate=12.1/s  ETA=37685s
  [45000/500000]  elapsed=3724s  rate=12.1/s  ETA=37653s
  [45500/500000]  elapsed=3766s  rate=12.1/s  ETA=37618s
  [46000/500000]  elapsed=3809s  rate=12.1/s  ETA=37593s
  [46500/500000]  elapsed=3851s  rate=12.1/s  ETA=37558s
  [47000/500000]  elapsed=3894s  rate=12.1/s  ETA=37527s
  [47500/500000]  elapsed=3936s  rate=12.1/s  ETA=37497s
  [48000/500000]  elapsed=3978s  rate=12.1/s  ETA=37460s
  [48500/500000]  elapsed=4021s  rate=12.1/s  ETA=37430s
  [49000/500000]  elapsed=4063s  rate=12.1/s  ETA=37396s
  [49500/500000]  elapsed=4106s  rate=12.1/s  ETA=37365s
  [50000/500000]  elapsed=4148s  rate=12.1/s  ETA=37331s
  [50500/500000]  elapsed=4190s  rate=12.1/s  ETA=37298s
  [51000/500000]  elapsed=4232s  rate=12.0/s  ETA=37262s
  [51500/500000]  elapsed=4274s  rate=12.0/s  ETA=37225s
  [52000/500000]  elapsed=4316s  rate=12.0/s  ETA=37182s
  [52500/500000]  elapsed=4358s  rate=12.0/s  ETA=37149s
  [53000/500000]  elapsed=4400s  rate=12.0/s  ETA=37110s
  [53500/500000]  elapsed=4442s  rate=12.0/s  ETA=37076s
  [54000/500000]  elapsed=4485s  rate=12.0/s  ETA=37047s
  [54500/500000]  elapsed=4528s  rate=12.0/s  ETA=37012s
  [55000/500000]  elapsed=4571s  rate=12.0/s  ETA=36981s
  [55500/500000]  elapsed=4614s  rate=12.0/s  ETA=36951s
  [56000/500000]  elapsed=4656s  rate=12.0/s  ETA=36918s
  [56500/500000]  elapsed=4699s  rate=12.0/s  ETA=36888s
  [57000/500000]  elapsed=4742s  rate=12.0/s  ETA=36851s
  [57500/500000]  elapsed=4784s  rate=12.0/s  ETA=36816s
  [58000/500000]  elapsed=4827s  rate=12.0/s  ETA=36783s
  [58500/500000]  elapsed=4869s  rate=12.0/s  ETA=36750s
  [59000/500000]  elapsed=4913s  rate=12.0/s  ETA=36722s
  [59500/500000]  elapsed=4955s  rate=12.0/s  ETA=36686s
  [60000/500000]  elapsed=4998s  rate=12.0/s  ETA=36654s
  [60500/500000]  elapsed=5041s  rate=12.0/s  ETA=36619s
  [61000/500000]  elapsed=5083s  rate=12.0/s  ETA=36585s
  [61500/500000]  elapsed=5126s  rate=12.0/s  ETA=36545s
  [62000/500000]  elapsed=5168s  rate=12.0/s  ETA=36509s
  [62500/500000]  elapsed=5211s  rate=12.0/s  ETA=36474s
  [63000/500000]  elapsed=5252s  rate=12.0/s  ETA=36432s
  [63500/500000]  elapsed=5294s  rate=12.0/s  ETA=36392s
  [64000/500000]  elapsed=5336s  rate=12.0/s  ETA=36353s
  [64500/500000]  elapsed=5378s  rate=12.0/s  ETA=36313s
  [65000/500000]  elapsed=5420s  rate=12.0/s  ETA=36273s
  [65500/500000]  elapsed=5462s  rate=12.0/s  ETA=36235s
  [66000/500000]  elapsed=5505s  rate=12.0/s  ETA=36199s
  [66500/500000]  elapsed=5547s  rate=12.0/s  ETA=36160s
  [67000/500000]  elapsed=5589s  rate=12.0/s  ETA=36120s
  [67500/500000]  elapsed=5631s  rate=12.0/s  ETA=36083s
  [68000/500000]  elapsed=5674s  rate=12.0/s  ETA=36047s
  [68500/500000]  elapsed=5717s  rate=12.0/s  ETA=36013s
  [69000/500000]  elapsed=5759s  rate=12.0/s  ETA=35975s
  [69500/500000]  elapsed=5802s  rate=12.0/s  ETA=35940s
  [70000/500000]  elapsed=5845s  rate=12.0/s  ETA=35903s
  [70500/500000]  elapsed=5888s  rate=12.0/s  ETA=35869s
  [71000/500000]  elapsed=5931s  rate=12.0/s  ETA=35836s
  [71500/500000]  elapsed=5974s  rate=12.0/s  ETA=35802s
  [72000/500000]  elapsed=6016s  rate=12.0/s  ETA=35764s
  [72500/500000]  elapsed=6059s  rate=12.0/s  ETA=35727s
  [73000/500000]  elapsed=6102s  rate=12.0/s  ETA=35690s
  [73500/500000]  elapsed=6145s  rate=12.0/s  ETA=35658s
  [74000/500000]  elapsed=6187s  rate=12.0/s  ETA=35618s
  [74500/500000]  elapsed=6230s  rate=12.0/s  ETA=35584s
  [75000/500000]  elapsed=6273s  rate=12.0/s  ETA=35546s
  [75500/500000]  elapsed=6315s  rate=12.0/s  ETA=35507s
  [76000/500000]  elapsed=6357s  rate=12.0/s  ETA=35467s
  [76500/500000]  elapsed=6400s  rate=12.0/s  ETA=35429s
  [77000/500000]  elapsed=6442s  rate=12.0/s  ETA=35388s
  [77500/500000]  elapsed=6484s  rate=12.0/s  ETA=35349s
  [78000/500000]  elapsed=6526s  rate=12.0/s  ETA=35309s
  [78500/500000]  elapsed=6569s  rate=11.9/s  ETA=35272s
  [79000/500000]  elapsed=6611s  rate=11.9/s  ETA=35231s
  [79500/500000]  elapsed=6654s  rate=11.9/s  ETA=35194s
  [80000/500000]  elapsed=6696s  rate=11.9/s  ETA=35154s
  [80500/500000]  elapsed=6739s  rate=11.9/s  ETA=35116s
  [81000/500000]  elapsed=6781s  rate=11.9/s  ETA=35078s
  [81500/500000]  elapsed=6824s  rate=11.9/s  ETA=35040s
  [82000/500000]  elapsed=6866s  rate=11.9/s  ETA=35000s
  [82500/500000]  elapsed=6909s  rate=11.9/s  ETA=34962s
  [83000/500000]  elapsed=6951s  rate=11.9/s  ETA=34924s
  [83500/500000]  elapsed=6994s  rate=11.9/s  ETA=34885s
  [84000/500000]  elapsed=7036s  rate=11.9/s  ETA=34847s
  [84500/500000]  elapsed=7079s  rate=11.9/s  ETA=34809s
  [85000/500000]  elapsed=7121s  rate=11.9/s  ETA=34769s
  [85500/500000]  elapsed=7164s  rate=11.9/s  ETA=34729s
  [86000/500000]  elapsed=7206s  rate=11.9/s  ETA=34689s
  [86500/500000]  elapsed=7249s  rate=11.9/s  ETA=34652s
  [87000/500000]  elapsed=7291s  rate=11.9/s  ETA=34613s
  [87500/500000]  elapsed=7334s  rate=11.9/s  ETA=34576s
  [88000/500000]  elapsed=7377s  rate=11.9/s  ETA=34538s
  [88500/500000]  elapsed=7419s  rate=11.9/s  ETA=34494s
  [89000/500000]  elapsed=7462s  rate=11.9/s  ETA=34458s
  [89500/500000]  elapsed=7504s  rate=11.9/s  ETA=34419s
  [90000/500000]  elapsed=7547s  rate=11.9/s  ETA=34380s
  [90500/500000]  elapsed=7589s  rate=11.9/s  ETA=34341s
  [91000/500000]  elapsed=7631s  rate=11.9/s  ETA=34298s
  [91500/500000]  elapsed=7674s  rate=11.9/s  ETA=34259s
  [92000/500000]  elapsed=7716s  rate=11.9/s  ETA=34220s
  [92500/500000]  elapsed=7758s  rate=11.9/s  ETA=34178s
  [93000/500000]  elapsed=7800s  rate=11.9/s  ETA=34137s
  [93500/500000]  elapsed=7843s  rate=11.9/s  ETA=34098s
  [94000/500000]  elapsed=7885s  rate=11.9/s  ETA=34057s
  [94500/500000]  elapsed=7928s  rate=11.9/s  ETA=34018s
  [95000/500000]  elapsed=7970s  rate=11.9/s  ETA=33979s
  [95500/500000]  elapsed=8013s  rate=11.9/s  ETA=33938s
  [96000/500000]  elapsed=8055s  rate=11.9/s  ETA=33896s
  [96500/500000]  elapsed=8097s  rate=11.9/s  ETA=33857s
  [97000/500000]  elapsed=8140s  rate=11.9/s  ETA=33817s
  [97500/500000]  elapsed=8183s  rate=11.9/s  ETA=33779s
  [98000/500000]  elapsed=8225s  rate=11.9/s  ETA=33741s
  [98500/500000]  elapsed=8268s  rate=11.9/s  ETA=33702s
  [99000/500000]  elapsed=8311s  rate=11.9/s  ETA=33664s
  [99500/500000]  elapsed=8354s  rate=11.9/s  ETA=33626s
  [100000/500000]  elapsed=8396s  rate=11.9/s  ETA=33584s
  [100500/500000]  elapsed=8439s  rate=11.9/s  ETA=33546s
  [101000/500000]  elapsed=8482s  rate=11.9/s  ETA=33507s
  [101500/500000]  elapsed=8524s  rate=11.9/s  ETA=33467s
  [102000/500000]  elapsed=8567s  rate=11.9/s  ETA=33427s
  [102500/500000]  elapsed=8609s  rate=11.9/s  ETA=33387s
  [103000/500000]  elapsed=8653s  rate=11.9/s  ETA=33354s
  [103500/500000]  elapsed=8697s  rate=11.9/s  ETA=33316s
  [104000/500000]  elapsed=8739s  rate=11.9/s  ETA=33276s
  [104500/500000]  elapsed=8781s  rate=11.9/s  ETA=33234s
  [105000/500000]  elapsed=8824s  rate=11.9/s  ETA=33196s
  [105500/500000]  elapsed=8866s  rate=11.9/s  ETA=33154s
  [106000/500000]  elapsed=8909s  rate=11.9/s  ETA=33113s
  [106500/500000]  elapsed=8951s  rate=11.9/s  ETA=33073s
  [107000/500000]  elapsed=8993s  rate=11.9/s  ETA=33032s
  [107500/500000]  elapsed=9035s  rate=11.9/s  ETA=32990s
  [108000/500000]  elapsed=9078s  rate=11.9/s  ETA=32951s
  [108500/500000]  elapsed=9121s  rate=11.9/s  ETA=32911s
  [109000/500000]  elapsed=9163s  rate=11.9/s  ETA=32869s
  [109500/500000]  elapsed=9205s  rate=11.9/s  ETA=32828s
  [110000/500000]  elapsed=9248s  rate=11.9/s  ETA=32788s
  [110500/500000]  elapsed=9291s  rate=11.9/s  ETA=32748s
  [111000/500000]  elapsed=9333s  rate=11.9/s  ETA=32707s
  [111500/500000]  elapsed=9374s  rate=11.9/s  ETA=32663s
  [112000/500000]  elapsed=9417s  rate=11.9/s  ETA=32623s
  [112500/500000]  elapsed=9459s  rate=11.9/s  ETA=32583s
  [113000/500000]  elapsed=9502s  rate=11.9/s  ETA=32543s
  [113500/500000]  elapsed=9545s  rate=11.9/s  ETA=32503s
  [114000/500000]  elapsed=9588s  rate=11.9/s  ETA=32465s
  [114500/500000]  elapsed=9630s  rate=11.9/s  ETA=32423s
  [115000/500000]  elapsed=9673s  rate=11.9/s  ETA=32385s
  [115500/500000]  elapsed=9716s  rate=11.9/s  ETA=32345s
  [116000/500000]  elapsed=9759s  rate=11.9/s  ETA=32304s
  [116500/500000]  elapsed=9802s  rate=11.9/s  ETA=32265s
  [117000/500000]  elapsed=9844s  rate=11.9/s  ETA=32225s
  [117500/500000]  elapsed=9887s  rate=11.9/s  ETA=32186s
  [118000/500000]  elapsed=9931s  rate=11.9/s  ETA=32148s
  [118500/500000]  elapsed=9975s  rate=11.9/s  ETA=32113s
  [119000/500000]  elapsed=10017s  rate=11.9/s  ETA=32071s
  [119500/500000]  elapsed=10060s  rate=11.9/s  ETA=32031s
  [120000/500000]  elapsed=10103s  rate=11.9/s  ETA=31993s
  [120500/500000]  elapsed=10145s  rate=11.9/s  ETA=31950s
  [121000/500000]  elapsed=10187s  rate=11.9/s  ETA=31908s
  [121500/500000]  elapsed=10229s  rate=11.9/s  ETA=31866s
  [122000/500000]  elapsed=10272s  rate=11.9/s  ETA=31828s
  [122500/500000]  elapsed=10314s  rate=11.9/s  ETA=31783s
  [123000/500000]  elapsed=10357s  rate=11.9/s  ETA=31743s
  [123500/500000]  elapsed=10400s  rate=11.9/s  ETA=31704s
  [124000/500000]  elapsed=10442s  rate=11.9/s  ETA=31663s
  [124500/500000]  elapsed=10485s  rate=11.9/s  ETA=31624s
  [125000/500000]  elapsed=10527s  rate=11.9/s  ETA=31581s
  [125500/500000]  elapsed=10569s  rate=11.9/s  ETA=31540s
  [126000/500000]  elapsed=10611s  rate=11.9/s  ETA=31497s
  [126500/500000]  elapsed=10654s  rate=11.9/s  ETA=31456s
  [127000/500000]  elapsed=10696s  rate=11.9/s  ETA=31415s
  [127500/500000]  elapsed=10739s  rate=11.9/s  ETA=31373s
  [128000/500000]  elapsed=10781s  rate=11.9/s  ETA=31333s
  [128500/500000]  elapsed=10823s  rate=11.9/s  ETA=31290s
  [129000/500000]  elapsed=10865s  rate=11.9/s  ETA=31249s
  [129500/500000]  elapsed=10907s  rate=11.9/s  ETA=31206s
  [130000/500000]  elapsed=10950s  rate=11.9/s  ETA=31165s
  [130500/500000]  elapsed=10992s  rate=11.9/s  ETA=31124s
  [131000/500000]  elapsed=11035s  rate=11.9/s  ETA=31082s
  [131500/500000]  elapsed=11078s  rate=11.9/s  ETA=31042s
  [132000/500000]  elapsed=11119s  rate=11.9/s  ETA=30999s
  [132500/500000]  elapsed=11163s  rate=11.9/s  ETA=30961s
  [133000/500000]  elapsed=11206s  rate=11.9/s  ETA=30921s
  [133500/500000]  elapsed=11248s  rate=11.9/s  ETA=30880s
  [134000/500000]  elapsed=11291s  rate=11.9/s  ETA=30839s
  [134500/500000]  elapsed=11333s  rate=11.9/s  ETA=30797s
  [135000/500000]  elapsed=11376s  rate=11.9/s  ETA=30758s
  [135500/500000]  elapsed=11418s  rate=11.9/s  ETA=30715s
  [136000/500000]  elapsed=11460s  rate=11.9/s  ETA=30674s
  [136500/500000]  elapsed=11503s  rate=11.9/s  ETA=30633s
  [137000/500000]  elapsed=11545s  rate=11.9/s  ETA=30591s
  [137500/500000]  elapsed=11588s  rate=11.9/s  ETA=30550s
  [138000/500000]  elapsed=11631s  rate=11.9/s  ETA=30509s
  [138500/500000]  elapsed=11673s  rate=11.9/s  ETA=30468s
  [139000/500000]  elapsed=11715s  rate=11.9/s  ETA=30425s
  [139500/500000]  elapsed=11757s  rate=11.9/s  ETA=30383s
  [140000/500000]  elapsed=11799s  rate=11.9/s  ETA=30341s
  [140500/500000]  elapsed=11842s  rate=11.9/s  ETA=30300s
  [141000/500000]  elapsed=11884s  rate=11.9/s  ETA=30259s
  [141500/500000]  elapsed=11926s  rate=11.9/s  ETA=30216s
  [142000/500000]  elapsed=11968s  rate=11.9/s  ETA=30173s
  [142500/500000]  elapsed=12010s  rate=11.9/s  ETA=30131s
  [143000/500000]  elapsed=12053s  rate=11.9/s  ETA=30090s
  [143500/500000]  elapsed=12095s  rate=11.9/s  ETA=30049s
  [144000/500000]  elapsed=12138s  rate=11.9/s  ETA=30007s
  [144500/500000]  elapsed=12180s  rate=11.9/s  ETA=29965s
  [145000/500000]  elapsed=12223s  rate=11.9/s  ETA=29924s
  [145500/500000]  elapsed=12265s  rate=11.9/s  ETA=29882s
  [146000/500000]  elapsed=12307s  rate=11.9/s  ETA=29841s
  [146500/500000]  elapsed=12349s  rate=11.9/s  ETA=29798s
  [147000/500000]  elapsed=12391s  rate=11.9/s  ETA=29756s
  [147500/500000]  elapsed=12434s  rate=11.9/s  ETA=29715s
  [148000/500000]  elapsed=12477s  rate=11.9/s  ETA=29675s
  [148500/500000]  elapsed=12519s  rate=11.9/s  ETA=29633s
  [149000/500000]  elapsed=12562s  rate=11.9/s  ETA=29592s
  [149500/500000]  elapsed=12604s  rate=11.9/s  ETA=29551s
  [150000/500000]  elapsed=12646s  rate=11.9/s  ETA=29507s
  [150500/500000]  elapsed=12688s  rate=11.9/s  ETA=29466s
  [151000/500000]  elapsed=12730s  rate=11.9/s  ETA=29423s
  [151500/500000]  elapsed=12773s  rate=11.9/s  ETA=29381s
  [152000/500000]  elapsed=12815s  rate=11.9/s  ETA=29340s
  [152500/500000]  elapsed=12858s  rate=11.9/s  ETA=29300s
  [153000/500000]  elapsed=12901s  rate=11.9/s  ETA=29258s
  [153500/500000]  elapsed=12943s  rate=11.9/s  ETA=29217s
  [154000/500000]  elapsed=12986s  rate=11.9/s  ETA=29176s
  [154500/500000]  elapsed=13028s  rate=11.9/s  ETA=29133s
  [155000/500000]  elapsed=13071s  rate=11.9/s  ETA=29093s
  [155500/500000]  elapsed=13113s  rate=11.9/s  ETA=29052s
  [156000/500000]  elapsed=13156s  rate=11.9/s  ETA=29010s
  [156500/500000]  elapsed=13198s  rate=11.9/s  ETA=28968s
  [157000/500000]  elapsed=13239s  rate=11.9/s  ETA=28924s
  [157500/500000]  elapsed=13282s  rate=11.9/s  ETA=28883s
  [158000/500000]  elapsed=13324s  rate=11.9/s  ETA=28841s
  [158500/500000]  elapsed=13366s  rate=11.9/s  ETA=28798s
  [159000/500000]  elapsed=13408s  rate=11.9/s  ETA=28756s
  [159500/500000]  elapsed=13451s  rate=11.9/s  ETA=28715s
  [160000/500000]  elapsed=13493s  rate=11.9/s  ETA=28673s
  [160500/500000]  elapsed=13536s  rate=11.9/s  ETA=28631s
  [161000/500000]  elapsed=13577s  rate=11.9/s  ETA=28588s
  [161500/500000]  elapsed=13619s  rate=11.9/s  ETA=28546s
  [162000/500000]  elapsed=13662s  rate=11.9/s  ETA=28504s
  [162500/500000]  elapsed=13704s  rate=11.9/s  ETA=28463s
  [163000/500000]  elapsed=13747s  rate=11.9/s  ETA=28422s
  [163500/500000]  elapsed=13790s  rate=11.9/s  ETA=28382s
  [164000/500000]  elapsed=13833s  rate=11.9/s  ETA=28341s
  [164500/500000]  elapsed=13875s  rate=11.9/s  ETA=28299s
  [165000/500000]  elapsed=13918s  rate=11.9/s  ETA=28257s
  [165500/500000]  elapsed=13960s  rate=11.9/s  ETA=28216s
  [166000/500000]  elapsed=14004s  rate=11.9/s  ETA=28176s
  [166500/500000]  elapsed=14046s  rate=11.9/s  ETA=28134s
  [167000/500000]  elapsed=14089s  rate=11.9/s  ETA=28093s
  [167500/500000]  elapsed=14132s  rate=11.9/s  ETA=28054s
  [168000/500000]  elapsed=14176s  rate=11.9/s  ETA=28014s
  [168500/500000]  elapsed=14218s  rate=11.9/s  ETA=27972s
  [169000/500000]  elapsed=14260s  rate=11.9/s  ETA=27930s
  [169500/500000]  elapsed=14303s  rate=11.9/s  ETA=27888s
  [170000/500000]  elapsed=14345s  rate=11.9/s  ETA=27847s
  [170500/500000]  elapsed=14387s  rate=11.9/s  ETA=27804s
  [171000/500000]  elapsed=14429s  rate=11.9/s  ETA=27760s
  [171500/500000]  elapsed=14471s  rate=11.9/s  ETA=27719s
  [172000/500000]  elapsed=14513s  rate=11.9/s  ETA=27677s
  [172500/500000]  elapsed=14555s  rate=11.9/s  ETA=27634s
  [173000/500000]  elapsed=14598s  rate=11.9/s  ETA=27592s
  [173500/500000]  elapsed=14640s  rate=11.9/s  ETA=27549s
  [174000/500000]  elapsed=14681s  rate=11.9/s  ETA=27506s
  [174500/500000]  elapsed=14723s  rate=11.9/s  ETA=27463s
  [175000/500000]  elapsed=14765s  rate=11.9/s  ETA=27420s
  [175500/500000]  elapsed=14806s  rate=11.9/s  ETA=27377s
  [176000/500000]  elapsed=14848s  rate=11.9/s  ETA=27335s
  [176500/500000]  elapsed=14891s  rate=11.9/s  ETA=27293s
  [177000/500000]  elapsed=14933s  rate=11.9/s  ETA=27250s
  [177500/500000]  elapsed=14975s  rate=11.9/s  ETA=27208s
  [178000/500000]  elapsed=15017s  rate=11.9/s  ETA=27166s
  [178500/500000]  elapsed=15059s  rate=11.9/s  ETA=27123s
  [179000/500000]  elapsed=15103s  rate=11.9/s  ETA=27084s
  [179500/500000]  elapsed=15145s  rate=11.9/s  ETA=27042s
  [180000/500000]  elapsed=15188s  rate=11.9/s  ETA=27000s
  [180500/500000]  elapsed=15230s  rate=11.9/s  ETA=26959s
  [181000/500000]  elapsed=15273s  rate=11.9/s  ETA=26917s
  [181500/500000]  elapsed=15316s  rate=11.9/s  ETA=26877s
  [182000/500000]  elapsed=15358s  rate=11.9/s  ETA=26835s
  [182500/500000]  elapsed=15400s  rate=11.9/s  ETA=26792s
  [183000/500000]  elapsed=15442s  rate=11.9/s  ETA=26750s
  [183500/500000]  elapsed=15485s  rate=11.9/s  ETA=26708s
  [184000/500000]  elapsed=15527s  rate=11.9/s  ETA=26666s
  [184500/500000]  elapsed=15569s  rate=11.9/s  ETA=26624s
  [185000/500000]  elapsed=15612s  rate=11.9/s  ETA=26582s
  [185500/500000]  elapsed=15654s  rate=11.8/s  ETA=26541s
  [186000/500000]  elapsed=15697s  rate=11.8/s  ETA=26498s
  [186500/500000]  elapsed=15739s  rate=11.8/s  ETA=26457s
  [187000/500000]  elapsed=15782s  rate=11.8/s  ETA=26415s
  [187500/500000]  elapsed=15824s  rate=11.8/s  ETA=26374s
  [188000/500000]  elapsed=15866s  rate=11.8/s  ETA=26331s
  [188500/500000]  elapsed=15909s  rate=11.8/s  ETA=26290s
  [189000/500000]  elapsed=15951s  rate=11.8/s  ETA=26248s
  [189500/500000]  elapsed=15994s  rate=11.8/s  ETA=26206s
  [190000/500000]  elapsed=16037s  rate=11.8/s  ETA=26165s
  [190500/500000]  elapsed=16078s  rate=11.8/s  ETA=26122s
  [191000/500000]  elapsed=16121s  rate=11.8/s  ETA=26081s
  [191500/500000]  elapsed=16164s  rate=11.8/s  ETA=26039s
  [192000/500000]  elapsed=16206s  rate=11.8/s  ETA=25996s
  [192500/500000]  elapsed=16249s  rate=11.8/s  ETA=25956s
  [193000/500000]  elapsed=16292s  rate=11.8/s  ETA=25915s
  [193500/500000]  elapsed=16334s  rate=11.8/s  ETA=25873s
  [194000/500000]  elapsed=16376s  rate=11.8/s  ETA=25830s
  [194500/500000]  elapsed=16419s  rate=11.8/s  ETA=25789s
  [195000/500000]  elapsed=16461s  rate=11.8/s  ETA=25747s
  [195500/500000]  elapsed=16505s  rate=11.8/s  ETA=25707s
  [196000/500000]  elapsed=16546s  rate=11.8/s  ETA=25664s
  [196500/500000]  elapsed=16589s  rate=11.8/s  ETA=25623s
  [197000/500000]  elapsed=16632s  rate=11.8/s  ETA=25581s
  [197500/500000]  elapsed=16674s  rate=11.8/s  ETA=25539s
  [198000/500000]  elapsed=16717s  rate=11.8/s  ETA=25497s
  [198500/500000]  elapsed=16759s  rate=11.8/s  ETA=25456s
  [199000/500000]  elapsed=16802s  rate=11.8/s  ETA=25413s
  [199500/500000]  elapsed=16845s  rate=11.8/s  ETA=25373s
  [200000/500000]  elapsed=16887s  rate=11.8/s  ETA=25331s
  [200500/500000]  elapsed=16930s  rate=11.8/s  ETA=25289s
  [201000/500000]  elapsed=16972s  rate=11.8/s  ETA=25246s
  [201500/500000]  elapsed=17014s  rate=11.8/s  ETA=25205s
  [202000/500000]  elapsed=17056s  rate=11.8/s  ETA=25162s
  [202500/500000]  elapsed=17099s  rate=11.8/s  ETA=25120s
  [203000/500000]  elapsed=17141s  rate=11.8/s  ETA=25079s
  [203500/500000]  elapsed=17183s  rate=11.8/s  ETA=25036s
  [204000/500000]  elapsed=17226s  rate=11.8/s  ETA=24994s
  [204500/500000]  elapsed=17268s  rate=11.8/s  ETA=24953s
  [205000/500000]  elapsed=17310s  rate=11.8/s  ETA=24909s
  [205500/500000]  elapsed=17351s  rate=11.8/s  ETA=24866s
  [206000/500000]  elapsed=17393s  rate=11.8/s  ETA=24824s
  [206500/500000]  elapsed=17436s  rate=11.8/s  ETA=24781s
  [207000/500000]  elapsed=17478s  rate=11.8/s  ETA=24740s
  [207500/500000]  elapsed=17520s  rate=11.8/s  ETA=24697s
  [208000/500000]  elapsed=17563s  rate=11.8/s  ETA=24655s
  [208500/500000]  elapsed=17605s  rate=11.8/s  ETA=24614s
  [209000/500000]  elapsed=17648s  rate=11.8/s  ETA=24572s
  [209500/500000]  elapsed=17690s  rate=11.8/s  ETA=24530s
  [210000/500000]  elapsed=17732s  rate=11.8/s  ETA=24488s
  [210500/500000]  elapsed=17774s  rate=11.8/s  ETA=24445s
  [211000/500000]  elapsed=17817s  rate=11.8/s  ETA=24403s
  [211500/500000]  elapsed=17859s  rate=11.8/s  ETA=24361s
  [212000/500000]  elapsed=17901s  rate=11.8/s  ETA=24319s
  [212500/500000]  elapsed=17944s  rate=11.8/s  ETA=24277s
  [213000/500000]  elapsed=17986s  rate=11.8/s  ETA=24235s
  [213500/500000]  elapsed=18029s  rate=11.8/s  ETA=24194s
  [214000/500000]  elapsed=18072s  rate=11.8/s  ETA=24153s
  [214500/500000]  elapsed=18116s  rate=11.8/s  ETA=24112s
  [215000/500000]  elapsed=18157s  rate=11.8/s  ETA=24069s
  [215500/500000]  elapsed=18200s  rate=11.8/s  ETA=24027s
  [216000/500000]  elapsed=18242s  rate=11.8/s  ETA=23985s
  [216500/500000]  elapsed=18285s  rate=11.8/s  ETA=23943s
  [217000/500000]  elapsed=18327s  rate=11.8/s  ETA=23901s
  [217500/500000]  elapsed=18369s  rate=11.8/s  ETA=23859s
  [218000/500000]  elapsed=18412s  rate=11.8/s  ETA=23817s
  [218500/500000]  elapsed=18454s  rate=11.8/s  ETA=23775s
  [219000/500000]  elapsed=18497s  rate=11.8/s  ETA=23733s
  [219500/500000]  elapsed=18538s  rate=11.8/s  ETA=23690s
  [220000/500000]  elapsed=18581s  rate=11.8/s  ETA=23648s
  [220500/500000]  elapsed=18623s  rate=11.8/s  ETA=23606s
  [221000/500000]  elapsed=18665s  rate=11.8/s  ETA=23564s
  [221500/500000]  elapsed=18708s  rate=11.8/s  ETA=23522s
  [222000/500000]  elapsed=18749s  rate=11.8/s  ETA=23479s
  [222500/500000]  elapsed=18792s  rate=11.8/s  ETA=23437s
  [223000/500000]  elapsed=18835s  rate=11.8/s  ETA=23396s
  [223500/500000]  elapsed=18877s  rate=11.8/s  ETA=23354s
  [224000/500000]  elapsed=18920s  rate=11.8/s  ETA=23312s
  [224500/500000]  elapsed=18962s  rate=11.8/s  ETA=23269s
  [225000/500000]  elapsed=19005s  rate=11.8/s  ETA=23228s
  [225500/500000]  elapsed=19047s  rate=11.8/s  ETA=23186s
  [226000/500000]  elapsed=19090s  rate=11.8/s  ETA=23144s
  [226500/500000]  elapsed=19132s  rate=11.8/s  ETA=23103s
  [227000/500000]  elapsed=19175s  rate=11.8/s  ETA=23061s
  [227500/500000]  elapsed=19217s  rate=11.8/s  ETA=23019s
  [228000/500000]  elapsed=19260s  rate=11.8/s  ETA=22977s
  [228500/500000]  elapsed=19303s  rate=11.8/s  ETA=22935s
  [229000/500000]  elapsed=19345s  rate=11.8/s  ETA=22894s
  [229500/500000]  elapsed=19388s  rate=11.8/s  ETA=22852s
  [230000/500000]  elapsed=19430s  rate=11.8/s  ETA=22809s
  [230500/500000]  elapsed=19472s  rate=11.8/s  ETA=22767s
  [231000/500000]  elapsed=19514s  rate=11.8/s  ETA=22724s
  [231500/500000]  elapsed=19556s  rate=11.8/s  ETA=22682s
  [232000/500000]  elapsed=19599s  rate=11.8/s  ETA=22640s
  [232500/500000]  elapsed=19641s  rate=11.8/s  ETA=22598s
  [233000/500000]  elapsed=19685s  rate=11.8/s  ETA=22557s
  [233500/500000]  elapsed=19727s  rate=11.8/s  ETA=22515s
  [234000/500000]  elapsed=19769s  rate=11.8/s  ETA=22472s
  [234500/500000]  elapsed=19811s  rate=11.8/s  ETA=22430s
  [235000/500000]  elapsed=19853s  rate=11.8/s  ETA=22387s
  [235500/500000]  elapsed=19895s  rate=11.8/s  ETA=22345s
  [236000/500000]  elapsed=19938s  rate=11.8/s  ETA=22303s
  [236500/500000]  elapsed=19980s  rate=11.8/s  ETA=22261s
  [237000/500000]  elapsed=20022s  rate=11.8/s  ETA=22219s
  [237500/500000]  elapsed=20065s  rate=11.8/s  ETA=22177s
  [238000/500000]  elapsed=20107s  rate=11.8/s  ETA=22135s
  [238500/500000]  elapsed=20149s  rate=11.8/s  ETA=22093s
  [239000/500000]  elapsed=20192s  rate=11.8/s  ETA=22051s
  [239500/500000]  elapsed=20234s  rate=11.8/s  ETA=22009s
  [240000/500000]  elapsed=20277s  rate=11.8/s  ETA=21967s
  [240500/500000]  elapsed=20320s  rate=11.8/s  ETA=21925s
  [241000/500000]  elapsed=20362s  rate=11.8/s  ETA=21883s
  [241500/500000]  elapsed=20404s  rate=11.8/s  ETA=21840s
  [242000/500000]  elapsed=20446s  rate=11.8/s  ETA=21798s
  [242500/500000]  elapsed=20489s  rate=11.8/s  ETA=21756s
  [243000/500000]  elapsed=20532s  rate=11.8/s  ETA=21715s
  [243500/500000]  elapsed=20574s  rate=11.8/s  ETA=21672s
  [244000/500000]  elapsed=20616s  rate=11.8/s  ETA=21630s
  [244500/500000]  elapsed=20658s  rate=11.8/s  ETA=21587s
  [245000/500000]  elapsed=20700s  rate=11.8/s  ETA=21545s
  [245500/500000]  elapsed=20743s  rate=11.8/s  ETA=21503s
  [246000/500000]  elapsed=20786s  rate=11.8/s  ETA=21462s
  [246500/500000]  elapsed=20828s  rate=11.8/s  ETA=21419s
  [247000/500000]  elapsed=20870s  rate=11.8/s  ETA=21377s
  [247500/500000]  elapsed=20913s  rate=11.8/s  ETA=21335s
  [248000/500000]  elapsed=20956s  rate=11.8/s  ETA=21294s
  [248500/500000]  elapsed=20998s  rate=11.8/s  ETA=21252s
  [249000/500000]  elapsed=21040s  rate=11.8/s  ETA=21209s
  [249500/500000]  elapsed=21082s  rate=11.8/s  ETA=21167s
  [250000/500000]  elapsed=21125s  rate=11.8/s  ETA=21125s
  [250500/500000]  elapsed=21167s  rate=11.8/s  ETA=21083s
  [251000/500000]  elapsed=21210s  rate=11.8/s  ETA=21041s
  [251500/500000]  elapsed=21252s  rate=11.8/s  ETA=20999s
  [252000/500000]  elapsed=21295s  rate=11.8/s  ETA=20957s
  [252500/500000]  elapsed=21338s  rate=11.8/s  ETA=20915s
  [253000/500000]  elapsed=21380s  rate=11.8/s  ETA=20873s
  [253500/500000]  elapsed=21423s  rate=11.8/s  ETA=20831s
  [254000/500000]  elapsed=21465s  rate=11.8/s  ETA=20789s
  [254500/500000]  elapsed=21508s  rate=11.8/s  ETA=20747s
  [255000/500000]  elapsed=21550s  rate=11.8/s  ETA=20705s
  [255500/500000]  elapsed=21593s  rate=11.8/s  ETA=20663s
  [256000/500000]  elapsed=21635s  rate=11.8/s  ETA=20621s
  [256500/500000]  elapsed=21677s  rate=11.8/s  ETA=20578s
  [257000/500000]  elapsed=21720s  rate=11.8/s  ETA=20536s
  [257500/500000]  elapsed=21762s  rate=11.8/s  ETA=20494s
  [258000/500000]  elapsed=21804s  rate=11.8/s  ETA=20452s
  [258500/500000]  elapsed=21846s  rate=11.8/s  ETA=20410s
  [259000/500000]  elapsed=21889s  rate=11.8/s  ETA=20368s
  [259500/500000]  elapsed=21931s  rate=11.8/s  ETA=20325s
  [260000/500000]  elapsed=21973s  rate=11.8/s  ETA=20283s
  [260500/500000]  elapsed=22016s  rate=11.8/s  ETA=20241s
  [261000/500000]  elapsed=22059s  rate=11.8/s  ETA=20199s
  [261500/500000]  elapsed=22101s  rate=11.8/s  ETA=20157s
  [262000/500000]  elapsed=22143s  rate=11.8/s  ETA=20115s
  [262500/500000]  elapsed=22186s  rate=11.8/s  ETA=20073s
  [263000/500000]  elapsed=22229s  rate=11.8/s  ETA=20031s
  [263500/500000]  elapsed=22271s  rate=11.8/s  ETA=19989s
  [264000/500000]  elapsed=22314s  rate=11.8/s  ETA=19947s
  [264500/500000]  elapsed=22356s  rate=11.8/s  ETA=19905s
  [265000/500000]  elapsed=22398s  rate=11.8/s  ETA=19862s
  [265500/500000]  elapsed=22440s  rate=11.8/s  ETA=19820s
  [266000/500000]  elapsed=22483s  rate=11.8/s  ETA=19778s
  [266500/500000]  elapsed=22526s  rate=11.8/s  ETA=19736s
  [267000/500000]  elapsed=22569s  rate=11.8/s  ETA=19695s
  [267500/500000]  elapsed=22611s  rate=11.8/s  ETA=19653s
  [268000/500000]  elapsed=22654s  rate=11.8/s  ETA=19611s
  [268500/500000]  elapsed=22697s  rate=11.8/s  ETA=19569s
  [269000/500000]  elapsed=22739s  rate=11.8/s  ETA=19527s
  [269500/500000]  elapsed=22782s  rate=11.8/s  ETA=19485s
  [270000/500000]  elapsed=22825s  rate=11.8/s  ETA=19444s
  [270500/500000]  elapsed=22868s  rate=11.8/s  ETA=19402s
  [271000/500000]  elapsed=22911s  rate=11.8/s  ETA=19360s
  [271500/500000]  elapsed=22954s  rate=11.8/s  ETA=19318s
  [272000/500000]  elapsed=22997s  rate=11.8/s  ETA=19277s
  [272500/500000]  elapsed=23039s  rate=11.8/s  ETA=19235s
  [273000/500000]  elapsed=23083s  rate=11.8/s  ETA=19193s
  [273500/500000]  elapsed=23126s  rate=11.8/s  ETA=19152s
  [274000/500000]  elapsed=23168s  rate=11.8/s  ETA=19109s
  [274500/500000]  elapsed=23210s  rate=11.8/s  ETA=19067s
  [275000/500000]  elapsed=23253s  rate=11.8/s  ETA=19025s
  [275500/500000]  elapsed=23295s  rate=11.8/s  ETA=18983s
  [276000/500000]  elapsed=23338s  rate=11.8/s  ETA=18941s
  [276500/500000]  elapsed=23381s  rate=11.8/s  ETA=18899s
  [277000/500000]  elapsed=23424s  rate=11.8/s  ETA=18857s
  [277500/500000]  elapsed=23466s  rate=11.8/s  ETA=18815s
  [278000/500000]  elapsed=23509s  rate=11.8/s  ETA=18773s
  [278500/500000]  elapsed=23552s  rate=11.8/s  ETA=18731s
  [279000/500000]  elapsed=23594s  rate=11.8/s  ETA=18689s
  [279500/500000]  elapsed=23636s  rate=11.8/s  ETA=18647s
  [280000/500000]  elapsed=23679s  rate=11.8/s  ETA=18605s
  [280500/500000]  elapsed=23722s  rate=11.8/s  ETA=18563s
  [281000/500000]  elapsed=23764s  rate=11.8/s  ETA=18521s
  [281500/500000]  elapsed=23807s  rate=11.8/s  ETA=18479s
  [282000/500000]  elapsed=23853s  rate=11.8/s  ETA=18439s
  [282500/500000]  elapsed=23899s  rate=11.8/s  ETA=18400s
  [283000/500000]  elapsed=23945s  rate=11.8/s  ETA=18361s
  [283500/500000]  elapsed=23993s  rate=11.8/s  ETA=18322s
  [284000/500000]  elapsed=24038s  rate=11.8/s  ETA=18282s
  [284500/500000]  elapsed=24085s  rate=11.8/s  ETA=18244s
  [285000/500000]  elapsed=24132s  rate=11.8/s  ETA=18205s
  [285500/500000]  elapsed=24177s  rate=11.8/s  ETA=18165s
  [286000/500000]  elapsed=24224s  rate=11.8/s  ETA=18126s
  [286500/500000]  elapsed=24269s  rate=11.8/s  ETA=18085s
  [287000/500000]  elapsed=24315s  rate=11.8/s  ETA=18046s
  [287500/500000]  elapsed=24362s  rate=11.8/s  ETA=18007s
  [288000/500000]  elapsed=24409s  rate=11.8/s  ETA=17968s
  [288500/500000]  elapsed=24454s  rate=11.8/s  ETA=17928s
  [289000/500000]  elapsed=24501s  rate=11.8/s  ETA=17888s
  [289500/500000]  elapsed=24546s  rate=11.8/s  ETA=17848s
  [290000/500000]  elapsed=24593s  rate=11.8/s  ETA=17808s
  [290500/500000]  elapsed=24638s  rate=11.8/s  ETA=17768s
  [291000/500000]  elapsed=24684s  rate=11.8/s  ETA=17729s
  [291500/500000]  elapsed=24730s  rate=11.8/s  ETA=17688s
  [292000/500000]  elapsed=24775s  rate=11.8/s  ETA=17648s
  [292500/500000]  elapsed=24821s  rate=11.8/s  ETA=17608s
  [293000/500000]  elapsed=24867s  rate=11.8/s  ETA=17568s
  [293500/500000]  elapsed=24913s  rate=11.8/s  ETA=17528s
  [294000/500000]  elapsed=24958s  rate=11.8/s  ETA=17488s
  [294500/500000]  elapsed=25004s  rate=11.8/s  ETA=17448s
  [295000/500000]  elapsed=25050s  rate=11.8/s  ETA=17408s
  [295500/500000]  elapsed=25096s  rate=11.8/s  ETA=17368s
  [296000/500000]  elapsed=25142s  rate=11.8/s  ETA=17328s
  [296500/500000]  elapsed=25188s  rate=11.8/s  ETA=17287s
  [297000/500000]  elapsed=25234s  rate=11.8/s  ETA=17247s
  [297500/500000]  elapsed=25280s  rate=11.8/s  ETA=17208s
  [298000/500000]  elapsed=25326s  rate=11.8/s  ETA=17167s
  [298500/500000]  elapsed=25371s  rate=11.8/s  ETA=17127s
  [299000/500000]  elapsed=25417s  rate=11.8/s  ETA=17087s
  [299500/500000]  elapsed=25465s  rate=11.8/s  ETA=17047s
  [300000/500000]  elapsed=25511s  rate=11.8/s  ETA=17007s
  [300500/500000]  elapsed=25556s  rate=11.8/s  ETA=16966s
  [301000/500000]  elapsed=25602s  rate=11.8/s  ETA=16926s
  [301500/500000]  elapsed=25646s  rate=11.8/s  ETA=16885s
  [302000/500000]  elapsed=25692s  rate=11.8/s  ETA=16845s
  [302500/500000]  elapsed=25739s  rate=11.8/s  ETA=16805s
  [303000/500000]  elapsed=25785s  rate=11.8/s  ETA=16765s
  [303500/500000]  elapsed=25832s  rate=11.7/s  ETA=16725s
  [304000/500000]  elapsed=25878s  rate=11.7/s  ETA=16685s
  [304500/500000]  elapsed=25925s  rate=11.7/s  ETA=16645s
  [305000/500000]  elapsed=25970s  rate=11.7/s  ETA=16604s
  [305500/500000]  elapsed=26016s  rate=11.7/s  ETA=16563s
  [306000/500000]  elapsed=26062s  rate=11.7/s  ETA=16523s
  [306500/500000]  elapsed=26108s  rate=11.7/s  ETA=16482s
  [307000/500000]  elapsed=26154s  rate=11.7/s  ETA=16442s
  [307500/500000]  elapsed=26200s  rate=11.7/s  ETA=16401s
  [308000/500000]  elapsed=26246s  rate=11.7/s  ETA=16361s
  [308500/500000]  elapsed=26292s  rate=11.7/s  ETA=16321s
  [309000/500000]  elapsed=26338s  rate=11.7/s  ETA=16280s
  [309500/500000]  elapsed=26384s  rate=11.7/s  ETA=16240s
  [310000/500000]  elapsed=26430s  rate=11.7/s  ETA=16199s
  [310500/500000]  elapsed=26476s  rate=11.7/s  ETA=16158s
  [311000/500000]  elapsed=26522s  rate=11.7/s  ETA=16118s
  [311500/500000]  elapsed=26568s  rate=11.7/s  ETA=16077s
  [312000/500000]  elapsed=26614s  rate=11.7/s  ETA=16037s
  [312500/500000]  elapsed=26660s  rate=11.7/s  ETA=15996s
  [313000/500000]  elapsed=26706s  rate=11.7/s  ETA=15956s
  [313500/500000]  elapsed=26752s  rate=11.7/s  ETA=15915s
  [314000/500000]  elapsed=26798s  rate=11.7/s  ETA=15874s
  [314500/500000]  elapsed=26846s  rate=11.7/s  ETA=15834s
  [315000/500000]  elapsed=26892s  rate=11.7/s  ETA=15794s
  [315500/500000]  elapsed=26938s  rate=11.7/s  ETA=15753s
  [316000/500000]  elapsed=26984s  rate=11.7/s  ETA=15712s
  [316500/500000]  elapsed=27031s  rate=11.7/s  ETA=15672s
  [317000/500000]  elapsed=27076s  rate=11.7/s  ETA=15631s
  [317500/500000]  elapsed=27122s  rate=11.7/s  ETA=15590s
  [318000/500000]  elapsed=27168s  rate=11.7/s  ETA=15549s
  [318500/500000]  elapsed=27214s  rate=11.7/s  ETA=15508s
  [319000/500000]  elapsed=27260s  rate=11.7/s  ETA=15467s
  [319500/500000]  elapsed=27306s  rate=11.7/s  ETA=15426s
  [320000/500000]  elapsed=27351s  rate=11.7/s  ETA=15385s
  [320500/500000]  elapsed=27397s  rate=11.7/s  ETA=15344s
  [321000/500000]  elapsed=27443s  rate=11.7/s  ETA=15303s
  [321500/500000]  elapsed=27489s  rate=11.7/s  ETA=15262s
  [322000/500000]  elapsed=27536s  rate=11.7/s  ETA=15222s
  [322500/500000]  elapsed=27582s  rate=11.7/s  ETA=15181s
  [323000/500000]  elapsed=27628s  rate=11.7/s  ETA=15140s
  [323500/500000]  elapsed=27674s  rate=11.7/s  ETA=15099s
  [324000/500000]  elapsed=27721s  rate=11.7/s  ETA=15058s
  [324500/500000]  elapsed=27767s  rate=11.7/s  ETA=15017s
  [325000/500000]  elapsed=27812s  rate=11.7/s  ETA=14976s
  [325500/500000]  elapsed=27857s  rate=11.7/s  ETA=14934s
  [326000/500000]  elapsed=27903s  rate=11.7/s  ETA=14893s
  [326500/500000]  elapsed=27950s  rate=11.7/s  ETA=14852s
  [327000/500000]  elapsed=27994s  rate=11.7/s  ETA=14810s
  [327500/500000]  elapsed=28040s  rate=11.7/s  ETA=14769s
  [328000/500000]  elapsed=28086s  rate=11.7/s  ETA=14728s
  [328500/500000]  elapsed=28132s  rate=11.7/s  ETA=14687s
  [329000/500000]  elapsed=28177s  rate=11.7/s  ETA=14645s
  [329500/500000]  elapsed=28223s  rate=11.7/s  ETA=14604s
  [330000/500000]  elapsed=28268s  rate=11.7/s  ETA=14563s
  [330500/500000]  elapsed=28314s  rate=11.7/s  ETA=14521s
  [331000/500000]  elapsed=28361s  rate=11.7/s  ETA=14480s
  [331500/500000]  elapsed=28407s  rate=11.7/s  ETA=14439s
  [332000/500000]  elapsed=28453s  rate=11.7/s  ETA=14398s
  [332500/500000]  elapsed=28500s  rate=11.7/s  ETA=14357s
  [333000/500000]  elapsed=28545s  rate=11.7/s  ETA=14316s
  [333500/500000]  elapsed=28592s  rate=11.7/s  ETA=14275s
  [334000/500000]  elapsed=28638s  rate=11.7/s  ETA=14233s
  [334500/500000]  elapsed=28685s  rate=11.7/s  ETA=14192s
  [335000/500000]  elapsed=28731s  rate=11.7/s  ETA=14151s
  [335500/500000]  elapsed=28777s  rate=11.7/s  ETA=14110s
  [336000/500000]  elapsed=28823s  rate=11.7/s  ETA=14068s
  [336500/500000]  elapsed=28868s  rate=11.7/s  ETA=14027s
  [337000/500000]  elapsed=28913s  rate=11.7/s  ETA=13985s
  [337500/500000]  elapsed=28959s  rate=11.7/s  ETA=13943s
  [338000/500000]  elapsed=29005s  rate=11.7/s  ETA=13902s
  [338500/500000]  elapsed=29050s  rate=11.7/s  ETA=13860s
  [339000/500000]  elapsed=29096s  rate=11.7/s  ETA=13818s
  [339500/500000]  elapsed=29142s  rate=11.7/s  ETA=13777s
  [340000/500000]  elapsed=29187s  rate=11.6/s  ETA=13735s
  [340500/500000]  elapsed=29233s  rate=11.6/s  ETA=13693s
  [341000/500000]  elapsed=29278s  rate=11.6/s  ETA=13652s
  [341500/500000]  elapsed=29323s  rate=11.6/s  ETA=13610s
  [342000/500000]  elapsed=29369s  rate=11.6/s  ETA=13568s
  [342500/500000]  elapsed=29416s  rate=11.6/s  ETA=13527s
  [343000/500000]  elapsed=29462s  rate=11.6/s  ETA=13485s
  [343500/500000]  elapsed=29507s  rate=11.6/s  ETA=13444s
  [344000/500000]  elapsed=29554s  rate=11.6/s  ETA=13402s
  [344500/500000]  elapsed=29601s  rate=11.6/s  ETA=13361s
  [345000/500000]  elapsed=29647s  rate=11.6/s  ETA=13320s
  [345500/500000]  elapsed=29693s  rate=11.6/s  ETA=13278s
  [346000/500000]  elapsed=29740s  rate=11.6/s  ETA=13237s
  [346500/500000]  elapsed=29786s  rate=11.6/s  ETA=13195s
  [347000/500000]  elapsed=29832s  rate=11.6/s  ETA=13153s
  [347500/500000]  elapsed=29877s  rate=11.6/s  ETA=13112s
  [348000/500000]  elapsed=29924s  rate=11.6/s  ETA=13070s
  [348500/500000]  elapsed=29970s  rate=11.6/s  ETA=13029s
  [349000/500000]  elapsed=30016s  rate=11.6/s  ETA=12987s
  [349500/500000]  elapsed=30061s  rate=11.6/s  ETA=12945s
  [350000/500000]  elapsed=30107s  rate=11.6/s  ETA=12903s
  [350500/500000]  elapsed=30149s  rate=11.6/s  ETA=12860s
  [351000/500000]  elapsed=30191s  rate=11.6/s  ETA=12816s
  [351500/500000]  elapsed=30234s  rate=11.6/s  ETA=12773s
  [352000/500000]  elapsed=30276s  rate=11.6/s  ETA=12730s
  [352500/500000]  elapsed=30318s  rate=11.6/s  ETA=12686s
  [353000/500000]  elapsed=30360s  rate=11.6/s  ETA=12643s
  [353500/500000]  elapsed=30402s  rate=11.6/s  ETA=12599s
  [354000/500000]  elapsed=30444s  rate=11.6/s  ETA=12556s
  [354500/500000]  elapsed=30486s  rate=11.6/s  ETA=12513s
  [355000/500000]  elapsed=30529s  rate=11.6/s  ETA=12470s
  [355500/500000]  elapsed=30571s  rate=11.6/s  ETA=12426s
  [356000/500000]  elapsed=30613s  rate=11.6/s  ETA=12383s
  [356500/500000]  elapsed=30654s  rate=11.6/s  ETA=12339s
  [357000/500000]  elapsed=30697s  rate=11.6/s  ETA=12296s
  [357500/500000]  elapsed=30739s  rate=11.6/s  ETA=12252s
  [358000/500000]  elapsed=30781s  rate=11.6/s  ETA=12209s
  [358500/500000]  elapsed=30823s  rate=11.6/s  ETA=12166s
  [359000/500000]  elapsed=30866s  rate=11.6/s  ETA=12123s
  [359500/500000]  elapsed=30908s  rate=11.6/s  ETA=12079s
  [360000/500000]  elapsed=30950s  rate=11.6/s  ETA=12036s
  [360500/500000]  elapsed=30992s  rate=11.6/s  ETA=11993s
  [361000/500000]  elapsed=31035s  rate=11.6/s  ETA=11950s
  [361500/500000]  elapsed=31077s  rate=11.6/s  ETA=11906s
  [362000/500000]  elapsed=31120s  rate=11.6/s  ETA=11863s
  [362500/500000]  elapsed=31164s  rate=11.6/s  ETA=11821s
  [363000/500000]  elapsed=31206s  rate=11.6/s  ETA=11777s
  [363500/500000]  elapsed=31248s  rate=11.6/s  ETA=11734s
  [364000/500000]  elapsed=31290s  rate=11.6/s  ETA=11691s
  [364500/500000]  elapsed=31333s  rate=11.6/s  ETA=11648s
  [365000/500000]  elapsed=31376s  rate=11.6/s  ETA=11605s
  [365500/500000]  elapsed=31420s  rate=11.6/s  ETA=11562s
  [366000/500000]  elapsed=31462s  rate=11.6/s  ETA=11519s
  [366500/500000]  elapsed=31505s  rate=11.6/s  ETA=11476s
  [367000/500000]  elapsed=31547s  rate=11.6/s  ETA=11433s
  [367500/500000]  elapsed=31589s  rate=11.6/s  ETA=11389s
  [368000/500000]  elapsed=31632s  rate=11.6/s  ETA=11346s
  [368500/500000]  elapsed=31674s  rate=11.6/s  ETA=11303s
  [369000/500000]  elapsed=31717s  rate=11.6/s  ETA=11260s
  [369500/500000]  elapsed=31760s  rate=11.6/s  ETA=11217s
  [370000/500000]  elapsed=31803s  rate=11.6/s  ETA=11174s
  [370500/500000]  elapsed=31846s  rate=11.6/s  ETA=11131s
  [371000/500000]  elapsed=31889s  rate=11.6/s  ETA=11088s
  [371500/500000]  elapsed=31931s  rate=11.6/s  ETA=11045s
  [372000/500000]  elapsed=31974s  rate=11.6/s  ETA=11002s
  [372500/500000]  elapsed=32016s  rate=11.6/s  ETA=10958s
  [373000/500000]  elapsed=32059s  rate=11.6/s  ETA=10916s
  [373500/500000]  elapsed=32102s  rate=11.6/s  ETA=10872s
  [374000/500000]  elapsed=32144s  rate=11.6/s  ETA=10829s
  [374500/500000]  elapsed=32186s  rate=11.6/s  ETA=10786s
  [375000/500000]  elapsed=32228s  rate=11.6/s  ETA=10743s
  [375500/500000]  elapsed=32272s  rate=11.6/s  ETA=10700s
  [376000/500000]  elapsed=32314s  rate=11.6/s  ETA=10657s
  [376500/500000]  elapsed=32358s  rate=11.6/s  ETA=10614s
  [377000/500000]  elapsed=32401s  rate=11.6/s  ETA=10571s
  [377500/500000]  elapsed=32444s  rate=11.6/s  ETA=10528s
  [378000/500000]  elapsed=32487s  rate=11.6/s  ETA=10485s
  [378500/500000]  elapsed=32529s  rate=11.6/s  ETA=10442s
  [379000/500000]  elapsed=32570s  rate=11.6/s  ETA=10398s
  [379500/500000]  elapsed=32613s  rate=11.6/s  ETA=10355s
  [380000/500000]  elapsed=32656s  rate=11.6/s  ETA=10312s
  [380500/500000]  elapsed=32699s  rate=11.6/s  ETA=10269s
  [381000/500000]  elapsed=32741s  rate=11.6/s  ETA=10226s
  [381500/500000]  elapsed=32783s  rate=11.6/s  ETA=10183s
  [382000/500000]  elapsed=32825s  rate=11.6/s  ETA=10140s
  [382500/500000]  elapsed=32867s  rate=11.6/s  ETA=10096s
  [383000/500000]  elapsed=32910s  rate=11.6/s  ETA=10054s
  [383500/500000]  elapsed=32953s  rate=11.6/s  ETA=10010s
  [384000/500000]  elapsed=32996s  rate=11.6/s  ETA=9967s
  [384500/500000]  elapsed=33038s  rate=11.6/s  ETA=9924s
  [385000/500000]  elapsed=33081s  rate=11.6/s  ETA=9881s
  [385500/500000]  elapsed=33123s  rate=11.6/s  ETA=9838s
  [386000/500000]  elapsed=33165s  rate=11.6/s  ETA=9795s
  [386500/500000]  elapsed=33208s  rate=11.6/s  ETA=9752s
  [387000/500000]  elapsed=33251s  rate=11.6/s  ETA=9709s
  [387500/500000]  elapsed=33293s  rate=11.6/s  ETA=9666s
  [388000/500000]  elapsed=33336s  rate=11.6/s  ETA=9623s
  [388500/500000]  elapsed=33379s  rate=11.6/s  ETA=9580s
  [389000/500000]  elapsed=33422s  rate=11.6/s  ETA=9537s
  [389500/500000]  elapsed=33464s  rate=11.6/s  ETA=9494s
  [390000/500000]  elapsed=33509s  rate=11.6/s  ETA=9451s
  [390500/500000]  elapsed=33552s  rate=11.6/s  ETA=9408s
  [391000/500000]  elapsed=33596s  rate=11.6/s  ETA=9366s
  [391500/500000]  elapsed=33638s  rate=11.6/s  ETA=9323s
  [392000/500000]  elapsed=33680s  rate=11.6/s  ETA=9279s
  [392500/500000]  elapsed=33723s  rate=11.6/s  ETA=9236s
  [393000/500000]  elapsed=33765s  rate=11.6/s  ETA=9193s
  [393500/500000]  elapsed=33809s  rate=11.6/s  ETA=9150s
  [394000/500000]  elapsed=33851s  rate=11.6/s  ETA=9107s
  [394500/500000]  elapsed=33893s  rate=11.6/s  ETA=9064s
  [395000/500000]  elapsed=33936s  rate=11.6/s  ETA=9021s
  [395500/500000]  elapsed=33979s  rate=11.6/s  ETA=8978s
  [396000/500000]  elapsed=34020s  rate=11.6/s  ETA=8935s
  [396500/500000]  elapsed=34063s  rate=11.6/s  ETA=8892s
  [397000/500000]  elapsed=34105s  rate=11.6/s  ETA=8848s
  [397500/500000]  elapsed=34148s  rate=11.6/s  ETA=8805s
  [398000/500000]  elapsed=34190s  rate=11.6/s  ETA=8762s
  [398500/500000]  elapsed=34233s  rate=11.6/s  ETA=8719s
  [399000/500000]  elapsed=34275s  rate=11.6/s  ETA=8676s
  [399500/500000]  elapsed=34317s  rate=11.6/s  ETA=8633s
  [400000/500000]  elapsed=34360s  rate=11.6/s  ETA=8590s
  [400500/500000]  elapsed=34403s  rate=11.6/s  ETA=8547s
  [401000/500000]  elapsed=34445s  rate=11.6/s  ETA=8504s
  [401500/500000]  elapsed=34488s  rate=11.6/s  ETA=8461s
  [402000/500000]  elapsed=34530s  rate=11.6/s  ETA=8418s
  [402500/500000]  elapsed=34572s  rate=11.6/s  ETA=8375s
  [403000/500000]  elapsed=34614s  rate=11.6/s  ETA=8331s
  [403500/500000]  elapsed=34657s  rate=11.6/s  ETA=8288s
  [404000/500000]  elapsed=34699s  rate=11.6/s  ETA=8245s
  [404500/500000]  elapsed=34741s  rate=11.6/s  ETA=8202s
  [405000/500000]  elapsed=34783s  rate=11.6/s  ETA=8159s
  [405500/500000]  elapsed=34826s  rate=11.6/s  ETA=8116s
  [406000/500000]  elapsed=34868s  rate=11.6/s  ETA=8073s
  [406500/500000]  elapsed=34910s  rate=11.6/s  ETA=8030s
  [407000/500000]  elapsed=34952s  rate=11.6/s  ETA=7987s
  [407500/500000]  elapsed=34995s  rate=11.6/s  ETA=7944s
  [408000/500000]  elapsed=35037s  rate=11.6/s  ETA=7900s
  [408500/500000]  elapsed=35079s  rate=11.6/s  ETA=7857s
  [409000/500000]  elapsed=35121s  rate=11.6/s  ETA=7814s
  [409500/500000]  elapsed=35163s  rate=11.6/s  ETA=7771s
  [410000/500000]  elapsed=35205s  rate=11.6/s  ETA=7728s
  [410500/500000]  elapsed=35247s  rate=11.6/s  ETA=7685s
  [411000/500000]  elapsed=35288s  rate=11.6/s  ETA=7641s
  [411500/500000]  elapsed=35330s  rate=11.6/s  ETA=7598s
  [412000/500000]  elapsed=35372s  rate=11.6/s  ETA=7555s
  [412500/500000]  elapsed=35415s  rate=11.6/s  ETA=7512s
  [413000/500000]  elapsed=35457s  rate=11.6/s  ETA=7469s
  [413500/500000]  elapsed=35499s  rate=11.6/s  ETA=7426s
  [414000/500000]  elapsed=35542s  rate=11.6/s  ETA=7383s
  [414500/500000]  elapsed=35584s  rate=11.6/s  ETA=7340s
  [415000/500000]  elapsed=35626s  rate=11.6/s  ETA=7297s
  [415500/500000]  elapsed=35669s  rate=11.6/s  ETA=7254s
  [416000/500000]  elapsed=35711s  rate=11.6/s  ETA=7211s
  [416500/500000]  elapsed=35753s  rate=11.6/s  ETA=7168s
  [417000/500000]  elapsed=35795s  rate=11.6/s  ETA=7125s
  [417500/500000]  elapsed=35838s  rate=11.6/s  ETA=7082s
  [418000/500000]  elapsed=35881s  rate=11.6/s  ETA=7039s
  [418500/500000]  elapsed=35923s  rate=11.6/s  ETA=6996s
  [419000/500000]  elapsed=35966s  rate=11.6/s  ETA=6953s
  [419500/500000]  elapsed=36009s  rate=11.7/s  ETA=6910s
  [420000/500000]  elapsed=36051s  rate=11.7/s  ETA=6867s
  [420500/500000]  elapsed=36093s  rate=11.7/s  ETA=6824s
  [421000/500000]  elapsed=36135s  rate=11.7/s  ETA=6781s
  [421500/500000]  elapsed=36178s  rate=11.7/s  ETA=6738s
  [422000/500000]  elapsed=36220s  rate=11.7/s  ETA=6695s
  [422500/500000]  elapsed=36263s  rate=11.7/s  ETA=6652s
  [423000/500000]  elapsed=36306s  rate=11.7/s  ETA=6609s
  [423500/500000]  elapsed=36347s  rate=11.7/s  ETA=6566s
  [424000/500000]  elapsed=36389s  rate=11.7/s  ETA=6523s
  [424500/500000]  elapsed=36431s  rate=11.7/s  ETA=6479s
  [425000/500000]  elapsed=36473s  rate=11.7/s  ETA=6436s
  [425500/500000]  elapsed=36516s  rate=11.7/s  ETA=6394s
  [426000/500000]  elapsed=36558s  rate=11.7/s  ETA=6350s
  [426500/500000]  elapsed=36600s  rate=11.7/s  ETA=6307s
  [427000/500000]  elapsed=36642s  rate=11.7/s  ETA=6264s
  [427500/500000]  elapsed=36684s  rate=11.7/s  ETA=6221s
  [428000/500000]  elapsed=36727s  rate=11.7/s  ETA=6178s
  [428500/500000]  elapsed=36769s  rate=11.7/s  ETA=6135s
  [429000/500000]  elapsed=36810s  rate=11.7/s  ETA=6092s
  [429500/500000]  elapsed=36852s  rate=11.7/s  ETA=6049s
  [430000/500000]  elapsed=36895s  rate=11.7/s  ETA=6006s
  [430500/500000]  elapsed=36936s  rate=11.7/s  ETA=5963s
  [431000/500000]  elapsed=36979s  rate=11.7/s  ETA=5920s
  [431500/500000]  elapsed=37021s  rate=11.7/s  ETA=5877s
  [432000/500000]  elapsed=37063s  rate=11.7/s  ETA=5834s
  [432500/500000]  elapsed=37105s  rate=11.7/s  ETA=5791s
  [433000/500000]  elapsed=37147s  rate=11.7/s  ETA=5748s
  [433500/500000]  elapsed=37189s  rate=11.7/s  ETA=5705s
  [434000/500000]  elapsed=37232s  rate=11.7/s  ETA=5662s
  [434500/500000]  elapsed=37274s  rate=11.7/s  ETA=5619s
  [435000/500000]  elapsed=37317s  rate=11.7/s  ETA=5576s
  [435500/500000]  elapsed=37360s  rate=11.7/s  ETA=5533s
  [436000/500000]  elapsed=37402s  rate=11.7/s  ETA=5490s
  [436500/500000]  elapsed=37445s  rate=11.7/s  ETA=5447s
  [437000/500000]  elapsed=37487s  rate=11.7/s  ETA=5404s
  [437500/500000]  elapsed=37529s  rate=11.7/s  ETA=5361s
  [438000/500000]  elapsed=37571s  rate=11.7/s  ETA=5318s
  [438500/500000]  elapsed=37614s  rate=11.7/s  ETA=5275s
  [439000/500000]  elapsed=37656s  rate=11.7/s  ETA=5232s
  [439500/500000]  elapsed=37698s  rate=11.7/s  ETA=5189s
  [440000/500000]  elapsed=37740s  rate=11.7/s  ETA=5146s
  [440500/500000]  elapsed=37783s  rate=11.7/s  ETA=5103s
  [441000/500000]  elapsed=37826s  rate=11.7/s  ETA=5061s
  [441500/500000]  elapsed=37868s  rate=11.7/s  ETA=5018s
  [442000/500000]  elapsed=37910s  rate=11.7/s  ETA=4975s
  [442500/500000]  elapsed=37952s  rate=11.7/s  ETA=4932s
  [443000/500000]  elapsed=37994s  rate=11.7/s  ETA=4889s
  [443500/500000]  elapsed=38036s  rate=11.7/s  ETA=4846s
  [444000/500000]  elapsed=38078s  rate=11.7/s  ETA=4803s
  [444500/500000]  elapsed=38120s  rate=11.7/s  ETA=4760s
  [445000/500000]  elapsed=38162s  rate=11.7/s  ETA=4717s
  [445500/500000]  elapsed=38204s  rate=11.7/s  ETA=4674s
  [446000/500000]  elapsed=38247s  rate=11.7/s  ETA=4631s
  [446500/500000]  elapsed=38289s  rate=11.7/s  ETA=4588s
  [447000/500000]  elapsed=38331s  rate=11.7/s  ETA=4545s
  [447500/500000]  elapsed=38373s  rate=11.7/s  ETA=4502s
  [448000/500000]  elapsed=38414s  rate=11.7/s  ETA=4459s
  [448500/500000]  elapsed=38457s  rate=11.7/s  ETA=4416s
  [449000/500000]  elapsed=38499s  rate=11.7/s  ETA=4373s
  [449500/500000]  elapsed=38542s  rate=11.7/s  ETA=4330s
  [450000/500000]  elapsed=38584s  rate=11.7/s  ETA=4287s
  [450500/500000]  elapsed=38628s  rate=11.7/s  ETA=4244s
  [451000/500000]  elapsed=38670s  rate=11.7/s  ETA=4201s
  [451500/500000]  elapsed=38712s  rate=11.7/s  ETA=4158s
  [452000/500000]  elapsed=38754s  rate=11.7/s  ETA=4115s
  [452500/500000]  elapsed=38798s  rate=11.7/s  ETA=4073s
  [453000/500000]  elapsed=38840s  rate=11.7/s  ETA=4030s
  [453500/500000]  elapsed=38883s  rate=11.7/s  ETA=3987s
  [454000/500000]  elapsed=38925s  rate=11.7/s  ETA=3944s
  [454500/500000]  elapsed=38967s  rate=11.7/s  ETA=3901s
  [455000/500000]  elapsed=39010s  rate=11.7/s  ETA=3858s
  [455500/500000]  elapsed=39053s  rate=11.7/s  ETA=3815s
  [456000/500000]  elapsed=39096s  rate=11.7/s  ETA=3772s
  [456500/500000]  elapsed=39138s  rate=11.7/s  ETA=3729s
  [457000/500000]  elapsed=39181s  rate=11.7/s  ETA=3687s
  [457500/500000]  elapsed=39223s  rate=11.7/s  ETA=3644s
  [458000/500000]  elapsed=39266s  rate=11.7/s  ETA=3601s
  [458500/500000]  elapsed=39308s  rate=11.7/s  ETA=3558s
  [459000/500000]  elapsed=39351s  rate=11.7/s  ETA=3515s
  [459500/500000]  elapsed=39393s  rate=11.7/s  ETA=3472s
  [460000/500000]  elapsed=39435s  rate=11.7/s  ETA=3429s
  [460500/500000]  elapsed=39477s  rate=11.7/s  ETA=3386s
  [461000/500000]  elapsed=39520s  rate=11.7/s  ETA=3343s
  [461500/500000]  elapsed=39562s  rate=11.7/s  ETA=3300s
  [462000/500000]  elapsed=39604s  rate=11.7/s  ETA=3257s
  [462500/500000]  elapsed=39646s  rate=11.7/s  ETA=3215s
  [463000/500000]  elapsed=39688s  rate=11.7/s  ETA=3172s
  [463500/500000]  elapsed=39730s  rate=11.7/s  ETA=3129s
  [464000/500000]  elapsed=39772s  rate=11.7/s  ETA=3086s
  [464500/500000]  elapsed=39815s  rate=11.7/s  ETA=3043s
  [465000/500000]  elapsed=39858s  rate=11.7/s  ETA=3000s
  [465500/500000]  elapsed=39900s  rate=11.7/s  ETA=2957s
  [466000/500000]  elapsed=39943s  rate=11.7/s  ETA=2914s
  [466500/500000]  elapsed=39985s  rate=11.7/s  ETA=2871s
  [467000/500000]  elapsed=40028s  rate=11.7/s  ETA=2829s
  [467500/500000]  elapsed=40071s  rate=11.7/s  ETA=2786s
  [468000/500000]  elapsed=40113s  rate=11.7/s  ETA=2743s
  [468500/500000]  elapsed=40155s  rate=11.7/s  ETA=2700s
  [469000/500000]  elapsed=40197s  rate=11.7/s  ETA=2657s
  [469500/500000]  elapsed=40240s  rate=11.7/s  ETA=2614s
  [470000/500000]  elapsed=40283s  rate=11.7/s  ETA=2571s
  [470500/500000]  elapsed=40325s  rate=11.7/s  ETA=2528s
  [471000/500000]  elapsed=40368s  rate=11.7/s  ETA=2485s
  [471500/500000]  elapsed=40411s  rate=11.7/s  ETA=2443s
  [472000/500000]  elapsed=40453s  rate=11.7/s  ETA=2400s
  [472500/500000]  elapsed=40496s  rate=11.7/s  ETA=2357s
  [473000/500000]  elapsed=40539s  rate=11.7/s  ETA=2314s
  [473500/500000]  elapsed=40581s  rate=11.7/s  ETA=2271s
  [474000/500000]  elapsed=40623s  rate=11.7/s  ETA=2228s
  [474500/500000]  elapsed=40665s  rate=11.7/s  ETA=2185s
  [475000/500000]  elapsed=40707s  rate=11.7/s  ETA=2142s
  [475500/500000]  elapsed=40750s  rate=11.7/s  ETA=2100s
  [476000/500000]  elapsed=40792s  rate=11.7/s  ETA=2057s
  [476500/500000]  elapsed=40834s  rate=11.7/s  ETA=2014s
  [477000/500000]  elapsed=40877s  rate=11.7/s  ETA=1971s
  [477500/500000]  elapsed=40919s  rate=11.7/s  ETA=1928s
  [478000/500000]  elapsed=40961s  rate=11.7/s  ETA=1885s
  [478500/500000]  elapsed=41004s  rate=11.7/s  ETA=1842s
  [479000/500000]  elapsed=41045s  rate=11.7/s  ETA=1799s
  [479500/500000]  elapsed=41088s  rate=11.7/s  ETA=1757s
  [480000/500000]  elapsed=41130s  rate=11.7/s  ETA=1714s
  [480500/500000]  elapsed=41172s  rate=11.7/s  ETA=1671s
  [481000/500000]  elapsed=41215s  rate=11.7/s  ETA=1628s
  [481500/500000]  elapsed=41257s  rate=11.7/s  ETA=1585s
  [482000/500000]  elapsed=41300s  rate=11.7/s  ETA=1542s
  [482500/500000]  elapsed=41342s  rate=11.7/s  ETA=1499s
  [483000/500000]  elapsed=41384s  rate=11.7/s  ETA=1457s
  [483500/500000]  elapsed=41427s  rate=11.7/s  ETA=1414s
  [484000/500000]  elapsed=41469s  rate=11.7/s  ETA=1371s
  [484500/500000]  elapsed=41511s  rate=11.7/s  ETA=1328s
  [485000/500000]  elapsed=41554s  rate=11.7/s  ETA=1285s
  [485500/500000]  elapsed=41596s  rate=11.7/s  ETA=1242s
  [486000/500000]  elapsed=41639s  rate=11.7/s  ETA=1199s
  [486500/500000]  elapsed=41681s  rate=11.7/s  ETA=1157s
  [487000/500000]  elapsed=41723s  rate=11.7/s  ETA=1114s
  [487500/500000]  elapsed=41766s  rate=11.7/s  ETA=1071s
  [488000/500000]  elapsed=41809s  rate=11.7/s  ETA=1028s
  [488500/500000]  elapsed=41852s  rate=11.7/s  ETA=985s
  [489000/500000]  elapsed=41894s  rate=11.7/s  ETA=942s
  [489500/500000]  elapsed=41937s  rate=11.7/s  ETA=900s
  [490000/500000]  elapsed=41979s  rate=11.7/s  ETA=857s
  [490500/500000]  elapsed=42021s  rate=11.7/s  ETA=814s
  [491000/500000]  elapsed=42063s  rate=11.7/s  ETA=771s
  [491500/500000]  elapsed=42106s  rate=11.7/s  ETA=728s
  [492000/500000]  elapsed=42148s  rate=11.7/s  ETA=685s
  [492500/500000]  elapsed=42190s  rate=11.7/s  ETA=642s
  [493000/500000]  elapsed=42232s  rate=11.7/s  ETA=600s
  [493500/500000]  elapsed=42275s  rate=11.7/s  ETA=557s
  [494000/500000]  elapsed=42317s  rate=11.7/s  ETA=514s
  [494500/500000]  elapsed=42359s  rate=11.7/s  ETA=471s
  [495000/500000]  elapsed=42401s  rate=11.7/s  ETA=428s
  [495500/500000]  elapsed=42443s  rate=11.7/s  ETA=385s
  [496000/500000]  elapsed=42485s  rate=11.7/s  ETA=343s
  [496500/500000]  elapsed=42528s  rate=11.7/s  ETA=300s
  [497000/500000]  elapsed=42570s  rate=11.7/s  ETA=257s
  [497500/500000]  elapsed=42613s  rate=11.7/s  ETA=214s
  [498000/500000]  elapsed=42656s  rate=11.7/s  ETA=171s
  [498500/500000]  elapsed=42698s  rate=11.7/s  ETA=128s
  [499000/500000]  elapsed=42741s  rate=11.7/s  ETA=86s
  [499500/500000]  elapsed=42784s  rate=11.7/s  ETA=43s
Done. 500000 evals in 42825s (11.7/s)
Finite log_densities: 497762 / 500000
Max log_density: 15.138639
Mean log_density (finite): 10.711789
Saved to /scratch/e1498138/paper/ext/paris3_lhs_s6/lhs_s6.pkl
Job completed at Sat Aug  1 11:55:17 PM +08 2026
~~~~~~~~~~~~~~~~~~~~~~~~~~~~~~~~~~~~~~~~~~~~~~~~~~~~~~~~~~~~~~~~~~~~~~~~~~~~~~~~~~~~~~~~~~
			Resource Usage on 2026-08-01 23:55:18.023471:
~~~~~~~~~~~~~~~~~~~~~~~~~~~~~~~~~~~~~~~~~~~~~~~~~~~~~~~~~~~~~~~~~~~~~~~~~~~~~~~~~~~~~~~~~~
	JobId: 550521.hopper-m-02
	Project: CFP03-CF-051
	Exit Status: 0
~~~~~~~~~~~~~~~~~~~~~~~~~~~~~~~~~~~~~~~~~~~~~~~~~~~~~~~~~~~~~~~~~~~~~~~~~~~~~~~~~~~~~~~~~~
	NCPUs: Requested(12), Used(12)
	CPU Time Used: 10:30:27
	Memory: Requested(225gb), Used(11284520kb)
	Vmem Used: 29973988kb
	Walltime: Requested(24:00:00), Used(11:56:11)
~~~~~~~~~~~~~~~~~~~~~~~~~~~~~~~~~~~~~~~~~~~~~~~~~~~~~~~~~~~~~~~~~~~~~~~~~~~~~~~~~~~~~~~~~~
	Execution Nodes Used: (hopper-19:ngpus=1:ncpus=12:mem=235929600kb)
~~~~~~~~~~~~~~~~~~~~~~~~~~~~~~~~~~~~~~~~~~~~~~~~~~~~~~~~~~~~~~~~~~~~~~~~~~~~~~~~~~~~~~~~~~
	No GPU-related information available for this job.
