Job ID: 568120.hopper-m-02
Job name: paris_pure
Job starts at Mon Aug 17 10:35:07 AM +08 2026
Using dt=10s, T=1.9166666666666667yr, TDI gen=1
Building ResponseWrapper...
Building GravWaveAnalysis...
Initializing LogLike...
LogLike initialized.
Setting up ParisMC...
Getting LHS points...
Loaded 10000 / 10000 finite LHS evaluations.
Running sampling...
Done.
Savepath: /scratch/e1498138/paper/ext/emri_c/stage2_f_1e4_ext
Job completed at Mon Aug 17 02:51:05 PM +08 2026
~~~~~~~~~~~~~~~~~~~~~~~~~~~~~~~~~~~~~~~~~~~~~~~~~~~~~~~~~~~~~~~~~~~~~~~~~~~~~~~~~~~~~~~~~~
			Resource Usage on 2026-08-17 14:51:05.833155:
~~~~~~~~~~~~~~~~~~~~~~~~~~~~~~~~~~~~~~~~~~~~~~~~~~~~~~~~~~~~~~~~~~~~~~~~~~~~~~~~~~~~~~~~~~
	JobId: 568120.hopper-m-02
	Project: CFP03-CF-051
	Exit Status: 0
~~~~~~~~~~~~~~~~~~~~~~~~~~~~~~~~~~~~~~~~~~~~~~~~~~~~~~~~~~~~~~~~~~~~~~~~~~~~~~~~~~~~~~~~~~
	NCPUs: Requested(12), Used(12)
	CPU Time Used: 08:15:06
	Memory: Requested(225gb), Used(11205760kb)
	Vmem Used: 31210824kb
	Walltime: Requested(24:00:00), Used(04:16:00)
~~~~~~~~~~~~~~~~~~~~~~~~~~~~~~~~~~~~~~~~~~~~~~~~~~~~~~~~~~~~~~~~~~~~~~~~~~~~~~~~~~~~~~~~~~
	Execution Nodes Used: (hopper-14:ngpus=1:ncpus=12:mem=235929600kb)
~~~~~~~~~~~~~~~~~~~~~~~~~~~~~~~~~~~~~~~~~~~~~~~~~~~~~~~~~~~~~~~~~~~~~~~~~~~~~~~~~~~~~~~~~~
	No GPU-related information available for this job.
