Job ID: 555727.hopper-m-02
Job name: paris3_sc_ext
Job starts at Fri Aug  7 07:51:41 PM +08 2026
Using dt=5s, T=1.0yr, TDI gen=1, N_segs=6
Building ResponseWrapper...
Building GravWaveAnalysis...
Initializing LogLike...
LogLike initialized.
Loading LHS grid from /scratch/e1498138/paper/ext/emri_g/paris3_lhs_s6/lhs_s6.pkl...
Prior bounds (from paris3_lhs_s6_ext ellipsoid box):
  logm1: [5.82507, 5.82762]
  logm2: [1.99252, 1.99310]
  a: [0.49334, 0.50078]
  p0: [15.70599, 15.75367]
  e0: [0.74388, 0.74418]
  cosqS: [0.79926, 0.86149]
  phiS: [3.48384, 3.66905]
Setting up ParisMC...
Getting LHS points...
Loaded 500000 / 500000 finite LHS evaluations.
Running sampling...
Done.
Savepath: /scratch/e1498138/paper/ext/emri_g/stage2_merge/
Job completed at Fri Aug  7 09:47:10 PM +08 2026
~~~~~~~~~~~~~~~~~~~~~~~~~~~~~~~~~~~~~~~~~~~~~~~~~~~~~~~~~~~~~~~~~~~~~~~~~~~~~~~~~~~~~~~~~~
			Resource Usage on 2026-08-07 21:47:11.631321:
~~~~~~~~~~~~~~~~~~~~~~~~~~~~~~~~~~~~~~~~~~~~~~~~~~~~~~~~~~~~~~~~~~~~~~~~~~~~~~~~~~~~~~~~~~
	JobId: 555727.hopper-m-02
	Project: CFP03-CF-051
	Exit Status: 0
~~~~~~~~~~~~~~~~~~~~~~~~~~~~~~~~~~~~~~~~~~~~~~~~~~~~~~~~~~~~~~~~~~~~~~~~~~~~~~~~~~~~~~~~~~
	NCPUs: Requested(12), Used(12)
	CPU Time Used: 01:57:25
	Memory: Requested(225gb), Used(11207804kb)
	Vmem Used: 30220996kb
	Walltime: Requested(24:00:00), Used(01:55:30)
~~~~~~~~~~~~~~~~~~~~~~~~~~~~~~~~~~~~~~~~~~~~~~~~~~~~~~~~~~~~~~~~~~~~~~~~~~~~~~~~~~~~~~~~~~
	Execution Nodes Used: (hopper-18:ngpus=1:ncpus=12:mem=235929600kb)
~~~~~~~~~~~~~~~~~~~~~~~~~~~~~~~~~~~~~~~~~~~~~~~~~~~~~~~~~~~~~~~~~~~~~~~~~~~~~~~~~~~~~~~~~~
	No GPU-related information available for this job.
Job ID: 565879.hopper-m-02
Job name: stage2_merge
Job starts at Sun Aug 16 10:09:50 AM +08 2026
Using dt=10s, T=1.9166666666666667yr, TDI gen=1, N_segs=6
Building ResponseWrapper...
Building GravWaveAnalysis...
Initializing LogLike...
LogLike initialized.
Setting up ParisMC...
Getting LHS points...
Loaded 100000 / 100000 finite LHS evaluations.
Running sampling...
Done.
Savepath: /scratch/e1498138/paper/ext/emri_c/stage2_merge_s6/
Job completed at Sun Aug 16 03:55:44 PM +08 2026
~~~~~~~~~~~~~~~~~~~~~~~~~~~~~~~~~~~~~~~~~~~~~~~~~~~~~~~~~~~~~~~~~~~~~~~~~~~~~~~~~~~~~~~~~~
			Resource Usage on 2026-08-16 15:55:58.977335:
~~~~~~~~~~~~~~~~~~~~~~~~~~~~~~~~~~~~~~~~~~~~~~~~~~~~~~~~~~~~~~~~~~~~~~~~~~~~~~~~~~~~~~~~~~
	JobId: 565879.hopper-m-02
	Project: CFP03-CF-051
	Exit Status: 0
~~~~~~~~~~~~~~~~~~~~~~~~~~~~~~~~~~~~~~~~~~~~~~~~~~~~~~~~~~~~~~~~~~~~~~~~~~~~~~~~~~~~~~~~~~
	NCPUs: Requested(12), Used(12)
	CPU Time Used: 05:43:13
	Memory: Requested(225gb), Used(11205688kb)
	Vmem Used: 32036872kb
	Walltime: Requested(24:00:00), Used(05:45:55)
~~~~~~~~~~~~~~~~~~~~~~~~~~~~~~~~~~~~~~~~~~~~~~~~~~~~~~~~~~~~~~~~~~~~~~~~~~~~~~~~~~~~~~~~~~
	Execution Nodes Used: (hopper-17:ngpus=1:ncpus=12:mem=235929600kb)
~~~~~~~~~~~~~~~~~~~~~~~~~~~~~~~~~~~~~~~~~~~~~~~~~~~~~~~~~~~~~~~~~~~~~~~~~~~~~~~~~~~~~~~~~~
	No GPU-related information available for this job.
