Job ID: 541031.hopper-m-02
Job name: box1_50sig
Job starts at Fri Jul 24 11:13:09 PM +08 2026
Using N_sigma=50.0
Using dt=5s, T=1.0yr, TDI gen=1
Building ResponseWrapper...
Building GravWaveAnalysis...
Box bounds (N_sigma=50.0):
  logm1: [5.91068, 6.08097]
  logm2: [0.96074, 1.03546]
  a: [0.51507, 0.86783]
  p0: [8.03741, 10.06035]
  e0: [0.36833, 0.43506]
Initializing LogLike...
LogLike initialized.
Done setting up log-likelihood and prior.
Setting up ParisMC sampler...
Done setting up ParisMC sampler.
Setting up initial covariance matrix...
Done setting up initial covariance matrix.
Initializing sampler...
Done initializing sampler.
Evaluating log_density on ellipse LHS points...
Running paris3 sampling...
Done.
Job completed at Sat Jul 25 01:07:14 AM +08 2026
~~~~~~~~~~~~~~~~~~~~~~~~~~~~~~~~~~~~~~~~~~~~~~~~~~~~~~~~~~~~~~~~~~~~~~~~~~~~~~~~~~~~~~~~~~
			Resource Usage on 2026-07-25 01:07:15.708386:
~~~~~~~~~~~~~~~~~~~~~~~~~~~~~~~~~~~~~~~~~~~~~~~~~~~~~~~~~~~~~~~~~~~~~~~~~~~~~~~~~~~~~~~~~~
	JobId: 541031.hopper-m-02
	Project: CFP03-CF-051
	Exit Status: 0
~~~~~~~~~~~~~~~~~~~~~~~~~~~~~~~~~~~~~~~~~~~~~~~~~~~~~~~~~~~~~~~~~~~~~~~~~~~~~~~~~~~~~~~~~~
	NCPUs: Requested(12), Used(12)
	CPU Time Used: 02:54:56
	Memory: Requested(225gb), Used(11205796kb)
	Vmem Used: 30967916kb
	Walltime: Requested(24:00:00), Used(01:54:06)
~~~~~~~~~~~~~~~~~~~~~~~~~~~~~~~~~~~~~~~~~~~~~~~~~~~~~~~~~~~~~~~~~~~~~~~~~~~~~~~~~~~~~~~~~~
	Execution Nodes Used: (hopper-12:ngpus=1:ncpus=12:mem=235929600kb)
~~~~~~~~~~~~~~~~~~~~~~~~~~~~~~~~~~~~~~~~~~~~~~~~~~~~~~~~~~~~~~~~~~~~~~~~~~~~~~~~~~~~~~~~~~
	No GPU-related information available for this job.
