Job ID: 539996.hopper-m-02
Job name: box1_10sig
Job starts at Fri Jul 24 09:22:37 AM +08 2026
Using N_sigma=10.0
Using dt=5s, T=1.0yr, TDI gen=1
Building ResponseWrapper...
Building GravWaveAnalysis...
Box bounds (N_sigma=10.0):
  logm1: [5.97880, 6.01285]
  logm2: [0.99063, 1.00557]
  a: [0.65617, 0.72672]
  p0: [8.84659, 9.25117]
  e0: [0.39502, 0.40837]
Initializing LogLike...
LogLike initialized.
Done setting up log-likelihood and prior.
Setting up ParisMC sampler...
Done setting up ParisMC sampler.
Setting up initial covariance matrix...
Done setting up initial covariance matrix.
Initializing sampler...
Done initializing sampler.
Evaluating log_density on ellipse LHS points...
Running paris3 sampling...
~~~~~~~~~~~~~~~~~~~~~~~~~~~~~~~~~~~~~~~~~~~~~~~~~~~~~~~~~~~~~~~~~~~~~~~~~~~~~~~~~~~~~~~~~~
			Resource Usage on 2026-07-24 09:50:54.785737:
~~~~~~~~~~~~~~~~~~~~~~~~~~~~~~~~~~~~~~~~~~~~~~~~~~~~~~~~~~~~~~~~~~~~~~~~~~~~~~~~~~~~~~~~~~
	JobId: 539996.hopper-m-02
	Project: CFP03-CF-051
	Exit Status: 271
~~~~~~~~~~~~~~~~~~~~~~~~~~~~~~~~~~~~~~~~~~~~~~~~~~~~~~~~~~~~~~~~~~~~~~~~~~~~~~~~~~~~~~~~~~
	NCPUs: Requested(12), Used(12)
	CPU Time Used: 00:30:37
	Memory: Requested(225gb), Used(11207948kb)
	Vmem Used: 31117484kb
	Walltime: Requested(24:00:00), Used(00:28:19)
~~~~~~~~~~~~~~~~~~~~~~~~~~~~~~~~~~~~~~~~~~~~~~~~~~~~~~~~~~~~~~~~~~~~~~~~~~~~~~~~~~~~~~~~~~
	Execution Nodes Used: (hopper-17:ngpus=1:ncpus=12:mem=235929600kb)
~~~~~~~~~~~~~~~~~~~~~~~~~~~~~~~~~~~~~~~~~~~~~~~~~~~~~~~~~~~~~~~~~~~~~~~~~~~~~~~~~~~~~~~~~~
	No GPU-related information available for this job.
