Job ID: 547961.hopper-m-02
Job name: box1_100sig_lhs_closest
Job starts at Wed Jul 29 12:23:47 AM +08 2026
Using N_sigma=100.0
dt=5s  T=1.0yr  TDI gen=1
SNR (rhostat): 4353.0012
Loading paris4_noise sampler from /scratch/e1498138/paris4_sc/int_1yr_s6/sampler_state.pkl...
paris4_noise maxld: 858.5097
paris4_noise maxld point: [5.99582573 0.99810132 0.69144752 9.04888015 0.40169474]
paris4_noise posterior 1-sigma (diag): [0.00170288 0.00074718 0.00352764 0.02022939 0.00066724]
Box bounds (N_sigma=100.0):
  logm1: [5.82554, 6.16611]  mu=5.99583  sigma=0.00170
  logm2: [0.92338, 1.07282]  mu=0.99810  sigma=0.00075
  a: [0.33868, 1.04421]  mu=0.69145  sigma=0.00353
  p0: [7.02594, 11.07182]  mu=9.04888  sigma=0.02023
  e0: [0.33497, 0.46842]  mu=0.40169  sigma=0.00067
True injection point: [6.  1.  0.7 9.  0.4]
Per-dim-normalized distance from mu_center to true point: 5.5348 sigma

Generating 100000 LHS points in 5D box...
Evaluating log_density on the 1000 closest points (N=100000)...
Top logden among 1000 closest points to injection (N=100000):
  logm1: 5.97957  (true=6.00000, offset=-11.998 sigma)
  logm2: 1.01194  (true=1.00000, offset=+15.982 sigma)
  a: 0.68658  (true=0.70000, offset=-3.803 sigma)
  p0: 10.05580  (true=9.00000, offset=+52.191 sigma)
  e0: 0.39321  (true=0.40000, offset=-10.177 sigma)
Per-dim-normalized distance: 56.9329 sigma
log_density: 0.313820
Saved to /scratch/e1498138/box/100sig_closest/N100000.pkl

Generating 500000 LHS points in 5D box...
Evaluating log_density on the 1000 closest points (N=500000)...
Top logden among 1000 closest points to injection (N=500000):
  logm1: 6.01441  (true=6.00000, offset=+8.459 sigma)
  logm2: 0.97892  (true=1.00000, offset=-28.215 sigma)
  a: 0.73817  (true=0.70000, offset=+10.819 sigma)
  p0: 9.04324  (true=9.00000, offset=+2.138 sigma)
  e0: 0.41361  (true=0.40000, offset=+20.397 sigma)
Per-dim-normalized distance: 37.4872 sigma
log_density: 0.234639
Saved to /scratch/e1498138/box/100sig_closest/N500000.pkl

Generating 1000000 LHS points in 5D box...
Evaluating log_density on the 1000 closest points (N=1000000)...
Top logden among 1000 closest points to injection (N=1000000):
  logm1: 6.03598  (true=6.00000, offset=+21.131 sigma)
  logm2: 1.00230  (true=1.00000, offset=+3.073 sigma)
  a: 0.75606  (true=0.70000, offset=+15.892 sigma)
  p0: 8.71582  (true=9.00000, offset=-14.048 sigma)
  e0: 0.39621  (true=0.40000, offset=-5.675 sigma)
Per-dim-normalized distance: 30.6279 sigma
log_density: 0.291097
Saved to /scratch/e1498138/box/100sig_closest/N1000000.pkl

=== Summary (N_sigma=100.0) ===
         N      dist (sigma)     log_density  per-dim sigma offsets
    100000           56.9329          0.3138  logm1=-11.998, logm2=+15.982, a=-3.803, p0=+52.191, e0=-10.177
    500000           37.4872          0.2346  logm1=+8.459, logm2=-28.215, a=+10.819, p0=+2.138, e0=+20.397
   1000000           30.6279          0.2911  logm1=+21.131, logm2=+3.073, a=+15.892, p0=-14.048, e0=-5.675
Saved corner plot to /nfs/home/svu/e1498138/emri_search/work/search/box/plots/corner_100sig_1yr.png
Job completed at Wed Jul 29 12:45:48 AM +08 2026
~~~~~~~~~~~~~~~~~~~~~~~~~~~~~~~~~~~~~~~~~~~~~~~~~~~~~~~~~~~~~~~~~~~~~~~~~~~~~~~~~~~~~~~~~~
			Resource Usage on 2026-07-29 00:45:48.989924:
~~~~~~~~~~~~~~~~~~~~~~~~~~~~~~~~~~~~~~~~~~~~~~~~~~~~~~~~~~~~~~~~~~~~~~~~~~~~~~~~~~~~~~~~~~
	JobId: 547961.hopper-m-02
	Project: CFP03-CF-051
	Exit Status: 0
~~~~~~~~~~~~~~~~~~~~~~~~~~~~~~~~~~~~~~~~~~~~~~~~~~~~~~~~~~~~~~~~~~~~~~~~~~~~~~~~~~~~~~~~~~
	NCPUs: Requested(12), Used(12)
	CPU Time Used: 00:20:04
	Memory: Requested(225gb), Used(11206452kb)
	Vmem Used: 31000268kb
	Walltime: Requested(24:00:00), Used(00:22:01)
~~~~~~~~~~~~~~~~~~~~~~~~~~~~~~~~~~~~~~~~~~~~~~~~~~~~~~~~~~~~~~~~~~~~~~~~~~~~~~~~~~~~~~~~~~
	Execution Nodes Used: (hopper-15:ngpus=1:ncpus=12:mem=235929600kb)
~~~~~~~~~~~~~~~~~~~~~~~~~~~~~~~~~~~~~~~~~~~~~~~~~~~~~~~~~~~~~~~~~~~~~~~~~~~~~~~~~~~~~~~~~~
	No GPU-related information available for this job.
