Job ID: 542947.hopper-m-02
Job name: box1_3sig_lhs
Job starts at Sun Jul 26 12:59:39 AM +08 2026
Using N_sigma=5.0
dt=5s  T=1.0yr  TDI gen=1
SNR (rhostat): 4353.0012
Loading paris4_noise sampler from /scratch/e1498138/paris4_sc/int_1yr_s6/sampler_state.pkl...
paris4_noise maxld: 858.5097
paris4_noise maxld point: [5.99582573 0.99810132 0.69144752 9.04888015 0.40169474]
paris4_noise posterior 1-sigma (diag): [0.00170288 0.00074718 0.00352764 0.02022939 0.00066724]
Box bounds (N_sigma=5.0):
  logm1: [5.98731, 6.00434]  mu=5.99583  sigma=0.00170
  logm2: [0.99437, 1.00184]  mu=0.99810  sigma=0.00075
  a: [0.67381, 0.70909]  mu=0.69145  sigma=0.00353
  p0: [8.94773, 9.15003]  mu=9.04888  sigma=0.02023
  e0: [0.39836, 0.40503]  mu=0.40169  sigma=0.00067
Generating 500000 LHS points in 5D box...
Evaluating log_density on 500000 points...
  [500/500000]  elapsed=195s  rate=2.6/s  ETA=194312s
  [1000/500000]  elapsed=389s  rate=2.6/s  ETA=193895s
  [1500/500000]  elapsed=583s  rate=2.6/s  ETA=193611s
  [2000/500000]  elapsed=777s  rate=2.6/s  ETA=193363s
  [2500/500000]  elapsed=971s  rate=2.6/s  ETA=193130s
  [3000/500000]  elapsed=1165s  rate=2.6/s  ETA=192996s
  [3500/500000]  elapsed=1359s  rate=2.6/s  ETA=192832s
  [4000/500000]  elapsed=1553s  rate=2.6/s  ETA=192612s
  [4500/500000]  elapsed=1748s  rate=2.6/s  ETA=192477s
  [5000/500000]  elapsed=1943s  rate=2.6/s  ETA=192312s
  [5500/500000]  elapsed=2136s  rate=2.6/s  ETA=192069s
  [6000/500000]  elapsed=2330s  rate=2.6/s  ETA=191876s
  [6500/500000]  elapsed=2525s  rate=2.6/s  ETA=191673s
  [7000/500000]  elapsed=2718s  rate=2.6/s  ETA=191452s
  [7500/500000]  elapsed=2912s  rate=2.6/s  ETA=191232s
  [8000/500000]  elapsed=3106s  rate=2.6/s  ETA=191034s
  [8500/500000]  elapsed=3300s  rate=2.6/s  ETA=190826s
  [9000/500000]  elapsed=3494s  rate=2.6/s  ETA=190627s
  [9500/500000]  elapsed=3688s  rate=2.6/s  ETA=190403s
  [10000/500000]  elapsed=3881s  rate=2.6/s  ETA=190178s
  [10500/500000]  elapsed=4073s  rate=2.6/s  ETA=189870s
  [11000/500000]  elapsed=4265s  rate=2.6/s  ETA=189587s
  [11500/500000]  elapsed=4456s  rate=2.6/s  ETA=189304s
  [12000/500000]  elapsed=4648s  rate=2.6/s  ETA=189012s
  [12500/500000]  elapsed=4840s  rate=2.6/s  ETA=188744s
  [13000/500000]  elapsed=5036s  rate=2.6/s  ETA=188651s
  [13500/500000]  elapsed=5228s  rate=2.6/s  ETA=188391s
  [14000/500000]  elapsed=5419s  rate=2.6/s  ETA=188132s
  [14500/500000]  elapsed=5613s  rate=2.6/s  ETA=187955s
  [15000/500000]  elapsed=5806s  rate=2.6/s  ETA=187723s
  [15500/500000]  elapsed=5997s  rate=2.6/s  ETA=187469s
  [16000/500000]  elapsed=6189s  rate=2.6/s  ETA=187211s
  [16500/500000]  elapsed=6380s  rate=2.6/s  ETA=186954s
  [17000/500000]  elapsed=6572s  rate=2.6/s  ETA=186711s
  [17500/500000]  elapsed=6764s  rate=2.6/s  ETA=186483s
  [18000/500000]  elapsed=6955s  rate=2.6/s  ETA=186246s
  [18500/500000]  elapsed=7146s  rate=2.6/s  ETA=185996s
  [19000/500000]  elapsed=7338s  rate=2.6/s  ETA=185757s
  [19500/500000]  elapsed=7529s  rate=2.6/s  ETA=185518s
  [20000/500000]  elapsed=7720s  rate=2.6/s  ETA=185275s
  [20500/500000]  elapsed=7911s  rate=2.6/s  ETA=185039s
  [21000/500000]  elapsed=8102s  rate=2.6/s  ETA=184803s
  [21500/500000]  elapsed=8293s  rate=2.6/s  ETA=184572s
  [22000/500000]  elapsed=8485s  rate=2.6/s  ETA=184351s
  [22500/500000]  elapsed=8678s  rate=2.6/s  ETA=184164s
  [23000/500000]  elapsed=8870s  rate=2.6/s  ETA=183951s
  [23500/500000]  elapsed=9061s  rate=2.6/s  ETA=183734s
  [24000/500000]  elapsed=9253s  rate=2.6/s  ETA=183524s
  [24500/500000]  elapsed=9445s  rate=2.6/s  ETA=183307s
  [25000/500000]  elapsed=9636s  rate=2.6/s  ETA=183093s
  [25500/500000]  elapsed=9828s  rate=2.6/s  ETA=182876s
  [26000/500000]  elapsed=10019s  rate=2.6/s  ETA=182658s
  [26500/500000]  elapsed=10212s  rate=2.6/s  ETA=182461s
  [27000/500000]  elapsed=10404s  rate=2.6/s  ETA=182254s
  [27500/500000]  elapsed=10595s  rate=2.6/s  ETA=182045s
  [28000/500000]  elapsed=10786s  rate=2.6/s  ETA=181828s
  [28500/500000]  elapsed=10980s  rate=2.6/s  ETA=181652s
  [29000/500000]  elapsed=11172s  rate=2.6/s  ETA=181441s
  [29500/500000]  elapsed=11363s  rate=2.6/s  ETA=181225s
  [30000/500000]  elapsed=11554s  rate=2.6/s  ETA=181017s
  [30500/500000]  elapsed=11745s  rate=2.6/s  ETA=180801s
  [31000/500000]  elapsed=11938s  rate=2.6/s  ETA=180610s
  [31500/500000]  elapsed=12130s  rate=2.6/s  ETA=180409s
  [32000/500000]  elapsed=12322s  rate=2.6/s  ETA=180208s
  [32500/500000]  elapsed=12514s  rate=2.6/s  ETA=180014s
  [33000/500000]  elapsed=12707s  rate=2.6/s  ETA=179817s
  [33500/500000]  elapsed=12898s  rate=2.6/s  ETA=179614s
  [34000/500000]  elapsed=13090s  rate=2.6/s  ETA=179415s
  [34500/500000]  elapsed=13282s  rate=2.6/s  ETA=179214s
  [35000/500000]  elapsed=13473s  rate=2.6/s  ETA=178999s
  [35500/500000]  elapsed=13663s  rate=2.6/s  ETA=178776s
  [36000/500000]  elapsed=13853s  rate=2.6/s  ETA=178555s
  [36500/500000]  elapsed=14045s  rate=2.6/s  ETA=178346s
  [37000/500000]  elapsed=14236s  rate=2.6/s  ETA=178144s
  [37500/500000]  elapsed=14427s  rate=2.6/s  ETA=177933s
  [38000/500000]  elapsed=14619s  rate=2.6/s  ETA=177730s
  [38500/500000]  elapsed=14809s  rate=2.6/s  ETA=177522s
  [39000/500000]  elapsed=15000s  rate=2.6/s  ETA=177304s
  [39500/500000]  elapsed=15190s  rate=2.6/s  ETA=177085s
  [40000/500000]  elapsed=15380s  rate=2.6/s  ETA=176870s
  [40500/500000]  elapsed=15571s  rate=2.6/s  ETA=176665s
  [41000/500000]  elapsed=15764s  rate=2.6/s  ETA=176475s
  [41500/500000]  elapsed=15956s  rate=2.6/s  ETA=176289s
  [42000/500000]  elapsed=16148s  rate=2.6/s  ETA=176087s
  [42500/500000]  elapsed=16339s  rate=2.6/s  ETA=175882s
  [43000/500000]  elapsed=16529s  rate=2.6/s  ETA=175673s
  [43500/500000]  elapsed=16720s  rate=2.6/s  ETA=175465s
  [44000/500000]  elapsed=16912s  rate=2.6/s  ETA=175272s
  [44500/500000]  elapsed=17104s  rate=2.6/s  ETA=175072s
  [45000/500000]  elapsed=17296s  rate=2.6/s  ETA=174883s
  [45500/500000]  elapsed=17487s  rate=2.6/s  ETA=174681s
  [46000/500000]  elapsed=17679s  rate=2.6/s  ETA=174485s
  [46500/500000]  elapsed=17870s  rate=2.6/s  ETA=174281s
  [47000/500000]  elapsed=18061s  rate=2.6/s  ETA=174073s
  [47500/500000]  elapsed=18251s  rate=2.6/s  ETA=173869s
  [48000/500000]  elapsed=18442s  rate=2.6/s  ETA=173659s
  [48500/500000]  elapsed=18632s  rate=2.6/s  ETA=173449s
  [49000/500000]  elapsed=18824s  rate=2.6/s  ETA=173257s
  [49500/500000]  elapsed=19015s  rate=2.6/s  ETA=173054s
  [50000/500000]  elapsed=19205s  rate=2.6/s  ETA=172842s
  [50500/500000]  elapsed=19394s  rate=2.6/s  ETA=172628s
  [51000/500000]  elapsed=19585s  rate=2.6/s  ETA=172421s
  [51500/500000]  elapsed=19774s  rate=2.6/s  ETA=172207s
  [52000/500000]  elapsed=19965s  rate=2.6/s  ETA=172009s
  [52500/500000]  elapsed=20155s  rate=2.6/s  ETA=171797s
  [53000/500000]  elapsed=20344s  rate=2.6/s  ETA=171583s
  [53500/500000]  elapsed=20533s  rate=2.6/s  ETA=171368s
  [54000/500000]  elapsed=20723s  rate=2.6/s  ETA=171155s
  [54500/500000]  elapsed=20912s  rate=2.6/s  ETA=170945s
  [55000/500000]  elapsed=21102s  rate=2.6/s  ETA=170731s
  [55500/500000]  elapsed=21293s  rate=2.6/s  ETA=170534s
  [56000/500000]  elapsed=21482s  rate=2.6/s  ETA=170321s
  [56500/500000]  elapsed=21671s  rate=2.6/s  ETA=170108s
  [57000/500000]  elapsed=21860s  rate=2.6/s  ETA=169898s
  [57500/500000]  elapsed=22050s  rate=2.6/s  ETA=169692s
  [58000/500000]  elapsed=22240s  rate=2.6/s  ETA=169481s
  [58500/500000]  elapsed=22432s  rate=2.6/s  ETA=169291s
  [59000/500000]  elapsed=22621s  rate=2.6/s  ETA=169079s
  [59500/500000]  elapsed=22810s  rate=2.6/s  ETA=168870s
  [60000/500000]  elapsed=23000s  rate=2.6/s  ETA=168663s
  [60500/500000]  elapsed=23190s  rate=2.6/s  ETA=168460s
  [61000/500000]  elapsed=23379s  rate=2.6/s  ETA=168255s
  [61500/500000]  elapsed=23571s  rate=2.6/s  ETA=168065s
  [62000/500000]  elapsed=23761s  rate=2.6/s  ETA=167861s
  [62500/500000]  elapsed=23951s  rate=2.6/s  ETA=167654s
  [63000/500000]  elapsed=24140s  rate=2.6/s  ETA=167448s
  [63500/500000]  elapsed=24330s  rate=2.6/s  ETA=167243s
  [64000/500000]  elapsed=24520s  rate=2.6/s  ETA=167042s
  [64500/500000]  elapsed=24710s  rate=2.6/s  ETA=166838s
  [65000/500000]  elapsed=24901s  rate=2.6/s  ETA=166647s
  [65500/500000]  elapsed=25091s  rate=2.6/s  ETA=166443s
  [66000/500000]  elapsed=25280s  rate=2.6/s  ETA=166237s
  [66500/500000]  elapsed=25470s  rate=2.6/s  ETA=166033s
  [67000/500000]  elapsed=25659s  rate=2.6/s  ETA=165827s
  [67500/500000]  elapsed=25848s  rate=2.6/s  ETA=165621s
  [68000/500000]  elapsed=26039s  rate=2.6/s  ETA=165423s
  [68500/500000]  elapsed=26228s  rate=2.6/s  ETA=165216s
  [69000/500000]  elapsed=26419s  rate=2.6/s  ETA=165024s
  [69500/500000]  elapsed=26609s  rate=2.6/s  ETA=164823s
  [70000/500000]  elapsed=26799s  rate=2.6/s  ETA=164620s
  [70500/500000]  elapsed=26988s  rate=2.6/s  ETA=164417s
  [71000/500000]  elapsed=27178s  rate=2.6/s  ETA=164215s
  [71500/500000]  elapsed=27368s  rate=2.6/s  ETA=164014s
  [72000/500000]  elapsed=27557s  rate=2.6/s  ETA=163810s
  [72500/500000]  elapsed=27748s  rate=2.6/s  ETA=163616s
  [73000/500000]  elapsed=27938s  rate=2.6/s  ETA=163417s
  [73500/500000]  elapsed=28127s  rate=2.6/s  ETA=163213s
  [74000/500000]  elapsed=28316s  rate=2.6/s  ETA=163007s
  [74500/500000]  elapsed=28505s  rate=2.6/s  ETA=162806s
  [75000/500000]  elapsed=28695s  rate=2.6/s  ETA=162604s
  [75500/500000]  elapsed=28884s  rate=2.6/s  ETA=162401s
  [76000/500000]  elapsed=29076s  rate=2.6/s  ETA=162213s
  [76500/500000]  elapsed=29266s  rate=2.6/s  ETA=162015s
  [77000/500000]  elapsed=29456s  rate=2.6/s  ETA=161817s
  [77500/500000]  elapsed=29646s  rate=2.6/s  ETA=161617s
  [78000/500000]  elapsed=29835s  rate=2.6/s  ETA=161416s
  [78500/500000]  elapsed=30026s  rate=2.6/s  ETA=161221s
  [79000/500000]  elapsed=30216s  rate=2.6/s  ETA=161022s
  [79500/500000]  elapsed=30407s  rate=2.6/s  ETA=160832s
  [80000/500000]  elapsed=30598s  rate=2.6/s  ETA=160641s
  [80500/500000]  elapsed=30788s  rate=2.6/s  ETA=160440s
  [81000/500000]  elapsed=30977s  rate=2.6/s  ETA=160239s
  [81500/500000]  elapsed=31166s  rate=2.6/s  ETA=160039s
  [82000/500000]  elapsed=31356s  rate=2.6/s  ETA=159840s
  [82500/500000]  elapsed=31546s  rate=2.6/s  ETA=159642s
  [83000/500000]  elapsed=31736s  rate=2.6/s  ETA=159447s
  [83500/500000]  elapsed=31926s  rate=2.6/s  ETA=159250s
  [84000/500000]  elapsed=32115s  rate=2.6/s  ETA=159047s
  [84500/500000]  elapsed=32304s  rate=2.6/s  ETA=158845s
  [85000/500000]  elapsed=32494s  rate=2.6/s  ETA=158645s
  [85500/500000]  elapsed=32683s  rate=2.6/s  ETA=158447s
  [86000/500000]  elapsed=32872s  rate=2.6/s  ETA=158246s
  [86500/500000]  elapsed=33063s  rate=2.6/s  ETA=158053s
  [87000/500000]  elapsed=33253s  rate=2.6/s  ETA=157854s
  [87500/500000]  elapsed=33442s  rate=2.6/s  ETA=157655s
  [88000/500000]  elapsed=33632s  rate=2.6/s  ETA=157459s
  [88500/500000]  elapsed=33822s  rate=2.6/s  ETA=157262s
  [89000/500000]  elapsed=34012s  rate=2.6/s  ETA=157066s
  [89500/500000]  elapsed=34202s  rate=2.6/s  ETA=156872s
  [90000/500000]  elapsed=34393s  rate=2.6/s  ETA=156679s
  [90500/500000]  elapsed=34583s  rate=2.6/s  ETA=156482s
  [91000/500000]  elapsed=34772s  rate=2.6/s  ETA=156283s
  [91500/500000]  elapsed=34962s  rate=2.6/s  ETA=156086s
  [92000/500000]  elapsed=35151s  rate=2.6/s  ETA=155888s
  [92500/500000]  elapsed=35341s  rate=2.6/s  ETA=155691s
  [93000/500000]  elapsed=35530s  rate=2.6/s  ETA=155492s
  [93500/500000]  elapsed=35722s  rate=2.6/s  ETA=155305s
  [94000/500000]  elapsed=35912s  rate=2.6/s  ETA=155108s
  [94500/500000]  elapsed=36101s  rate=2.6/s  ETA=154911s
  [95000/500000]  elapsed=36291s  rate=2.6/s  ETA=154715s
  [95500/500000]  elapsed=36480s  rate=2.6/s  ETA=154516s
  [96000/500000]  elapsed=36670s  rate=2.6/s  ETA=154321s
  [96500/500000]  elapsed=36860s  rate=2.6/s  ETA=154124s
  [97000/500000]  elapsed=37052s  rate=2.6/s  ETA=153938s
  [97500/500000]  elapsed=37242s  rate=2.6/s  ETA=153742s
  [98000/500000]  elapsed=37431s  rate=2.6/s  ETA=153545s
  [98500/500000]  elapsed=37621s  rate=2.6/s  ETA=153348s
  [99000/500000]  elapsed=37810s  rate=2.6/s  ETA=153151s
  [99500/500000]  elapsed=38000s  rate=2.6/s  ETA=152957s
  [100000/500000]  elapsed=38189s  rate=2.6/s  ETA=152758s
  [100500/500000]  elapsed=38381s  rate=2.6/s  ETA=152570s
  [101000/500000]  elapsed=38571s  rate=2.6/s  ETA=152374s
  [101500/500000]  elapsed=38761s  rate=2.6/s  ETA=152180s
  [102000/500000]  elapsed=38951s  rate=2.6/s  ETA=151984s
  [102500/500000]  elapsed=39140s  rate=2.6/s  ETA=151788s
  [103000/500000]  elapsed=39330s  rate=2.6/s  ETA=151592s
  [103500/500000]  elapsed=39520s  rate=2.6/s  ETA=151397s
  [104000/500000]  elapsed=39710s  rate=2.6/s  ETA=151203s
  [104500/500000]  elapsed=39900s  rate=2.6/s  ETA=151008s
  [105000/500000]  elapsed=40092s  rate=2.6/s  ETA=150821s
  [105500/500000]  elapsed=40282s  rate=2.6/s  ETA=150626s
  [106000/500000]  elapsed=40472s  rate=2.6/s  ETA=150435s
  [106500/500000]  elapsed=40662s  rate=2.6/s  ETA=150239s
  [107000/500000]  elapsed=40852s  rate=2.6/s  ETA=150044s
  [107500/500000]  elapsed=41042s  rate=2.6/s  ETA=149850s
  [108000/500000]  elapsed=41232s  rate=2.6/s  ETA=149657s
  [108500/500000]  elapsed=41422s  rate=2.6/s  ETA=149462s
  [109000/500000]  elapsed=41613s  rate=2.6/s  ETA=149273s
  [109500/500000]  elapsed=41802s  rate=2.6/s  ETA=149076s
  [110000/500000]  elapsed=41992s  rate=2.6/s  ETA=148880s
  [110500/500000]  elapsed=42182s  rate=2.6/s  ETA=148685s
  [111000/500000]  elapsed=42373s  rate=2.6/s  ETA=148496s
  [111500/500000]  elapsed=42564s  rate=2.6/s  ETA=148306s
  [112000/500000]  elapsed=42754s  rate=2.6/s  ETA=148113s
  [112500/500000]  elapsed=42945s  rate=2.6/s  ETA=147920s
  [113000/500000]  elapsed=43134s  rate=2.6/s  ETA=147725s
  [113500/500000]  elapsed=43326s  rate=2.6/s  ETA=147536s
  [114000/500000]  elapsed=43516s  rate=2.6/s  ETA=147342s
  [114500/500000]  elapsed=43705s  rate=2.6/s  ETA=147147s
  [115000/500000]  elapsed=43895s  rate=2.6/s  ETA=146952s
  [115500/500000]  elapsed=44085s  rate=2.6/s  ETA=146759s
  [116000/500000]  elapsed=44275s  rate=2.6/s  ETA=146564s
  [116500/500000]  elapsed=44465s  rate=2.6/s  ETA=146373s
  [117000/500000]  elapsed=44657s  rate=2.6/s  ETA=146185s
  [117500/500000]  elapsed=44847s  rate=2.6/s  ETA=145992s
  [118000/500000]  elapsed=45039s  rate=2.6/s  ETA=145804s
  [118500/500000]  elapsed=45233s  rate=2.6/s  ETA=145622s
  [119000/500000]  elapsed=45424s  rate=2.6/s  ETA=145432s
  [119500/500000]  elapsed=45616s  rate=2.6/s  ETA=145245s
  [120000/500000]  elapsed=45809s  rate=2.6/s  ETA=145063s
  [120500/500000]  elapsed=46002s  rate=2.6/s  ETA=144876s
  [121000/500000]  elapsed=46193s  rate=2.6/s  ETA=144689s
  [121500/500000]  elapsed=46384s  rate=2.6/s  ETA=144498s
  [122000/500000]  elapsed=46575s  rate=2.6/s  ETA=144307s
  [122500/500000]  elapsed=46767s  rate=2.6/s  ETA=144119s
  [123000/500000]  elapsed=46960s  rate=2.6/s  ETA=143935s
  [123500/500000]  elapsed=47154s  rate=2.6/s  ETA=143752s
  [124000/500000]  elapsed=47346s  rate=2.6/s  ETA=143565s
  [124500/500000]  elapsed=47539s  rate=2.6/s  ETA=143380s
  [125000/500000]  elapsed=47730s  rate=2.6/s  ETA=143189s
  [125500/500000]  elapsed=47925s  rate=2.6/s  ETA=143011s
  [126000/500000]  elapsed=48117s  rate=2.6/s  ETA=142823s
  [126500/500000]  elapsed=48309s  rate=2.6/s  ETA=142635s
  [127000/500000]  elapsed=48503s  rate=2.6/s  ETA=142452s
  [127500/500000]  elapsed=48697s  rate=2.6/s  ETA=142270s
  [128000/500000]  elapsed=48888s  rate=2.6/s  ETA=142081s
  [128500/500000]  elapsed=49079s  rate=2.6/s  ETA=141890s
  [129000/500000]  elapsed=49270s  rate=2.6/s  ETA=141698s
  [129500/500000]  elapsed=49460s  rate=2.6/s  ETA=141506s
  [130000/500000]  elapsed=49653s  rate=2.6/s  ETA=141319s
  [130500/500000]  elapsed=49843s  rate=2.6/s  ETA=141127s
  [131000/500000]  elapsed=50036s  rate=2.6/s  ETA=140941s
  [131500/500000]  elapsed=50228s  rate=2.6/s  ETA=140752s
  [132000/500000]  elapsed=50418s  rate=2.6/s  ETA=140559s
  [132500/500000]  elapsed=50612s  rate=2.6/s  ETA=140376s
  [133000/500000]  elapsed=50804s  rate=2.6/s  ETA=140189s
  [133500/500000]  elapsed=51000s  rate=2.6/s  ETA=140012s
  [134000/500000]  elapsed=51195s  rate=2.6/s  ETA=139832s
  [134500/500000]  elapsed=51392s  rate=2.6/s  ETA=139656s
  [135000/500000]  elapsed=51585s  rate=2.6/s  ETA=139471s
  [135500/500000]  elapsed=51782s  rate=2.6/s  ETA=139295s
  [136000/500000]  elapsed=51976s  rate=2.6/s  ETA=139112s
  [136500/500000]  elapsed=52172s  rate=2.6/s  ETA=138934s
  [137000/500000]  elapsed=52366s  rate=2.6/s  ETA=138751s
  [137500/500000]  elapsed=52563s  rate=2.6/s  ETA=138575s
  [138000/500000]  elapsed=52757s  rate=2.6/s  ETA=138393s
  [138500/500000]  elapsed=52954s  rate=2.6/s  ETA=138215s
  [139000/500000]  elapsed=53151s  rate=2.6/s  ETA=138041s
  [139500/500000]  elapsed=53348s  rate=2.6/s  ETA=137862s
  [140000/500000]  elapsed=53542s  rate=2.6/s  ETA=137679s
  [140500/500000]  elapsed=53739s  rate=2.6/s  ETA=137503s
  [141000/500000]  elapsed=53933s  rate=2.6/s  ETA=137318s
  [141500/500000]  elapsed=54131s  rate=2.6/s  ETA=137146s
  [142000/500000]  elapsed=54327s  rate=2.6/s  ETA=136966s
  [142500/500000]  elapsed=54525s  rate=2.6/s  ETA=136792s
  [143000/500000]  elapsed=54720s  rate=2.6/s  ETA=136609s
  [143500/500000]  elapsed=54917s  rate=2.6/s  ETA=136432s
  [144000/500000]  elapsed=55111s  rate=2.6/s  ETA=136248s
  [144500/500000]  elapsed=55308s  rate=2.6/s  ETA=136069s
  [145000/500000]  elapsed=55504s  rate=2.6/s  ETA=135889s
  [145500/500000]  elapsed=55701s  rate=2.6/s  ETA=135711s
  [146000/500000]  elapsed=55895s  rate=2.6/s  ETA=135525s
  [146500/500000]  elapsed=56092s  rate=2.6/s  ETA=135347s
  [147000/500000]  elapsed=56285s  rate=2.6/s  ETA=135161s
  [147500/500000]  elapsed=56482s  rate=2.6/s  ETA=134981s
  [148000/500000]  elapsed=56674s  rate=2.6/s  ETA=134793s
  [148500/500000]  elapsed=56873s  rate=2.6/s  ETA=134618s
  [149000/500000]  elapsed=57066s  rate=2.6/s  ETA=134431s
  [149500/500000]  elapsed=57263s  rate=2.6/s  ETA=134251s
  [150000/500000]  elapsed=57458s  rate=2.6/s  ETA=134068s
  [150500/500000]  elapsed=57654s  rate=2.6/s  ETA=133888s
  [151000/500000]  elapsed=57850s  rate=2.6/s  ETA=133706s
  [151500/500000]  elapsed=58047s  rate=2.6/s  ETA=133527s
  [152000/500000]  elapsed=58241s  rate=2.6/s  ETA=133341s
  [152500/500000]  elapsed=58440s  rate=2.6/s  ETA=133168s
  [153000/500000]  elapsed=58635s  rate=2.6/s  ETA=132982s
  [153500/500000]  elapsed=58831s  rate=2.6/s  ETA=132802s
  [154000/500000]  elapsed=59027s  rate=2.6/s  ETA=132619s
  [154500/500000]  elapsed=59224s  rate=2.6/s  ETA=132439s
  [155000/500000]  elapsed=59418s  rate=2.6/s  ETA=132253s
  [155500/500000]  elapsed=59616s  rate=2.6/s  ETA=132075s
  [156000/500000]  elapsed=59811s  rate=2.6/s  ETA=131891s
  [156500/500000]  elapsed=60007s  rate=2.6/s  ETA=131708s
  [157000/500000]  elapsed=60202s  rate=2.6/s  ETA=131523s
  [157500/500000]  elapsed=60397s  rate=2.6/s  ETA=131339s
  [158000/500000]  elapsed=60591s  rate=2.6/s  ETA=131154s
  [158500/500000]  elapsed=60787s  rate=2.6/s  ETA=130970s
  [159000/500000]  elapsed=60981s  rate=2.6/s  ETA=130784s
  [159500/500000]  elapsed=61179s  rate=2.6/s  ETA=130604s
  [160000/500000]  elapsed=61375s  rate=2.6/s  ETA=130422s
  [160500/500000]  elapsed=61570s  rate=2.6/s  ETA=130236s
  [161000/500000]  elapsed=61765s  rate=2.6/s  ETA=130051s
  [161500/500000]  elapsed=61960s  rate=2.6/s  ETA=129868s
  [162000/500000]  elapsed=62156s  rate=2.6/s  ETA=129683s
  [162500/500000]  elapsed=62351s  rate=2.6/s  ETA=129498s
  [163000/500000]  elapsed=62548s  rate=2.6/s  ETA=129317s
  [163500/500000]  elapsed=62746s  rate=2.6/s  ETA=129137s
  [164000/500000]  elapsed=62941s  rate=2.6/s  ETA=128953s
  [164500/500000]  elapsed=63136s  rate=2.6/s  ETA=128767s
  [165000/500000]  elapsed=63331s  rate=2.6/s  ETA=128582s
  [165500/500000]  elapsed=63527s  rate=2.6/s  ETA=128397s
  [166000/500000]  elapsed=63723s  rate=2.6/s  ETA=128214s
  [166500/500000]  elapsed=63919s  rate=2.6/s  ETA=128031s
  [167000/500000]  elapsed=64119s  rate=2.6/s  ETA=127854s
  [167500/500000]  elapsed=64314s  rate=2.6/s  ETA=127669s
  [168000/500000]  elapsed=64511s  rate=2.6/s  ETA=127485s
  [168500/500000]  elapsed=64706s  rate=2.6/s  ETA=127300s
  [169000/500000]  elapsed=64902s  rate=2.6/s  ETA=127116s
  [169500/500000]  elapsed=65097s  rate=2.6/s  ETA=126930s
  [170000/500000]  elapsed=65294s  rate=2.6/s  ETA=126748s
  [170500/500000]  elapsed=65489s  rate=2.6/s  ETA=126561s
  [171000/500000]  elapsed=65687s  rate=2.6/s  ETA=126380s
  [171500/500000]  elapsed=65885s  rate=2.6/s  ETA=126200s
  [172000/500000]  elapsed=66081s  rate=2.6/s  ETA=126015s
  [172500/500000]  elapsed=66276s  rate=2.6/s  ETA=125828s
  [173000/500000]  elapsed=66473s  rate=2.6/s  ETA=125645s
  [173500/500000]  elapsed=66668s  rate=2.6/s  ETA=125459s
  [174000/500000]  elapsed=66866s  rate=2.6/s  ETA=125278s
  [174500/500000]  elapsed=67060s  rate=2.6/s  ETA=125090s
  [175000/500000]  elapsed=67257s  rate=2.6/s  ETA=124905s
  [175500/500000]  elapsed=67451s  rate=2.6/s  ETA=124718s
  [176000/500000]  elapsed=67649s  rate=2.6/s  ETA=124536s
  [176500/500000]  elapsed=67842s  rate=2.6/s  ETA=124346s
  [177000/500000]  elapsed=68039s  rate=2.6/s  ETA=124162s
  [177500/500000]  elapsed=68233s  rate=2.6/s  ETA=123973s
  [178000/500000]  elapsed=68430s  rate=2.6/s  ETA=123788s
  [178500/500000]  elapsed=68624s  rate=2.6/s  ETA=123600s
  [179000/500000]  elapsed=68821s  rate=2.6/s  ETA=123416s
  [179500/500000]  elapsed=69017s  rate=2.6/s  ETA=123230s
  [180000/500000]  elapsed=69214s  rate=2.6/s  ETA=123046s
  [180500/500000]  elapsed=69407s  rate=2.6/s  ETA=122857s
  [181000/500000]  elapsed=69604s  rate=2.6/s  ETA=122673s
  [181500/500000]  elapsed=69801s  rate=2.6/s  ETA=122488s
  [182000/500000]  elapsed=70001s  rate=2.6/s  ETA=122310s
  [182500/500000]  elapsed=70196s  rate=2.6/s  ETA=122123s
  [183000/500000]  elapsed=70392s  rate=2.6/s  ETA=121936s
  [183500/500000]  elapsed=70585s  rate=2.6/s  ETA=121745s
  [184000/500000]  elapsed=70777s  rate=2.6/s  ETA=121552s
  [184500/500000]  elapsed=70970s  rate=2.6/s  ETA=121360s
  [185000/500000]  elapsed=71160s  rate=2.6/s  ETA=121165s
  [185500/500000]  elapsed=71352s  rate=2.6/s  ETA=120972s
  [186000/500000]  elapsed=71543s  rate=2.6/s  ETA=120777s
  [186500/500000]  elapsed=71735s  rate=2.6/s  ETA=120585s
  [187000/500000]  elapsed=71927s  rate=2.6/s  ETA=120391s
  [187500/500000]  elapsed=72119s  rate=2.6/s  ETA=120198s
  [188000/500000]  elapsed=72311s  rate=2.6/s  ETA=120006s
  [188500/500000]  elapsed=72503s  rate=2.6/s  ETA=119813s
  [189000/500000]  elapsed=72693s  rate=2.6/s  ETA=119617s
  [189500/500000]  elapsed=72884s  rate=2.6/s  ETA=119422s
  [190000/500000]  elapsed=73077s  rate=2.6/s  ETA=119230s
  [190500/500000]  elapsed=73269s  rate=2.6/s  ETA=119038s
  [191000/500000]  elapsed=73467s  rate=2.6/s  ETA=118855s
  [191500/500000]  elapsed=73661s  rate=2.6/s  ETA=118666s
  [192000/500000]  elapsed=73855s  rate=2.6/s  ETA=118475s
  [192500/500000]  elapsed=74050s  rate=2.6/s  ETA=118288s
  [193000/500000]  elapsed=74244s  rate=2.6/s  ETA=118099s
  [193500/500000]  elapsed=74439s  rate=2.6/s  ETA=117910s
  [194000/500000]  elapsed=74631s  rate=2.6/s  ETA=117717s
  [194500/500000]  elapsed=74825s  rate=2.6/s  ETA=117528s
  [195000/500000]  elapsed=75018s  rate=2.6/s  ETA=117336s
  [195500/500000]  elapsed=75213s  rate=2.6/s  ETA=117147s
  [196000/500000]  elapsed=75407s  rate=2.6/s  ETA=116959s
  [196500/500000]  elapsed=75601s  rate=2.6/s  ETA=116768s
  [197000/500000]  elapsed=75796s  rate=2.6/s  ETA=116579s
  [197500/500000]  elapsed=75989s  rate=2.6/s  ETA=116389s
  [198000/500000]  elapsed=76182s  rate=2.6/s  ETA=116197s
  [198500/500000]  elapsed=76376s  rate=2.6/s  ETA=116007s
  [199000/500000]  elapsed=76570s  rate=2.6/s  ETA=115817s
  [199500/500000]  elapsed=76765s  rate=2.6/s  ETA=115628s
  [200000/500000]  elapsed=76959s  rate=2.6/s  ETA=115438s
  [200500/500000]  elapsed=77155s  rate=2.6/s  ETA=115251s
  [201000/500000]  elapsed=77350s  rate=2.6/s  ETA=115062s
  [201500/500000]  elapsed=77546s  rate=2.6/s  ETA=114875s
  [202000/500000]  elapsed=77741s  rate=2.6/s  ETA=114687s
  [202500/500000]  elapsed=77935s  rate=2.6/s  ETA=114497s
  [203000/500000]  elapsed=78134s  rate=2.6/s  ETA=114314s
  [203500/500000]  elapsed=78328s  rate=2.6/s  ETA=114124s
  [204000/500000]  elapsed=78523s  rate=2.6/s  ETA=113935s
  [204500/500000]  elapsed=78716s  rate=2.6/s  ETA=113743s
  [205000/500000]  elapsed=78911s  rate=2.6/s  ETA=113554s
  [205500/500000]  elapsed=79107s  rate=2.6/s  ETA=113368s
  [206000/500000]  elapsed=79303s  rate=2.6/s  ETA=113180s
  [206500/500000]  elapsed=79497s  rate=2.6/s  ETA=112990s
  [207000/500000]  elapsed=79693s  rate=2.6/s  ETA=112802s
  [207500/500000]  elapsed=79888s  rate=2.6/s  ETA=112613s
  [208000/500000]  elapsed=80083s  rate=2.6/s  ETA=112424s
  [208500/500000]  elapsed=80277s  rate=2.6/s  ETA=112233s
  [209000/500000]  elapsed=80473s  rate=2.6/s  ETA=112046s
  [209500/500000]  elapsed=80670s  rate=2.6/s  ETA=111860s
  [210000/500000]  elapsed=80868s  rate=2.6/s  ETA=111675s
  [210500/500000]  elapsed=81063s  rate=2.6/s  ETA=111486s
  [211000/500000]  elapsed=81259s  rate=2.6/s  ETA=111298s
  [211500/500000]  elapsed=81458s  rate=2.6/s  ETA=111114s
  [212000/500000]  elapsed=81656s  rate=2.6/s  ETA=110928s
  [212500/500000]  elapsed=81851s  rate=2.6/s  ETA=110740s
  [213000/500000]  elapsed=82049s  rate=2.6/s  ETA=110555s
  [213500/500000]  elapsed=82244s  rate=2.6/s  ETA=110365s
  [214000/500000]  elapsed=82436s  rate=2.6/s  ETA=110172s
  [214500/500000]  elapsed=82631s  rate=2.6/s  ETA=109982s
  [215000/500000]  elapsed=82823s  rate=2.6/s  ETA=109789s
  [215500/500000]  elapsed=83016s  rate=2.6/s  ETA=109597s
  [216000/500000]  elapsed=83211s  rate=2.6/s  ETA=109407s
  [216500/500000]  elapsed=83406s  rate=2.6/s  ETA=109217s
  [217000/500000]  elapsed=83601s  rate=2.6/s  ETA=109028s
  [217500/500000]  elapsed=83795s  rate=2.6/s  ETA=108837s
  [218000/500000]  elapsed=83989s  rate=2.6/s  ETA=108646s
  [218500/500000]  elapsed=84182s  rate=2.6/s  ETA=108455s
  [219000/500000]  elapsed=84379s  rate=2.6/s  ETA=108268s
  [219500/500000]  elapsed=84574s  rate=2.6/s  ETA=108077s
  [220000/500000]  elapsed=84767s  rate=2.6/s  ETA=107885s
  [220500/500000]  elapsed=84962s  rate=2.6/s  ETA=107695s
  [221000/500000]  elapsed=85155s  rate=2.6/s  ETA=107503s
  [221500/500000]  elapsed=85349s  rate=2.6/s  ETA=107313s
  [222000/500000]  elapsed=85543s  rate=2.6/s  ETA=107121s
  [222500/500000]  elapsed=85736s  rate=2.6/s  ETA=106930s
  [223000/500000]  elapsed=85931s  rate=2.6/s  ETA=106739s
  [223500/500000]  elapsed=86126s  rate=2.6/s  ETA=106549s
  [224000/500000]  elapsed=86320s  rate=2.6/s  ETA=106359s
~~~~~~~~~~~~~~~~~~~~~~~~~~~~~~~~~~~~~~~~~~~~~~~~~~~~~~~~~~~~~~~~~~~~~~~~~~~~~~~~~~~~~~~~~~
			Resource Usage on 2026-07-27 01:00:59.501879:
~~~~~~~~~~~~~~~~~~~~~~~~~~~~~~~~~~~~~~~~~~~~~~~~~~~~~~~~~~~~~~~~~~~~~~~~~~~~~~~~~~~~~~~~~~
	JobId: 542947.hopper-m-02
	Project: CFP03-CF-051
	Exit Status: -29
~~~~~~~~~~~~~~~~~~~~~~~~~~~~~~~~~~~~~~~~~~~~~~~~~~~~~~~~~~~~~~~~~~~~~~~~~~~~~~~~~~~~~~~~~~
	NCPUs: Requested(12), Used(12)
	CPU Time Used: 22:23:14
	Memory: Requested(225gb), Used(11220788kb)
	Vmem Used: 30888040kb
	Walltime: Requested(24:00:00), Used(24:01:25)
~~~~~~~~~~~~~~~~~~~~~~~~~~~~~~~~~~~~~~~~~~~~~~~~~~~~~~~~~~~~~~~~~~~~~~~~~~~~~~~~~~~~~~~~~~
	Execution Nodes Used: (hopper-11:ngpus=1:ncpus=12:mem=235929600kb)
~~~~~~~~~~~~~~~~~~~~~~~~~~~~~~~~~~~~~~~~~~~~~~~~~~~~~~~~~~~~~~~~~~~~~~~~~~~~~~~~~~~~~~~~~~
	No GPU-related information available for this job.
