Building ResponseWrapper...
Building GravWaveAnalysis...

=== true point ===
sum of per-mode power = 1.26725e+46, captured by (l,m,n) grid = 100.0000%
  l    m    n          power   fraction %
  2   -2    3    4.80766e+45      37.9378
  2   -2    2    3.64932e+45      28.7972
  2   -2    4    1.28072e+45      10.1063
  2   -2    1    7.83463e+44       6.1824
  2   -2   -1    5.23707e+44       4.1326
  2   -2    5    5.17382e+44       4.0827
  2   -2    6    2.48875e+44       1.9639
  2   -2    0    1.61657e+44       1.2757
  3   -3    4    1.54697e+44       1.2207
  2   -2    7    1.30777e+44       1.0320
  2   -2    8    7.23805e+43       0.5712
  3   -3    5    4.21242e+43       0.3324
  2   -2    9    4.13912e+43       0.3266
  3   -3    3    4.05092e+43       0.3197
  2   -1    1    3.23492e+43       0.2553
  2   -2   10    2.41774e+43       0.1908
  3   -3    6    1.45288e+43       0.1146
  2   -1    2    1.43585e+43       0.1133
  2   -2   11    1.43182e+43       0.1130
  3   -3    2    1.17216e+43       0.0925
Saved /nfs/home/svu/e1498138/emri_search/work/search/paper/emri_g/mode_power_distribution_1.2yr/mode_power_true.csv
Saved /nfs/home/svu/e1498138/emri_search/work/search/paper/emri_g/mode_power_distribution_1.2yr/mode_power_true.png

=== pt1 point ===
sum of per-mode power = 1.26851e+46, captured by (l,m,n) grid = 100.0000%
  l    m    n          power   fraction %
  2   -2    3    4.81903e+45      37.9897
  2   -2    2    3.65089e+45      28.7809
  2   -2    4    1.28288e+45      10.1133
  2   -2    1    7.82553e+44       6.1691
  2   -2   -1    5.24427e+44       4.1342
  2   -2    5    5.18333e+44       4.0862
  2   -2    6    2.49428e+44       1.9663
  2   -2    0    1.61763e+44       1.2752
  3   -3    4     1.5285e+44       1.2050
  2   -2    7    1.31124e+44       1.0337
  2   -2    8    7.26051e+43       0.5724
  3   -3    5    4.16412e+43       0.3283
  2   -2    9    4.15384e+43       0.3275
  3   -3    3    3.99444e+43       0.3149
  2   -1    1    3.20164e+43       0.2524
  2   -2   10    2.42744e+43       0.1914
  2   -2   11    1.43822e+43       0.1134
  3   -3    6     1.4345e+43       0.1131
  2   -1    2    1.42252e+43       0.1121
  3   -3    2    1.15623e+43       0.0911
Saved /nfs/home/svu/e1498138/emri_search/work/search/paper/emri_g/mode_power_distribution_1.2yr/mode_power_pt1.csv
Saved /nfs/home/svu/e1498138/emri_search/work/search/paper/emri_g/mode_power_distribution_1.2yr/mode_power_pt1.png

=== pt9 point ===
sum of per-mode power = 1.28755e+46, captured by (l,m,n) grid = 100.0000%
  l    m    n          power   fraction %
  2   -2    3    4.88859e+45      37.9680
  2   -2    2    3.72067e+45      28.8972
  2   -2    4    1.30155e+45      10.1087
  2   -2    1    7.98563e+44       6.2022
  2   -2   -1    5.32382e+44       4.1348
  2   -2    5    5.25667e+44       4.0827
  2   -2    6    2.52779e+44       1.9632
  2   -2    0    1.64156e+44       1.2749
  3   -3    4    1.50237e+44       1.1668
  2   -2    7    1.32786e+44       1.0313
  2   -2    8    7.34702e+43       0.5706
  2   -2    9    4.20019e+43       0.3262
  3   -3    5    4.07478e+43       0.3165
  3   -3    3    3.93698e+43       0.3058
  2   -1    1    3.11006e+43       0.2415
  2   -2   10    2.45269e+43       0.1905
  2   -2   11    1.45208e+43       0.1128
  3   -3    6    1.40698e+43       0.1093
  2   -1    2    1.37758e+43       0.1070
  3   -3    2    1.13703e+43       0.0883
Saved /nfs/home/svu/e1498138/emri_search/work/search/paper/emri_g/mode_power_distribution_1.2yr/mode_power_pt9.csv
Saved /nfs/home/svu/e1498138/emri_search/work/search/paper/emri_g/mode_power_distribution_1.2yr/mode_power_pt9.png

Saved /nfs/home/svu/e1498138/emri_search/work/search/paper/emri_g/mode_power_distribution_1.2yr/mode_power_comparison_pt1.png

Saved /nfs/home/svu/e1498138/emri_search/work/search/paper/emri_g/mode_power_distribution_1.2yr/mode_power_comparison_pt9.png
