dt=10s, T=1.0yr
Initializing waveform generators...
Initializing loglike_timeonly...
SNR: 14.0813
Loading precomputed LHS from /nfs/home/svu/e1498138/localgit/FEWNEW/work/search/precomputed_lhs_paris3_1yr_1e+05.pkl...
Best LHS seed: [6.01448138 1.00559399 0.73052065 8.82542789 0.39503829]  logden=2.6745
cov_prop = 0.01 * cov_prior (diag: [0.00092971 0.00052197 0.00191881 0.01102793 0.00039019])
Evaluating starting point with timeonly loglike...
Starting logden (timeonly): 3.9411

Running greedy hill-climb for 10000 iterations...
  iter=   100  max_logden=6.451611  accepts=4  p_max=[6.01300426 1.00441505 0.72790107 8.84078114 0.39589916]  elapsed=70s
  iter=   200  max_logden=7.589644  accepts=6  p_max=[6.01197329 1.00392473 0.7257627  8.85285648 0.39629849]  elapsed=139s
  iter=   300  max_logden=7.589644  accepts=6  p_max=[6.01197329 1.00392473 0.7257627  8.85285648 0.39629849]  elapsed=208s
  iter=   400  max_logden=8.017985  accepts=7  p_max=[6.01265584 1.00402625 0.72725176 8.84423543 0.39617283]  elapsed=278s
  iter=   500  max_logden=8.017985  accepts=7  p_max=[6.01265584 1.00402625 0.72725176 8.84423543 0.39617283]  elapsed=347s
  iter=   600  max_logden=8.036610  accepts=8  p_max=[6.01230435 1.0038771  0.72654488 8.84818845 0.396292  ]  elapsed=416s
  iter=   700  max_logden=8.296673  accepts=10  p_max=[6.01220042 1.00381851 0.72631273 8.8493593  0.39634003]  elapsed=486s
  iter=   800  max_logden=8.296673  accepts=10  p_max=[6.01220042 1.00381851 0.72631273 8.8493593  0.39634003]  elapsed=555s
  iter=   900  max_logden=8.296673  accepts=10  p_max=[6.01220042 1.00381851 0.72631273 8.8493593  0.39634003]  elapsed=624s
  iter=  1000  max_logden=8.320599  accepts=11  p_max=[6.01286762 1.0039231  0.72779768 8.84079407 0.39621044]  elapsed=694s
  iter=  1100  max_logden=8.320599  accepts=11  p_max=[6.01286762 1.0039231  0.72779768 8.84079407 0.39621044]  elapsed=763s
  iter=  1200  max_logden=8.320599  accepts=11  p_max=[6.01286762 1.0039231  0.72779768 8.84079407 0.39621044]  elapsed=833s
  iter=  1300  max_logden=8.320599  accepts=11  p_max=[6.01286762 1.0039231  0.72779768 8.84079407 0.39621044]  elapsed=902s
  iter=  1400  max_logden=8.320599  accepts=11  p_max=[6.01286762 1.0039231  0.72779768 8.84079407 0.39621044]  elapsed=971s
  iter=  1500  max_logden=8.537336  accepts=12  p_max=[6.01268318 1.00389802 0.72737676 8.84315979 0.39624316]  elapsed=1041s
  iter=  1600  max_logden=8.537336  accepts=12  p_max=[6.01268318 1.00389802 0.72737676 8.84315979 0.39624316]  elapsed=1110s
  iter=  1700  max_logden=8.537336  accepts=12  p_max=[6.01268318 1.00389802 0.72737676 8.84315979 0.39624316]  elapsed=1179s
  iter=  1800  max_logden=8.537336  accepts=12  p_max=[6.01268318 1.00389802 0.72737676 8.84315979 0.39624316]  elapsed=1249s
  iter=  1900  max_logden=8.537336  accepts=12  p_max=[6.01268318 1.00389802 0.72737676 8.84315979 0.39624316]  elapsed=1318s
  iter=  2000  max_logden=8.537336  accepts=12  p_max=[6.01268318 1.00389802 0.72737676 8.84315979 0.39624316]  elapsed=1387s
  iter=  2100  max_logden=8.537336  accepts=12  p_max=[6.01268318 1.00389802 0.72737676 8.84315979 0.39624316]  elapsed=1457s
  iter=  2200  max_logden=8.537336  accepts=12  p_max=[6.01268318 1.00389802 0.72737676 8.84315979 0.39624316]  elapsed=1526s
  iter=  2300  max_logden=8.537336  accepts=12  p_max=[6.01268318 1.00389802 0.72737676 8.84315979 0.39624316]  elapsed=1595s
  iter=  2400  max_logden=8.537336  accepts=12  p_max=[6.01268318 1.00389802 0.72737676 8.84315979 0.39624316]  elapsed=1665s
  iter=  2500  max_logden=8.537336  accepts=12  p_max=[6.01268318 1.00389802 0.72737676 8.84315979 0.39624316]  elapsed=1734s
  iter=  2600  max_logden=8.537336  accepts=12  p_max=[6.01268318 1.00389802 0.72737676 8.84315979 0.39624316]  elapsed=1803s
  iter=  2700  max_logden=8.537336  accepts=12  p_max=[6.01268318 1.00389802 0.72737676 8.84315979 0.39624316]  elapsed=1873s
  iter=  2800  max_logden=8.537336  accepts=12  p_max=[6.01268318 1.00389802 0.72737676 8.84315979 0.39624316]  elapsed=1942s
  iter=  2900  max_logden=8.537336  accepts=12  p_max=[6.01268318 1.00389802 0.72737676 8.84315979 0.39624316]  elapsed=2011s
  iter=  3000  max_logden=8.537336  accepts=12  p_max=[6.01268318 1.00389802 0.72737676 8.84315979 0.39624316]  elapsed=2081s
  iter=  3100  max_logden=8.537336  accepts=12  p_max=[6.01268318 1.00389802 0.72737676 8.84315979 0.39624316]  elapsed=2150s
  iter=  3200  max_logden=8.537336  accepts=12  p_max=[6.01268318 1.00389802 0.72737676 8.84315979 0.39624316]  elapsed=2219s
  iter=  3300  max_logden=8.537336  accepts=12  p_max=[6.01268318 1.00389802 0.72737676 8.84315979 0.39624316]  elapsed=2289s
  iter=  3400  max_logden=8.537336  accepts=12  p_max=[6.01268318 1.00389802 0.72737676 8.84315979 0.39624316]  elapsed=2358s
  iter=  3500  max_logden=8.537336  accepts=12  p_max=[6.01268318 1.00389802 0.72737676 8.84315979 0.39624316]  elapsed=2428s
  iter=  3600  max_logden=8.537336  accepts=12  p_max=[6.01268318 1.00389802 0.72737676 8.84315979 0.39624316]  elapsed=2497s
  iter=  3700  max_logden=8.537336  accepts=12  p_max=[6.01268318 1.00389802 0.72737676 8.84315979 0.39624316]  elapsed=2566s
  iter=  3800  max_logden=8.545481  accepts=13  p_max=[6.01286312 1.00392273 0.72779145 8.84080661 0.39620947]  elapsed=2636s
  iter=  3900  max_logden=8.545481  accepts=13  p_max=[6.01286312 1.00392273 0.72779145 8.84080661 0.39620947]  elapsed=2705s
  iter=  4000  max_logden=8.545481  accepts=13  p_max=[6.01286312 1.00392273 0.72779145 8.84080661 0.39620947]  elapsed=2774s
  iter=  4100  max_logden=8.545481  accepts=13  p_max=[6.01286312 1.00392273 0.72779145 8.84080661 0.39620947]  elapsed=2844s
  iter=  4200  max_logden=8.545481  accepts=13  p_max=[6.01286312 1.00392273 0.72779145 8.84080661 0.39620947]  elapsed=2913s
  iter=  4300  max_logden=8.545481  accepts=13  p_max=[6.01286312 1.00392273 0.72779145 8.84080661 0.39620947]  elapsed=2983s
  iter=  4400  max_logden=8.545481  accepts=13  p_max=[6.01286312 1.00392273 0.72779145 8.84080661 0.39620947]  elapsed=3052s
  iter=  4500  max_logden=8.545481  accepts=13  p_max=[6.01286312 1.00392273 0.72779145 8.84080661 0.39620947]  elapsed=3121s
  iter=  4600  max_logden=8.559277  accepts=14  p_max=[6.01279514 1.00391262 0.72762302 8.8417055  0.39621977]  elapsed=3191s
  iter=  4700  max_logden=8.559277  accepts=14  p_max=[6.01279514 1.00391262 0.72762302 8.8417055  0.39621977]  elapsed=3260s
  iter=  4800  max_logden=8.559277  accepts=14  p_max=[6.01279514 1.00391262 0.72762302 8.8417055  0.39621977]  elapsed=3329s
  iter=  4900  max_logden=8.559277  accepts=14  p_max=[6.01279514 1.00391262 0.72762302 8.8417055  0.39621977]  elapsed=3399s
  iter=  5000  max_logden=8.559277  accepts=14  p_max=[6.01279514 1.00391262 0.72762302 8.8417055  0.39621977]  elapsed=3468s
  iter=  5100  max_logden=8.559277  accepts=14  p_max=[6.01279514 1.00391262 0.72762302 8.8417055  0.39621977]  elapsed=3537s
  iter=  5200  max_logden=8.559277  accepts=14  p_max=[6.01279514 1.00391262 0.72762302 8.8417055  0.39621977]  elapsed=3607s
  iter=  5300  max_logden=8.559277  accepts=14  p_max=[6.01279514 1.00391262 0.72762302 8.8417055  0.39621977]  elapsed=3676s
  iter=  5400  max_logden=8.559277  accepts=14  p_max=[6.01279514 1.00391262 0.72762302 8.8417055  0.39621977]  elapsed=3745s
  iter=  5500  max_logden=8.559277  accepts=14  p_max=[6.01279514 1.00391262 0.72762302 8.8417055  0.39621977]  elapsed=3815s
  iter=  5600  max_logden=8.559277  accepts=14  p_max=[6.01279514 1.00391262 0.72762302 8.8417055  0.39621977]  elapsed=3884s
  iter=  5700  max_logden=8.559277  accepts=14  p_max=[6.01279514 1.00391262 0.72762302 8.8417055  0.39621977]  elapsed=3953s
  iter=  5800  max_logden=8.559277  accepts=14  p_max=[6.01279514 1.00391262 0.72762302 8.8417055  0.39621977]  elapsed=4023s
  iter=  5900  max_logden=8.559277  accepts=14  p_max=[6.01279514 1.00391262 0.72762302 8.8417055  0.39621977]  elapsed=4092s
  iter=  6000  max_logden=8.559277  accepts=14  p_max=[6.01279514 1.00391262 0.72762302 8.8417055  0.39621977]  elapsed=4161s
  iter=  6100  max_logden=8.590624  accepts=15  p_max=[6.01247146 1.00371499 0.72699905 8.84530716 0.39637918]  elapsed=4231s
  iter=  6200  max_logden=8.590624  accepts=15  p_max=[6.01247146 1.00371499 0.72699905 8.84530716 0.39637918]  elapsed=4300s
  iter=  6300  max_logden=8.593931  accepts=16  p_max=[6.01212812 1.00368893 0.72618928 8.84991204 0.39642795]  elapsed=4369s
  iter=  6400  max_logden=8.593931  accepts=16  p_max=[6.01212812 1.00368893 0.72618928 8.84991204 0.39642795]  elapsed=4439s
  iter=  6500  max_logden=8.593931  accepts=16  p_max=[6.01212812 1.00368893 0.72618928 8.84991204 0.39642795]  elapsed=4508s
  iter=  6600  max_logden=8.593931  accepts=16  p_max=[6.01212812 1.00368893 0.72618928 8.84991204 0.39642795]  elapsed=4577s
  iter=  6700  max_logden=8.593931  accepts=16  p_max=[6.01212812 1.00368893 0.72618928 8.84991204 0.39642795]  elapsed=4646s
  iter=  6800  max_logden=8.593931  accepts=16  p_max=[6.01212812 1.00368893 0.72618928 8.84991204 0.39642795]  elapsed=4716s
  iter=  6900  max_logden=8.605607  accepts=17  p_max=[6.0124339  1.00367805 0.72691343 8.84569115 0.39639999]  elapsed=4785s
  iter=  7000  max_logden=8.605607  accepts=17  p_max=[6.0124339  1.00367805 0.72691343 8.84569115 0.39639999]  elapsed=4854s
  iter=  7100  max_logden=8.605607  accepts=17  p_max=[6.0124339  1.00367805 0.72691343 8.84569115 0.39639999]  elapsed=4924s
  iter=  7200  max_logden=8.628540  accepts=18  p_max=[6.01326363 1.00395475 0.72867012 8.83550488 0.39614358]  elapsed=4993s
  iter=  7300  max_logden=8.628540  accepts=18  p_max=[6.01326363 1.00395475 0.72867012 8.83550488 0.39614358]  elapsed=5062s
  iter=  7400  max_logden=8.628540  accepts=18  p_max=[6.01326363 1.00395475 0.72867012 8.83550488 0.39614358]  elapsed=5132s
  iter=  7500  max_logden=8.646533  accepts=19  p_max=[6.01349529 1.00401685 0.72917502 8.83261407 0.39608052]  elapsed=5201s
  iter=  7600  max_logden=8.646533  accepts=19  p_max=[6.01349529 1.00401685 0.72917502 8.83261407 0.39608052]  elapsed=5270s
  iter=  7700  max_logden=8.704134  accepts=20  p_max=[6.01328107 1.00392307 0.72868937 8.83525679 0.39616186]  elapsed=5340s
  iter=  7800  max_logden=8.864645  accepts=21  p_max=[6.01297529 1.00373825 0.72811909 8.83860263 0.39631217]  elapsed=5409s
  iter=  7900  max_logden=8.864645  accepts=21  p_max=[6.01297529 1.00373825 0.72811909 8.83860263 0.39631217]  elapsed=5478s
  iter=  8000  max_logden=8.864645  accepts=21  p_max=[6.01297529 1.00373825 0.72811909 8.83860263 0.39631217]  elapsed=5548s
  iter=  8100  max_logden=8.864645  accepts=21  p_max=[6.01297529 1.00373825 0.72811909 8.83860263 0.39631217]  elapsed=5617s
  iter=  8200  max_logden=8.864645  accepts=21  p_max=[6.01297529 1.00373825 0.72811909 8.83860263 0.39631217]  elapsed=5686s
  iter=  8300  max_logden=8.864645  accepts=21  p_max=[6.01297529 1.00373825 0.72811909 8.83860263 0.39631217]  elapsed=5756s
  iter=  8400  max_logden=8.864645  accepts=21  p_max=[6.01297529 1.00373825 0.72811909 8.83860263 0.39631217]  elapsed=5825s
  iter=  8500  max_logden=8.864645  accepts=21  p_max=[6.01297529 1.00373825 0.72811909 8.83860263 0.39631217]  elapsed=5894s
  iter=  8600  max_logden=8.864645  accepts=21  p_max=[6.01297529 1.00373825 0.72811909 8.83860263 0.39631217]  elapsed=5963s
  iter=  8700  max_logden=8.864645  accepts=21  p_max=[6.01297529 1.00373825 0.72811909 8.83860263 0.39631217]  elapsed=6033s
  iter=  8800  max_logden=8.864645  accepts=21  p_max=[6.01297529 1.00373825 0.72811909 8.83860263 0.39631217]  elapsed=6102s
  iter=  8900  max_logden=8.864645  accepts=21  p_max=[6.01297529 1.00373825 0.72811909 8.83860263 0.39631217]  elapsed=6171s
  iter=  9000  max_logden=8.864645  accepts=21  p_max=[6.01297529 1.00373825 0.72811909 8.83860263 0.39631217]  elapsed=6240s
  iter=  9100  max_logden=8.864645  accepts=21  p_max=[6.01297529 1.00373825 0.72811909 8.83860263 0.39631217]  elapsed=6310s
  iter=  9200  max_logden=8.864645  accepts=21  p_max=[6.01297529 1.00373825 0.72811909 8.83860263 0.39631217]  elapsed=6379s
  iter=  9300  max_logden=8.864645  accepts=21  p_max=[6.01297529 1.00373825 0.72811909 8.83860263 0.39631217]  elapsed=6448s
  iter=  9400  max_logden=8.864645  accepts=21  p_max=[6.01297529 1.00373825 0.72811909 8.83860263 0.39631217]  elapsed=6518s
  iter=  9500  max_logden=8.864645  accepts=21  p_max=[6.01297529 1.00373825 0.72811909 8.83860263 0.39631217]  elapsed=6587s
  iter=  9600  max_logden=8.864645  accepts=21  p_max=[6.01297529 1.00373825 0.72811909 8.83860263 0.39631217]  elapsed=6656s
  iter=  9700  max_logden=8.864645  accepts=21  p_max=[6.01297529 1.00373825 0.72811909 8.83860263 0.39631217]  elapsed=6726s
  iter=  9800  max_logden=8.864645  accepts=21  p_max=[6.01297529 1.00373825 0.72811909 8.83860263 0.39631217]  elapsed=6795s
  iter=  9900  max_logden=8.864645  accepts=21  p_max=[6.01297529 1.00373825 0.72811909 8.83860263 0.39631217]  elapsed=6864s
  iter= 10000  max_logden=8.864645  accepts=21  p_max=[6.01297529 1.00373825 0.72811909 8.83860263 0.39631217]  elapsed=6934s

Done. 10000 iters in 6934s (1.4/s)
Total accepts: 21
Final max logden: 8.864645
Final p_max: [6.01297529 1.00373825 0.72811909 8.83860263 0.39631217]
Saved to /nfs/home/svu/e1498138/localgit/FEWNEW/work/search/greedy_timeonly_results.pkl
Job completed at Mon Apr 20 12:05:40 PM +08 2026
