Traceback (most recent call last):
  File "/nfs/home/svu/e1498138/emri_search/work/search/greedy_pure_parallel.py", line 76, in <module>
    loglike_obj = loglike_pure.LogLikePure(
  File "/nfs/home/svu/e1498138/emri_search/work/loglike_pure.py", line 97, in __init__
    self.selected_modes, self.selected_labels = mode_selector.select_modes(
  File "/nfs/home/svu/e1498138/emri_search/work/modeselectoralt.py", line 277, in select_modes
    mode_indices = self.gwf.xp.where(mask)[0]
  File "/nfs/home/svu/e1498138/emri_search_uv/.venv/lib64/python3.9/site-packages/cupy/_sorting/search.py", line 207, in where
    return nonzero(condition)  # may synchronize
  File "/nfs/home/svu/e1498138/emri_search_uv/.venv/lib64/python3.9/site-packages/cupy/_sorting/search.py", line 139, in nonzero
    _util.check_array(a, arg_name='a')
  File "cupy/_util.pyx", line 196, in cupy._util.check_array
TypeError: 'a' must be a cupy.ndarray object, not <class 'numpy.ndarray'>.
Traceback (most recent call last):
  File "/nfs/home/svu/e1498138/emri_search/work/search/greedy_pure_parallel.py", line 76, in <module>
    loglike_obj = loglike_pure.LogLikePure(
  File "/nfs/home/svu/e1498138/emri_search/work/loglike_pure.py", line 97, in __init__
    self.selected_modes, self.selected_labels = mode_selector.select_modes(
  File "/nfs/home/svu/e1498138/emri_search/work/modeselectoralt.py", line 277, in select_modes
    mode_indices = self.gwf.xp.where(mask)[0]
  File "/nfs/home/svu/e1498138/emri_search_uv/.venv/lib64/python3.9/site-packages/cupy/_sorting/search.py", line 207, in where
    return nonzero(condition)  # may synchronize
  File "/nfs/home/svu/e1498138/emri_search_uv/.venv/lib64/python3.9/site-packages/cupy/_sorting/search.py", line 139, in nonzero
    _util.check_array(a, arg_name='a')
  File "cupy/_util.pyx", line 196, in cupy._util.check_array
TypeError: 'a' must be a cupy.ndarray object, not <class 'numpy.ndarray'>.
Traceback (most recent call last):
  File "/nfs/home/svu/e1498138/emri_search/work/search/greedy_pure_parallel.py", line 118, in <module>
    logden_max = eval_loglike(p_max)
  File "/nfs/home/svu/e1498138/emri_search/work/search/greedy_pure_parallel.py", line 108, in eval_loglike
    return loglike_obj(np.array([
  File "/nfs/home/svu/e1498138/emri_search/work/loglike_pure_hopper.py", line 174, in __call__
    waveform_combined = self._generate_selected_waveforms(theta_template, self.flattened_modes)
  File "/nfs/home/svu/e1498138/emri_search/work/loglike_pure_hopper.py", line 146, in _generate_selected_waveforms
    waveforms_stacked = self.gwf.xp.stack(waveforms_per_group, axis=1)
  File "/nfs/home/svu/e1498138/emri_search_uv/.venv/lib64/python3.9/site-packages/cupy/_manipulation/join.py", line 151, in stack
    return concatenate([cupy.expand_dims(x, axis) for x in tup], axis, out,
  File "/nfs/home/svu/e1498138/emri_search_uv/.venv/lib64/python3.9/site-packages/cupy/_manipulation/join.py", line 151, in <listcomp>
    return concatenate([cupy.expand_dims(x, axis) for x in tup], axis, out,
  File "/nfs/home/svu/e1498138/emri_search_uv/.venv/lib64/python3.9/site-packages/cupy/_manipulation/dims.py", line 148, in expand_dims
    return _manipulation._expand_dims(a, axis)
TypeError: Argument 'a' has incorrect type (expected cupy._core.core._ndarray_base, got numpy.ndarray)
Traceback (most recent call last):
  File "/nfs/home/svu/e1498138/emri_search/work/search/greedy_pure_parallel.py", line 118, in <module>
    logden_max = eval_loglike(p_max)
  File "/nfs/home/svu/e1498138/emri_search/work/search/greedy_pure_parallel.py", line 108, in eval_loglike
    return loglike_obj(np.array([
  File "/nfs/home/svu/e1498138/emri_search/work/loglike_pure_hopper.py", line 174, in __call__
    waveform_combined = self._generate_selected_waveforms(theta_template, self.flattened_modes)
  File "/nfs/home/svu/e1498138/emri_search/work/loglike_pure_hopper.py", line 146, in _generate_selected_waveforms
    waveforms_stacked = self.gwf.xp.stack(waveforms_per_group, axis=1)
  File "/nfs/home/svu/e1498138/emri_search_uv/.venv/lib64/python3.9/site-packages/cupy/_manipulation/join.py", line 151, in stack
    return concatenate([cupy.expand_dims(x, axis) for x in tup], axis, out,
  File "/nfs/home/svu/e1498138/emri_search_uv/.venv/lib64/python3.9/site-packages/cupy/_manipulation/join.py", line 151, in <listcomp>
    return concatenate([cupy.expand_dims(x, axis) for x in tup], axis, out,
  File "/nfs/home/svu/e1498138/emri_search_uv/.venv/lib64/python3.9/site-packages/cupy/_manipulation/dims.py", line 148, in expand_dims
    return _manipulation._expand_dims(a, axis)
TypeError: Argument 'a' has incorrect type (expected cupy._core.core._ndarray_base, got numpy.ndarray)
Traceback (most recent call last):
  File "/nfs/home/svu/e1498138/emri_search/work/search/greedy_pure_parallel.py", line 64, in <module>
    gwf = GWfuncs.GravWaveAnalysis(T, dt)
  File "/nfs/home/svu/e1498138/emri_search/work/GWfuncs.py", line 62, in __init__
    self.fft_freqs = self.xp.fft.fftfreq(self.N, dt)
  File "/nfs/home/svu/e1498138/emri_search_uv/.venv/lib64/python3.9/site-packages/cupy/fft/_fft.py", line 1065, in fftfreq
    return cupy.hstack((cupy.arange(0, (n - 1) // 2 + 1, dtype=np.float64),
  File "/nfs/home/svu/e1498138/emri_search_uv/.venv/lib64/python3.9/site-packages/cupy/_creation/ranges.py", line 58, in arange
    ret = cupy.empty((size,), dtype=dtype)
  File "/nfs/home/svu/e1498138/emri_search_uv/.venv/lib64/python3.9/site-packages/cupy/_creation/basic.py", line 32, in empty
    return cupy.ndarray(shape, dtype, order=order)
  File "cupy/_core/core.pyx", line 167, in cupy._core.core.ndarray.__new__
  File "cupy/_core/core.pyx", line 254, in cupy._core.core._ndarray_base._init
  File "cupy/cuda/memory.pyx", line 875, in cupy.cuda.memory.alloc
  File "cupy/cuda/memory.pyx", line 1579, in cupy.cuda.memory.MemoryPool.malloc
  File "cupy/cuda/memory.pyx", line 1599, in cupy.cuda.memory.MemoryPool.malloc
  File "cupy/cuda/device.pyx", line 40, in cupy.cuda.device.get_device_id
  File "cupy_backends/cuda/api/runtime.pyx", line 202, in cupy_backends.cuda.api.runtime.getDevice
  File "cupy_backends/cuda/api/runtime.pyx", line 146, in cupy_backends.cuda.api.runtime.check_status
cupy_backends.cuda.api.runtime.CUDARuntimeError: cudaErrorNoDevice: no CUDA-capable device is detected
=>> PBS: job killed: walltime 86502 exceeded limit 86400
