dt=10s, T=1.0yr
Initializing waveform generators...
Initializing loglike_pure...
<class 'numpy.ndarray'> <class 'numpy.ndarray'> <class 'numpy.ndarray'>
<class 'numpy.ndarray'> <class 'numpy.ndarray'> <class 'numpy.ndarray'>
<class 'numpy.ndarray'> <class 'numpy.ndarray'> <class 'numpy.ndarray'>
<class 'numpy.ndarray'> <class 'numpy.ndarray'> <class 'numpy.ndarray'>
<class 'numpy.ndarray'> <class 'numpy.ndarray'> <class 'numpy.ndarray'>
<class 'numpy.ndarray'> <class 'numpy.ndarray'> <class 'numpy.ndarray'>
<class 'numpy.ndarray'> <class 'numpy.ndarray'> <class 'numpy.ndarray'>
SNR: 14.0813
Loading precomputed LHS from /nfs/home/svu/e1498138/emri_search/work/search/precomputed_lhs_paris3_1yr_1e+05.pkl...
Loading seed-08 from /nfs/home/svu/e1498138/emri_search/work/search/greedy_timeonly_results/seed08.pkl...
Job completed at Tue Apr 21 04:56:28 PM +08 2026
dt=10s, T=1.0yr
Initializing waveform generators...
Initializing loglike_pure...
SNR: 14.0813
Loading precomputed LHS from /nfs/home/svu/e1498138/emri_search/work/search/precomputed_lhs_paris3_1yr_1e+05.pkl...
Loading seed-08 from /nfs/home/svu/e1498138/emri_search/work/search/greedy_timeonly_results/seed08.pkl...
Seed-08 start: [6.0016596  1.00055986 0.70356258 8.97958344 0.39946742]  logden=13.7147
cov_prop (diag): [0.00092971 0.00052197 0.00191881 0.01102793 0.00039019]
Starting logden (from seed-08): 13.7147

Running greedy hill-climb for 10000 iterations...

Done. 10000 iters in 68657s (0.1/s)
Total accepts: 0
Final max logden: 13.714690
Final p_max: [6.0016596  1.00055986 0.70356258 8.97958344 0.39946742]
Saved to /nfs/home/svu/e1498138/emri_search/work/search/greedy_pure_results.pkl
Job completed at Wed Apr 22 12:06:07 PM +08 2026
