Using dt=10s, T=0.25yr, TDI gen=1
Building ResponseWrapper...
Building GravWaveAnalysis...
Initializing LogLike...
LogLike initialized.
SNR (time-max): 1539.1741
Setting up log_density and prior functions...
Done setting up log-likelihood and prior.
Setting up ParisMC sampler...
Done setting up ParisMC sampler.
Setting up initial covariance matrix...
Done setting up initial covariance matrix.
Initializing sampler...
Done initializing sampler.
Starting point (phys): [6.20195789, 0.9089965, 0.47669638, 10.82748525, 0.34877658]
Starting log_density (S=3): [12.02489687]
Running sampling...
S=3 improved -> 5.69372 at iter 2
S=3 improved -> 9.10612 at iter 6
S=3 improved -> 9.56266 at iter 508

Early stopping at iter 10507: max_ld remained stable for 10000 iterations.
Done running sampling.
Job completed at Mon May 18 10:19:33 AM +08 2026
