Using dt=10s, T=0.25yr, TDI gen=2
Building ResponseWrapper...
Building GravWaveAnalysis...
Initializing LogLike...
LogLike initialized.
SNR (time-max): 1607.1389
Setting up ParisMC...
Preparing LHS samples...
Done preparing LHS samples.
Running sampling...
Done.
Job completed at Thu May  7 06:55:57 PM +08 2026
Using dt=10s, T=0.25yr, TDI gen=1
Building ResponseWrapper...
Building GravWaveAnalysis...
Initializing LogLike...
LogLike initialized.
SNR (time-max): 1539.1507
Setting up ParisMC...
Preparing LHS samples...
Done preparing LHS samples.
Running sampling...
Done.
Job completed at Sun May 10 05:22:43 PM +08 2026
Using dt=10s, T=0.25yr, TDI gen=1
Building ResponseWrapper...
Building GravWaveAnalysis...
Initializing LogLike...
LogLike initialized.
SNR (time-max): 1539.3931
Setting up ParisMC...
Preparing LHS samples...
Done preparing LHS samples.
Running sampling...
Using dt=10s, T=0.25yr, TDI gen=1
Building ResponseWrapper...
Building GravWaveAnalysis...
Initializing LogLike...
LogLike initialized.
SNR (time-max): 1539.1741
Setting up ParisMC...
Preparing LHS samples...
Done preparing LHS samples.
Running sampling...
Done.
Job completed at Mon May 11 01:16:33 AM +08 2026
Using dt=10s, T=0.25yr, TDI gen=1
Building ResponseWrapper...
Building GravWaveAnalysis...
Initializing LogLike...
LogLike initialized.
SNR (time-max): 1539.1741
Setting up ParisMC...
Preparing LHS samples...
Done preparing LHS samples.
Running sampling...
Done.
Job completed at Mon May 11 01:00:59 PM +08 2026
