Using dt = 10 seconds, T = 0.25 years
Creating GenerateEMRIWaveform class...
Done initializing waveform generator.
Creating GravWaveAnalysis class...
Initializing loglike class...
Done initializing loglike class.
SNR: 5.942134448355127
Loading paris2_1 sampler to get ellipse center and covariance...
stage 2 maxld: 590.5817
stage 2 maxld point:    [6.01487994 1.00500901 0.73205648 8.81696887 0.39543265]
stage 2 posterior 1-sigma (diag): [0.00929708 0.00521965 0.01918811 0.11027935 0.00390186]
Mahalanobis distance (maxld_pt -> true point): 2.689σ
WARNING: true point is OUTSIDE the 2σ ellipse!
Ellipse prior (2σ) bounds:
  logm1: [5.99629, 6.03347]  (mu=6.01488)
  logm2: [0.99457, 1.01545]  (mu=1.00501)
  a: [0.69368, 0.77043]  (mu=0.73206)
  p0: [8.59641, 9.03753]  (mu=8.81697)
  e0: [0.38763, 0.40324]  (mu=0.39543)
Testing log_density at maxld center...
  logden at mu_center: [1.49499066]
Init cov (unit-cube space) diagonal: [0.0625 0.0625 0.0625 0.0625 0.0625]
Starting point (phys): [6.01487994 1.00500901 0.73205648 8.81696887 0.39543265]
Starting point (unit): [0.5 0.5 0.5 0.5 0.5]
Starting log_density:  [1.49499066]
Running paris3 sampling...
Using dt = 10 seconds, T = 0.25 years
Creating GenerateEMRIWaveform class...
Done initializing waveform generator.
Creating GravWaveAnalysis class...
Initializing loglike class...
Done initializing loglike class.
SNR: 5.942134448355127
Loading paris2_1 sampler to get ellipse center and covariance...
stage 2 maxld: 590.5817
stage 2 maxld point:    [6.01487994 1.00500901 0.73205648 8.81696887 0.39543265]
stage 2 posterior 1-sigma (diag): [0.00929708 0.00521965 0.01918811 0.11027935 0.00390186]
Mahalanobis distance (maxld_pt -> true point): 2.689σ
OK: true point is inside the 3σ ellipse.
Ellipse prior (3σ) bounds:
  logm1: [5.98699, 6.04277]  (mu=6.01488)
  logm2: [0.98935, 1.02067]  (mu=1.00501)
  a: [0.67449, 0.78962]  (mu=0.73206)
  p0: [8.48613, 9.14781]  (mu=8.81697)
  e0: [0.38373, 0.40714]  (mu=0.39543)
Testing log_density at maxld center...
  logden at mu_center: [1.49499066]
Init cov (unit-cube space) diagonal: [0.02777778 0.02777778 0.02777778 0.02777778 0.02777778]
Starting point (phys): [6.01487994 1.00500901 0.73205648 8.81696887 0.39543265]
Starting point (unit): [0.5 0.5 0.5 0.5 0.5]
Starting log_density:  [1.49499066]
Running paris3 sampling...
[EARLY-STOP] loglike 5.907552 >= target 5.907163; future calls => -inf
Done.
Job completed at Tue Apr  7 05:31:35 PM +08 2026
