Using dt = 10 seconds, T = 0.25 years
Initializing waveform generator...
Creating GenerateEMRIWaveform class...
Done initializing waveform generator.
Creating GravWaveAnalysis class...
Initializing loglike class...
Done initializing loglike class.
Calculating SNR...
SNR calculated: 5.942134448355127
Setting up log_density and prior functions...
Done setting up log-likelihood and prior.
Setting up ParisMC sampler...
Done setting up ParisMC sampler.
Setting up initial covariance matrix...
Done setting up initial covariance matrix.
Initializing sampler...
Done initializing sampler.
Using external LHS samples at previous best fit point...
External LHS points: [[0.54127866 0.64523908 0.56906367 0.34914906 0.38973097]]
External LHS log densities: [86.61872509]
Running sampling...
Done running sampling.
Job completed at Sat Mar 28 11:33:31 PM +08 2026
