Using dt = 10 seconds, T = 1.0 years
Creating GenerateEMRIWaveform class...
Done initializing waveform generator.
Creating GravWaveAnalysis class...
Initializing loglike class...
Done initializing loglike class.
SNR: 14.0812757390131
Loading paris2_1 sampler to get ellipse center and covariance...
stage 2 maxld: 590.5817
stage 2 maxld point:    [6.01487994 1.00500901 0.73205648 8.81696887 0.39543265]
stage 2 posterior 1-sigma (diag): [0.00929708 0.00521965 0.01918811 0.11027935 0.00390186]
Ellipse prior (3σ) bounds:
  logm1: [5.98699, 6.04277]  (mu=6.01488)
  logm2: [0.98935, 1.02067]  (mu=1.00501)
  a: [0.67449, 0.78962]  (mu=0.73206)
  p0: [8.48613, 9.14781]  (mu=8.81697)
  e0: [0.38373, 0.40714]  (mu=0.39543)
Testing log_density at maxld center...
  logden at mu_center: [-0.01344905]
Init cov (unit-cube space) diagonal: [0.0001 0.0001 0.0001 0.0001 0.0001]
LHS points inside 3σ ellipse: 0 / 5000
Evaluating log_density on ellipse-filtered LHS points...
Running paris3 sampling...
Job completed at Thu Apr 16 11:34:02 AM +08 2026
Using dt = 10 seconds, T = 1.0 years
Creating GenerateEMRIWaveform class...
Done initializing waveform generator.
Creating GravWaveAnalysis class...
Initializing loglike class...
Done initializing loglike class.
SNR: 14.0812757390131
Loading paris2_1 sampler to get ellipse center and covariance...
stage 2 maxld: 590.5817
stage 2 maxld point:    [6.01487994 1.00500901 0.73205648 8.81696887 0.39543265]
stage 2 posterior 1-sigma (diag): [0.00929708 0.00521965 0.01918811 0.11027935 0.00390186]
Ellipse prior (3σ) bounds:
  logm1: [5.98699, 6.04277]  (mu=6.01488)
  logm2: [0.98935, 1.02067]  (mu=1.00501)
  a: [0.67449, 0.78962]  (mu=0.73206)
  p0: [8.48613, 9.14781]  (mu=8.81697)
  e0: [0.38373, 0.40714]  (mu=0.39543)
Testing log_density at maxld center...
  logden at mu_center: [-0.01344905]
Init cov (unit-cube space) diagonal: [0.0001 0.0001 0.0001 0.0001 0.0001]
LHS points inside 3σ ellipse: 0 / 1000000
Evaluating log_density on ellipse-filtered LHS points...
Running paris3 sampling...
Job completed at Thu Apr 16 11:54:43 AM +08 2026
Using dt = 10 seconds, T = 1.0 years
Creating GenerateEMRIWaveform class...
Done initializing waveform generator.
Creating GravWaveAnalysis class...
Initializing loglike class...
Done initializing loglike class.
SNR: 14.0812757390131
Loading paris2_1 sampler to get ellipse center and covariance...
stage 2 maxld: 590.5817
stage 2 maxld point:    [6.01487994 1.00500901 0.73205648 8.81696887 0.39543265]
stage 2 posterior 1-sigma (diag): [0.00929708 0.00521965 0.01918811 0.11027935 0.00390186]
Ellipse prior (3σ) bounds:
  logm1: [5.98699, 6.04277]  (mu=6.01488)
  logm2: [0.98935, 1.02067]  (mu=1.00501)
  a: [0.67449, 0.78962]  (mu=0.73206)
  p0: [8.48613, 9.14781]  (mu=8.81697)
  e0: [0.38373, 0.40714]  (mu=0.39543)
Testing log_density at maxld center...
  logden at mu_center: [-0.01344905]
Init cov (unit-cube space) diagonal: [0.0001 0.0001 0.0001 0.0001 0.0001]
LHS points inside 3σ ellipse: 787 / 5000
Evaluating log_density on ellipse LHS points...
Running paris3 sampling...
Done.
Job completed at Thu Apr 16 04:23:11 PM +08 2026
Using dt = 10 seconds, T = 1.0 years
Creating GenerateEMRIWaveform class...
Done initializing waveform generator.
Creating GravWaveAnalysis class...
Initializing loglike class...
Done initializing loglike class.
SNR: 14.0812757390131
Loading paris2_1 sampler to get ellipse center and covariance...
stage 2 maxld: 590.5817
stage 2 maxld point:    [6.01487994 1.00500901 0.73205648 8.81696887 0.39543265]
stage 2 posterior 1-sigma (diag): [0.00929708 0.00521965 0.01918811 0.11027935 0.00390186]
Ellipse prior (3σ) bounds:
  logm1: [5.98699, 6.04277]  (mu=6.01488)
  logm2: [0.98935, 1.02067]  (mu=1.00501)
  a: [0.67449, 0.78962]  (mu=0.73206)
  p0: [8.48613, 9.14781]  (mu=8.81697)
  e0: [0.38373, 0.40714]  (mu=0.39543)
Testing log_density at maxld center...
  logden at mu_center: [-0.01344905]
Init cov (unit-cube space) diagonal: [0.01 0.01 0.01 0.01 0.01]
LHS points inside 3σ ellipse: 798 / 5000
Evaluating log_density on ellipse LHS points...
Running paris3 sampling...
Done.
Job completed at Thu Apr 16 09:38:55 PM +08 2026
Using dt = 10 seconds, T = 1.0 years
Creating GenerateEMRIWaveform class...
Done initializing waveform generator.
Creating GravWaveAnalysis class...
Initializing loglike class...
Done initializing loglike class.
SNR: 14.0812757390131
Loading paris2_1 sampler to get ellipse center and covariance...
stage 2 maxld: 590.5817
stage 2 maxld point:    [6.01487994 1.00500901 0.73205648 8.81696887 0.39543265]
stage 2 posterior 1-sigma (diag): [0.00929708 0.00521965 0.01918811 0.11027935 0.00390186]
Ellipse prior (3σ) bounds:
  logm1: [5.98699, 6.04277]  (mu=6.01488)
  logm2: [0.98935, 1.02067]  (mu=1.00501)
  a: [0.67449, 0.78962]  (mu=0.73206)
  p0: [8.48613, 9.14781]  (mu=8.81697)
  e0: [0.38373, 0.40714]  (mu=0.39543)
Testing log_density at maxld center...
  logden at mu_center: [-0.01344905]
Init cov (unit-cube space) diagonal: [0.01 0.01 0.01 0.01 0.01]
LHS points inside 3σ ellipse: 796 / 5000
Evaluating log_density on ellipse LHS points...
Running paris3 sampling...
Done.
Job completed at Fri Apr 17 01:11:33 AM +08 2026
Using dt = 10 seconds, T = 1.0 years
Creating GenerateEMRIWaveform class...
Done initializing waveform generator.
Creating GravWaveAnalysis class...
Initializing loglike class...
Done initializing loglike class.
SNR: 14.0812757390131
Loading paris2_1 sampler to get ellipse center and covariance...
stage 2 maxld: 590.5817
stage 2 maxld point:    [6.01487994 1.00500901 0.73205648 8.81696887 0.39543265]
stage 2 posterior 1-sigma (diag): [0.00929708 0.00521965 0.01918811 0.11027935 0.00390186]
Ellipse prior (3σ) bounds:
  logm1: [5.98699, 6.04277]  (mu=6.01488)
  logm2: [0.98935, 1.02067]  (mu=1.00501)
  a: [0.67449, 0.78962]  (mu=0.73206)
  p0: [8.48613, 9.14781]  (mu=8.81697)
  e0: [0.38373, 0.40714]  (mu=0.39543)
Testing log_density at maxld center...
  logden at mu_center: [-0.01344905]
Init cov (unit-cube space) diagonal: [0.01 0.01 0.01 0.01 0.01]
LHS points inside 3σ ellipse: 164608 / 1000000
Evaluating log_density on ellipse LHS points...
Using dt = 10 seconds, T = 1.0 years
Creating GenerateEMRIWaveform class...
Done initializing waveform generator.
Creating GravWaveAnalysis class...
Initializing loglike class...
Done initializing loglike class.
SNR: 14.0812757390131
Done setting up log-likelihood and prior.
Setting up ParisMC sampler...
Done setting up ParisMC sampler.
Setting up initial covariance matrix...
Done setting up initial covariance matrix.
Initializing sampler...
Done initializing sampler.
Evaluating log_density on ellipse LHS points...
Running paris3 sampling...
Done.
Job completed at Fri Apr 17 06:23:17 PM +08 2026
Using dt = 10 seconds, T = 1.0 years
Creating GenerateEMRIWaveform class...
Done initializing waveform generator.
Creating GravWaveAnalysis class...
Initializing loglike class...
Done initializing loglike class.
SNR: 14.0812757390131
Done setting up log-likelihood and prior.
Setting up ParisMC sampler...
Done setting up ParisMC sampler.
Setting up initial covariance matrix...
Done setting up initial covariance matrix.
Initializing sampler...
Done initializing sampler.
Evaluating log_density on ellipse LHS points...
Running paris3 sampling...
