dt=10s  T=0.25yr
Building waveform generators...
Initializing loglike...
SNR = 5.942134448355127
Evaluating 100000 remaining samples in 1000 batches of 100  (checkpoint every 10 batches)
  [100/100000]  elapsed=34s  rate=3.0/s  eta=33711s  finite=100
  [200/100000]  elapsed=67s  rate=3.0/s  eta=33531s  finite=200
  [300/100000]  elapsed=100s  rate=3.0/s  eta=33219s  finite=300
  [400/100000]  elapsed=132s  rate=3.0/s  eta=32804s  finite=400
  [500/100000]  elapsed=164s  rate=3.0/s  eta=32624s  finite=500
  [600/100000]  elapsed=196s  rate=3.1/s  eta=32463s  finite=600
  [700/100000]  elapsed=226s  rate=3.1/s  eta=32107s  finite=700
  [800/100000]  elapsed=258s  rate=3.1/s  eta=31969s  finite=800
  [900/100000]  elapsed=290s  rate=3.1/s  eta=31926s  finite=900
  [1000/100000]  elapsed=322s  rate=3.1/s  eta=31838s  finite=1000
  -> checkpoint saved: /scratch/e1498138/lhs/lhs_snr32_checkpoints_1e5_2/lhs_snr32_ckpt_001000.pkl
  [1100/100000]  elapsed=352s  rate=3.1/s  eta=31679s  finite=1100
  [1200/100000]  elapsed=384s  rate=3.1/s  eta=31642s  finite=1200
  [1300/100000]  elapsed=416s  rate=3.1/s  eta=31592s  finite=1300
  [1400/100000]  elapsed=447s  rate=3.1/s  eta=31483s  finite=1400
  [1500/100000]  elapsed=479s  rate=3.1/s  eta=31432s  finite=1500
  [1600/100000]  elapsed=510s  rate=3.1/s  eta=31380s  finite=1600
  [1700/100000]  elapsed=541s  rate=3.1/s  eta=31256s  finite=1700
  [1800/100000]  elapsed=571s  rate=3.2/s  eta=31163s  finite=1800
  [1900/100000]  elapsed=604s  rate=3.1/s  eta=31169s  finite=1900
  [2000/100000]  elapsed=636s  rate=3.1/s  eta=31140s  finite=2000
  -> checkpoint saved: /scratch/e1498138/lhs/lhs_snr32_checkpoints_1e5_2/lhs_snr32_ckpt_002000.pkl
  [2100/100000]  elapsed=666s  rate=3.2/s  eta=31070s  finite=2100
  [2200/100000]  elapsed=698s  rate=3.2/s  eta=31044s  finite=2200
  [2300/100000]  elapsed=728s  rate=3.2/s  eta=30941s  finite=2300
  [2400/100000]  elapsed=760s  rate=3.2/s  eta=30890s  finite=2400
  [2500/100000]  elapsed=790s  rate=3.2/s  eta=30823s  finite=2500
  [2600/100000]  elapsed=822s  rate=3.2/s  eta=30794s  finite=2600
  [2700/100000]  elapsed=855s  rate=3.2/s  eta=30794s  finite=2700
  [2800/100000]  elapsed=885s  rate=3.2/s  eta=30728s  finite=2800
  [2900/100000]  elapsed=917s  rate=3.2/s  eta=30720s  finite=2900
  [3000/100000]  elapsed=949s  rate=3.2/s  eta=30677s  finite=3000
  -> checkpoint saved: /scratch/e1498138/lhs/lhs_snr32_checkpoints_1e5_2/lhs_snr32_ckpt_003000.pkl
  [3100/100000]  elapsed=980s  rate=3.2/s  eta=30623s  finite=3100
  [3200/100000]  elapsed=1012s  rate=3.2/s  eta=30600s  finite=3200
  [3300/100000]  elapsed=1042s  rate=3.2/s  eta=30546s  finite=3300
  [3400/100000]  elapsed=1073s  rate=3.2/s  eta=30478s  finite=3400
  [3500/100000]  elapsed=1104s  rate=3.2/s  eta=30440s  finite=3500
  [3600/100000]  elapsed=1135s  rate=3.2/s  eta=30388s  finite=3600
  [3700/100000]  elapsed=1167s  rate=3.2/s  eta=30377s  finite=3700
  [3800/100000]  elapsed=1199s  rate=3.2/s  eta=30343s  finite=3800
  [3900/100000]  elapsed=1229s  rate=3.2/s  eta=30292s  finite=3900
  [4000/100000]  elapsed=1261s  rate=3.2/s  eta=30264s  finite=4000
  -> checkpoint saved: /scratch/e1498138/lhs/lhs_snr32_checkpoints_1e5_2/lhs_snr32_ckpt_004000.pkl
  [4100/100000]  elapsed=1293s  rate=3.2/s  eta=30242s  finite=4100
  [4200/100000]  elapsed=1324s  rate=3.2/s  eta=30207s  finite=4200
  [4300/100000]  elapsed=1357s  rate=3.2/s  eta=30191s  finite=4300
  [4400/100000]  elapsed=1387s  rate=3.2/s  eta=30129s  finite=4400
  [4500/100000]  elapsed=1418s  rate=3.2/s  eta=30097s  finite=4500
  [4600/100000]  elapsed=1448s  rate=3.2/s  eta=30039s  finite=4600
  [4700/100000]  elapsed=1479s  rate=3.2/s  eta=29995s  finite=4700
  [4800/100000]  elapsed=1511s  rate=3.2/s  eta=29964s  finite=4800
  [4900/100000]  elapsed=1542s  rate=3.2/s  eta=29934s  finite=4900
  [5000/100000]  elapsed=1573s  rate=3.2/s  eta=29878s  finite=5000
  -> checkpoint saved: /scratch/e1498138/lhs/lhs_snr32_checkpoints_1e5_2/lhs_snr32_ckpt_005000.pkl
  [5100/100000]  elapsed=1604s  rate=3.2/s  eta=29838s  finite=5100
  [5200/100000]  elapsed=1634s  rate=3.2/s  eta=29790s  finite=5200
  [5300/100000]  elapsed=1666s  rate=3.2/s  eta=29772s  finite=5300
  [5400/100000]  elapsed=1699s  rate=3.2/s  eta=29755s  finite=5400
  [5500/100000]  elapsed=1731s  rate=3.2/s  eta=29734s  finite=5500
  [5600/100000]  elapsed=1762s  rate=3.2/s  eta=29701s  finite=5600
  [5700/100000]  elapsed=1794s  rate=3.2/s  eta=29684s  finite=5700
  [5800/100000]  elapsed=1826s  rate=3.2/s  eta=29655s  finite=5800
  [5900/100000]  elapsed=1859s  rate=3.2/s  eta=29651s  finite=5900
  [6000/100000]  elapsed=1890s  rate=3.2/s  eta=29609s  finite=6000
  -> checkpoint saved: /scratch/e1498138/lhs/lhs_snr32_checkpoints_1e5_2/lhs_snr32_ckpt_006000.pkl
  [6100/100000]  elapsed=1920s  rate=3.2/s  eta=29555s  finite=6100
  [6200/100000]  elapsed=1951s  rate=3.2/s  eta=29509s  finite=6200
  [6300/100000]  elapsed=1981s  rate=3.2/s  eta=29464s  finite=6300
  [6400/100000]  elapsed=2014s  rate=3.2/s  eta=29449s  finite=6400
  [6500/100000]  elapsed=2045s  rate=3.2/s  eta=29418s  finite=6500
  [6600/100000]  elapsed=2076s  rate=3.2/s  eta=29377s  finite=6600
  [6700/100000]  elapsed=2107s  rate=3.2/s  eta=29336s  finite=6700
  [6800/100000]  elapsed=2138s  rate=3.2/s  eta=29305s  finite=6800
  [6900/100000]  elapsed=2169s  rate=3.2/s  eta=29272s  finite=6900
  [7000/100000]  elapsed=2200s  rate=3.2/s  eta=29234s  finite=7000
  -> checkpoint saved: /scratch/e1498138/lhs/lhs_snr32_checkpoints_1e5_2/lhs_snr32_ckpt_007000.pkl
  [7100/100000]  elapsed=2232s  rate=3.2/s  eta=29209s  finite=7100
  [7200/100000]  elapsed=2263s  rate=3.2/s  eta=29169s  finite=7200
  [7300/100000]  elapsed=2294s  rate=3.2/s  eta=29126s  finite=7300
  [7400/100000]  elapsed=2324s  rate=3.2/s  eta=29083s  finite=7400
  [7500/100000]  elapsed=2356s  rate=3.2/s  eta=29052s  finite=7500
  [7600/100000]  elapsed=2388s  rate=3.2/s  eta=29029s  finite=7600
  [7700/100000]  elapsed=2418s  rate=3.2/s  eta=28986s  finite=7700
  [7800/100000]  elapsed=2450s  rate=3.2/s  eta=28957s  finite=7800
  [7900/100000]  elapsed=2481s  rate=3.2/s  eta=28922s  finite=7900
  [8000/100000]  elapsed=2513s  rate=3.2/s  eta=28895s  finite=8000
  -> checkpoint saved: /scratch/e1498138/lhs/lhs_snr32_checkpoints_1e5_2/lhs_snr32_ckpt_008000.pkl
  [8100/100000]  elapsed=2543s  rate=3.2/s  eta=28855s  finite=8100
  [8200/100000]  elapsed=2574s  rate=3.2/s  eta=28815s  finite=8200
  [8300/100000]  elapsed=2606s  rate=3.2/s  eta=28794s  finite=8300
  [8400/100000]  elapsed=2638s  rate=3.2/s  eta=28769s  finite=8400
  [8500/100000]  elapsed=2669s  rate=3.2/s  eta=28731s  finite=8500
  [8600/100000]  elapsed=2700s  rate=3.2/s  eta=28693s  finite=8600
  [8700/100000]  elapsed=2730s  rate=3.2/s  eta=28653s  finite=8700
  [8800/100000]  elapsed=2761s  rate=3.2/s  eta=28616s  finite=8800
  [8900/100000]  elapsed=2791s  rate=3.2/s  eta=28570s  finite=8900
  [9000/100000]  elapsed=2823s  rate=3.2/s  eta=28541s  finite=9000
  -> checkpoint saved: /scratch/e1498138/lhs/lhs_snr32_checkpoints_1e5_2/lhs_snr32_ckpt_009000.pkl
  [9100/100000]  elapsed=2854s  rate=3.2/s  eta=28510s  finite=9100
  [9200/100000]  elapsed=2884s  rate=3.2/s  eta=28468s  finite=9200
  [9300/100000]  elapsed=2917s  rate=3.2/s  eta=28446s  finite=9300
  [9400/100000]  elapsed=2949s  rate=3.2/s  eta=28420s  finite=9400
  [9500/100000]  elapsed=2981s  rate=3.2/s  eta=28397s  finite=9500
  [9600/100000]  elapsed=3012s  rate=3.2/s  eta=28367s  finite=9600
  [9700/100000]  elapsed=3044s  rate=3.2/s  eta=28337s  finite=9700
  [9800/100000]  elapsed=3074s  rate=3.2/s  eta=28297s  finite=9800
  [9900/100000]  elapsed=3106s  rate=3.2/s  eta=28266s  finite=9900
  [10000/100000]  elapsed=3136s  rate=3.2/s  eta=28225s  finite=10000
  -> checkpoint saved: /scratch/e1498138/lhs/lhs_snr32_checkpoints_1e5_2/lhs_snr32_ckpt_010000.pkl
  [10100/100000]  elapsed=3168s  rate=3.2/s  eta=28200s  finite=10100
  [10200/100000]  elapsed=3200s  rate=3.2/s  eta=28171s  finite=10200
  [10300/100000]  elapsed=3230s  rate=3.2/s  eta=28133s  finite=10300
  [10400/100000]  elapsed=3264s  rate=3.2/s  eta=28118s  finite=10400
  [10500/100000]  elapsed=3294s  rate=3.2/s  eta=28079s  finite=10500
  [10600/100000]  elapsed=3325s  rate=3.2/s  eta=28041s  finite=10600
  [10700/100000]  elapsed=3356s  rate=3.2/s  eta=28012s  finite=10700
  [10800/100000]  elapsed=3388s  rate=3.2/s  eta=27979s  finite=10800
  [10900/100000]  elapsed=3418s  rate=3.2/s  eta=27942s  finite=10900
  [11000/100000]  elapsed=3449s  rate=3.2/s  eta=27905s  finite=11000
  -> checkpoint saved: /scratch/e1498138/lhs/lhs_snr32_checkpoints_1e5_2/lhs_snr32_ckpt_011000.pkl
  [11100/100000]  elapsed=3480s  rate=3.2/s  eta=27875s  finite=11100
  [11200/100000]  elapsed=3512s  rate=3.2/s  eta=27841s  finite=11200
  [11300/100000]  elapsed=3542s  rate=3.2/s  eta=27801s  finite=11300
  [11400/100000]  elapsed=3574s  rate=3.2/s  eta=27774s  finite=11400
  [11500/100000]  elapsed=3605s  rate=3.2/s  eta=27745s  finite=11500
  [11600/100000]  elapsed=3637s  rate=3.2/s  eta=27714s  finite=11600
  [11700/100000]  elapsed=3667s  rate=3.2/s  eta=27676s  finite=11700
  [11800/100000]  elapsed=3699s  rate=3.2/s  eta=27648s  finite=11800
  [11900/100000]  elapsed=3730s  rate=3.2/s  eta=27618s  finite=11900
  [12000/100000]  elapsed=3761s  rate=3.2/s  eta=27578s  finite=12000
  -> checkpoint saved: /scratch/e1498138/lhs/lhs_snr32_checkpoints_1e5_2/lhs_snr32_ckpt_012000.pkl
  [12100/100000]  elapsed=3791s  rate=3.2/s  eta=27539s  finite=12100
  [12200/100000]  elapsed=3822s  rate=3.2/s  eta=27506s  finite=12200
  [12300/100000]  elapsed=3853s  rate=3.2/s  eta=27475s  finite=12300
  [12400/100000]  elapsed=3885s  rate=3.2/s  eta=27442s  finite=12400
  [12500/100000]  elapsed=3916s  rate=3.2/s  eta=27412s  finite=12500
  [12600/100000]  elapsed=3947s  rate=3.2/s  eta=27378s  finite=12600
  [12700/100000]  elapsed=3980s  rate=3.2/s  eta=27359s  finite=12700
  [12800/100000]  elapsed=4011s  rate=3.2/s  eta=27328s  finite=12800
  [12900/100000]  elapsed=4042s  rate=3.2/s  eta=27294s  finite=12900
  [13000/100000]  elapsed=4074s  rate=3.2/s  eta=27265s  finite=13000
  -> checkpoint saved: /scratch/e1498138/lhs/lhs_snr32_checkpoints_1e5_2/lhs_snr32_ckpt_013000.pkl
  [13100/100000]  elapsed=4105s  rate=3.2/s  eta=27233s  finite=13100
  [13200/100000]  elapsed=4136s  rate=3.2/s  eta=27199s  finite=13200
  [13300/100000]  elapsed=4168s  rate=3.2/s  eta=27167s  finite=13300
  [13400/100000]  elapsed=4200s  rate=3.2/s  eta=27145s  finite=13400
  [13500/100000]  elapsed=4232s  rate=3.2/s  eta=27117s  finite=13500
  [13600/100000]  elapsed=4262s  rate=3.2/s  eta=27079s  finite=13600
  [13700/100000]  elapsed=4294s  rate=3.2/s  eta=27048s  finite=13700
  [13800/100000]  elapsed=4325s  rate=3.2/s  eta=27016s  finite=13800
  [13900/100000]  elapsed=4357s  rate=3.2/s  eta=26989s  finite=13900
  [14000/100000]  elapsed=4388s  rate=3.2/s  eta=26958s  finite=14000
  -> checkpoint saved: /scratch/e1498138/lhs/lhs_snr32_checkpoints_1e5_2/lhs_snr32_ckpt_014000.pkl
  [14100/100000]  elapsed=4419s  rate=3.2/s  eta=26923s  finite=14100
  [14200/100000]  elapsed=4451s  rate=3.2/s  eta=26893s  finite=14200
  [14300/100000]  elapsed=4481s  rate=3.2/s  eta=26856s  finite=14300
  [14400/100000]  elapsed=4512s  rate=3.2/s  eta=26820s  finite=14400
  [14500/100000]  elapsed=4543s  rate=3.2/s  eta=26788s  finite=14500
  [14600/100000]  elapsed=4574s  rate=3.2/s  eta=26755s  finite=14600
  [14700/100000]  elapsed=4605s  rate=3.2/s  eta=26721s  finite=14700
  [14800/100000]  elapsed=4636s  rate=3.2/s  eta=26689s  finite=14800
  [14900/100000]  elapsed=4668s  rate=3.2/s  eta=26659s  finite=14900
  [15000/100000]  elapsed=4698s  rate=3.2/s  eta=26622s  finite=15000
  -> checkpoint saved: /scratch/e1498138/lhs/lhs_snr32_checkpoints_1e5_2/lhs_snr32_ckpt_015000.pkl
  [15100/100000]  elapsed=4729s  rate=3.2/s  eta=26588s  finite=15100
  [15200/100000]  elapsed=4759s  rate=3.2/s  eta=26553s  finite=15200
  [15300/100000]  elapsed=4791s  rate=3.2/s  eta=26524s  finite=15300
  [15400/100000]  elapsed=4821s  rate=3.2/s  eta=26485s  finite=15400
  [15500/100000]  elapsed=4852s  rate=3.2/s  eta=26449s  finite=15500
  [15600/100000]  elapsed=4883s  rate=3.2/s  eta=26420s  finite=15600
  [15700/100000]  elapsed=4914s  rate=3.2/s  eta=26383s  finite=15700
  [15800/100000]  elapsed=4946s  rate=3.2/s  eta=26356s  finite=15800
  [15900/100000]  elapsed=4977s  rate=3.2/s  eta=26325s  finite=15900
  [16000/100000]  elapsed=5008s  rate=3.2/s  eta=26294s  finite=16000
  -> checkpoint saved: /scratch/e1498138/lhs/lhs_snr32_checkpoints_1e5_2/lhs_snr32_ckpt_016000.pkl
  [16100/100000]  elapsed=5039s  rate=3.2/s  eta=26258s  finite=16100
  [16200/100000]  elapsed=5070s  rate=3.2/s  eta=26228s  finite=16200
  [16300/100000]  elapsed=5102s  rate=3.2/s  eta=26200s  finite=16300
  [16400/100000]  elapsed=5135s  rate=3.2/s  eta=26174s  finite=16400
  [16500/100000]  elapsed=5167s  rate=3.2/s  eta=26147s  finite=16500
  [16600/100000]  elapsed=5198s  rate=3.2/s  eta=26113s  finite=16600
  [16700/100000]  elapsed=5227s  rate=3.2/s  eta=26075s  finite=16700
  [16800/100000]  elapsed=5258s  rate=3.2/s  eta=26041s  finite=16800
  [16900/100000]  elapsed=5290s  rate=3.2/s  eta=26010s  finite=16900
  [17000/100000]  elapsed=5320s  rate=3.2/s  eta=25976s  finite=17000
  -> checkpoint saved: /scratch/e1498138/lhs/lhs_snr32_checkpoints_1e5_2/lhs_snr32_ckpt_017000.pkl
  [17100/100000]  elapsed=5351s  rate=3.2/s  eta=25940s  finite=17100
  [17200/100000]  elapsed=5383s  rate=3.2/s  eta=25912s  finite=17200
  [17300/100000]  elapsed=5414s  rate=3.2/s  eta=25881s  finite=17300
  [17400/100000]  elapsed=5445s  rate=3.2/s  eta=25846s  finite=17400
  [17500/100000]  elapsed=5476s  rate=3.2/s  eta=25813s  finite=17500
  [17600/100000]  elapsed=5507s  rate=3.2/s  eta=25781s  finite=17600
  [17700/100000]  elapsed=5538s  rate=3.2/s  eta=25748s  finite=17700
  [17800/100000]  elapsed=5569s  rate=3.2/s  eta=25718s  finite=17800
  [17900/100000]  elapsed=5600s  rate=3.2/s  eta=25685s  finite=17900
  [18000/100000]  elapsed=5630s  rate=3.2/s  eta=25649s  finite=18000
  -> checkpoint saved: /scratch/e1498138/lhs/lhs_snr32_checkpoints_1e5_2/lhs_snr32_ckpt_018000.pkl
  [18100/100000]  elapsed=5661s  rate=3.2/s  eta=25615s  finite=18100
  [18200/100000]  elapsed=5693s  rate=3.2/s  eta=25586s  finite=18200
  [18300/100000]  elapsed=5725s  rate=3.2/s  eta=25560s  finite=18300
  [18400/100000]  elapsed=5756s  rate=3.2/s  eta=25528s  finite=18400
  [18500/100000]  elapsed=5788s  rate=3.2/s  eta=25498s  finite=18500
  [18600/100000]  elapsed=5818s  rate=3.2/s  eta=25463s  finite=18600
  [18700/100000]  elapsed=5848s  rate=3.2/s  eta=25425s  finite=18700
  [18800/100000]  elapsed=5878s  rate=3.2/s  eta=25389s  finite=18800
  [18900/100000]  elapsed=5909s  rate=3.2/s  eta=25356s  finite=18900
  [19000/100000]  elapsed=5939s  rate=3.2/s  eta=25321s  finite=19000
  -> checkpoint saved: /scratch/e1498138/lhs/lhs_snr32_checkpoints_1e5_2/lhs_snr32_ckpt_019000.pkl
  [19100/100000]  elapsed=5970s  rate=3.2/s  eta=25288s  finite=19100
  [19200/100000]  elapsed=6002s  rate=3.2/s  eta=25259s  finite=19200
  [19300/100000]  elapsed=6034s  rate=3.2/s  eta=25230s  finite=19300
  [19400/100000]  elapsed=6065s  rate=3.2/s  eta=25199s  finite=19400
  [19500/100000]  elapsed=6097s  rate=3.2/s  eta=25170s  finite=19500
  [19600/100000]  elapsed=6128s  rate=3.2/s  eta=25139s  finite=19600
  [19700/100000]  elapsed=6161s  rate=3.2/s  eta=25114s  finite=19700
  [19800/100000]  elapsed=6193s  rate=3.2/s  eta=25086s  finite=19800
  [19900/100000]  elapsed=6225s  rate=3.2/s  eta=25056s  finite=19900
  [20000/100000]  elapsed=6255s  rate=3.2/s  eta=25021s  finite=20000
  -> checkpoint saved: /scratch/e1498138/lhs/lhs_snr32_checkpoints_1e5_2/lhs_snr32_ckpt_020000.pkl
  [20100/100000]  elapsed=6287s  rate=3.2/s  eta=24990s  finite=20100
  [20200/100000]  elapsed=6317s  rate=3.2/s  eta=24956s  finite=20200
  [20300/100000]  elapsed=6348s  rate=3.2/s  eta=24924s  finite=20300
  [20400/100000]  elapsed=6380s  rate=3.2/s  eta=24896s  finite=20400
  [20500/100000]  elapsed=6411s  rate=3.2/s  eta=24862s  finite=20500
  [20600/100000]  elapsed=6441s  rate=3.2/s  eta=24827s  finite=20600
  [20700/100000]  elapsed=6471s  rate=3.2/s  eta=24792s  finite=20700
  [20800/100000]  elapsed=6503s  rate=3.2/s  eta=24760s  finite=20800
  [20900/100000]  elapsed=6533s  rate=3.2/s  eta=24726s  finite=20900
  [21000/100000]  elapsed=6566s  rate=3.2/s  eta=24699s  finite=21000
  -> checkpoint saved: /scratch/e1498138/lhs/lhs_snr32_checkpoints_1e5_2/lhs_snr32_ckpt_021000.pkl
  [21100/100000]  elapsed=6596s  rate=3.2/s  eta=24664s  finite=21100
  [21200/100000]  elapsed=6628s  rate=3.2/s  eta=24638s  finite=21200
  [21300/100000]  elapsed=6659s  rate=3.2/s  eta=24605s  finite=21300
  [21400/100000]  elapsed=6691s  rate=3.2/s  eta=24576s  finite=21400
  [21500/100000]  elapsed=6722s  rate=3.2/s  eta=24542s  finite=21500
  [21600/100000]  elapsed=6753s  rate=3.2/s  eta=24510s  finite=21600
  [21700/100000]  elapsed=6783s  rate=3.2/s  eta=24477s  finite=21700
  [21800/100000]  elapsed=6814s  rate=3.2/s  eta=24443s  finite=21800
  [21900/100000]  elapsed=6844s  rate=3.2/s  eta=24409s  finite=21900
  [22000/100000]  elapsed=6876s  rate=3.2/s  eta=24378s  finite=22000
  -> checkpoint saved: /scratch/e1498138/lhs/lhs_snr32_checkpoints_1e5_2/lhs_snr32_ckpt_022000.pkl
  [22100/100000]  elapsed=6907s  rate=3.2/s  eta=24348s  finite=22100
  [22200/100000]  elapsed=6939s  rate=3.2/s  eta=24316s  finite=22200
  [22300/100000]  elapsed=6970s  rate=3.2/s  eta=24284s  finite=22300
  [22400/100000]  elapsed=7001s  rate=3.2/s  eta=24255s  finite=22400
  [22500/100000]  elapsed=7032s  rate=3.2/s  eta=24220s  finite=22500
  [22600/100000]  elapsed=7063s  rate=3.2/s  eta=24191s  finite=22600
  [22700/100000]  elapsed=7095s  rate=3.2/s  eta=24159s  finite=22700
  [22800/100000]  elapsed=7125s  rate=3.2/s  eta=24126s  finite=22800
  [22900/100000]  elapsed=7156s  rate=3.2/s  eta=24092s  finite=22900
  [23000/100000]  elapsed=7187s  rate=3.2/s  eta=24061s  finite=23000
  -> checkpoint saved: /scratch/e1498138/lhs/lhs_snr32_checkpoints_1e5_2/lhs_snr32_ckpt_023000.pkl
  [23100/100000]  elapsed=7219s  rate=3.2/s  eta=24030s  finite=23100
  [23200/100000]  elapsed=7251s  rate=3.2/s  eta=24003s  finite=23200
  [23300/100000]  elapsed=7282s  rate=3.2/s  eta=23973s  finite=23300
  [23400/100000]  elapsed=7315s  rate=3.2/s  eta=23944s  finite=23400
  [23500/100000]  elapsed=7345s  rate=3.2/s  eta=23912s  finite=23500
  [23600/100000]  elapsed=7376s  rate=3.2/s  eta=23879s  finite=23600
  [23700/100000]  elapsed=7407s  rate=3.2/s  eta=23846s  finite=23700
  [23800/100000]  elapsed=7438s  rate=3.2/s  eta=23815s  finite=23800
  [23900/100000]  elapsed=7470s  rate=3.2/s  eta=23785s  finite=23900
  [24000/100000]  elapsed=7500s  rate=3.2/s  eta=23752s  finite=24000
  -> checkpoint saved: /scratch/e1498138/lhs/lhs_snr32_checkpoints_1e5_2/lhs_snr32_ckpt_024000.pkl
  [24100/100000]  elapsed=7531s  rate=3.2/s  eta=23718s  finite=24100
  [24200/100000]  elapsed=7563s  rate=3.2/s  eta=23689s  finite=24200
  [24300/100000]  elapsed=7594s  rate=3.2/s  eta=23657s  finite=24300
  [24400/100000]  elapsed=7625s  rate=3.2/s  eta=23624s  finite=24400
  [24500/100000]  elapsed=7655s  rate=3.2/s  eta=23590s  finite=24500
  [24600/100000]  elapsed=7687s  rate=3.2/s  eta=23562s  finite=24600
  [24700/100000]  elapsed=7720s  rate=3.2/s  eta=23534s  finite=24700
  [24800/100000]  elapsed=7752s  rate=3.2/s  eta=23506s  finite=24800
  [24900/100000]  elapsed=7783s  rate=3.2/s  eta=23473s  finite=24900
  [25000/100000]  elapsed=7813s  rate=3.2/s  eta=23440s  finite=25000
  -> checkpoint saved: /scratch/e1498138/lhs/lhs_snr32_checkpoints_1e5_2/lhs_snr32_ckpt_025000.pkl
  [25100/100000]  elapsed=7844s  rate=3.2/s  eta=23407s  finite=25100
  [25200/100000]  elapsed=7876s  rate=3.2/s  eta=23379s  finite=25200
  [25300/100000]  elapsed=7907s  rate=3.2/s  eta=23347s  finite=25300
  [25400/100000]  elapsed=7938s  rate=3.2/s  eta=23313s  finite=25400
  [25500/100000]  elapsed=7968s  rate=3.2/s  eta=23279s  finite=25500
  [25600/100000]  elapsed=7999s  rate=3.2/s  eta=23247s  finite=25600
  [25700/100000]  elapsed=8031s  rate=3.2/s  eta=23218s  finite=25700
  [25800/100000]  elapsed=8062s  rate=3.2/s  eta=23185s  finite=25800
  [25900/100000]  elapsed=8093s  rate=3.2/s  eta=23153s  finite=25900
  [26000/100000]  elapsed=8125s  rate=3.2/s  eta=23124s  finite=26000
  -> checkpoint saved: /scratch/e1498138/lhs/lhs_snr32_checkpoints_1e5_2/lhs_snr32_ckpt_026000.pkl
  [26100/100000]  elapsed=8156s  rate=3.2/s  eta=23092s  finite=26100
  [26200/100000]  elapsed=8187s  rate=3.2/s  eta=23060s  finite=26200
  [26300/100000]  elapsed=8217s  rate=3.2/s  eta=23025s  finite=26300
  [26400/100000]  elapsed=8247s  rate=3.2/s  eta=22992s  finite=26400
  [26500/100000]  elapsed=8278s  rate=3.2/s  eta=22959s  finite=26500
  [26600/100000]  elapsed=8309s  rate=3.2/s  eta=22928s  finite=26600
  [26700/100000]  elapsed=8340s  rate=3.2/s  eta=22895s  finite=26700
  [26800/100000]  elapsed=8370s  rate=3.2/s  eta=22863s  finite=26800
  [26900/100000]  elapsed=8401s  rate=3.2/s  eta=22829s  finite=26900
  [27000/100000]  elapsed=8431s  rate=3.2/s  eta=22795s  finite=27000
  -> checkpoint saved: /scratch/e1498138/lhs/lhs_snr32_checkpoints_1e5_2/lhs_snr32_ckpt_027000.pkl
  [27100/100000]  elapsed=8464s  rate=3.2/s  eta=22768s  finite=27100
  [27200/100000]  elapsed=8493s  rate=3.2/s  eta=22732s  finite=27200
  [27300/100000]  elapsed=8524s  rate=3.2/s  eta=22700s  finite=27300
  [27400/100000]  elapsed=8556s  rate=3.2/s  eta=22670s  finite=27400
  [27500/100000]  elapsed=8587s  rate=3.2/s  eta=22639s  finite=27500
  [27600/100000]  elapsed=8618s  rate=3.2/s  eta=22607s  finite=27600
  [27700/100000]  elapsed=8649s  rate=3.2/s  eta=22575s  finite=27700
  [27800/100000]  elapsed=8679s  rate=3.2/s  eta=22540s  finite=27800
  [27900/100000]  elapsed=8709s  rate=3.2/s  eta=22507s  finite=27900
  [28000/100000]  elapsed=8740s  rate=3.2/s  eta=22474s  finite=28000
  -> checkpoint saved: /scratch/e1498138/lhs/lhs_snr32_checkpoints_1e5_2/lhs_snr32_ckpt_028000.pkl
  [28100/100000]  elapsed=8771s  rate=3.2/s  eta=22443s  finite=28100
  [28200/100000]  elapsed=8802s  rate=3.2/s  eta=22411s  finite=28200
  [28300/100000]  elapsed=8832s  rate=3.2/s  eta=22377s  finite=28300
  [28400/100000]  elapsed=8864s  rate=3.2/s  eta=22347s  finite=28400
  [28500/100000]  elapsed=8895s  rate=3.2/s  eta=22315s  finite=28500
  [28600/100000]  elapsed=8926s  rate=3.2/s  eta=22284s  finite=28600
  [28700/100000]  elapsed=8958s  rate=3.2/s  eta=22253s  finite=28700
  [28800/100000]  elapsed=8990s  rate=3.2/s  eta=22224s  finite=28800
  [28900/100000]  elapsed=9022s  rate=3.2/s  eta=22197s  finite=28900
  [29000/100000]  elapsed=9054s  rate=3.2/s  eta=22168s  finite=29000
  -> checkpoint saved: /scratch/e1498138/lhs/lhs_snr32_checkpoints_1e5_2/lhs_snr32_ckpt_029000.pkl
  [29100/100000]  elapsed=9085s  rate=3.2/s  eta=22136s  finite=29100
  [29200/100000]  elapsed=9117s  rate=3.2/s  eta=22105s  finite=29200
  [29300/100000]  elapsed=9147s  rate=3.2/s  eta=22071s  finite=29300
  [29400/100000]  elapsed=9178s  rate=3.2/s  eta=22039s  finite=29400
  [29500/100000]  elapsed=9210s  rate=3.2/s  eta=22010s  finite=29500
  [29600/100000]  elapsed=9241s  rate=3.2/s  eta=21980s  finite=29600
  [29700/100000]  elapsed=9273s  rate=3.2/s  eta=21950s  finite=29700
  [29800/100000]  elapsed=9304s  rate=3.2/s  eta=21917s  finite=29800
  [29900/100000]  elapsed=9334s  rate=3.2/s  eta=21884s  finite=29900
  [30000/100000]  elapsed=9366s  rate=3.2/s  eta=21854s  finite=30000
  -> checkpoint saved: /scratch/e1498138/lhs/lhs_snr32_checkpoints_1e5_2/lhs_snr32_ckpt_030000.pkl
  [30100/100000]  elapsed=9398s  rate=3.2/s  eta=21826s  finite=30100
  [30200/100000]  elapsed=9429s  rate=3.2/s  eta=21792s  finite=30200
  [30300/100000]  elapsed=9460s  rate=3.2/s  eta=21761s  finite=30300
  [30400/100000]  elapsed=9490s  rate=3.2/s  eta=21728s  finite=30400
  [30500/100000]  elapsed=9521s  rate=3.2/s  eta=21696s  finite=30500
  [30600/100000]  elapsed=9552s  rate=3.2/s  eta=21664s  finite=30600
  [30700/100000]  elapsed=9585s  rate=3.2/s  eta=21637s  finite=30700
  [30800/100000]  elapsed=9616s  rate=3.2/s  eta=21605s  finite=30800
  [30900/100000]  elapsed=9648s  rate=3.2/s  eta=21576s  finite=30900
  [31000/100000]  elapsed=9680s  rate=3.2/s  eta=21546s  finite=31000
  -> checkpoint saved: /scratch/e1498138/lhs/lhs_snr32_checkpoints_1e5_2/lhs_snr32_ckpt_031000.pkl
  [31100/100000]  elapsed=9712s  rate=3.2/s  eta=21517s  finite=31100
  [31200/100000]  elapsed=9743s  rate=3.2/s  eta=21485s  finite=31200
  [31300/100000]  elapsed=9777s  rate=3.2/s  eta=21458s  finite=31300
  [31400/100000]  elapsed=9807s  rate=3.2/s  eta=21426s  finite=31400
  [31500/100000]  elapsed=9838s  rate=3.2/s  eta=21393s  finite=31500
  [31600/100000]  elapsed=9868s  rate=3.2/s  eta=21361s  finite=31600
  [31700/100000]  elapsed=9899s  rate=3.2/s  eta=21327s  finite=31700
  [31800/100000]  elapsed=9931s  rate=3.2/s  eta=21299s  finite=31800
  [31900/100000]  elapsed=9962s  rate=3.2/s  eta=21267s  finite=31900
  [32000/100000]  elapsed=9994s  rate=3.2/s  eta=21237s  finite=32000
  -> checkpoint saved: /scratch/e1498138/lhs/lhs_snr32_checkpoints_1e5_2/lhs_snr32_ckpt_032000.pkl
  [32100/100000]  elapsed=10026s  rate=3.2/s  eta=21207s  finite=32100
  [32200/100000]  elapsed=10057s  rate=3.2/s  eta=21176s  finite=32200
  [32300/100000]  elapsed=10088s  rate=3.2/s  eta=21144s  finite=32300
  [32400/100000]  elapsed=10117s  rate=3.2/s  eta=21109s  finite=32400
  [32500/100000]  elapsed=10148s  rate=3.2/s  eta=21076s  finite=32500
  [32600/100000]  elapsed=10179s  rate=3.2/s  eta=21045s  finite=32600
  [32700/100000]  elapsed=10209s  rate=3.2/s  eta=21011s  finite=32700
  [32800/100000]  elapsed=10241s  rate=3.2/s  eta=20981s  finite=32800
  [32900/100000]  elapsed=10272s  rate=3.2/s  eta=20949s  finite=32900
  [33000/100000]  elapsed=10303s  rate=3.2/s  eta=20918s  finite=33000
  -> checkpoint saved: /scratch/e1498138/lhs/lhs_snr32_checkpoints_1e5_2/lhs_snr32_ckpt_033000.pkl
  [33100/100000]  elapsed=10335s  rate=3.2/s  eta=20889s  finite=33100
  [33200/100000]  elapsed=10368s  rate=3.2/s  eta=20861s  finite=33200
  [33300/100000]  elapsed=10399s  rate=3.2/s  eta=20829s  finite=33300
  [33400/100000]  elapsed=10431s  rate=3.2/s  eta=20799s  finite=33400
  [33500/100000]  elapsed=10462s  rate=3.2/s  eta=20767s  finite=33500
  [33600/100000]  elapsed=10493s  rate=3.2/s  eta=20737s  finite=33600
  [33700/100000]  elapsed=10525s  rate=3.2/s  eta=20707s  finite=33700
  [33800/100000]  elapsed=10556s  rate=3.2/s  eta=20675s  finite=33800
  [33900/100000]  elapsed=10588s  rate=3.2/s  eta=20644s  finite=33900
  [34000/100000]  elapsed=10618s  rate=3.2/s  eta=20612s  finite=34000
  -> checkpoint saved: /scratch/e1498138/lhs/lhs_snr32_checkpoints_1e5_2/lhs_snr32_ckpt_034000.pkl
  [34100/100000]  elapsed=10648s  rate=3.2/s  eta=20579s  finite=34100
  [34200/100000]  elapsed=10680s  rate=3.2/s  eta=20548s  finite=34200
  [34300/100000]  elapsed=10710s  rate=3.2/s  eta=20515s  finite=34300
  [34400/100000]  elapsed=10741s  rate=3.2/s  eta=20483s  finite=34400
  [34500/100000]  elapsed=10773s  rate=3.2/s  eta=20452s  finite=34500
  [34600/100000]  elapsed=10804s  rate=3.2/s  eta=20422s  finite=34600
  [34700/100000]  elapsed=10836s  rate=3.2/s  eta=20391s  finite=34700
  [34800/100000]  elapsed=10868s  rate=3.2/s  eta=20362s  finite=34800
  [34900/100000]  elapsed=10899s  rate=3.2/s  eta=20331s  finite=34900
  [35000/100000]  elapsed=10931s  rate=3.2/s  eta=20301s  finite=35000
  -> checkpoint saved: /scratch/e1498138/lhs/lhs_snr32_checkpoints_1e5_2/lhs_snr32_ckpt_035000.pkl
  [35100/100000]  elapsed=10962s  rate=3.2/s  eta=20269s  finite=35100
  [35200/100000]  elapsed=10992s  rate=3.2/s  eta=20236s  finite=35200
  [35300/100000]  elapsed=11023s  rate=3.2/s  eta=20204s  finite=35300
  [35400/100000]  elapsed=11055s  rate=3.2/s  eta=20173s  finite=35400
  [35500/100000]  elapsed=11086s  rate=3.2/s  eta=20141s  finite=35500
  [35600/100000]  elapsed=11116s  rate=3.2/s  eta=20108s  finite=35600
  [35700/100000]  elapsed=11147s  rate=3.2/s  eta=20077s  finite=35700
  [35800/100000]  elapsed=11178s  rate=3.2/s  eta=20045s  finite=35800
  [35900/100000]  elapsed=11209s  rate=3.2/s  eta=20014s  finite=35900
  [36000/100000]  elapsed=11239s  rate=3.2/s  eta=19981s  finite=36000
  -> checkpoint saved: /scratch/e1498138/lhs/lhs_snr32_checkpoints_1e5_2/lhs_snr32_ckpt_036000.pkl
  [36100/100000]  elapsed=11270s  rate=3.2/s  eta=19949s  finite=36100
  [36200/100000]  elapsed=11301s  rate=3.2/s  eta=19917s  finite=36200
  [36300/100000]  elapsed=11334s  rate=3.2/s  eta=19889s  finite=36300
  [36400/100000]  elapsed=11365s  rate=3.2/s  eta=19858s  finite=36400
  [36500/100000]  elapsed=11396s  rate=3.2/s  eta=19827s  finite=36500
  [36600/100000]  elapsed=11428s  rate=3.2/s  eta=19795s  finite=36600
  [36700/100000]  elapsed=11459s  rate=3.2/s  eta=19764s  finite=36700
  [36800/100000]  elapsed=11489s  rate=3.2/s  eta=19732s  finite=36800
  [36900/100000]  elapsed=11520s  rate=3.2/s  eta=19700s  finite=36900
  [37000/100000]  elapsed=11551s  rate=3.2/s  eta=19668s  finite=37000
  -> checkpoint saved: /scratch/e1498138/lhs/lhs_snr32_checkpoints_1e5_2/lhs_snr32_ckpt_037000.pkl
  [37100/100000]  elapsed=11581s  rate=3.2/s  eta=19635s  finite=37100
  [37200/100000]  elapsed=11614s  rate=3.2/s  eta=19606s  finite=37200
  [37300/100000]  elapsed=11644s  rate=3.2/s  eta=19574s  finite=37300
  [37400/100000]  elapsed=11676s  rate=3.2/s  eta=19543s  finite=37400
  [37500/100000]  elapsed=11706s  rate=3.2/s  eta=19510s  finite=37500
  [37600/100000]  elapsed=11736s  rate=3.2/s  eta=19477s  finite=37600
  [37700/100000]  elapsed=11768s  rate=3.2/s  eta=19447s  finite=37700
  [37800/100000]  elapsed=11799s  rate=3.2/s  eta=19415s  finite=37800
  [37900/100000]  elapsed=11830s  rate=3.2/s  eta=19383s  finite=37900
  [38000/100000]  elapsed=11861s  rate=3.2/s  eta=19352s  finite=38000
  -> checkpoint saved: /scratch/e1498138/lhs/lhs_snr32_checkpoints_1e5_2/lhs_snr32_ckpt_038000.pkl
  [38100/100000]  elapsed=11894s  rate=3.2/s  eta=19323s  finite=38100
  [38200/100000]  elapsed=11925s  rate=3.2/s  eta=19292s  finite=38200
  [38300/100000]  elapsed=11956s  rate=3.2/s  eta=19261s  finite=38300
  [38400/100000]  elapsed=11987s  rate=3.2/s  eta=19230s  finite=38400
  [38500/100000]  elapsed=12019s  rate=3.2/s  eta=19200s  finite=38500
  [38600/100000]  elapsed=12050s  rate=3.2/s  eta=19168s  finite=38600
  [38700/100000]  elapsed=12080s  rate=3.2/s  eta=19135s  finite=38700
  [38800/100000]  elapsed=12113s  rate=3.2/s  eta=19106s  finite=38800
  [38900/100000]  elapsed=12146s  rate=3.2/s  eta=19078s  finite=38900
  [39000/100000]  elapsed=12178s  rate=3.2/s  eta=19048s  finite=39000
  -> checkpoint saved: /scratch/e1498138/lhs/lhs_snr32_checkpoints_1e5_2/lhs_snr32_ckpt_039000.pkl
  [39100/100000]  elapsed=12209s  rate=3.2/s  eta=19017s  finite=39100
  [39200/100000]  elapsed=12240s  rate=3.2/s  eta=18984s  finite=39200
  [39300/100000]  elapsed=12272s  rate=3.2/s  eta=18954s  finite=39300
  [39400/100000]  elapsed=12304s  rate=3.2/s  eta=18924s  finite=39400
  [39500/100000]  elapsed=12336s  rate=3.2/s  eta=18895s  finite=39500
  [39600/100000]  elapsed=12369s  rate=3.2/s  eta=18866s  finite=39600
  [39700/100000]  elapsed=12401s  rate=3.2/s  eta=18836s  finite=39700
  [39800/100000]  elapsed=12434s  rate=3.2/s  eta=18807s  finite=39800
  [39900/100000]  elapsed=12465s  rate=3.2/s  eta=18775s  finite=39900
  [40000/100000]  elapsed=12496s  rate=3.2/s  eta=18744s  finite=40000
  -> checkpoint saved: /scratch/e1498138/lhs/lhs_snr32_checkpoints_1e5_2/lhs_snr32_ckpt_040000.pkl
  [40100/100000]  elapsed=12526s  rate=3.2/s  eta=18712s  finite=40100
  [40200/100000]  elapsed=12558s  rate=3.2/s  eta=18681s  finite=40200
  [40300/100000]  elapsed=12589s  rate=3.2/s  eta=18649s  finite=40300
  [40400/100000]  elapsed=12619s  rate=3.2/s  eta=18616s  finite=40400
  [40500/100000]  elapsed=12650s  rate=3.2/s  eta=18584s  finite=40500
  [40600/100000]  elapsed=12682s  rate=3.2/s  eta=18555s  finite=40600
  [40700/100000]  elapsed=12714s  rate=3.2/s  eta=18524s  finite=40700
  [40800/100000]  elapsed=12747s  rate=3.2/s  eta=18495s  finite=40800
  [40900/100000]  elapsed=12779s  rate=3.2/s  eta=18466s  finite=40900
  [41000/100000]  elapsed=12810s  rate=3.2/s  eta=18434s  finite=41000
  -> checkpoint saved: /scratch/e1498138/lhs/lhs_snr32_checkpoints_1e5_2/lhs_snr32_ckpt_041000.pkl
  [41100/100000]  elapsed=12841s  rate=3.2/s  eta=18402s  finite=41100
  [41200/100000]  elapsed=12872s  rate=3.2/s  eta=18371s  finite=41200
  [41300/100000]  elapsed=12903s  rate=3.2/s  eta=18338s  finite=41300
  [41400/100000]  elapsed=12934s  rate=3.2/s  eta=18307s  finite=41400
  [41500/100000]  elapsed=12966s  rate=3.2/s  eta=18277s  finite=41500
  [41600/100000]  elapsed=12998s  rate=3.2/s  eta=18247s  finite=41600
  [41700/100000]  elapsed=13031s  rate=3.2/s  eta=18218s  finite=41700
  [41800/100000]  elapsed=13061s  rate=3.2/s  eta=18185s  finite=41800
  [41900/100000]  elapsed=13092s  rate=3.2/s  eta=18154s  finite=41900
  [42000/100000]  elapsed=13124s  rate=3.2/s  eta=18124s  finite=42000
  -> checkpoint saved: /scratch/e1498138/lhs/lhs_snr32_checkpoints_1e5_2/lhs_snr32_ckpt_042000.pkl
  [42100/100000]  elapsed=13154s  rate=3.2/s  eta=18090s  finite=42100
  [42200/100000]  elapsed=13185s  rate=3.2/s  eta=18059s  finite=42200
  [42300/100000]  elapsed=13216s  rate=3.2/s  eta=18028s  finite=42300
  [42400/100000]  elapsed=13247s  rate=3.2/s  eta=17995s  finite=42400
  [42500/100000]  elapsed=13277s  rate=3.2/s  eta=17963s  finite=42500
  [42600/100000]  elapsed=13309s  rate=3.2/s  eta=17932s  finite=42600
  [42700/100000]  elapsed=13341s  rate=3.2/s  eta=17903s  finite=42700
  [42800/100000]  elapsed=13373s  rate=3.2/s  eta=17872s  finite=42800
  [42900/100000]  elapsed=13404s  rate=3.2/s  eta=17841s  finite=42900
  [43000/100000]  elapsed=13435s  rate=3.2/s  eta=17809s  finite=43000
  -> checkpoint saved: /scratch/e1498138/lhs/lhs_snr32_checkpoints_1e5_2/lhs_snr32_ckpt_043000.pkl
  [43100/100000]  elapsed=13465s  rate=3.2/s  eta=17777s  finite=43100
  [43200/100000]  elapsed=13496s  rate=3.2/s  eta=17745s  finite=43200
  [43300/100000]  elapsed=13528s  rate=3.2/s  eta=17714s  finite=43300
  [43400/100000]  elapsed=13558s  rate=3.2/s  eta=17682s  finite=43400
  [43500/100000]  elapsed=13588s  rate=3.2/s  eta=17649s  finite=43500
  [43600/100000]  elapsed=13619s  rate=3.2/s  eta=17618s  finite=43600
  [43700/100000]  elapsed=13652s  rate=3.2/s  eta=17588s  finite=43700
  [43800/100000]  elapsed=13682s  rate=3.2/s  eta=17556s  finite=43800
  [43900/100000]  elapsed=13712s  rate=3.2/s  eta=17523s  finite=43900
  [44000/100000]  elapsed=13742s  rate=3.2/s  eta=17490s  finite=44000
  -> checkpoint saved: /scratch/e1498138/lhs/lhs_snr32_checkpoints_1e5_2/lhs_snr32_ckpt_044000.pkl
  [44100/100000]  elapsed=13773s  rate=3.2/s  eta=17458s  finite=44100
  [44200/100000]  elapsed=13806s  rate=3.2/s  eta=17430s  finite=44200
  [44300/100000]  elapsed=13837s  rate=3.2/s  eta=17398s  finite=44300
  [44400/100000]  elapsed=13868s  rate=3.2/s  eta=17366s  finite=44400
  [44500/100000]  elapsed=13900s  rate=3.2/s  eta=17336s  finite=44500
  [44600/100000]  elapsed=13931s  rate=3.2/s  eta=17305s  finite=44600
  [44700/100000]  elapsed=13963s  rate=3.2/s  eta=17275s  finite=44700
  [44800/100000]  elapsed=13994s  rate=3.2/s  eta=17243s  finite=44800
  [44900/100000]  elapsed=14025s  rate=3.2/s  eta=17212s  finite=44900
  [45000/100000]  elapsed=14057s  rate=3.2/s  eta=17181s  finite=45000
  -> checkpoint saved: /scratch/e1498138/lhs/lhs_snr32_checkpoints_1e5_2/lhs_snr32_ckpt_045000.pkl
  [45100/100000]  elapsed=14089s  rate=3.2/s  eta=17150s  finite=45100
  [45200/100000]  elapsed=14120s  rate=3.2/s  eta=17119s  finite=45200
  [45300/100000]  elapsed=14151s  rate=3.2/s  eta=17088s  finite=45300
  [45400/100000]  elapsed=14182s  rate=3.2/s  eta=17056s  finite=45400
  [45500/100000]  elapsed=14214s  rate=3.2/s  eta=17026s  finite=45500
  [45600/100000]  elapsed=14245s  rate=3.2/s  eta=16994s  finite=45600
  [45700/100000]  elapsed=14275s  rate=3.2/s  eta=16961s  finite=45700
  [45800/100000]  elapsed=14306s  rate=3.2/s  eta=16930s  finite=45800
  [45900/100000]  elapsed=14337s  rate=3.2/s  eta=16899s  finite=45900
  [46000/100000]  elapsed=14369s  rate=3.2/s  eta=16868s  finite=46000
  -> checkpoint saved: /scratch/e1498138/lhs/lhs_snr32_checkpoints_1e5_2/lhs_snr32_ckpt_046000.pkl
  [46100/100000]  elapsed=14401s  rate=3.2/s  eta=16838s  finite=46100
  [46200/100000]  elapsed=14432s  rate=3.2/s  eta=16806s  finite=46200
  [46300/100000]  elapsed=14463s  rate=3.2/s  eta=16774s  finite=46300
  [46400/100000]  elapsed=14495s  rate=3.2/s  eta=16744s  finite=46400
  [46500/100000]  elapsed=14526s  rate=3.2/s  eta=16713s  finite=46500
  [46600/100000]  elapsed=14557s  rate=3.2/s  eta=16681s  finite=46600
  [46700/100000]  elapsed=14589s  rate=3.2/s  eta=16651s  finite=46700
  [46800/100000]  elapsed=14620s  rate=3.2/s  eta=16619s  finite=46800
  [46900/100000]  elapsed=14651s  rate=3.2/s  eta=16587s  finite=46900
  [47000/100000]  elapsed=14682s  rate=3.2/s  eta=16556s  finite=47000
  -> checkpoint saved: /scratch/e1498138/lhs/lhs_snr32_checkpoints_1e5_2/lhs_snr32_ckpt_047000.pkl
  [47100/100000]  elapsed=14714s  rate=3.2/s  eta=16525s  finite=47100
  [47200/100000]  elapsed=14745s  rate=3.2/s  eta=16494s  finite=47200
  [47300/100000]  elapsed=14777s  rate=3.2/s  eta=16464s  finite=47300
  [47400/100000]  elapsed=14807s  rate=3.2/s  eta=16432s  finite=47400
  [47500/100000]  elapsed=14840s  rate=3.2/s  eta=16402s  finite=47500
  [47600/100000]  elapsed=14873s  rate=3.2/s  eta=16372s  finite=47600
  [47700/100000]  elapsed=14903s  rate=3.2/s  eta=16340s  finite=47700
  [47800/100000]  elapsed=14934s  rate=3.2/s  eta=16309s  finite=47800
  [47900/100000]  elapsed=14964s  rate=3.2/s  eta=16277s  finite=47900
  [48000/100000]  elapsed=14996s  rate=3.2/s  eta=16245s  finite=48000
  -> checkpoint saved: /scratch/e1498138/lhs/lhs_snr32_checkpoints_1e5_2/lhs_snr32_ckpt_048000.pkl
  [48100/100000]  elapsed=15028s  rate=3.2/s  eta=16215s  finite=48100
  [48200/100000]  elapsed=15057s  rate=3.2/s  eta=16182s  finite=48200
  [48300/100000]  elapsed=15088s  rate=3.2/s  eta=16150s  finite=48300
  [48400/100000]  elapsed=15121s  rate=3.2/s  eta=16120s  finite=48400
  [48500/100000]  elapsed=15153s  rate=3.2/s  eta=16090s  finite=48500
  [48600/100000]  elapsed=15183s  rate=3.2/s  eta=16058s  finite=48600
  [48700/100000]  elapsed=15215s  rate=3.2/s  eta=16027s  finite=48700
  [48800/100000]  elapsed=15247s  rate=3.2/s  eta=15997s  finite=48800
  [48900/100000]  elapsed=15277s  rate=3.2/s  eta=15965s  finite=48900
  [49000/100000]  elapsed=15309s  rate=3.2/s  eta=15934s  finite=49000
  -> checkpoint saved: /scratch/e1498138/lhs/lhs_snr32_checkpoints_1e5_2/lhs_snr32_ckpt_049000.pkl
  [49100/100000]  elapsed=15340s  rate=3.2/s  eta=15902s  finite=49100
  [49200/100000]  elapsed=15372s  rate=3.2/s  eta=15872s  finite=49200
  [49300/100000]  elapsed=15403s  rate=3.2/s  eta=15840s  finite=49300
  [49400/100000]  elapsed=15434s  rate=3.2/s  eta=15808s  finite=49400
  [49500/100000]  elapsed=15466s  rate=3.2/s  eta=15778s  finite=49500
  [49600/100000]  elapsed=15496s  rate=3.2/s  eta=15746s  finite=49600
  [49700/100000]  elapsed=15527s  rate=3.2/s  eta=15715s  finite=49700
  [49800/100000]  elapsed=15559s  rate=3.2/s  eta=15684s  finite=49800
  [49900/100000]  elapsed=15590s  rate=3.2/s  eta=15653s  finite=49900
  [50000/100000]  elapsed=15623s  rate=3.2/s  eta=15623s  finite=50000
  -> checkpoint saved: /scratch/e1498138/lhs/lhs_snr32_checkpoints_1e5_2/lhs_snr32_ckpt_050000.pkl
  [50100/100000]  elapsed=15654s  rate=3.2/s  eta=15592s  finite=50100
  [50200/100000]  elapsed=15686s  rate=3.2/s  eta=15561s  finite=50200
  [50300/100000]  elapsed=15717s  rate=3.2/s  eta=15530s  finite=50300
  [50400/100000]  elapsed=15749s  rate=3.2/s  eta=15499s  finite=50400
  [50500/100000]  elapsed=15780s  rate=3.2/s  eta=15468s  finite=50500
  [50600/100000]  elapsed=15811s  rate=3.2/s  eta=15436s  finite=50600
  [50700/100000]  elapsed=15842s  rate=3.2/s  eta=15404s  finite=50700
  [50800/100000]  elapsed=15872s  rate=3.2/s  eta=15372s  finite=50800
  [50900/100000]  elapsed=15903s  rate=3.2/s  eta=15341s  finite=50900
  [51000/100000]  elapsed=15934s  rate=3.2/s  eta=15309s  finite=51000
  -> checkpoint saved: /scratch/e1498138/lhs/lhs_snr32_checkpoints_1e5_2/lhs_snr32_ckpt_051000.pkl
  [51100/100000]  elapsed=15966s  rate=3.2/s  eta=15278s  finite=51100
  [51200/100000]  elapsed=15996s  rate=3.2/s  eta=15246s  finite=51200
  [51300/100000]  elapsed=16028s  rate=3.2/s  eta=15216s  finite=51300
  [51400/100000]  elapsed=16060s  rate=3.2/s  eta=15185s  finite=51400
  [51500/100000]  elapsed=16091s  rate=3.2/s  eta=15154s  finite=51500
  [51600/100000]  elapsed=16123s  rate=3.2/s  eta=15123s  finite=51600
  [51700/100000]  elapsed=16155s  rate=3.2/s  eta=15092s  finite=51700
  [51800/100000]  elapsed=16186s  rate=3.2/s  eta=15061s  finite=51800
  [51900/100000]  elapsed=16216s  rate=3.2/s  eta=15029s  finite=51900
  [52000/100000]  elapsed=16248s  rate=3.2/s  eta=14998s  finite=52000
  -> checkpoint saved: /scratch/e1498138/lhs/lhs_snr32_checkpoints_1e5_2/lhs_snr32_ckpt_052000.pkl
  [52100/100000]  elapsed=16279s  rate=3.2/s  eta=14967s  finite=52100
  [52200/100000]  elapsed=16311s  rate=3.2/s  eta=14936s  finite=52200
  [52300/100000]  elapsed=16342s  rate=3.2/s  eta=14905s  finite=52300
  [52400/100000]  elapsed=16374s  rate=3.2/s  eta=14874s  finite=52400
  [52500/100000]  elapsed=16407s  rate=3.2/s  eta=14844s  finite=52500
  [52600/100000]  elapsed=16438s  rate=3.2/s  eta=14813s  finite=52600
  [52700/100000]  elapsed=16469s  rate=3.2/s  eta=14781s  finite=52700
  [52800/100000]  elapsed=16500s  rate=3.2/s  eta=14750s  finite=52800
  [52900/100000]  elapsed=16532s  rate=3.2/s  eta=14719s  finite=52900
  [53000/100000]  elapsed=16563s  rate=3.2/s  eta=14688s  finite=53000
  -> checkpoint saved: /scratch/e1498138/lhs/lhs_snr32_checkpoints_1e5_2/lhs_snr32_ckpt_053000.pkl
  [53100/100000]  elapsed=16595s  rate=3.2/s  eta=14657s  finite=53100
  [53200/100000]  elapsed=16626s  rate=3.2/s  eta=14626s  finite=53200
  [53300/100000]  elapsed=16657s  rate=3.2/s  eta=14595s  finite=53300
  [53400/100000]  elapsed=16690s  rate=3.2/s  eta=14565s  finite=53400
  [53500/100000]  elapsed=16721s  rate=3.2/s  eta=14533s  finite=53500
  [53600/100000]  elapsed=16753s  rate=3.2/s  eta=14503s  finite=53600
  [53700/100000]  elapsed=16783s  rate=3.2/s  eta=14471s  finite=53700
  [53800/100000]  elapsed=16814s  rate=3.2/s  eta=14439s  finite=53800
  [53900/100000]  elapsed=16846s  rate=3.2/s  eta=14408s  finite=53900
  [54000/100000]  elapsed=16876s  rate=3.2/s  eta=14376s  finite=54000
  -> checkpoint saved: /scratch/e1498138/lhs/lhs_snr32_checkpoints_1e5_2/lhs_snr32_ckpt_054000.pkl
  [54100/100000]  elapsed=16908s  rate=3.2/s  eta=14345s  finite=54100
  [54200/100000]  elapsed=16939s  rate=3.2/s  eta=14314s  finite=54200
  [54300/100000]  elapsed=16970s  rate=3.2/s  eta=14282s  finite=54300
  [54400/100000]  elapsed=17001s  rate=3.2/s  eta=14251s  finite=54400
  [54500/100000]  elapsed=17033s  rate=3.2/s  eta=14220s  finite=54500
  [54600/100000]  elapsed=17065s  rate=3.2/s  eta=14190s  finite=54600
  [54700/100000]  elapsed=17095s  rate=3.2/s  eta=14158s  finite=54700
  [54800/100000]  elapsed=17127s  rate=3.2/s  eta=14126s  finite=54800
  [54900/100000]  elapsed=17158s  rate=3.2/s  eta=14095s  finite=54900
  [55000/100000]  elapsed=17190s  rate=3.2/s  eta=14064s  finite=55000
  -> checkpoint saved: /scratch/e1498138/lhs/lhs_snr32_checkpoints_1e5_2/lhs_snr32_ckpt_055000.pkl
  [55100/100000]  elapsed=17222s  rate=3.2/s  eta=14034s  finite=55100
  [55200/100000]  elapsed=17253s  rate=3.2/s  eta=14002s  finite=55200
  [55300/100000]  elapsed=17284s  rate=3.2/s  eta=13971s  finite=55300
  [55400/100000]  elapsed=17315s  rate=3.2/s  eta=13939s  finite=55400
  [55500/100000]  elapsed=17346s  rate=3.2/s  eta=13908s  finite=55500
  [55600/100000]  elapsed=17378s  rate=3.2/s  eta=13877s  finite=55600
  [55700/100000]  elapsed=17409s  rate=3.2/s  eta=13846s  finite=55700
  [55800/100000]  elapsed=17442s  rate=3.2/s  eta=13816s  finite=55800
  [55900/100000]  elapsed=17473s  rate=3.2/s  eta=13785s  finite=55900
  [56000/100000]  elapsed=17504s  rate=3.2/s  eta=13753s  finite=56000
  -> checkpoint saved: /scratch/e1498138/lhs/lhs_snr32_checkpoints_1e5_2/lhs_snr32_ckpt_056000.pkl
  [56100/100000]  elapsed=17535s  rate=3.2/s  eta=13721s  finite=56100
  [56200/100000]  elapsed=17566s  rate=3.2/s  eta=13690s  finite=56200
  [56300/100000]  elapsed=17597s  rate=3.2/s  eta=13659s  finite=56300
  [56400/100000]  elapsed=17629s  rate=3.2/s  eta=13628s  finite=56400
  [56500/100000]  elapsed=17660s  rate=3.2/s  eta=13597s  finite=56500
  [56600/100000]  elapsed=17691s  rate=3.2/s  eta=13566s  finite=56600
  [56700/100000]  elapsed=17724s  rate=3.2/s  eta=13535s  finite=56700
  [56800/100000]  elapsed=17757s  rate=3.2/s  eta=13505s  finite=56800
  [56900/100000]  elapsed=17787s  rate=3.2/s  eta=13473s  finite=56900
  [57000/100000]  elapsed=17819s  rate=3.2/s  eta=13443s  finite=57000
  -> checkpoint saved: /scratch/e1498138/lhs/lhs_snr32_checkpoints_1e5_2/lhs_snr32_ckpt_057000.pkl
  [57100/100000]  elapsed=17851s  rate=3.2/s  eta=13412s  finite=57100
  [57200/100000]  elapsed=17881s  rate=3.2/s  eta=13379s  finite=57200
  [57300/100000]  elapsed=17911s  rate=3.2/s  eta=13347s  finite=57300
  [57400/100000]  elapsed=17941s  rate=3.2/s  eta=13315s  finite=57400
  [57500/100000]  elapsed=17972s  rate=3.2/s  eta=13284s  finite=57500
  [57600/100000]  elapsed=18005s  rate=3.2/s  eta=13254s  finite=57600
  [57700/100000]  elapsed=18036s  rate=3.2/s  eta=13222s  finite=57700
  [57800/100000]  elapsed=18067s  rate=3.2/s  eta=13190s  finite=57800
  [57900/100000]  elapsed=18097s  rate=3.2/s  eta=13159s  finite=57900
  [58000/100000]  elapsed=18128s  rate=3.2/s  eta=13127s  finite=58000
  -> checkpoint saved: /scratch/e1498138/lhs/lhs_snr32_checkpoints_1e5_2/lhs_snr32_ckpt_058000.pkl
  [58100/100000]  elapsed=18160s  rate=3.2/s  eta=13096s  finite=58100
  [58200/100000]  elapsed=18192s  rate=3.2/s  eta=13065s  finite=58200
  [58300/100000]  elapsed=18223s  rate=3.2/s  eta=13034s  finite=58300
  [58400/100000]  elapsed=18253s  rate=3.2/s  eta=13002s  finite=58400
  [58500/100000]  elapsed=18285s  rate=3.2/s  eta=12971s  finite=58500
  [58600/100000]  elapsed=18316s  rate=3.2/s  eta=12940s  finite=58600
  [58700/100000]  elapsed=18349s  rate=3.2/s  eta=12910s  finite=58700
  [58800/100000]  elapsed=18380s  rate=3.2/s  eta=12879s  finite=58800
  [58900/100000]  elapsed=18411s  rate=3.2/s  eta=12847s  finite=58900
  [59000/100000]  elapsed=18441s  rate=3.2/s  eta=12815s  finite=59000
  -> checkpoint saved: /scratch/e1498138/lhs/lhs_snr32_checkpoints_1e5_2/lhs_snr32_ckpt_059000.pkl
  [59100/100000]  elapsed=18472s  rate=3.2/s  eta=12784s  finite=59100
  [59200/100000]  elapsed=18502s  rate=3.2/s  eta=12751s  finite=59200
  [59300/100000]  elapsed=18533s  rate=3.2/s  eta=12720s  finite=59300
  [59400/100000]  elapsed=18565s  rate=3.2/s  eta=12689s  finite=59400
  [59500/100000]  elapsed=18596s  rate=3.2/s  eta=12658s  finite=59500
  [59600/100000]  elapsed=18628s  rate=3.2/s  eta=12627s  finite=59600
  [59700/100000]  elapsed=18659s  rate=3.2/s  eta=12596s  finite=59700
  [59800/100000]  elapsed=18690s  rate=3.2/s  eta=12564s  finite=59800
  [59900/100000]  elapsed=18722s  rate=3.2/s  eta=12533s  finite=59900
  [60000/100000]  elapsed=18753s  rate=3.2/s  eta=12502s  finite=60000
  -> checkpoint saved: /scratch/e1498138/lhs/lhs_snr32_checkpoints_1e5_2/lhs_snr32_ckpt_060000.pkl
  [60100/100000]  elapsed=18783s  rate=3.2/s  eta=12470s  finite=60100
  [60200/100000]  elapsed=18814s  rate=3.2/s  eta=12439s  finite=60200
  [60300/100000]  elapsed=18846s  rate=3.2/s  eta=12408s  finite=60300
  [60400/100000]  elapsed=18876s  rate=3.2/s  eta=12376s  finite=60400
  [60500/100000]  elapsed=18907s  rate=3.2/s  eta=12344s  finite=60500
  [60600/100000]  elapsed=18938s  rate=3.2/s  eta=12313s  finite=60600
  [60700/100000]  elapsed=18969s  rate=3.2/s  eta=12281s  finite=60700
  [60800/100000]  elapsed=18999s  rate=3.2/s  eta=12250s  finite=60800
  [60900/100000]  elapsed=19029s  rate=3.2/s  eta=12217s  finite=60900
  [61000/100000]  elapsed=19060s  rate=3.2/s  eta=12186s  finite=61000
  -> checkpoint saved: /scratch/e1498138/lhs/lhs_snr32_checkpoints_1e5_2/lhs_snr32_ckpt_061000.pkl
  [61100/100000]  elapsed=19092s  rate=3.2/s  eta=12155s  finite=61100
  [61200/100000]  elapsed=19123s  rate=3.2/s  eta=12124s  finite=61200
  [61300/100000]  elapsed=19154s  rate=3.2/s  eta=12092s  finite=61300
  [61400/100000]  elapsed=19186s  rate=3.2/s  eta=12062s  finite=61400
  [61500/100000]  elapsed=19217s  rate=3.2/s  eta=12030s  finite=61500
  [61600/100000]  elapsed=19248s  rate=3.2/s  eta=11999s  finite=61600
  [61700/100000]  elapsed=19280s  rate=3.2/s  eta=11968s  finite=61700
  [61800/100000]  elapsed=19312s  rate=3.2/s  eta=11937s  finite=61800
  [61900/100000]  elapsed=19344s  rate=3.2/s  eta=11906s  finite=61900
  [62000/100000]  elapsed=19375s  rate=3.2/s  eta=11875s  finite=62000
  -> checkpoint saved: /scratch/e1498138/lhs/lhs_snr32_checkpoints_1e5_2/lhs_snr32_ckpt_062000.pkl
  [62100/100000]  elapsed=19408s  rate=3.2/s  eta=11845s  finite=62100
  [62200/100000]  elapsed=19439s  rate=3.2/s  eta=11813s  finite=62200
  [62300/100000]  elapsed=19472s  rate=3.2/s  eta=11783s  finite=62300
  [62400/100000]  elapsed=19502s  rate=3.2/s  eta=11751s  finite=62400
  [62500/100000]  elapsed=19532s  rate=3.2/s  eta=11719s  finite=62500
  [62600/100000]  elapsed=19564s  rate=3.2/s  eta=11688s  finite=62600
  [62700/100000]  elapsed=19595s  rate=3.2/s  eta=11657s  finite=62700
  [62800/100000]  elapsed=19626s  rate=3.2/s  eta=11625s  finite=62800
  [62900/100000]  elapsed=19656s  rate=3.2/s  eta=11593s  finite=62900
  [63000/100000]  elapsed=19687s  rate=3.2/s  eta=11562s  finite=63000
  -> checkpoint saved: /scratch/e1498138/lhs/lhs_snr32_checkpoints_1e5_2/lhs_snr32_ckpt_063000.pkl
  [63100/100000]  elapsed=19719s  rate=3.2/s  eta=11531s  finite=63100
  [63200/100000]  elapsed=19750s  rate=3.2/s  eta=11500s  finite=63200
  [63300/100000]  elapsed=19781s  rate=3.2/s  eta=11469s  finite=63300
  [63400/100000]  elapsed=19813s  rate=3.2/s  eta=11438s  finite=63400
  [63500/100000]  elapsed=19843s  rate=3.2/s  eta=11406s  finite=63500
  [63600/100000]  elapsed=19875s  rate=3.2/s  eta=11375s  finite=63600
  [63700/100000]  elapsed=19906s  rate=3.2/s  eta=11343s  finite=63700
  [63800/100000]  elapsed=19937s  rate=3.2/s  eta=11312s  finite=63800
  [63900/100000]  elapsed=19969s  rate=3.2/s  eta=11281s  finite=63900
  [64000/100000]  elapsed=20001s  rate=3.2/s  eta=11250s  finite=64000
  -> checkpoint saved: /scratch/e1498138/lhs/lhs_snr32_checkpoints_1e5_2/lhs_snr32_ckpt_064000.pkl
  [64100/100000]  elapsed=20032s  rate=3.2/s  eta=11219s  finite=64100
  [64200/100000]  elapsed=20062s  rate=3.2/s  eta=11187s  finite=64200
  [64300/100000]  elapsed=20093s  rate=3.2/s  eta=11156s  finite=64300
  [64400/100000]  elapsed=20124s  rate=3.2/s  eta=11124s  finite=64400
  [64500/100000]  elapsed=20154s  rate=3.2/s  eta=11092s  finite=64500
  [64600/100000]  elapsed=20185s  rate=3.2/s  eta=11061s  finite=64600
  [64700/100000]  elapsed=20216s  rate=3.2/s  eta=11030s  finite=64700
  [64800/100000]  elapsed=20247s  rate=3.2/s  eta=10999s  finite=64800
  [64900/100000]  elapsed=20278s  rate=3.2/s  eta=10967s  finite=64900
  [65000/100000]  elapsed=20309s  rate=3.2/s  eta=10935s  finite=65000
  -> checkpoint saved: /scratch/e1498138/lhs/lhs_snr32_checkpoints_1e5_2/lhs_snr32_ckpt_065000.pkl
  [65100/100000]  elapsed=20340s  rate=3.2/s  eta=10904s  finite=65100
  [65200/100000]  elapsed=20371s  rate=3.2/s  eta=10873s  finite=65200
  [65300/100000]  elapsed=20403s  rate=3.2/s  eta=10842s  finite=65300
  [65400/100000]  elapsed=20435s  rate=3.2/s  eta=10811s  finite=65400
  [65500/100000]  elapsed=20467s  rate=3.2/s  eta=10780s  finite=65500
  [65600/100000]  elapsed=20498s  rate=3.2/s  eta=10749s  finite=65600
  [65700/100000]  elapsed=20530s  rate=3.2/s  eta=10718s  finite=65700
  [65800/100000]  elapsed=20562s  rate=3.2/s  eta=10687s  finite=65800
  [65900/100000]  elapsed=20593s  rate=3.2/s  eta=10656s  finite=65900
  [66000/100000]  elapsed=20623s  rate=3.2/s  eta=10624s  finite=66000
  -> checkpoint saved: /scratch/e1498138/lhs/lhs_snr32_checkpoints_1e5_2/lhs_snr32_ckpt_066000.pkl
  [66100/100000]  elapsed=20656s  rate=3.2/s  eta=10594s  finite=66100
  [66200/100000]  elapsed=20686s  rate=3.2/s  eta=10562s  finite=66200
  [66300/100000]  elapsed=20717s  rate=3.2/s  eta=10530s  finite=66300
  [66400/100000]  elapsed=20748s  rate=3.2/s  eta=10499s  finite=66400
  [66500/100000]  elapsed=20780s  rate=3.2/s  eta=10468s  finite=66500
  [66600/100000]  elapsed=20811s  rate=3.2/s  eta=10437s  finite=66600
  [66700/100000]  elapsed=20845s  rate=3.2/s  eta=10407s  finite=66700
  [66800/100000]  elapsed=20876s  rate=3.2/s  eta=10375s  finite=66800
  [66900/100000]  elapsed=20908s  rate=3.2/s  eta=10344s  finite=66900
  [67000/100000]  elapsed=20938s  rate=3.2/s  eta=10313s  finite=67000
  -> checkpoint saved: /scratch/e1498138/lhs/lhs_snr32_checkpoints_1e5_2/lhs_snr32_ckpt_067000.pkl
  [67100/100000]  elapsed=20969s  rate=3.2/s  eta=10281s  finite=67100
  [67200/100000]  elapsed=21001s  rate=3.2/s  eta=10250s  finite=67200
  [67300/100000]  elapsed=21031s  rate=3.2/s  eta=10218s  finite=67300
  [67400/100000]  elapsed=21063s  rate=3.2/s  eta=10188s  finite=67400
  [67500/100000]  elapsed=21094s  rate=3.2/s  eta=10157s  finite=67500
  [67600/100000]  elapsed=21125s  rate=3.2/s  eta=10125s  finite=67600
  [67700/100000]  elapsed=21156s  rate=3.2/s  eta=10094s  finite=67700
  [67800/100000]  elapsed=21187s  rate=3.2/s  eta=10062s  finite=67800
  [67900/100000]  elapsed=21218s  rate=3.2/s  eta=10031s  finite=67900
  [68000/100000]  elapsed=21249s  rate=3.2/s  eta=10000s  finite=68000
  -> checkpoint saved: /scratch/e1498138/lhs/lhs_snr32_checkpoints_1e5_2/lhs_snr32_ckpt_068000.pkl
  [68100/100000]  elapsed=21281s  rate=3.2/s  eta=9969s  finite=68100
  [68200/100000]  elapsed=21312s  rate=3.2/s  eta=9937s  finite=68200
  [68300/100000]  elapsed=21344s  rate=3.2/s  eta=9906s  finite=68300
  [68400/100000]  elapsed=21376s  rate=3.2/s  eta=9876s  finite=68400
  [68500/100000]  elapsed=21407s  rate=3.2/s  eta=9844s  finite=68500
  [68600/100000]  elapsed=21439s  rate=3.2/s  eta=9813s  finite=68600
  [68700/100000]  elapsed=21469s  rate=3.2/s  eta=9781s  finite=68700
  [68800/100000]  elapsed=21499s  rate=3.2/s  eta=9749s  finite=68800
  [68900/100000]  elapsed=21529s  rate=3.2/s  eta=9718s  finite=68900
  [69000/100000]  elapsed=21560s  rate=3.2/s  eta=9686s  finite=69000
  -> checkpoint saved: /scratch/e1498138/lhs/lhs_snr32_checkpoints_1e5_2/lhs_snr32_ckpt_069000.pkl
  [69100/100000]  elapsed=21592s  rate=3.2/s  eta=9655s  finite=69100
  [69200/100000]  elapsed=21624s  rate=3.2/s  eta=9624s  finite=69200
  [69300/100000]  elapsed=21657s  rate=3.2/s  eta=9594s  finite=69300
  [69400/100000]  elapsed=21688s  rate=3.2/s  eta=9563s  finite=69400
  [69500/100000]  elapsed=21719s  rate=3.2/s  eta=9531s  finite=69500
  [69600/100000]  elapsed=21751s  rate=3.2/s  eta=9501s  finite=69600
  [69700/100000]  elapsed=21782s  rate=3.2/s  eta=9469s  finite=69700
  [69800/100000]  elapsed=21814s  rate=3.2/s  eta=9438s  finite=69800
  [69900/100000]  elapsed=21844s  rate=3.2/s  eta=9406s  finite=69900
  [70000/100000]  elapsed=21874s  rate=3.2/s  eta=9375s  finite=70000
  -> checkpoint saved: /scratch/e1498138/lhs/lhs_snr32_checkpoints_1e5_2/lhs_snr32_ckpt_070000.pkl
  [70100/100000]  elapsed=21906s  rate=3.2/s  eta=9344s  finite=70100
  [70200/100000]  elapsed=21938s  rate=3.2/s  eta=9313s  finite=70200
  [70300/100000]  elapsed=21968s  rate=3.2/s  eta=9281s  finite=70300
  [70400/100000]  elapsed=21999s  rate=3.2/s  eta=9250s  finite=70400
  [70500/100000]  elapsed=22032s  rate=3.2/s  eta=9219s  finite=70500
  [70600/100000]  elapsed=22063s  rate=3.2/s  eta=9188s  finite=70600
  [70700/100000]  elapsed=22094s  rate=3.2/s  eta=9156s  finite=70700
  [70800/100000]  elapsed=22125s  rate=3.2/s  eta=9125s  finite=70800
  [70900/100000]  elapsed=22156s  rate=3.2/s  eta=9094s  finite=70900
  [71000/100000]  elapsed=22187s  rate=3.2/s  eta=9062s  finite=71000
  -> checkpoint saved: /scratch/e1498138/lhs/lhs_snr32_checkpoints_1e5_2/lhs_snr32_ckpt_071000.pkl
  [71100/100000]  elapsed=22217s  rate=3.2/s  eta=9031s  finite=71100
  [71200/100000]  elapsed=22249s  rate=3.2/s  eta=9000s  finite=71200
  [71300/100000]  elapsed=22279s  rate=3.2/s  eta=8968s  finite=71300
  [71400/100000]  elapsed=22311s  rate=3.2/s  eta=8937s  finite=71400
  [71500/100000]  elapsed=22341s  rate=3.2/s  eta=8905s  finite=71500
  [71600/100000]  elapsed=22373s  rate=3.2/s  eta=8874s  finite=71600
  [71700/100000]  elapsed=22404s  rate=3.2/s  eta=8843s  finite=71700
  [71800/100000]  elapsed=22436s  rate=3.2/s  eta=8812s  finite=71800
  [71900/100000]  elapsed=22467s  rate=3.2/s  eta=8781s  finite=71900
  [72000/100000]  elapsed=22499s  rate=3.2/s  eta=8749s  finite=72000
  -> checkpoint saved: /scratch/e1498138/lhs/lhs_snr32_checkpoints_1e5_2/lhs_snr32_ckpt_072000.pkl
  [72100/100000]  elapsed=22530s  rate=3.2/s  eta=8718s  finite=72100
  [72200/100000]  elapsed=22561s  rate=3.2/s  eta=8687s  finite=72200
  [72300/100000]  elapsed=22592s  rate=3.2/s  eta=8656s  finite=72300
  [72400/100000]  elapsed=22624s  rate=3.2/s  eta=8625s  finite=72400
  [72500/100000]  elapsed=22655s  rate=3.2/s  eta=8593s  finite=72500
  [72600/100000]  elapsed=22686s  rate=3.2/s  eta=8562s  finite=72600
  [72700/100000]  elapsed=22716s  rate=3.2/s  eta=8530s  finite=72700
  [72800/100000]  elapsed=22747s  rate=3.2/s  eta=8499s  finite=72800
  [72900/100000]  elapsed=22778s  rate=3.2/s  eta=8467s  finite=72900
  [73000/100000]  elapsed=22808s  rate=3.2/s  eta=8436s  finite=73000
  -> checkpoint saved: /scratch/e1498138/lhs/lhs_snr32_checkpoints_1e5_2/lhs_snr32_ckpt_073000.pkl
  [73100/100000]  elapsed=22839s  rate=3.2/s  eta=8404s  finite=73100
  [73200/100000]  elapsed=22870s  rate=3.2/s  eta=8373s  finite=73200
  [73300/100000]  elapsed=22902s  rate=3.2/s  eta=8342s  finite=73300
  [73400/100000]  elapsed=22932s  rate=3.2/s  eta=8311s  finite=73400
  [73500/100000]  elapsed=22963s  rate=3.2/s  eta=8279s  finite=73500
  [73600/100000]  elapsed=22995s  rate=3.2/s  eta=8248s  finite=73600
  [73700/100000]  elapsed=23025s  rate=3.2/s  eta=8217s  finite=73700
  [73800/100000]  elapsed=23055s  rate=3.2/s  eta=8185s  finite=73800
  [73900/100000]  elapsed=23086s  rate=3.2/s  eta=8154s  finite=73900
  [74000/100000]  elapsed=23117s  rate=3.2/s  eta=8122s  finite=74000
  -> checkpoint saved: /scratch/e1498138/lhs/lhs_snr32_checkpoints_1e5_2/lhs_snr32_ckpt_074000.pkl
  [74100/100000]  elapsed=23148s  rate=3.2/s  eta=8091s  finite=74100
  [74200/100000]  elapsed=23179s  rate=3.2/s  eta=8060s  finite=74200
  [74300/100000]  elapsed=23209s  rate=3.2/s  eta=8028s  finite=74300
  [74400/100000]  elapsed=23241s  rate=3.2/s  eta=7997s  finite=74400
  [74500/100000]  elapsed=23272s  rate=3.2/s  eta=7966s  finite=74500
  [74600/100000]  elapsed=23303s  rate=3.2/s  eta=7934s  finite=74600
  [74700/100000]  elapsed=23334s  rate=3.2/s  eta=7903s  finite=74700
  [74800/100000]  elapsed=23365s  rate=3.2/s  eta=7871s  finite=74800
  [74900/100000]  elapsed=23396s  rate=3.2/s  eta=7840s  finite=74900
  [75000/100000]  elapsed=23427s  rate=3.2/s  eta=7809s  finite=75000
  -> checkpoint saved: /scratch/e1498138/lhs/lhs_snr32_checkpoints_1e5_2/lhs_snr32_ckpt_075000.pkl
  [75100/100000]  elapsed=23459s  rate=3.2/s  eta=7778s  finite=75100
  [75200/100000]  elapsed=23489s  rate=3.2/s  eta=7747s  finite=75200
  [75300/100000]  elapsed=23521s  rate=3.2/s  eta=7715s  finite=75300
  [75400/100000]  elapsed=23552s  rate=3.2/s  eta=7684s  finite=75400
  [75500/100000]  elapsed=23584s  rate=3.2/s  eta=7653s  finite=75500
  [75600/100000]  elapsed=23616s  rate=3.2/s  eta=7622s  finite=75600
  [75700/100000]  elapsed=23647s  rate=3.2/s  eta=7591s  finite=75700
  [75800/100000]  elapsed=23678s  rate=3.2/s  eta=7559s  finite=75800
  [75900/100000]  elapsed=23710s  rate=3.2/s  eta=7528s  finite=75900
  [76000/100000]  elapsed=23741s  rate=3.2/s  eta=7497s  finite=76000
  -> checkpoint saved: /scratch/e1498138/lhs/lhs_snr32_checkpoints_1e5_2/lhs_snr32_ckpt_076000.pkl
  [76100/100000]  elapsed=23772s  rate=3.2/s  eta=7466s  finite=76100
  [76200/100000]  elapsed=23804s  rate=3.2/s  eta=7435s  finite=76200
  [76300/100000]  elapsed=23835s  rate=3.2/s  eta=7404s  finite=76300
  [76400/100000]  elapsed=23867s  rate=3.2/s  eta=7372s  finite=76400
  [76500/100000]  elapsed=23897s  rate=3.2/s  eta=7341s  finite=76500
  [76600/100000]  elapsed=23928s  rate=3.2/s  eta=7310s  finite=76600
  [76700/100000]  elapsed=23959s  rate=3.2/s  eta=7278s  finite=76700
  [76800/100000]  elapsed=23991s  rate=3.2/s  eta=7247s  finite=76800
  [76900/100000]  elapsed=24022s  rate=3.2/s  eta=7216s  finite=76900
  [77000/100000]  elapsed=24053s  rate=3.2/s  eta=7185s  finite=77000
  -> checkpoint saved: /scratch/e1498138/lhs/lhs_snr32_checkpoints_1e5_2/lhs_snr32_ckpt_077000.pkl
  [77100/100000]  elapsed=24083s  rate=3.2/s  eta=7153s  finite=77100
  [77200/100000]  elapsed=24116s  rate=3.2/s  eta=7122s  finite=77200
  [77300/100000]  elapsed=24147s  rate=3.2/s  eta=7091s  finite=77300
  [77400/100000]  elapsed=24177s  rate=3.2/s  eta=7060s  finite=77400
  [77500/100000]  elapsed=24210s  rate=3.2/s  eta=7029s  finite=77500
  [77600/100000]  elapsed=24242s  rate=3.2/s  eta=6998s  finite=77600
  [77700/100000]  elapsed=24273s  rate=3.2/s  eta=6966s  finite=77700
  [77800/100000]  elapsed=24304s  rate=3.2/s  eta=6935s  finite=77800
  [77900/100000]  elapsed=24335s  rate=3.2/s  eta=6904s  finite=77900
  [78000/100000]  elapsed=24367s  rate=3.2/s  eta=6873s  finite=78000
  -> checkpoint saved: /scratch/e1498138/lhs/lhs_snr32_checkpoints_1e5_2/lhs_snr32_ckpt_078000.pkl
  [78100/100000]  elapsed=24398s  rate=3.2/s  eta=6841s  finite=78100
  [78200/100000]  elapsed=24428s  rate=3.2/s  eta=6810s  finite=78200
  [78300/100000]  elapsed=24458s  rate=3.2/s  eta=6778s  finite=78300
  [78400/100000]  elapsed=24490s  rate=3.2/s  eta=6747s  finite=78400
  [78500/100000]  elapsed=24520s  rate=3.2/s  eta=6716s  finite=78500
  [78600/100000]  elapsed=24551s  rate=3.2/s  eta=6684s  finite=78600
  [78700/100000]  elapsed=24583s  rate=3.2/s  eta=6653s  finite=78700
  [78800/100000]  elapsed=24614s  rate=3.2/s  eta=6622s  finite=78800
  [78900/100000]  elapsed=24644s  rate=3.2/s  eta=6591s  finite=78900
  [79000/100000]  elapsed=24675s  rate=3.2/s  eta=6559s  finite=79000
  -> checkpoint saved: /scratch/e1498138/lhs/lhs_snr32_checkpoints_1e5_2/lhs_snr32_ckpt_079000.pkl
  [79100/100000]  elapsed=24705s  rate=3.2/s  eta=6528s  finite=79100
  [79200/100000]  elapsed=24737s  rate=3.2/s  eta=6497s  finite=79200
  [79300/100000]  elapsed=24768s  rate=3.2/s  eta=6465s  finite=79300
  [79400/100000]  elapsed=24798s  rate=3.2/s  eta=6434s  finite=79400
  [79500/100000]  elapsed=24829s  rate=3.2/s  eta=6402s  finite=79500
  [79600/100000]  elapsed=24862s  rate=3.2/s  eta=6372s  finite=79600
  [79700/100000]  elapsed=24893s  rate=3.2/s  eta=6340s  finite=79700
  [79800/100000]  elapsed=24925s  rate=3.2/s  eta=6309s  finite=79800
  [79900/100000]  elapsed=24956s  rate=3.2/s  eta=6278s  finite=79900
  [80000/100000]  elapsed=24987s  rate=3.2/s  eta=6247s  finite=80000
  -> checkpoint saved: /scratch/e1498138/lhs/lhs_snr32_checkpoints_1e5_2/lhs_snr32_ckpt_080000.pkl
  [80100/100000]  elapsed=25018s  rate=3.2/s  eta=6216s  finite=80100
  [80200/100000]  elapsed=25049s  rate=3.2/s  eta=6184s  finite=80200
  [80300/100000]  elapsed=25081s  rate=3.2/s  eta=6153s  finite=80300
  [80400/100000]  elapsed=25112s  rate=3.2/s  eta=6122s  finite=80400
  [80500/100000]  elapsed=25142s  rate=3.2/s  eta=6090s  finite=80500
  [80600/100000]  elapsed=25172s  rate=3.2/s  eta=6059s  finite=80600
  [80700/100000]  elapsed=25204s  rate=3.2/s  eta=6028s  finite=80700
  [80800/100000]  elapsed=25236s  rate=3.2/s  eta=5997s  finite=80800
  [80900/100000]  elapsed=25269s  rate=3.2/s  eta=5966s  finite=80900
  [81000/100000]  elapsed=25301s  rate=3.2/s  eta=5935s  finite=81000
  -> checkpoint saved: /scratch/e1498138/lhs/lhs_snr32_checkpoints_1e5_2/lhs_snr32_ckpt_081000.pkl
  [81100/100000]  elapsed=25333s  rate=3.2/s  eta=5904s  finite=81100
  [81200/100000]  elapsed=25365s  rate=3.2/s  eta=5873s  finite=81200
  [81300/100000]  elapsed=25395s  rate=3.2/s  eta=5841s  finite=81300
  [81400/100000]  elapsed=25427s  rate=3.2/s  eta=5810s  finite=81400
  [81500/100000]  elapsed=25460s  rate=3.2/s  eta=5779s  finite=81500
  [81600/100000]  elapsed=25491s  rate=3.2/s  eta=5748s  finite=81600
  [81700/100000]  elapsed=25522s  rate=3.2/s  eta=5717s  finite=81700
  [81800/100000]  elapsed=25553s  rate=3.2/s  eta=5685s  finite=81800
  [81900/100000]  elapsed=25585s  rate=3.2/s  eta=5654s  finite=81900
  [82000/100000]  elapsed=25615s  rate=3.2/s  eta=5623s  finite=82000
  -> checkpoint saved: /scratch/e1498138/lhs/lhs_snr32_checkpoints_1e5_2/lhs_snr32_ckpt_082000.pkl
  [82100/100000]  elapsed=25645s  rate=3.2/s  eta=5591s  finite=82100
  [82200/100000]  elapsed=25676s  rate=3.2/s  eta=5560s  finite=82200
  [82300/100000]  elapsed=25706s  rate=3.2/s  eta=5529s  finite=82300
  [82400/100000]  elapsed=25739s  rate=3.2/s  eta=5498s  finite=82400
  [82500/100000]  elapsed=25769s  rate=3.2/s  eta=5466s  finite=82500
  [82600/100000]  elapsed=25801s  rate=3.2/s  eta=5435s  finite=82600
  [82700/100000]  elapsed=25833s  rate=3.2/s  eta=5404s  finite=82700
  [82800/100000]  elapsed=25865s  rate=3.2/s  eta=5373s  finite=82800
  [82900/100000]  elapsed=25897s  rate=3.2/s  eta=5342s  finite=82900
  [83000/100000]  elapsed=25928s  rate=3.2/s  eta=5311s  finite=83000
  -> checkpoint saved: /scratch/e1498138/lhs/lhs_snr32_checkpoints_1e5_2/lhs_snr32_ckpt_083000.pkl
  [83100/100000]  elapsed=25959s  rate=3.2/s  eta=5279s  finite=83100
  [83200/100000]  elapsed=25991s  rate=3.2/s  eta=5248s  finite=83200
  [83300/100000]  elapsed=26022s  rate=3.2/s  eta=5217s  finite=83300
  [83400/100000]  elapsed=26053s  rate=3.2/s  eta=5186s  finite=83400
  [83500/100000]  elapsed=26083s  rate=3.2/s  eta=5154s  finite=83500
  [83600/100000]  elapsed=26115s  rate=3.2/s  eta=5123s  finite=83600
  [83700/100000]  elapsed=26145s  rate=3.2/s  eta=5091s  finite=83700
  [83800/100000]  elapsed=26175s  rate=3.2/s  eta=5060s  finite=83800
  [83900/100000]  elapsed=26207s  rate=3.2/s  eta=5029s  finite=83900
  [84000/100000]  elapsed=26238s  rate=3.2/s  eta=4998s  finite=84000
  -> checkpoint saved: /scratch/e1498138/lhs/lhs_snr32_checkpoints_1e5_2/lhs_snr32_ckpt_084000.pkl
  [84100/100000]  elapsed=26269s  rate=3.2/s  eta=4967s  finite=84100
  [84200/100000]  elapsed=26301s  rate=3.2/s  eta=4935s  finite=84200
  [84300/100000]  elapsed=26331s  rate=3.2/s  eta=4904s  finite=84300
  [84400/100000]  elapsed=26361s  rate=3.2/s  eta=4872s  finite=84400
  [84500/100000]  elapsed=26392s  rate=3.2/s  eta=4841s  finite=84500
  [84600/100000]  elapsed=26423s  rate=3.2/s  eta=4810s  finite=84600
  [84700/100000]  elapsed=26455s  rate=3.2/s  eta=4779s  finite=84700
  [84800/100000]  elapsed=26486s  rate=3.2/s  eta=4747s  finite=84800
  [84900/100000]  elapsed=26517s  rate=3.2/s  eta=4716s  finite=84900
  [85000/100000]  elapsed=26548s  rate=3.2/s  eta=4685s  finite=85000
  -> checkpoint saved: /scratch/e1498138/lhs/lhs_snr32_checkpoints_1e5_2/lhs_snr32_ckpt_085000.pkl
  [85100/100000]  elapsed=26579s  rate=3.2/s  eta=4654s  finite=85100
  [85200/100000]  elapsed=26610s  rate=3.2/s  eta=4622s  finite=85200
  [85300/100000]  elapsed=26642s  rate=3.2/s  eta=4591s  finite=85300
  [85400/100000]  elapsed=26674s  rate=3.2/s  eta=4560s  finite=85400
  [85500/100000]  elapsed=26704s  rate=3.2/s  eta=4529s  finite=85500
  [85600/100000]  elapsed=26736s  rate=3.2/s  eta=4498s  finite=85600
  [85700/100000]  elapsed=26767s  rate=3.2/s  eta=4466s  finite=85700
  [85800/100000]  elapsed=26798s  rate=3.2/s  eta=4435s  finite=85800
  [85900/100000]  elapsed=26830s  rate=3.2/s  eta=4404s  finite=85900
  [86000/100000]  elapsed=26861s  rate=3.2/s  eta=4373s  finite=86000
  -> checkpoint saved: /scratch/e1498138/lhs/lhs_snr32_checkpoints_1e5_2/lhs_snr32_ckpt_086000.pkl
  [86100/100000]  elapsed=26894s  rate=3.2/s  eta=4342s  finite=86100
  [86200/100000]  elapsed=26924s  rate=3.2/s  eta=4310s  finite=86200
  [86300/100000]  elapsed=26955s  rate=3.2/s  eta=4279s  finite=86300
  [86400/100000]  elapsed=26988s  rate=3.2/s  eta=4248s  finite=86400
  [86500/100000]  elapsed=27018s  rate=3.2/s  eta=4217s  finite=86500
  [86600/100000]  elapsed=27049s  rate=3.2/s  eta=4185s  finite=86600
  [86700/100000]  elapsed=27080s  rate=3.2/s  eta=4154s  finite=86700
  [86800/100000]  elapsed=27110s  rate=3.2/s  eta=4123s  finite=86800
  [86900/100000]  elapsed=27143s  rate=3.2/s  eta=4092s  finite=86900
  [87000/100000]  elapsed=27173s  rate=3.2/s  eta=4060s  finite=87000
  -> checkpoint saved: /scratch/e1498138/lhs/lhs_snr32_checkpoints_1e5_2/lhs_snr32_ckpt_087000.pkl
  [87100/100000]  elapsed=27204s  rate=3.2/s  eta=4029s  finite=87100
  [87200/100000]  elapsed=27235s  rate=3.2/s  eta=3998s  finite=87200
  [87300/100000]  elapsed=27267s  rate=3.2/s  eta=3967s  finite=87300
  [87400/100000]  elapsed=27298s  rate=3.2/s  eta=3935s  finite=87400
  [87500/100000]  elapsed=27329s  rate=3.2/s  eta=3904s  finite=87500
  [87600/100000]  elapsed=27360s  rate=3.2/s  eta=3873s  finite=87600
  [87700/100000]  elapsed=27391s  rate=3.2/s  eta=3842s  finite=87700
  [87800/100000]  elapsed=27421s  rate=3.2/s  eta=3810s  finite=87800
  [87900/100000]  elapsed=27452s  rate=3.2/s  eta=3779s  finite=87900
  [88000/100000]  elapsed=27485s  rate=3.2/s  eta=3748s  finite=88000
  -> checkpoint saved: /scratch/e1498138/lhs/lhs_snr32_checkpoints_1e5_2/lhs_snr32_ckpt_088000.pkl
  [88100/100000]  elapsed=27516s  rate=3.2/s  eta=3717s  finite=88100
  [88200/100000]  elapsed=27546s  rate=3.2/s  eta=3685s  finite=88200
  [88300/100000]  elapsed=27577s  rate=3.2/s  eta=3654s  finite=88300
  [88400/100000]  elapsed=27608s  rate=3.2/s  eta=3623s  finite=88400
  [88500/100000]  elapsed=27640s  rate=3.2/s  eta=3592s  finite=88500
  [88600/100000]  elapsed=27671s  rate=3.2/s  eta=3560s  finite=88600
  [88700/100000]  elapsed=27701s  rate=3.2/s  eta=3529s  finite=88700
  [88800/100000]  elapsed=27732s  rate=3.2/s  eta=3498s  finite=88800
  [88900/100000]  elapsed=27764s  rate=3.2/s  eta=3467s  finite=88900
  [89000/100000]  elapsed=27793s  rate=3.2/s  eta=3435s  finite=89000
  -> checkpoint saved: /scratch/e1498138/lhs/lhs_snr32_checkpoints_1e5_2/lhs_snr32_ckpt_089000.pkl
  [89100/100000]  elapsed=27825s  rate=3.2/s  eta=3404s  finite=89100
  [89200/100000]  elapsed=27857s  rate=3.2/s  eta=3373s  finite=89200
  [89300/100000]  elapsed=27888s  rate=3.2/s  eta=3342s  finite=89300
  [89400/100000]  elapsed=27919s  rate=3.2/s  eta=3310s  finite=89400
  [89500/100000]  elapsed=27949s  rate=3.2/s  eta=3279s  finite=89500
  [89600/100000]  elapsed=27981s  rate=3.2/s  eta=3248s  finite=89600
  [89700/100000]  elapsed=28013s  rate=3.2/s  eta=3217s  finite=89700
  [89800/100000]  elapsed=28043s  rate=3.2/s  eta=3185s  finite=89800
  [89900/100000]  elapsed=28075s  rate=3.2/s  eta=3154s  finite=89900
  [90000/100000]  elapsed=28106s  rate=3.2/s  eta=3123s  finite=90000
  -> checkpoint saved: /scratch/e1498138/lhs/lhs_snr32_checkpoints_1e5_2/lhs_snr32_ckpt_090000.pkl
  [90100/100000]  elapsed=28137s  rate=3.2/s  eta=3092s  finite=90100
  [90200/100000]  elapsed=28168s  rate=3.2/s  eta=3060s  finite=90200
  [90300/100000]  elapsed=28200s  rate=3.2/s  eta=3029s  finite=90300
  [90400/100000]  elapsed=28232s  rate=3.2/s  eta=2998s  finite=90400
  [90500/100000]  elapsed=28263s  rate=3.2/s  eta=2967s  finite=90500
  [90600/100000]  elapsed=28294s  rate=3.2/s  eta=2936s  finite=90600
  [90700/100000]  elapsed=28325s  rate=3.2/s  eta=2904s  finite=90700
  [90800/100000]  elapsed=28356s  rate=3.2/s  eta=2873s  finite=90800
  [90900/100000]  elapsed=28387s  rate=3.2/s  eta=2842s  finite=90900
  [91000/100000]  elapsed=28419s  rate=3.2/s  eta=2811s  finite=91000
  -> checkpoint saved: /scratch/e1498138/lhs/lhs_snr32_checkpoints_1e5_2/lhs_snr32_ckpt_091000.pkl
  [91100/100000]  elapsed=28450s  rate=3.2/s  eta=2779s  finite=91100
  [91200/100000]  elapsed=28481s  rate=3.2/s  eta=2748s  finite=91200
  [91300/100000]  elapsed=28512s  rate=3.2/s  eta=2717s  finite=91300
  [91400/100000]  elapsed=28542s  rate=3.2/s  eta=2686s  finite=91400
  [91500/100000]  elapsed=28575s  rate=3.2/s  eta=2654s  finite=91500
  [91600/100000]  elapsed=28606s  rate=3.2/s  eta=2623s  finite=91600
  [91700/100000]  elapsed=28638s  rate=3.2/s  eta=2592s  finite=91700
  [91800/100000]  elapsed=28668s  rate=3.2/s  eta=2561s  finite=91800
  [91900/100000]  elapsed=28700s  rate=3.2/s  eta=2530s  finite=91900
  [92000/100000]  elapsed=28731s  rate=3.2/s  eta=2498s  finite=92000
  -> checkpoint saved: /scratch/e1498138/lhs/lhs_snr32_checkpoints_1e5_2/lhs_snr32_ckpt_092000.pkl
  [92100/100000]  elapsed=28762s  rate=3.2/s  eta=2467s  finite=92100
  [92200/100000]  elapsed=28795s  rate=3.2/s  eta=2436s  finite=92200
  [92300/100000]  elapsed=28826s  rate=3.2/s  eta=2405s  finite=92300
  [92400/100000]  elapsed=28857s  rate=3.2/s  eta=2374s  finite=92400
  [92500/100000]  elapsed=28890s  rate=3.2/s  eta=2342s  finite=92500
  [92600/100000]  elapsed=28921s  rate=3.2/s  eta=2311s  finite=92600
  [92700/100000]  elapsed=28953s  rate=3.2/s  eta=2280s  finite=92700
  [92800/100000]  elapsed=28985s  rate=3.2/s  eta=2249s  finite=92800
  [92900/100000]  elapsed=29015s  rate=3.2/s  eta=2218s  finite=92900
  [93000/100000]  elapsed=29046s  rate=3.2/s  eta=2186s  finite=93000
  -> checkpoint saved: /scratch/e1498138/lhs/lhs_snr32_checkpoints_1e5_2/lhs_snr32_ckpt_093000.pkl
  [93100/100000]  elapsed=29077s  rate=3.2/s  eta=2155s  finite=93100
  [93200/100000]  elapsed=29109s  rate=3.2/s  eta=2124s  finite=93200
  [93300/100000]  elapsed=29139s  rate=3.2/s  eta=2093s  finite=93300
  [93400/100000]  elapsed=29171s  rate=3.2/s  eta=2061s  finite=93400
  [93500/100000]  elapsed=29203s  rate=3.2/s  eta=2030s  finite=93500
  [93600/100000]  elapsed=29233s  rate=3.2/s  eta=1999s  finite=93600
  [93700/100000]  elapsed=29265s  rate=3.2/s  eta=1968s  finite=93700
  [93800/100000]  elapsed=29297s  rate=3.2/s  eta=1937s  finite=93800
  [93900/100000]  elapsed=29328s  rate=3.2/s  eta=1905s  finite=93900
  [94000/100000]  elapsed=29358s  rate=3.2/s  eta=1874s  finite=94000
  -> checkpoint saved: /scratch/e1498138/lhs/lhs_snr32_checkpoints_1e5_2/lhs_snr32_ckpt_094000.pkl
  [94100/100000]  elapsed=29389s  rate=3.2/s  eta=1843s  finite=94100
  [94200/100000]  elapsed=29419s  rate=3.2/s  eta=1811s  finite=94200
  [94300/100000]  elapsed=29450s  rate=3.2/s  eta=1780s  finite=94300
  [94400/100000]  elapsed=29481s  rate=3.2/s  eta=1749s  finite=94400
  [94500/100000]  elapsed=29512s  rate=3.2/s  eta=1718s  finite=94500
  [94600/100000]  elapsed=29542s  rate=3.2/s  eta=1686s  finite=94600
  [94700/100000]  elapsed=29573s  rate=3.2/s  eta=1655s  finite=94700
  [94800/100000]  elapsed=29604s  rate=3.2/s  eta=1624s  finite=94800
  [94900/100000]  elapsed=29633s  rate=3.2/s  eta=1593s  finite=94900
  [95000/100000]  elapsed=29663s  rate=3.2/s  eta=1561s  finite=95000
  -> checkpoint saved: /scratch/e1498138/lhs/lhs_snr32_checkpoints_1e5_2/lhs_snr32_ckpt_095000.pkl
  [95100/100000]  elapsed=29694s  rate=3.2/s  eta=1530s  finite=95100
  [95200/100000]  elapsed=29725s  rate=3.2/s  eta=1499s  finite=95200
  [95300/100000]  elapsed=29756s  rate=3.2/s  eta=1467s  finite=95300
  [95400/100000]  elapsed=29787s  rate=3.2/s  eta=1436s  finite=95400
  [95500/100000]  elapsed=29818s  rate=3.2/s  eta=1405s  finite=95500
  [95600/100000]  elapsed=29850s  rate=3.2/s  eta=1374s  finite=95600
  [95700/100000]  elapsed=29880s  rate=3.2/s  eta=1343s  finite=95700
  [95800/100000]  elapsed=29912s  rate=3.2/s  eta=1311s  finite=95800
  [95900/100000]  elapsed=29944s  rate=3.2/s  eta=1280s  finite=95900
  [96000/100000]  elapsed=29975s  rate=3.2/s  eta=1249s  finite=96000
  -> checkpoint saved: /scratch/e1498138/lhs/lhs_snr32_checkpoints_1e5_2/lhs_snr32_ckpt_096000.pkl
  [96100/100000]  elapsed=30005s  rate=3.2/s  eta=1218s  finite=96100
  [96200/100000]  elapsed=30037s  rate=3.2/s  eta=1186s  finite=96200
  [96300/100000]  elapsed=30068s  rate=3.2/s  eta=1155s  finite=96300
  [96400/100000]  elapsed=30099s  rate=3.2/s  eta=1124s  finite=96400
  [96500/100000]  elapsed=30131s  rate=3.2/s  eta=1093s  finite=96500
  [96600/100000]  elapsed=30161s  rate=3.2/s  eta=1062s  finite=96600
  [96700/100000]  elapsed=30191s  rate=3.2/s  eta=1030s  finite=96700
  [96800/100000]  elapsed=30222s  rate=3.2/s  eta=999s  finite=96800
  [96900/100000]  elapsed=30253s  rate=3.2/s  eta=968s  finite=96900
  [97000/100000]  elapsed=30284s  rate=3.2/s  eta=937s  finite=97000
  -> checkpoint saved: /scratch/e1498138/lhs/lhs_snr32_checkpoints_1e5_2/lhs_snr32_ckpt_097000.pkl
  [97100/100000]  elapsed=30315s  rate=3.2/s  eta=905s  finite=97100
  [97200/100000]  elapsed=30346s  rate=3.2/s  eta=874s  finite=97200
  [97300/100000]  elapsed=30376s  rate=3.2/s  eta=843s  finite=97300
  [97400/100000]  elapsed=30408s  rate=3.2/s  eta=812s  finite=97400
  [97500/100000]  elapsed=30441s  rate=3.2/s  eta=781s  finite=97500
  [97600/100000]  elapsed=30472s  rate=3.2/s  eta=749s  finite=97600
  [97700/100000]  elapsed=30503s  rate=3.2/s  eta=718s  finite=97700
  [97800/100000]  elapsed=30533s  rate=3.2/s  eta=687s  finite=97800
  [97900/100000]  elapsed=30564s  rate=3.2/s  eta=656s  finite=97900
  [98000/100000]  elapsed=30594s  rate=3.2/s  eta=624s  finite=98000
  -> checkpoint saved: /scratch/e1498138/lhs/lhs_snr32_checkpoints_1e5_2/lhs_snr32_ckpt_098000.pkl
  [98100/100000]  elapsed=30625s  rate=3.2/s  eta=593s  finite=98100
  [98200/100000]  elapsed=30656s  rate=3.2/s  eta=562s  finite=98200
  [98300/100000]  elapsed=30689s  rate=3.2/s  eta=531s  finite=98300
  [98400/100000]  elapsed=30720s  rate=3.2/s  eta=500s  finite=98400
  [98500/100000]  elapsed=30751s  rate=3.2/s  eta=468s  finite=98500
  [98600/100000]  elapsed=30782s  rate=3.2/s  eta=437s  finite=98600
  [98700/100000]  elapsed=30813s  rate=3.2/s  eta=406s  finite=98700
  [98800/100000]  elapsed=30844s  rate=3.2/s  eta=375s  finite=98800
  [98900/100000]  elapsed=30875s  rate=3.2/s  eta=343s  finite=98900
  [99000/100000]  elapsed=30906s  rate=3.2/s  eta=312s  finite=99000
  -> checkpoint saved: /scratch/e1498138/lhs/lhs_snr32_checkpoints_1e5_2/lhs_snr32_ckpt_099000.pkl
  [99100/100000]  elapsed=30937s  rate=3.2/s  eta=281s  finite=99100
  [99200/100000]  elapsed=30968s  rate=3.2/s  eta=250s  finite=99200
  [99300/100000]  elapsed=30999s  rate=3.2/s  eta=219s  finite=99300
  [99400/100000]  elapsed=31032s  rate=3.2/s  eta=187s  finite=99400
  [99500/100000]  elapsed=31063s  rate=3.2/s  eta=156s  finite=99500
  [99600/100000]  elapsed=31094s  rate=3.2/s  eta=125s  finite=99600
  [99700/100000]  elapsed=31126s  rate=3.2/s  eta=94s  finite=99700
  [99800/100000]  elapsed=31157s  rate=3.2/s  eta=62s  finite=99800
  [99900/100000]  elapsed=31187s  rate=3.2/s  eta=31s  finite=99900
  [100000/100000]  elapsed=31217s  rate=3.2/s  eta=0s  finite=100000
  -> checkpoint saved: /scratch/e1498138/lhs/lhs_snr32_checkpoints_1e5_2/lhs_snr32_ckpt_100000.pkl

Done!  Final output: /scratch/e1498138/lhs/lhs_snr32_1e5_2.pkl
Total finite evaluations: 100000 / 100000
Job completed at Tue Apr 28 07:21:41 PM +08 2026
