dt=10s  T=0.25yr
Building waveform generators...
Initializing loglike...
SNR = 5.942134448355127
Evaluating 100000 remaining samples in 1000 batches of 100  (checkpoint every 10 batches)
  [100/100000]  elapsed=32s  rate=3.2/s  eta=31625s  finite=100
  [200/100000]  elapsed=65s  rate=3.1/s  eta=32252s  finite=200
  [300/100000]  elapsed=97s  rate=3.1/s  eta=32127s  finite=300
  [400/100000]  elapsed=128s  rate=3.1/s  eta=31957s  finite=400
  [500/100000]  elapsed=160s  rate=3.1/s  eta=31863s  finite=500
  [600/100000]  elapsed=191s  rate=3.1/s  eta=31675s  finite=600
  [700/100000]  elapsed=224s  rate=3.1/s  eta=31760s  finite=700
  [800/100000]  elapsed=257s  rate=3.1/s  eta=31822s  finite=800
  [900/100000]  elapsed=288s  rate=3.1/s  eta=31675s  finite=900
  [1000/100000]  elapsed=320s  rate=3.1/s  eta=31636s  finite=1000
  -> checkpoint saved: /scratch/e1498138/lhs/lhs_snr32_checkpoints_1e5_3/lhs_snr32_ckpt_001000.pkl
  [1100/100000]  elapsed=351s  rate=3.1/s  eta=31529s  finite=1100
  [1200/100000]  elapsed=383s  rate=3.1/s  eta=31499s  finite=1200
  [1300/100000]  elapsed=415s  rate=3.1/s  eta=31527s  finite=1300
  [1400/100000]  elapsed=448s  rate=3.1/s  eta=31584s  finite=1400
  [1500/100000]  elapsed=480s  rate=3.1/s  eta=31527s  finite=1500
  [1600/100000]  elapsed=512s  rate=3.1/s  eta=31491s  finite=1600
  [1700/100000]  elapsed=546s  rate=3.1/s  eta=31601s  finite=1700
  [1800/100000]  elapsed=580s  rate=3.1/s  eta=31626s  finite=1800
  [1900/100000]  elapsed=613s  rate=3.1/s  eta=31624s  finite=1900
  [2000/100000]  elapsed=645s  rate=3.1/s  eta=31611s  finite=2000
  -> checkpoint saved: /scratch/e1498138/lhs/lhs_snr32_checkpoints_1e5_3/lhs_snr32_ckpt_002000.pkl
  [2100/100000]  elapsed=678s  rate=3.1/s  eta=31611s  finite=2100
  [2200/100000]  elapsed=710s  rate=3.1/s  eta=31580s  finite=2200
  [2300/100000]  elapsed=744s  rate=3.1/s  eta=31584s  finite=2300
  [2400/100000]  elapsed=777s  rate=3.1/s  eta=31607s  finite=2400
  [2500/100000]  elapsed=809s  rate=3.1/s  eta=31546s  finite=2500
  [2600/100000]  elapsed=841s  rate=3.1/s  eta=31501s  finite=2600
  [2700/100000]  elapsed=872s  rate=3.1/s  eta=31435s  finite=2700
  [2800/100000]  elapsed=903s  rate=3.1/s  eta=31357s  finite=2800
  [2900/100000]  elapsed=934s  rate=3.1/s  eta=31272s  finite=2900
  [3000/100000]  elapsed=966s  rate=3.1/s  eta=31232s  finite=3000
  -> checkpoint saved: /scratch/e1498138/lhs/lhs_snr32_checkpoints_1e5_3/lhs_snr32_ckpt_003000.pkl
  [3100/100000]  elapsed=998s  rate=3.1/s  eta=31187s  finite=3100
  [3200/100000]  elapsed=1029s  rate=3.1/s  eta=31122s  finite=3200
  [3300/100000]  elapsed=1060s  rate=3.1/s  eta=31056s  finite=3300
  [3400/100000]  elapsed=1091s  rate=3.1/s  eta=30997s  finite=3400
  [3500/100000]  elapsed=1122s  rate=3.1/s  eta=30939s  finite=3500
  [3600/100000]  elapsed=1154s  rate=3.1/s  eta=30892s  finite=3600
  [3700/100000]  elapsed=1185s  rate=3.1/s  eta=30836s  finite=3700
  [3800/100000]  elapsed=1218s  rate=3.1/s  eta=30840s  finite=3800
  [3900/100000]  elapsed=1249s  rate=3.1/s  eta=30783s  finite=3900
  [4000/100000]  elapsed=1281s  rate=3.1/s  eta=30741s  finite=4000
  -> checkpoint saved: /scratch/e1498138/lhs/lhs_snr32_checkpoints_1e5_3/lhs_snr32_ckpt_004000.pkl
  [4100/100000]  elapsed=1313s  rate=3.1/s  eta=30703s  finite=4100
  [4200/100000]  elapsed=1346s  rate=3.1/s  eta=30694s  finite=4200
  [4300/100000]  elapsed=1377s  rate=3.1/s  eta=30643s  finite=4300
  [4400/100000]  elapsed=1408s  rate=3.1/s  eta=30602s  finite=4400
  [4500/100000]  elapsed=1441s  rate=3.1/s  eta=30582s  finite=4500
  [4600/100000]  elapsed=1473s  rate=3.1/s  eta=30539s  finite=4600
  [4700/100000]  elapsed=1504s  rate=3.1/s  eta=30504s  finite=4700
  [4800/100000]  elapsed=1535s  rate=3.1/s  eta=30453s  finite=4800
  [4900/100000]  elapsed=1568s  rate=3.1/s  eta=30435s  finite=4900
  [5000/100000]  elapsed=1599s  rate=3.1/s  eta=30390s  finite=5000
  -> checkpoint saved: /scratch/e1498138/lhs/lhs_snr32_checkpoints_1e5_3/lhs_snr32_ckpt_005000.pkl
  [5100/100000]  elapsed=1633s  rate=3.1/s  eta=30390s  finite=5100
  [5200/100000]  elapsed=1666s  rate=3.1/s  eta=30366s  finite=5200
  [5300/100000]  elapsed=1697s  rate=3.1/s  eta=30324s  finite=5300
  [5400/100000]  elapsed=1730s  rate=3.1/s  eta=30316s  finite=5400
  [5500/100000]  elapsed=1763s  rate=3.1/s  eta=30289s  finite=5500
  [5600/100000]  elapsed=1794s  rate=3.1/s  eta=30240s  finite=5600
  [5700/100000]  elapsed=1825s  rate=3.1/s  eta=30187s  finite=5700
  [5800/100000]  elapsed=1858s  rate=3.1/s  eta=30178s  finite=5800
  [5900/100000]  elapsed=1889s  rate=3.1/s  eta=30125s  finite=5900
  [6000/100000]  elapsed=1921s  rate=3.1/s  eta=30091s  finite=6000
  -> checkpoint saved: /scratch/e1498138/lhs/lhs_snr32_checkpoints_1e5_3/lhs_snr32_ckpt_006000.pkl
  [6100/100000]  elapsed=1951s  rate=3.1/s  eta=30038s  finite=6100
  [6200/100000]  elapsed=1982s  rate=3.1/s  eta=29988s  finite=6200
  [6300/100000]  elapsed=2014s  rate=3.1/s  eta=29950s  finite=6300
  [6400/100000]  elapsed=2044s  rate=3.1/s  eta=29900s  finite=6400
  [6500/100000]  elapsed=2076s  rate=3.1/s  eta=29856s  finite=6500
  [6600/100000]  elapsed=2107s  rate=3.1/s  eta=29816s  finite=6600
  [6700/100000]  elapsed=2139s  rate=3.1/s  eta=29780s  finite=6700
  [6800/100000]  elapsed=2169s  rate=3.1/s  eta=29733s  finite=6800
  [6900/100000]  elapsed=2200s  rate=3.1/s  eta=29690s  finite=6900
  [7000/100000]  elapsed=2232s  rate=3.1/s  eta=29658s  finite=7000
  -> checkpoint saved: /scratch/e1498138/lhs/lhs_snr32_checkpoints_1e5_3/lhs_snr32_ckpt_007000.pkl
  [7100/100000]  elapsed=2265s  rate=3.1/s  eta=29634s  finite=7100
  [7200/100000]  elapsed=2296s  rate=3.1/s  eta=29598s  finite=7200
  [7300/100000]  elapsed=2327s  rate=3.1/s  eta=29552s  finite=7300
  [7400/100000]  elapsed=2359s  rate=3.1/s  eta=29514s  finite=7400
  [7500/100000]  elapsed=2391s  rate=3.1/s  eta=29486s  finite=7500
  [7600/100000]  elapsed=2423s  rate=3.1/s  eta=29454s  finite=7600
  [7700/100000]  elapsed=2455s  rate=3.1/s  eta=29431s  finite=7700
  [7800/100000]  elapsed=2487s  rate=3.1/s  eta=29396s  finite=7800
  [7900/100000]  elapsed=2519s  rate=3.1/s  eta=29372s  finite=7900
  [8000/100000]  elapsed=2551s  rate=3.1/s  eta=29336s  finite=8000
  -> checkpoint saved: /scratch/e1498138/lhs/lhs_snr32_checkpoints_1e5_3/lhs_snr32_ckpt_008000.pkl
  [8100/100000]  elapsed=2584s  rate=3.1/s  eta=29317s  finite=8100
  [8200/100000]  elapsed=2616s  rate=3.1/s  eta=29282s  finite=8200
  [8300/100000]  elapsed=2646s  rate=3.1/s  eta=29232s  finite=8300
  [8400/100000]  elapsed=2677s  rate=3.1/s  eta=29192s  finite=8400
  [8500/100000]  elapsed=2709s  rate=3.1/s  eta=29157s  finite=8500
  [8600/100000]  elapsed=2741s  rate=3.1/s  eta=29131s  finite=8600
  [8700/100000]  elapsed=2773s  rate=3.1/s  eta=29100s  finite=8700
  [8800/100000]  elapsed=2805s  rate=3.1/s  eta=29067s  finite=8800
  [8900/100000]  elapsed=2836s  rate=3.1/s  eta=29025s  finite=8900
  [9000/100000]  elapsed=2867s  rate=3.1/s  eta=28984s  finite=9000
  -> checkpoint saved: /scratch/e1498138/lhs/lhs_snr32_checkpoints_1e5_3/lhs_snr32_ckpt_009000.pkl
  [9100/100000]  elapsed=2898s  rate=3.1/s  eta=28950s  finite=9100
  [9200/100000]  elapsed=2930s  rate=3.1/s  eta=28920s  finite=9200
  [9300/100000]  elapsed=2962s  rate=3.1/s  eta=28884s  finite=9300
  [9400/100000]  elapsed=2994s  rate=3.1/s  eta=28852s  finite=9400
  [9500/100000]  elapsed=3025s  rate=3.1/s  eta=28813s  finite=9500
  [9600/100000]  elapsed=3056s  rate=3.1/s  eta=28777s  finite=9600
  [9700/100000]  elapsed=3088s  rate=3.1/s  eta=28744s  finite=9700
  [9800/100000]  elapsed=3119s  rate=3.1/s  eta=28708s  finite=9800
  [9900/100000]  elapsed=3150s  rate=3.1/s  eta=28667s  finite=9900
  [10000/100000]  elapsed=3182s  rate=3.1/s  eta=28634s  finite=10000
  -> checkpoint saved: /scratch/e1498138/lhs/lhs_snr32_checkpoints_1e5_3/lhs_snr32_ckpt_010000.pkl
  [10100/100000]  elapsed=3212s  rate=3.1/s  eta=28591s  finite=10100
  [10200/100000]  elapsed=3244s  rate=3.1/s  eta=28559s  finite=10200
  [10300/100000]  elapsed=3276s  rate=3.1/s  eta=28529s  finite=10300
  [10400/100000]  elapsed=3308s  rate=3.1/s  eta=28501s  finite=10400
  [10500/100000]  elapsed=3339s  rate=3.1/s  eta=28463s  finite=10500
  [10600/100000]  elapsed=3373s  rate=3.1/s  eta=28447s  finite=10600
  [10700/100000]  elapsed=3404s  rate=3.1/s  eta=28408s  finite=10700
  [10800/100000]  elapsed=3436s  rate=3.1/s  eta=28379s  finite=10800
  [10900/100000]  elapsed=3467s  rate=3.1/s  eta=28338s  finite=10900
  [11000/100000]  elapsed=3499s  rate=3.1/s  eta=28314s  finite=11000
  -> checkpoint saved: /scratch/e1498138/lhs/lhs_snr32_checkpoints_1e5_3/lhs_snr32_ckpt_011000.pkl
  [11100/100000]  elapsed=3532s  rate=3.1/s  eta=28290s  finite=11100
  [11200/100000]  elapsed=3564s  rate=3.1/s  eta=28256s  finite=11200
  [11300/100000]  elapsed=3594s  rate=3.1/s  eta=28212s  finite=11300
  [11400/100000]  elapsed=3626s  rate=3.1/s  eta=28180s  finite=11400
  [11500/100000]  elapsed=3657s  rate=3.1/s  eta=28140s  finite=11500
  [11600/100000]  elapsed=3687s  rate=3.1/s  eta=28100s  finite=11600
  [11700/100000]  elapsed=3719s  rate=3.1/s  eta=28069s  finite=11700
  [11800/100000]  elapsed=3752s  rate=3.1/s  eta=28041s  finite=11800
  [11900/100000]  elapsed=3783s  rate=3.1/s  eta=28007s  finite=11900
  [12000/100000]  elapsed=3816s  rate=3.1/s  eta=27985s  finite=12000
  -> checkpoint saved: /scratch/e1498138/lhs/lhs_snr32_checkpoints_1e5_3/lhs_snr32_ckpt_012000.pkl
  [12100/100000]  elapsed=3847s  rate=3.1/s  eta=27949s  finite=12100
  [12200/100000]  elapsed=3880s  rate=3.1/s  eta=27923s  finite=12200
  [12300/100000]  elapsed=3913s  rate=3.1/s  eta=27898s  finite=12300
  [12400/100000]  elapsed=3944s  rate=3.1/s  eta=27866s  finite=12400
  [12500/100000]  elapsed=3977s  rate=3.1/s  eta=27837s  finite=12500
  [12600/100000]  elapsed=4008s  rate=3.1/s  eta=27799s  finite=12600
  [12700/100000]  elapsed=4039s  rate=3.1/s  eta=27761s  finite=12700
  [12800/100000]  elapsed=4071s  rate=3.1/s  eta=27737s  finite=12800
  [12900/100000]  elapsed=4103s  rate=3.1/s  eta=27706s  finite=12900
  [13000/100000]  elapsed=4135s  rate=3.1/s  eta=27676s  finite=13000
  -> checkpoint saved: /scratch/e1498138/lhs/lhs_snr32_checkpoints_1e5_3/lhs_snr32_ckpt_013000.pkl
  [13100/100000]  elapsed=4168s  rate=3.1/s  eta=27650s  finite=13100
  [13200/100000]  elapsed=4200s  rate=3.1/s  eta=27620s  finite=13200
  [13300/100000]  elapsed=4232s  rate=3.1/s  eta=27586s  finite=13300
  [13400/100000]  elapsed=4262s  rate=3.1/s  eta=27546s  finite=13400
  [13500/100000]  elapsed=4295s  rate=3.1/s  eta=27517s  finite=13500
  [13600/100000]  elapsed=4327s  rate=3.1/s  eta=27488s  finite=13600
  [13700/100000]  elapsed=4357s  rate=3.1/s  eta=27445s  finite=13700
  [13800/100000]  elapsed=4390s  rate=3.1/s  eta=27424s  finite=13800
  [13900/100000]  elapsed=4423s  rate=3.1/s  eta=27397s  finite=13900
  [14000/100000]  elapsed=4454s  rate=3.1/s  eta=27363s  finite=14000
  -> checkpoint saved: /scratch/e1498138/lhs/lhs_snr32_checkpoints_1e5_3/lhs_snr32_ckpt_014000.pkl
  [14100/100000]  elapsed=4486s  rate=3.1/s  eta=27330s  finite=14100
  [14200/100000]  elapsed=4516s  rate=3.1/s  eta=27289s  finite=14200
  [14300/100000]  elapsed=4550s  rate=3.1/s  eta=27265s  finite=14300
  [14400/100000]  elapsed=4581s  rate=3.1/s  eta=27232s  finite=14400
  [14500/100000]  elapsed=4612s  rate=3.1/s  eta=27192s  finite=14500
  [14600/100000]  elapsed=4642s  rate=3.1/s  eta=27153s  finite=14600
  [14700/100000]  elapsed=4673s  rate=3.1/s  eta=27115s  finite=14700
  [14800/100000]  elapsed=4706s  rate=3.1/s  eta=27092s  finite=14800
  [14900/100000]  elapsed=4739s  rate=3.1/s  eta=27065s  finite=14900
  [15000/100000]  elapsed=4770s  rate=3.1/s  eta=27032s  finite=15000
  -> checkpoint saved: /scratch/e1498138/lhs/lhs_snr32_checkpoints_1e5_3/lhs_snr32_ckpt_015000.pkl
  [15100/100000]  elapsed=4803s  rate=3.1/s  eta=27007s  finite=15100
  [15200/100000]  elapsed=4835s  rate=3.1/s  eta=26975s  finite=15200
  [15300/100000]  elapsed=4866s  rate=3.1/s  eta=26940s  finite=15300
  [15400/100000]  elapsed=4897s  rate=3.1/s  eta=26904s  finite=15400
  [15500/100000]  elapsed=4929s  rate=3.1/s  eta=26869s  finite=15500
  [15600/100000]  elapsed=4960s  rate=3.1/s  eta=26837s  finite=15600
  [15700/100000]  elapsed=4993s  rate=3.1/s  eta=26809s  finite=15700
  [15800/100000]  elapsed=5026s  rate=3.1/s  eta=26782s  finite=15800
  [15900/100000]  elapsed=5057s  rate=3.1/s  eta=26749s  finite=15900
  [16000/100000]  elapsed=5088s  rate=3.1/s  eta=26711s  finite=16000
  -> checkpoint saved: /scratch/e1498138/lhs/lhs_snr32_checkpoints_1e5_3/lhs_snr32_ckpt_016000.pkl
  [16100/100000]  elapsed=5119s  rate=3.1/s  eta=26674s  finite=16100
  [16200/100000]  elapsed=5150s  rate=3.1/s  eta=26642s  finite=16200
  [16300/100000]  elapsed=5183s  rate=3.1/s  eta=26616s  finite=16300
  [16400/100000]  elapsed=5215s  rate=3.1/s  eta=26583s  finite=16400
  [16500/100000]  elapsed=5245s  rate=3.1/s  eta=26544s  finite=16500
  [16600/100000]  elapsed=5277s  rate=3.1/s  eta=26514s  finite=16600
  [16700/100000]  elapsed=5308s  rate=3.1/s  eta=26479s  finite=16700
  [16800/100000]  elapsed=5341s  rate=3.1/s  eta=26451s  finite=16800
  [16900/100000]  elapsed=5373s  rate=3.1/s  eta=26422s  finite=16900
  [17000/100000]  elapsed=5404s  rate=3.1/s  eta=26384s  finite=17000
  -> checkpoint saved: /scratch/e1498138/lhs/lhs_snr32_checkpoints_1e5_3/lhs_snr32_ckpt_017000.pkl
  [17100/100000]  elapsed=5435s  rate=3.1/s  eta=26350s  finite=17100
  [17200/100000]  elapsed=5467s  rate=3.1/s  eta=26320s  finite=17200
  [17300/100000]  elapsed=5499s  rate=3.1/s  eta=26287s  finite=17300
  [17400/100000]  elapsed=5532s  rate=3.1/s  eta=26259s  finite=17400
  [17500/100000]  elapsed=5563s  rate=3.1/s  eta=26227s  finite=17500
  [17600/100000]  elapsed=5594s  rate=3.1/s  eta=26192s  finite=17600
  [17700/100000]  elapsed=5626s  rate=3.1/s  eta=26158s  finite=17700
  [17800/100000]  elapsed=5658s  rate=3.1/s  eta=26127s  finite=17800
  [17900/100000]  elapsed=5689s  rate=3.1/s  eta=26094s  finite=17900
  [18000/100000]  elapsed=5721s  rate=3.1/s  eta=26062s  finite=18000
  -> checkpoint saved: /scratch/e1498138/lhs/lhs_snr32_checkpoints_1e5_3/lhs_snr32_ckpt_018000.pkl
  [18100/100000]  elapsed=5752s  rate=3.1/s  eta=26028s  finite=18100
  [18200/100000]  elapsed=5783s  rate=3.1/s  eta=25993s  finite=18200
  [18300/100000]  elapsed=5815s  rate=3.1/s  eta=25960s  finite=18300
  [18400/100000]  elapsed=5848s  rate=3.1/s  eta=25935s  finite=18400
  [18500/100000]  elapsed=5880s  rate=3.1/s  eta=25902s  finite=18500
  [18600/100000]  elapsed=5912s  rate=3.1/s  eta=25871s  finite=18600
  [18700/100000]  elapsed=5943s  rate=3.1/s  eta=25838s  finite=18700
  [18800/100000]  elapsed=5976s  rate=3.1/s  eta=25811s  finite=18800
  [18900/100000]  elapsed=6007s  rate=3.1/s  eta=25777s  finite=18900
  [19000/100000]  elapsed=6039s  rate=3.1/s  eta=25743s  finite=19000
  -> checkpoint saved: /scratch/e1498138/lhs/lhs_snr32_checkpoints_1e5_3/lhs_snr32_ckpt_019000.pkl
  [19100/100000]  elapsed=6070s  rate=3.1/s  eta=25712s  finite=19100
  [19200/100000]  elapsed=6101s  rate=3.1/s  eta=25675s  finite=19200
  [19300/100000]  elapsed=6132s  rate=3.1/s  eta=25640s  finite=19300
  [19400/100000]  elapsed=6164s  rate=3.1/s  eta=25608s  finite=19400
  [19500/100000]  elapsed=6195s  rate=3.1/s  eta=25576s  finite=19500
  [19600/100000]  elapsed=6228s  rate=3.1/s  eta=25549s  finite=19600
  [19700/100000]  elapsed=6260s  rate=3.1/s  eta=25516s  finite=19700
  [19800/100000]  elapsed=6291s  rate=3.1/s  eta=25484s  finite=19800
  [19900/100000]  elapsed=6324s  rate=3.1/s  eta=25453s  finite=19900
  [20000/100000]  elapsed=6354s  rate=3.1/s  eta=25418s  finite=20000
  -> checkpoint saved: /scratch/e1498138/lhs/lhs_snr32_checkpoints_1e5_3/lhs_snr32_ckpt_020000.pkl
  [20100/100000]  elapsed=6386s  rate=3.1/s  eta=25387s  finite=20100
  [20200/100000]  elapsed=6418s  rate=3.1/s  eta=25353s  finite=20200
  [20300/100000]  elapsed=6449s  rate=3.1/s  eta=25320s  finite=20300
  [20400/100000]  elapsed=6483s  rate=3.1/s  eta=25295s  finite=20400
  [20500/100000]  elapsed=6513s  rate=3.1/s  eta=25259s  finite=20500
  [20600/100000]  elapsed=6544s  rate=3.1/s  eta=25224s  finite=20600
  [20700/100000]  elapsed=6577s  rate=3.1/s  eta=25195s  finite=20700
  [20800/100000]  elapsed=6607s  rate=3.1/s  eta=25157s  finite=20800
  [20900/100000]  elapsed=6638s  rate=3.1/s  eta=25124s  finite=20900
  [21000/100000]  elapsed=6670s  rate=3.1/s  eta=25093s  finite=21000
  -> checkpoint saved: /scratch/e1498138/lhs/lhs_snr32_checkpoints_1e5_3/lhs_snr32_ckpt_021000.pkl
  [21100/100000]  elapsed=6702s  rate=3.1/s  eta=25062s  finite=21100
  [21200/100000]  elapsed=6734s  rate=3.1/s  eta=25030s  finite=21200
  [21300/100000]  elapsed=6766s  rate=3.1/s  eta=24999s  finite=21300
  [21400/100000]  elapsed=6798s  rate=3.1/s  eta=24968s  finite=21400
  [21500/100000]  elapsed=6830s  rate=3.1/s  eta=24936s  finite=21500
  [21600/100000]  elapsed=6863s  rate=3.1/s  eta=24908s  finite=21600
  [21700/100000]  elapsed=6894s  rate=3.1/s  eta=24874s  finite=21700
  [21800/100000]  elapsed=6926s  rate=3.1/s  eta=24843s  finite=21800
  [21900/100000]  elapsed=6957s  rate=3.1/s  eta=24810s  finite=21900
  [22000/100000]  elapsed=6989s  rate=3.1/s  eta=24780s  finite=22000
  -> checkpoint saved: /scratch/e1498138/lhs/lhs_snr32_checkpoints_1e5_3/lhs_snr32_ckpt_022000.pkl
  [22100/100000]  elapsed=7022s  rate=3.1/s  eta=24752s  finite=22100
  [22200/100000]  elapsed=7054s  rate=3.1/s  eta=24720s  finite=22200
  [22300/100000]  elapsed=7085s  rate=3.1/s  eta=24688s  finite=22300
  [22400/100000]  elapsed=7116s  rate=3.1/s  eta=24651s  finite=22400
  [22500/100000]  elapsed=7147s  rate=3.1/s  eta=24619s  finite=22500
  [22600/100000]  elapsed=7178s  rate=3.1/s  eta=24583s  finite=22600
  [22700/100000]  elapsed=7209s  rate=3.1/s  eta=24548s  finite=22700
  [22800/100000]  elapsed=7240s  rate=3.1/s  eta=24515s  finite=22800
  [22900/100000]  elapsed=7271s  rate=3.1/s  eta=24480s  finite=22900
  [23000/100000]  elapsed=7302s  rate=3.1/s  eta=24446s  finite=23000
  -> checkpoint saved: /scratch/e1498138/lhs/lhs_snr32_checkpoints_1e5_3/lhs_snr32_ckpt_023000.pkl
  [23100/100000]  elapsed=7333s  rate=3.2/s  eta=24412s  finite=23100
  [23200/100000]  elapsed=7367s  rate=3.1/s  eta=24387s  finite=23200
  [23300/100000]  elapsed=7399s  rate=3.1/s  eta=24356s  finite=23300
  [23400/100000]  elapsed=7430s  rate=3.1/s  eta=24323s  finite=23400
  [23500/100000]  elapsed=7461s  rate=3.1/s  eta=24287s  finite=23500
  [23600/100000]  elapsed=7492s  rate=3.1/s  eta=24255s  finite=23600
  [23700/100000]  elapsed=7525s  rate=3.1/s  eta=24227s  finite=23700
  [23800/100000]  elapsed=7558s  rate=3.1/s  eta=24197s  finite=23800
  [23900/100000]  elapsed=7590s  rate=3.1/s  eta=24166s  finite=23900
  [24000/100000]  elapsed=7621s  rate=3.1/s  eta=24132s  finite=24000
  -> checkpoint saved: /scratch/e1498138/lhs/lhs_snr32_checkpoints_1e5_3/lhs_snr32_ckpt_024000.pkl
  [24100/100000]  elapsed=7653s  rate=3.1/s  eta=24103s  finite=24100
  [24200/100000]  elapsed=7685s  rate=3.1/s  eta=24072s  finite=24200
  [24300/100000]  elapsed=7718s  rate=3.1/s  eta=24043s  finite=24300
  [24400/100000]  elapsed=7749s  rate=3.1/s  eta=24011s  finite=24400
  [24500/100000]  elapsed=7780s  rate=3.1/s  eta=23975s  finite=24500
  [24600/100000]  elapsed=7811s  rate=3.1/s  eta=23942s  finite=24600
  [24700/100000]  elapsed=7842s  rate=3.1/s  eta=23906s  finite=24700
  [24800/100000]  elapsed=7874s  rate=3.1/s  eta=23876s  finite=24800
  [24900/100000]  elapsed=7907s  rate=3.1/s  eta=23847s  finite=24900
  [25000/100000]  elapsed=7938s  rate=3.1/s  eta=23814s  finite=25000
  -> checkpoint saved: /scratch/e1498138/lhs/lhs_snr32_checkpoints_1e5_3/lhs_snr32_ckpt_025000.pkl
  [25100/100000]  elapsed=7970s  rate=3.1/s  eta=23783s  finite=25100
  [25200/100000]  elapsed=8001s  rate=3.1/s  eta=23749s  finite=25200
  [25300/100000]  elapsed=8033s  rate=3.1/s  eta=23719s  finite=25300
  [25400/100000]  elapsed=8066s  rate=3.1/s  eta=23689s  finite=25400
  [25500/100000]  elapsed=8098s  rate=3.1/s  eta=23657s  finite=25500
  [25600/100000]  elapsed=8129s  rate=3.1/s  eta=23626s  finite=25600
  [25700/100000]  elapsed=8161s  rate=3.1/s  eta=23594s  finite=25700
  [25800/100000]  elapsed=8193s  rate=3.1/s  eta=23562s  finite=25800
  [25900/100000]  elapsed=8224s  rate=3.1/s  eta=23530s  finite=25900
  [26000/100000]  elapsed=8256s  rate=3.1/s  eta=23499s  finite=26000
  -> checkpoint saved: /scratch/e1498138/lhs/lhs_snr32_checkpoints_1e5_3/lhs_snr32_ckpt_026000.pkl
  [26100/100000]  elapsed=8287s  rate=3.1/s  eta=23465s  finite=26100
  [26200/100000]  elapsed=8319s  rate=3.1/s  eta=23433s  finite=26200
  [26300/100000]  elapsed=8351s  rate=3.1/s  eta=23402s  finite=26300
  [26400/100000]  elapsed=8384s  rate=3.1/s  eta=23372s  finite=26400
  [26500/100000]  elapsed=8415s  rate=3.1/s  eta=23339s  finite=26500
  [26600/100000]  elapsed=8447s  rate=3.1/s  eta=23308s  finite=26600
  [26700/100000]  elapsed=8478s  rate=3.1/s  eta=23274s  finite=26700
  [26800/100000]  elapsed=8508s  rate=3.1/s  eta=23238s  finite=26800
  [26900/100000]  elapsed=8539s  rate=3.2/s  eta=23204s  finite=26900
  [27000/100000]  elapsed=8571s  rate=3.2/s  eta=23173s  finite=27000
  -> checkpoint saved: /scratch/e1498138/lhs/lhs_snr32_checkpoints_1e5_3/lhs_snr32_ckpt_027000.pkl
  [27100/100000]  elapsed=8603s  rate=3.1/s  eta=23143s  finite=27100
  [27200/100000]  elapsed=8634s  rate=3.2/s  eta=23108s  finite=27200
  [27300/100000]  elapsed=8664s  rate=3.2/s  eta=23072s  finite=27300
  [27400/100000]  elapsed=8694s  rate=3.2/s  eta=23037s  finite=27400
  [27500/100000]  elapsed=8727s  rate=3.2/s  eta=23007s  finite=27500
  [27600/100000]  elapsed=8758s  rate=3.2/s  eta=22973s  finite=27600
  [27700/100000]  elapsed=8789s  rate=3.2/s  eta=22940s  finite=27700
  [27800/100000]  elapsed=8821s  rate=3.2/s  eta=22909s  finite=27800
  [27900/100000]  elapsed=8852s  rate=3.2/s  eta=22875s  finite=27900
  [28000/100000]  elapsed=8884s  rate=3.2/s  eta=22844s  finite=28000
  -> checkpoint saved: /scratch/e1498138/lhs/lhs_snr32_checkpoints_1e5_3/lhs_snr32_ckpt_028000.pkl
  [28100/100000]  elapsed=8915s  rate=3.2/s  eta=22812s  finite=28100
  [28200/100000]  elapsed=8947s  rate=3.2/s  eta=22781s  finite=28200
  [28300/100000]  elapsed=8979s  rate=3.2/s  eta=22748s  finite=28300
  [28400/100000]  elapsed=9010s  rate=3.2/s  eta=22716s  finite=28400
  [28500/100000]  elapsed=9043s  rate=3.2/s  eta=22686s  finite=28500
  [28600/100000]  elapsed=9074s  rate=3.2/s  eta=22653s  finite=28600
  [28700/100000]  elapsed=9107s  rate=3.2/s  eta=22624s  finite=28700
  [28800/100000]  elapsed=9138s  rate=3.2/s  eta=22590s  finite=28800
  [28900/100000]  elapsed=9168s  rate=3.2/s  eta=22556s  finite=28900
  [29000/100000]  elapsed=9202s  rate=3.2/s  eta=22530s  finite=29000
  -> checkpoint saved: /scratch/e1498138/lhs/lhs_snr32_checkpoints_1e5_3/lhs_snr32_ckpt_029000.pkl
  [29100/100000]  elapsed=9236s  rate=3.2/s  eta=22502s  finite=29100
  [29200/100000]  elapsed=9267s  rate=3.2/s  eta=22468s  finite=29200
  [29300/100000]  elapsed=9298s  rate=3.2/s  eta=22437s  finite=29300
  [29400/100000]  elapsed=9330s  rate=3.2/s  eta=22404s  finite=29400
  [29500/100000]  elapsed=9361s  rate=3.2/s  eta=22370s  finite=29500
  [29600/100000]  elapsed=9391s  rate=3.2/s  eta=22335s  finite=29600
  [29700/100000]  elapsed=9422s  rate=3.2/s  eta=22302s  finite=29700
  [29800/100000]  elapsed=9453s  rate=3.2/s  eta=22269s  finite=29800
  [29900/100000]  elapsed=9485s  rate=3.2/s  eta=22237s  finite=29900
  [30000/100000]  elapsed=9516s  rate=3.2/s  eta=22204s  finite=30000
  -> checkpoint saved: /scratch/e1498138/lhs/lhs_snr32_checkpoints_1e5_3/lhs_snr32_ckpt_030000.pkl
  [30100/100000]  elapsed=9548s  rate=3.2/s  eta=22172s  finite=30100
  [30200/100000]  elapsed=9578s  rate=3.2/s  eta=22136s  finite=30200
  [30300/100000]  elapsed=9610s  rate=3.2/s  eta=22105s  finite=30300
  [30400/100000]  elapsed=9641s  rate=3.2/s  eta=22073s  finite=30400
  [30500/100000]  elapsed=9673s  rate=3.2/s  eta=22042s  finite=30500
  [30600/100000]  elapsed=9705s  rate=3.2/s  eta=22011s  finite=30600
  [30700/100000]  elapsed=9736s  rate=3.2/s  eta=21978s  finite=30700
  [30800/100000]  elapsed=9769s  rate=3.2/s  eta=21948s  finite=30800
  [30900/100000]  elapsed=9800s  rate=3.2/s  eta=21916s  finite=30900
  [31000/100000]  elapsed=9831s  rate=3.2/s  eta=21883s  finite=31000
  -> checkpoint saved: /scratch/e1498138/lhs/lhs_snr32_checkpoints_1e5_3/lhs_snr32_ckpt_031000.pkl
  [31100/100000]  elapsed=9864s  rate=3.2/s  eta=21854s  finite=31100
  [31200/100000]  elapsed=9896s  rate=3.2/s  eta=21821s  finite=31200
  [31300/100000]  elapsed=9928s  rate=3.2/s  eta=21791s  finite=31300
  [31400/100000]  elapsed=9959s  rate=3.2/s  eta=21758s  finite=31400
  [31500/100000]  elapsed=9991s  rate=3.2/s  eta=21725s  finite=31500
  [31600/100000]  elapsed=10023s  rate=3.2/s  eta=21695s  finite=31600
  [31700/100000]  elapsed=10054s  rate=3.2/s  eta=21661s  finite=31700
  [31800/100000]  elapsed=10085s  rate=3.2/s  eta=21628s  finite=31800
  [31900/100000]  elapsed=10117s  rate=3.2/s  eta=21597s  finite=31900
  [32000/100000]  elapsed=10147s  rate=3.2/s  eta=21563s  finite=32000
  -> checkpoint saved: /scratch/e1498138/lhs/lhs_snr32_checkpoints_1e5_3/lhs_snr32_ckpt_032000.pkl
  [32100/100000]  elapsed=10178s  rate=3.2/s  eta=21530s  finite=32100
  [32200/100000]  elapsed=10210s  rate=3.2/s  eta=21497s  finite=32200
  [32300/100000]  elapsed=10241s  rate=3.2/s  eta=21466s  finite=32300
  [32400/100000]  elapsed=10272s  rate=3.2/s  eta=21432s  finite=32400
  [32500/100000]  elapsed=10302s  rate=3.2/s  eta=21397s  finite=32500
  [32600/100000]  elapsed=10335s  rate=3.2/s  eta=21367s  finite=32600
  [32700/100000]  elapsed=10365s  rate=3.2/s  eta=21333s  finite=32700
  [32800/100000]  elapsed=10398s  rate=3.2/s  eta=21302s  finite=32800
  [32900/100000]  elapsed=10430s  rate=3.2/s  eta=21271s  finite=32900
  [33000/100000]  elapsed=10462s  rate=3.2/s  eta=21241s  finite=33000
  -> checkpoint saved: /scratch/e1498138/lhs/lhs_snr32_checkpoints_1e5_3/lhs_snr32_ckpt_033000.pkl
  [33100/100000]  elapsed=10493s  rate=3.2/s  eta=21208s  finite=33100
  [33200/100000]  elapsed=10526s  rate=3.2/s  eta=21179s  finite=33200
  [33300/100000]  elapsed=10557s  rate=3.2/s  eta=21145s  finite=33300
  [33400/100000]  elapsed=10589s  rate=3.2/s  eta=21115s  finite=33400
  [33500/100000]  elapsed=10620s  rate=3.2/s  eta=21082s  finite=33500
  [33600/100000]  elapsed=10653s  rate=3.2/s  eta=21052s  finite=33600
  [33700/100000]  elapsed=10684s  rate=3.2/s  eta=21019s  finite=33700
  [33800/100000]  elapsed=10715s  rate=3.2/s  eta=20987s  finite=33800
  [33900/100000]  elapsed=10747s  rate=3.2/s  eta=20954s  finite=33900
  [34000/100000]  elapsed=10778s  rate=3.2/s  eta=20923s  finite=34000
  -> checkpoint saved: /scratch/e1498138/lhs/lhs_snr32_checkpoints_1e5_3/lhs_snr32_ckpt_034000.pkl
  [34100/100000]  elapsed=10809s  rate=3.2/s  eta=20889s  finite=34100
  [34200/100000]  elapsed=10840s  rate=3.2/s  eta=20856s  finite=34200
  [34300/100000]  elapsed=10872s  rate=3.2/s  eta=20826s  finite=34300
  [34400/100000]  elapsed=10904s  rate=3.2/s  eta=20794s  finite=34400
  [34500/100000]  elapsed=10937s  rate=3.2/s  eta=20764s  finite=34500
  [34600/100000]  elapsed=10967s  rate=3.2/s  eta=20729s  finite=34600
  [34700/100000]  elapsed=10998s  rate=3.2/s  eta=20696s  finite=34700
  [34800/100000]  elapsed=11031s  rate=3.2/s  eta=20666s  finite=34800
  [34900/100000]  elapsed=11063s  rate=3.2/s  eta=20636s  finite=34900
  [35000/100000]  elapsed=11094s  rate=3.2/s  eta=20603s  finite=35000
  -> checkpoint saved: /scratch/e1498138/lhs/lhs_snr32_checkpoints_1e5_3/lhs_snr32_ckpt_035000.pkl
  [35100/100000]  elapsed=11125s  rate=3.2/s  eta=20570s  finite=35100
  [35200/100000]  elapsed=11157s  rate=3.2/s  eta=20539s  finite=35200
  [35300/100000]  elapsed=11188s  rate=3.2/s  eta=20506s  finite=35300
  [35400/100000]  elapsed=11219s  rate=3.2/s  eta=20473s  finite=35400
  [35500/100000]  elapsed=11251s  rate=3.2/s  eta=20441s  finite=35500
  [35600/100000]  elapsed=11282s  rate=3.2/s  eta=20409s  finite=35600
  [35700/100000]  elapsed=11313s  rate=3.2/s  eta=20376s  finite=35700
  [35800/100000]  elapsed=11345s  rate=3.2/s  eta=20345s  finite=35800
  [35900/100000]  elapsed=11376s  rate=3.2/s  eta=20313s  finite=35900
  [36000/100000]  elapsed=11408s  rate=3.2/s  eta=20281s  finite=36000
  -> checkpoint saved: /scratch/e1498138/lhs/lhs_snr32_checkpoints_1e5_3/lhs_snr32_ckpt_036000.pkl
  [36100/100000]  elapsed=11439s  rate=3.2/s  eta=20248s  finite=36100
  [36200/100000]  elapsed=11470s  rate=3.2/s  eta=20214s  finite=36200
  [36300/100000]  elapsed=11502s  rate=3.2/s  eta=20183s  finite=36300
  [36400/100000]  elapsed=11532s  rate=3.2/s  eta=20149s  finite=36400
  [36500/100000]  elapsed=11563s  rate=3.2/s  eta=20117s  finite=36500
  [36600/100000]  elapsed=11595s  rate=3.2/s  eta=20085s  finite=36600
  [36700/100000]  elapsed=11626s  rate=3.2/s  eta=20053s  finite=36700
  [36800/100000]  elapsed=11658s  rate=3.2/s  eta=20021s  finite=36800
  [36900/100000]  elapsed=11691s  rate=3.2/s  eta=19992s  finite=36900
  [37000/100000]  elapsed=11723s  rate=3.2/s  eta=19960s  finite=37000
  -> checkpoint saved: /scratch/e1498138/lhs/lhs_snr32_checkpoints_1e5_3/lhs_snr32_ckpt_037000.pkl
  [37100/100000]  elapsed=11755s  rate=3.2/s  eta=19930s  finite=37100
  [37200/100000]  elapsed=11786s  rate=3.2/s  eta=19896s  finite=37200
  [37300/100000]  elapsed=11817s  rate=3.2/s  eta=19864s  finite=37300
  [37400/100000]  elapsed=11849s  rate=3.2/s  eta=19832s  finite=37400
  [37500/100000]  elapsed=11880s  rate=3.2/s  eta=19800s  finite=37500
  [37600/100000]  elapsed=11911s  rate=3.2/s  eta=19768s  finite=37600
  [37700/100000]  elapsed=11943s  rate=3.2/s  eta=19736s  finite=37700
  [37800/100000]  elapsed=11975s  rate=3.2/s  eta=19705s  finite=37800
  [37900/100000]  elapsed=12006s  rate=3.2/s  eta=19672s  finite=37900
  [38000/100000]  elapsed=12036s  rate=3.2/s  eta=19638s  finite=38000
  -> checkpoint saved: /scratch/e1498138/lhs/lhs_snr32_checkpoints_1e5_3/lhs_snr32_ckpt_038000.pkl
  [38100/100000]  elapsed=12068s  rate=3.2/s  eta=19606s  finite=38100
  [38200/100000]  elapsed=12099s  rate=3.2/s  eta=19573s  finite=38200
  [38300/100000]  elapsed=12130s  rate=3.2/s  eta=19540s  finite=38300
  [38400/100000]  elapsed=12160s  rate=3.2/s  eta=19507s  finite=38400
  [38500/100000]  elapsed=12192s  rate=3.2/s  eta=19476s  finite=38500
  [38600/100000]  elapsed=12223s  rate=3.2/s  eta=19443s  finite=38600
  [38700/100000]  elapsed=12254s  rate=3.2/s  eta=19410s  finite=38700
  [38800/100000]  elapsed=12286s  rate=3.2/s  eta=19379s  finite=38800
  [38900/100000]  elapsed=12319s  rate=3.2/s  eta=19349s  finite=38900
  [39000/100000]  elapsed=12351s  rate=3.2/s  eta=19318s  finite=39000
  -> checkpoint saved: /scratch/e1498138/lhs/lhs_snr32_checkpoints_1e5_3/lhs_snr32_ckpt_039000.pkl
  [39100/100000]  elapsed=12383s  rate=3.2/s  eta=19286s  finite=39100
  [39200/100000]  elapsed=12415s  rate=3.2/s  eta=19255s  finite=39200
  [39300/100000]  elapsed=12447s  rate=3.2/s  eta=19225s  finite=39300
  [39400/100000]  elapsed=12479s  rate=3.2/s  eta=19193s  finite=39400
  [39500/100000]  elapsed=12512s  rate=3.2/s  eta=19164s  finite=39500
  [39600/100000]  elapsed=12543s  rate=3.2/s  eta=19131s  finite=39600
  [39700/100000]  elapsed=12574s  rate=3.2/s  eta=19098s  finite=39700
  [39800/100000]  elapsed=12606s  rate=3.2/s  eta=19068s  finite=39800
  [39900/100000]  elapsed=12639s  rate=3.2/s  eta=19038s  finite=39900
  [40000/100000]  elapsed=12672s  rate=3.2/s  eta=19009s  finite=40000
  -> checkpoint saved: /scratch/e1498138/lhs/lhs_snr32_checkpoints_1e5_3/lhs_snr32_ckpt_040000.pkl
  [40100/100000]  elapsed=12705s  rate=3.2/s  eta=18978s  finite=40100
  [40200/100000]  elapsed=12736s  rate=3.2/s  eta=18946s  finite=40200
  [40300/100000]  elapsed=12767s  rate=3.2/s  eta=18913s  finite=40300
  [40400/100000]  elapsed=12798s  rate=3.2/s  eta=18881s  finite=40400
  [40500/100000]  elapsed=12829s  rate=3.2/s  eta=18848s  finite=40500
  [40600/100000]  elapsed=12860s  rate=3.2/s  eta=18815s  finite=40600
  [40700/100000]  elapsed=12892s  rate=3.2/s  eta=18784s  finite=40700
  [40800/100000]  elapsed=12926s  rate=3.2/s  eta=18755s  finite=40800
  [40900/100000]  elapsed=12956s  rate=3.2/s  eta=18721s  finite=40900
  [41000/100000]  elapsed=12987s  rate=3.2/s  eta=18689s  finite=41000
  -> checkpoint saved: /scratch/e1498138/lhs/lhs_snr32_checkpoints_1e5_3/lhs_snr32_ckpt_041000.pkl
  [41100/100000]  elapsed=13020s  rate=3.2/s  eta=18659s  finite=41100
  [41200/100000]  elapsed=13052s  rate=3.2/s  eta=18628s  finite=41200
  [41300/100000]  elapsed=13084s  rate=3.2/s  eta=18597s  finite=41300
  [41400/100000]  elapsed=13116s  rate=3.2/s  eta=18566s  finite=41400
  [41500/100000]  elapsed=13149s  rate=3.2/s  eta=18536s  finite=41500
  [41600/100000]  elapsed=13182s  rate=3.2/s  eta=18505s  finite=41600
  [41700/100000]  elapsed=13214s  rate=3.2/s  eta=18475s  finite=41700
  [41800/100000]  elapsed=13246s  rate=3.2/s  eta=18444s  finite=41800
  [41900/100000]  elapsed=13278s  rate=3.2/s  eta=18412s  finite=41900
  [42000/100000]  elapsed=13310s  rate=3.2/s  eta=18380s  finite=42000
  -> checkpoint saved: /scratch/e1498138/lhs/lhs_snr32_checkpoints_1e5_3/lhs_snr32_ckpt_042000.pkl
  [42100/100000]  elapsed=13340s  rate=3.2/s  eta=18346s  finite=42100
  [42200/100000]  elapsed=13372s  rate=3.2/s  eta=18315s  finite=42200
  [42300/100000]  elapsed=13403s  rate=3.2/s  eta=18283s  finite=42300
  [42400/100000]  elapsed=13435s  rate=3.2/s  eta=18251s  finite=42400
  [42500/100000]  elapsed=13466s  rate=3.2/s  eta=18219s  finite=42500
  [42600/100000]  elapsed=13498s  rate=3.2/s  eta=18188s  finite=42600
  [42700/100000]  elapsed=13529s  rate=3.2/s  eta=18155s  finite=42700
  [42800/100000]  elapsed=13561s  rate=3.2/s  eta=18123s  finite=42800
  [42900/100000]  elapsed=13592s  rate=3.2/s  eta=18091s  finite=42900
  [43000/100000]  elapsed=13624s  rate=3.2/s  eta=18059s  finite=43000
  -> checkpoint saved: /scratch/e1498138/lhs/lhs_snr32_checkpoints_1e5_3/lhs_snr32_ckpt_043000.pkl
  [43100/100000]  elapsed=13656s  rate=3.2/s  eta=18028s  finite=43100
  [43200/100000]  elapsed=13687s  rate=3.2/s  eta=17996s  finite=43200
  [43300/100000]  elapsed=13719s  rate=3.2/s  eta=17964s  finite=43300
  [43400/100000]  elapsed=13750s  rate=3.2/s  eta=17932s  finite=43400
  [43500/100000]  elapsed=13782s  rate=3.2/s  eta=17900s  finite=43500
  [43600/100000]  elapsed=13812s  rate=3.2/s  eta=17867s  finite=43600
  [43700/100000]  elapsed=13845s  rate=3.2/s  eta=17837s  finite=43700
  [43800/100000]  elapsed=13876s  rate=3.2/s  eta=17804s  finite=43800
  [43900/100000]  elapsed=13907s  rate=3.2/s  eta=17772s  finite=43900
  [44000/100000]  elapsed=13941s  rate=3.2/s  eta=17743s  finite=44000
  -> checkpoint saved: /scratch/e1498138/lhs/lhs_snr32_checkpoints_1e5_3/lhs_snr32_ckpt_044000.pkl
  [44100/100000]  elapsed=13973s  rate=3.2/s  eta=17712s  finite=44100
  [44200/100000]  elapsed=14005s  rate=3.2/s  eta=17681s  finite=44200
  [44300/100000]  elapsed=14037s  rate=3.2/s  eta=17649s  finite=44300
  [44400/100000]  elapsed=14068s  rate=3.2/s  eta=17617s  finite=44400
  [44500/100000]  elapsed=14100s  rate=3.2/s  eta=17586s  finite=44500
  [44600/100000]  elapsed=14132s  rate=3.2/s  eta=17554s  finite=44600
  [44700/100000]  elapsed=14162s  rate=3.2/s  eta=17520s  finite=44700
  [44800/100000]  elapsed=14193s  rate=3.2/s  eta=17488s  finite=44800
  [44900/100000]  elapsed=14225s  rate=3.2/s  eta=17457s  finite=44900
  [45000/100000]  elapsed=14258s  rate=3.2/s  eta=17426s  finite=45000
  -> checkpoint saved: /scratch/e1498138/lhs/lhs_snr32_checkpoints_1e5_3/lhs_snr32_ckpt_045000.pkl
  [45100/100000]  elapsed=14289s  rate=3.2/s  eta=17394s  finite=45100
  [45200/100000]  elapsed=14320s  rate=3.2/s  eta=17361s  finite=45200
  [45300/100000]  elapsed=14351s  rate=3.2/s  eta=17329s  finite=45300
  [45400/100000]  elapsed=14384s  rate=3.2/s  eta=17299s  finite=45400
  [45500/100000]  elapsed=14415s  rate=3.2/s  eta=17266s  finite=45500
  [45600/100000]  elapsed=14446s  rate=3.2/s  eta=17233s  finite=45600
  [45700/100000]  elapsed=14477s  rate=3.2/s  eta=17202s  finite=45700
  [45800/100000]  elapsed=14510s  rate=3.2/s  eta=17171s  finite=45800
  [45900/100000]  elapsed=14540s  rate=3.2/s  eta=17138s  finite=45900
  [46000/100000]  elapsed=14573s  rate=3.2/s  eta=17107s  finite=46000
  -> checkpoint saved: /scratch/e1498138/lhs/lhs_snr32_checkpoints_1e5_3/lhs_snr32_ckpt_046000.pkl
  [46100/100000]  elapsed=14606s  rate=3.2/s  eta=17077s  finite=46100
  [46200/100000]  elapsed=14637s  rate=3.2/s  eta=17045s  finite=46200
  [46300/100000]  elapsed=14670s  rate=3.2/s  eta=17015s  finite=46300
  [46400/100000]  elapsed=14702s  rate=3.2/s  eta=16983s  finite=46400
  [46500/100000]  elapsed=14733s  rate=3.2/s  eta=16951s  finite=46500
  [46600/100000]  elapsed=14765s  rate=3.2/s  eta=16920s  finite=46600
  [46700/100000]  elapsed=14797s  rate=3.2/s  eta=16888s  finite=46700
  [46800/100000]  elapsed=14828s  rate=3.2/s  eta=16856s  finite=46800
  [46900/100000]  elapsed=14860s  rate=3.2/s  eta=16824s  finite=46900
  [47000/100000]  elapsed=14891s  rate=3.2/s  eta=16792s  finite=47000
  -> checkpoint saved: /scratch/e1498138/lhs/lhs_snr32_checkpoints_1e5_3/lhs_snr32_ckpt_047000.pkl
  [47100/100000]  elapsed=14923s  rate=3.2/s  eta=16760s  finite=47100
  [47200/100000]  elapsed=14955s  rate=3.2/s  eta=16729s  finite=47200
  [47300/100000]  elapsed=14987s  rate=3.2/s  eta=16698s  finite=47300
  [47400/100000]  elapsed=15018s  rate=3.2/s  eta=16666s  finite=47400
  [47500/100000]  elapsed=15050s  rate=3.2/s  eta=16634s  finite=47500
  [47600/100000]  elapsed=15082s  rate=3.2/s  eta=16603s  finite=47600
  [47700/100000]  elapsed=15114s  rate=3.2/s  eta=16571s  finite=47700
  [47800/100000]  elapsed=15146s  rate=3.2/s  eta=16540s  finite=47800
  [47900/100000]  elapsed=15177s  rate=3.2/s  eta=16507s  finite=47900
  [48000/100000]  elapsed=15208s  rate=3.2/s  eta=16475s  finite=48000
  -> checkpoint saved: /scratch/e1498138/lhs/lhs_snr32_checkpoints_1e5_3/lhs_snr32_ckpt_048000.pkl
  [48100/100000]  elapsed=15239s  rate=3.2/s  eta=16443s  finite=48100
  [48200/100000]  elapsed=15270s  rate=3.2/s  eta=16410s  finite=48200
  [48300/100000]  elapsed=15301s  rate=3.2/s  eta=16378s  finite=48300
  [48400/100000]  elapsed=15332s  rate=3.2/s  eta=16346s  finite=48400
  [48500/100000]  elapsed=15364s  rate=3.2/s  eta=16315s  finite=48500
  [48600/100000]  elapsed=15395s  rate=3.2/s  eta=16282s  finite=48600
  [48700/100000]  elapsed=15426s  rate=3.2/s  eta=16249s  finite=48700
  [48800/100000]  elapsed=15456s  rate=3.2/s  eta=16217s  finite=48800
  [48900/100000]  elapsed=15489s  rate=3.2/s  eta=16185s  finite=48900
  [49000/100000]  elapsed=15521s  rate=3.2/s  eta=16154s  finite=49000
  -> checkpoint saved: /scratch/e1498138/lhs/lhs_snr32_checkpoints_1e5_3/lhs_snr32_ckpt_049000.pkl
  [49100/100000]  elapsed=15552s  rate=3.2/s  eta=16123s  finite=49100
  [49200/100000]  elapsed=15585s  rate=3.2/s  eta=16092s  finite=49200
  [49300/100000]  elapsed=15616s  rate=3.2/s  eta=16060s  finite=49300
  [49400/100000]  elapsed=15647s  rate=3.2/s  eta=16028s  finite=49400
  [49500/100000]  elapsed=15680s  rate=3.2/s  eta=15997s  finite=49500
  [49600/100000]  elapsed=15712s  rate=3.2/s  eta=15966s  finite=49600
  [49700/100000]  elapsed=15743s  rate=3.2/s  eta=15933s  finite=49700
  [49800/100000]  elapsed=15776s  rate=3.2/s  eta=15902s  finite=49800
  [49900/100000]  elapsed=15807s  rate=3.2/s  eta=15870s  finite=49900
  [50000/100000]  elapsed=15839s  rate=3.2/s  eta=15839s  finite=50000
  -> checkpoint saved: /scratch/e1498138/lhs/lhs_snr32_checkpoints_1e5_3/lhs_snr32_ckpt_050000.pkl
  [50100/100000]  elapsed=15870s  rate=3.2/s  eta=15807s  finite=50100
  [50200/100000]  elapsed=15902s  rate=3.2/s  eta=15775s  finite=50200
  [50300/100000]  elapsed=15935s  rate=3.2/s  eta=15745s  finite=50300
  [50400/100000]  elapsed=15966s  rate=3.2/s  eta=15713s  finite=50400
  [50500/100000]  elapsed=15998s  rate=3.2/s  eta=15681s  finite=50500
  [50600/100000]  elapsed=16029s  rate=3.2/s  eta=15649s  finite=50600
  [50700/100000]  elapsed=16061s  rate=3.2/s  eta=15617s  finite=50700
  [50800/100000]  elapsed=16093s  rate=3.2/s  eta=15586s  finite=50800
  [50900/100000]  elapsed=16125s  rate=3.2/s  eta=15555s  finite=50900
  [51000/100000]  elapsed=16157s  rate=3.2/s  eta=15523s  finite=51000
  -> checkpoint saved: /scratch/e1498138/lhs/lhs_snr32_checkpoints_1e5_3/lhs_snr32_ckpt_051000.pkl
  [51100/100000]  elapsed=16188s  rate=3.2/s  eta=15491s  finite=51100
  [51200/100000]  elapsed=16219s  rate=3.2/s  eta=15459s  finite=51200
  [51300/100000]  elapsed=16251s  rate=3.2/s  eta=15427s  finite=51300
  [51400/100000]  elapsed=16283s  rate=3.2/s  eta=15396s  finite=51400
  [51500/100000]  elapsed=16313s  rate=3.2/s  eta=15363s  finite=51500
  [51600/100000]  elapsed=16345s  rate=3.2/s  eta=15331s  finite=51600
  [51700/100000]  elapsed=16379s  rate=3.2/s  eta=15301s  finite=51700
  [51800/100000]  elapsed=16410s  rate=3.2/s  eta=15270s  finite=51800
  [51900/100000]  elapsed=16443s  rate=3.2/s  eta=15239s  finite=51900
  [52000/100000]  elapsed=16474s  rate=3.2/s  eta=15206s  finite=52000
  -> checkpoint saved: /scratch/e1498138/lhs/lhs_snr32_checkpoints_1e5_3/lhs_snr32_ckpt_052000.pkl
  [52100/100000]  elapsed=16506s  rate=3.2/s  eta=15175s  finite=52100
  [52200/100000]  elapsed=16537s  rate=3.2/s  eta=15143s  finite=52200
  [52300/100000]  elapsed=16568s  rate=3.2/s  eta=15111s  finite=52300
  [52400/100000]  elapsed=16600s  rate=3.2/s  eta=15079s  finite=52400
  [52500/100000]  elapsed=16632s  rate=3.2/s  eta=15048s  finite=52500
  [52600/100000]  elapsed=16665s  rate=3.2/s  eta=15018s  finite=52600
  [52700/100000]  elapsed=16697s  rate=3.2/s  eta=14986s  finite=52700
  [52800/100000]  elapsed=16729s  rate=3.2/s  eta=14954s  finite=52800
  [52900/100000]  elapsed=16760s  rate=3.2/s  eta=14922s  finite=52900
  [53000/100000]  elapsed=16790s  rate=3.2/s  eta=14889s  finite=53000
  -> checkpoint saved: /scratch/e1498138/lhs/lhs_snr32_checkpoints_1e5_3/lhs_snr32_ckpt_053000.pkl
  [53100/100000]  elapsed=16822s  rate=3.2/s  eta=14858s  finite=53100
  [53200/100000]  elapsed=16854s  rate=3.2/s  eta=14827s  finite=53200
  [53300/100000]  elapsed=16886s  rate=3.2/s  eta=14795s  finite=53300
  [53400/100000]  elapsed=16916s  rate=3.2/s  eta=14762s  finite=53400
  [53500/100000]  elapsed=16948s  rate=3.2/s  eta=14731s  finite=53500
  [53600/100000]  elapsed=16979s  rate=3.2/s  eta=14698s  finite=53600
  [53700/100000]  elapsed=17011s  rate=3.2/s  eta=14667s  finite=53700
  [53800/100000]  elapsed=17042s  rate=3.2/s  eta=14635s  finite=53800
  [53900/100000]  elapsed=17073s  rate=3.2/s  eta=14602s  finite=53900
  [54000/100000]  elapsed=17105s  rate=3.2/s  eta=14571s  finite=54000
  -> checkpoint saved: /scratch/e1498138/lhs/lhs_snr32_checkpoints_1e5_3/lhs_snr32_ckpt_054000.pkl
  [54100/100000]  elapsed=17137s  rate=3.2/s  eta=14539s  finite=54100
  [54200/100000]  elapsed=17170s  rate=3.2/s  eta=14509s  finite=54200
  [54300/100000]  elapsed=17200s  rate=3.2/s  eta=14476s  finite=54300
  [54400/100000]  elapsed=17232s  rate=3.2/s  eta=14444s  finite=54400
  [54500/100000]  elapsed=17264s  rate=3.2/s  eta=14413s  finite=54500
  [54600/100000]  elapsed=17295s  rate=3.2/s  eta=14381s  finite=54600
  [54700/100000]  elapsed=17327s  rate=3.2/s  eta=14349s  finite=54700
  [54800/100000]  elapsed=17358s  rate=3.2/s  eta=14317s  finite=54800
  [54900/100000]  elapsed=17390s  rate=3.2/s  eta=14285s  finite=54900
  [55000/100000]  elapsed=17422s  rate=3.2/s  eta=14254s  finite=55000
  -> checkpoint saved: /scratch/e1498138/lhs/lhs_snr32_checkpoints_1e5_3/lhs_snr32_ckpt_055000.pkl
  [55100/100000]  elapsed=17454s  rate=3.2/s  eta=14223s  finite=55100
  [55200/100000]  elapsed=17485s  rate=3.2/s  eta=14191s  finite=55200
  [55300/100000]  elapsed=17516s  rate=3.2/s  eta=14159s  finite=55300
  [55400/100000]  elapsed=17547s  rate=3.2/s  eta=14126s  finite=55400
  [55500/100000]  elapsed=17578s  rate=3.2/s  eta=14094s  finite=55500
  [55600/100000]  elapsed=17609s  rate=3.2/s  eta=14062s  finite=55600
  [55700/100000]  elapsed=17640s  rate=3.2/s  eta=14030s  finite=55700
  [55800/100000]  elapsed=17672s  rate=3.2/s  eta=13998s  finite=55800
  [55900/100000]  elapsed=17703s  rate=3.2/s  eta=13966s  finite=55900
  [56000/100000]  elapsed=17734s  rate=3.2/s  eta=13934s  finite=56000
  -> checkpoint saved: /scratch/e1498138/lhs/lhs_snr32_checkpoints_1e5_3/lhs_snr32_ckpt_056000.pkl
  [56100/100000]  elapsed=17766s  rate=3.2/s  eta=13903s  finite=56100
  [56200/100000]  elapsed=17798s  rate=3.2/s  eta=13871s  finite=56200
  [56300/100000]  elapsed=17830s  rate=3.2/s  eta=13839s  finite=56300
  [56400/100000]  elapsed=17860s  rate=3.2/s  eta=13807s  finite=56400
  [56500/100000]  elapsed=17893s  rate=3.2/s  eta=13776s  finite=56500
  [56600/100000]  elapsed=17925s  rate=3.2/s  eta=13745s  finite=56600
  [56700/100000]  elapsed=17957s  rate=3.2/s  eta=13713s  finite=56700
  [56800/100000]  elapsed=17989s  rate=3.2/s  eta=13682s  finite=56800
  [56900/100000]  elapsed=18023s  rate=3.2/s  eta=13652s  finite=56900
  [57000/100000]  elapsed=18055s  rate=3.2/s  eta=13621s  finite=57000
  -> checkpoint saved: /scratch/e1498138/lhs/lhs_snr32_checkpoints_1e5_3/lhs_snr32_ckpt_057000.pkl
  [57100/100000]  elapsed=18087s  rate=3.2/s  eta=13589s  finite=57100
  [57200/100000]  elapsed=18119s  rate=3.2/s  eta=13557s  finite=57200
  [57300/100000]  elapsed=18150s  rate=3.2/s  eta=13525s  finite=57300
  [57400/100000]  elapsed=18181s  rate=3.2/s  eta=13493s  finite=57400
  [57500/100000]  elapsed=18213s  rate=3.2/s  eta=13462s  finite=57500
  [57600/100000]  elapsed=18244s  rate=3.2/s  eta=13430s  finite=57600
  [57700/100000]  elapsed=18277s  rate=3.2/s  eta=13399s  finite=57700
  [57800/100000]  elapsed=18308s  rate=3.2/s  eta=13367s  finite=57800
  [57900/100000]  elapsed=18338s  rate=3.2/s  eta=13334s  finite=57900
  [58000/100000]  elapsed=18370s  rate=3.2/s  eta=13302s  finite=58000
  -> checkpoint saved: /scratch/e1498138/lhs/lhs_snr32_checkpoints_1e5_3/lhs_snr32_ckpt_058000.pkl
  [58100/100000]  elapsed=18401s  rate=3.2/s  eta=13270s  finite=58100
  [58200/100000]  elapsed=18433s  rate=3.2/s  eta=13239s  finite=58200
  [58300/100000]  elapsed=18464s  rate=3.2/s  eta=13207s  finite=58300
  [58400/100000]  elapsed=18496s  rate=3.2/s  eta=13175s  finite=58400
  [58500/100000]  elapsed=18529s  rate=3.2/s  eta=13144s  finite=58500
  [58600/100000]  elapsed=18560s  rate=3.2/s  eta=13112s  finite=58600
  [58700/100000]  elapsed=18592s  rate=3.2/s  eta=13081s  finite=58700
  [58800/100000]  elapsed=18623s  rate=3.2/s  eta=13049s  finite=58800
  [58900/100000]  elapsed=18656s  rate=3.2/s  eta=13018s  finite=58900
  [59000/100000]  elapsed=18687s  rate=3.2/s  eta=12986s  finite=59000
  -> checkpoint saved: /scratch/e1498138/lhs/lhs_snr32_checkpoints_1e5_3/lhs_snr32_ckpt_059000.pkl
  [59100/100000]  elapsed=18718s  rate=3.2/s  eta=12954s  finite=59100
  [59200/100000]  elapsed=18750s  rate=3.2/s  eta=12922s  finite=59200
  [59300/100000]  elapsed=18781s  rate=3.2/s  eta=12890s  finite=59300
  [59400/100000]  elapsed=18812s  rate=3.2/s  eta=12858s  finite=59400
  [59500/100000]  elapsed=18845s  rate=3.2/s  eta=12827s  finite=59500
  [59600/100000]  elapsed=18877s  rate=3.2/s  eta=12796s  finite=59600
  [59700/100000]  elapsed=18909s  rate=3.2/s  eta=12764s  finite=59700
  [59800/100000]  elapsed=18940s  rate=3.2/s  eta=12732s  finite=59800
  [59900/100000]  elapsed=18973s  rate=3.2/s  eta=12701s  finite=59900
  [60000/100000]  elapsed=19005s  rate=3.2/s  eta=12670s  finite=60000
  -> checkpoint saved: /scratch/e1498138/lhs/lhs_snr32_checkpoints_1e5_3/lhs_snr32_ckpt_060000.pkl
  [60100/100000]  elapsed=19036s  rate=3.2/s  eta=12638s  finite=60100
  [60200/100000]  elapsed=19069s  rate=3.2/s  eta=12607s  finite=60200
  [60300/100000]  elapsed=19100s  rate=3.2/s  eta=12575s  finite=60300
  [60400/100000]  elapsed=19132s  rate=3.2/s  eta=12543s  finite=60400
  [60500/100000]  elapsed=19167s  rate=3.2/s  eta=12514s  finite=60500
  [60600/100000]  elapsed=19198s  rate=3.2/s  eta=12482s  finite=60600
  [60700/100000]  elapsed=19230s  rate=3.2/s  eta=12451s  finite=60700
  [60800/100000]  elapsed=19262s  rate=3.2/s  eta=12419s  finite=60800
  [60900/100000]  elapsed=19294s  rate=3.2/s  eta=12387s  finite=60900
  [61000/100000]  elapsed=19324s  rate=3.2/s  eta=12355s  finite=61000
  -> checkpoint saved: /scratch/e1498138/lhs/lhs_snr32_checkpoints_1e5_3/lhs_snr32_ckpt_061000.pkl
  [61100/100000]  elapsed=19357s  rate=3.2/s  eta=12324s  finite=61100
  [61200/100000]  elapsed=19387s  rate=3.2/s  eta=12291s  finite=61200
  [61300/100000]  elapsed=19419s  rate=3.2/s  eta=12259s  finite=61300
  [61400/100000]  elapsed=19450s  rate=3.2/s  eta=12228s  finite=61400
  [61500/100000]  elapsed=19480s  rate=3.2/s  eta=12195s  finite=61500
  [61600/100000]  elapsed=19512s  rate=3.2/s  eta=12164s  finite=61600
  [61700/100000]  elapsed=19544s  rate=3.2/s  eta=12132s  finite=61700
  [61800/100000]  elapsed=19575s  rate=3.2/s  eta=12100s  finite=61800
  [61900/100000]  elapsed=19607s  rate=3.2/s  eta=12068s  finite=61900
  [62000/100000]  elapsed=19639s  rate=3.2/s  eta=12037s  finite=62000
  -> checkpoint saved: /scratch/e1498138/lhs/lhs_snr32_checkpoints_1e5_3/lhs_snr32_ckpt_062000.pkl
  [62100/100000]  elapsed=19671s  rate=3.2/s  eta=12005s  finite=62100
  [62200/100000]  elapsed=19702s  rate=3.2/s  eta=11973s  finite=62200
  [62300/100000]  elapsed=19735s  rate=3.2/s  eta=11942s  finite=62300
  [62400/100000]  elapsed=19767s  rate=3.2/s  eta=11911s  finite=62400
  [62500/100000]  elapsed=19797s  rate=3.2/s  eta=11878s  finite=62500
  [62600/100000]  elapsed=19827s  rate=3.2/s  eta=11846s  finite=62600
  [62700/100000]  elapsed=19859s  rate=3.2/s  eta=11814s  finite=62700
  [62800/100000]  elapsed=19891s  rate=3.2/s  eta=11783s  finite=62800
  [62900/100000]  elapsed=19922s  rate=3.2/s  eta=11750s  finite=62900
  [63000/100000]  elapsed=19953s  rate=3.2/s  eta=11718s  finite=63000
  -> checkpoint saved: /scratch/e1498138/lhs/lhs_snr32_checkpoints_1e5_3/lhs_snr32_ckpt_063000.pkl
  [63100/100000]  elapsed=19985s  rate=3.2/s  eta=11687s  finite=63100
  [63200/100000]  elapsed=20016s  rate=3.2/s  eta=11655s  finite=63200
  [63300/100000]  elapsed=20047s  rate=3.2/s  eta=11623s  finite=63300
  [63400/100000]  elapsed=20080s  rate=3.2/s  eta=11592s  finite=63400
  [63500/100000]  elapsed=20110s  rate=3.2/s  eta=11559s  finite=63500
  [63600/100000]  elapsed=20142s  rate=3.2/s  eta=11528s  finite=63600
  [63700/100000]  elapsed=20173s  rate=3.2/s  eta=11496s  finite=63700
  [63800/100000]  elapsed=20205s  rate=3.2/s  eta=11464s  finite=63800
  [63900/100000]  elapsed=20237s  rate=3.2/s  eta=11433s  finite=63900
  [64000/100000]  elapsed=20268s  rate=3.2/s  eta=11401s  finite=64000
  -> checkpoint saved: /scratch/e1498138/lhs/lhs_snr32_checkpoints_1e5_3/lhs_snr32_ckpt_064000.pkl
  [64100/100000]  elapsed=20299s  rate=3.2/s  eta=11369s  finite=64100
  [64200/100000]  elapsed=20332s  rate=3.2/s  eta=11338s  finite=64200
  [64300/100000]  elapsed=20363s  rate=3.2/s  eta=11306s  finite=64300
  [64400/100000]  elapsed=20396s  rate=3.2/s  eta=11275s  finite=64400
  [64500/100000]  elapsed=20430s  rate=3.2/s  eta=11244s  finite=64500
  [64600/100000]  elapsed=20462s  rate=3.2/s  eta=11213s  finite=64600
  [64700/100000]  elapsed=20494s  rate=3.2/s  eta=11181s  finite=64700
  [64800/100000]  elapsed=20526s  rate=3.2/s  eta=11150s  finite=64800
  [64900/100000]  elapsed=20557s  rate=3.2/s  eta=11118s  finite=64900
  [65000/100000]  elapsed=20589s  rate=3.2/s  eta=11086s  finite=65000
  -> checkpoint saved: /scratch/e1498138/lhs/lhs_snr32_checkpoints_1e5_3/lhs_snr32_ckpt_065000.pkl
  [65100/100000]  elapsed=20621s  rate=3.2/s  eta=11055s  finite=65100
  [65200/100000]  elapsed=20654s  rate=3.2/s  eta=11024s  finite=65200
  [65300/100000]  elapsed=20685s  rate=3.2/s  eta=10992s  finite=65300
  [65400/100000]  elapsed=20716s  rate=3.2/s  eta=10960s  finite=65400
  [65500/100000]  elapsed=20748s  rate=3.2/s  eta=10928s  finite=65500
  [65600/100000]  elapsed=20780s  rate=3.2/s  eta=10897s  finite=65600
  [65700/100000]  elapsed=20813s  rate=3.2/s  eta=10866s  finite=65700
  [65800/100000]  elapsed=20845s  rate=3.2/s  eta=10834s  finite=65800
  [65900/100000]  elapsed=20875s  rate=3.2/s  eta=10802s  finite=65900
  [66000/100000]  elapsed=20907s  rate=3.2/s  eta=10770s  finite=66000
  -> checkpoint saved: /scratch/e1498138/lhs/lhs_snr32_checkpoints_1e5_3/lhs_snr32_ckpt_066000.pkl
  [66100/100000]  elapsed=20938s  rate=3.2/s  eta=10738s  finite=66100
  [66200/100000]  elapsed=20969s  rate=3.2/s  eta=10706s  finite=66200
  [66300/100000]  elapsed=21000s  rate=3.2/s  eta=10674s  finite=66300
  [66400/100000]  elapsed=21031s  rate=3.2/s  eta=10642s  finite=66400
  [66500/100000]  elapsed=21063s  rate=3.2/s  eta=10611s  finite=66500
  [66600/100000]  elapsed=21094s  rate=3.2/s  eta=10579s  finite=66600
  [66700/100000]  elapsed=21125s  rate=3.2/s  eta=10547s  finite=66700
  [66800/100000]  elapsed=21156s  rate=3.2/s  eta=10514s  finite=66800
  [66900/100000]  elapsed=21187s  rate=3.2/s  eta=10482s  finite=66900
  [67000/100000]  elapsed=21217s  rate=3.2/s  eta=10450s  finite=67000
  -> checkpoint saved: /scratch/e1498138/lhs/lhs_snr32_checkpoints_1e5_3/lhs_snr32_ckpt_067000.pkl
  [67100/100000]  elapsed=21248s  rate=3.2/s  eta=10418s  finite=67100
  [67200/100000]  elapsed=21280s  rate=3.2/s  eta=10387s  finite=67200
  [67300/100000]  elapsed=21312s  rate=3.2/s  eta=10355s  finite=67300
  [67400/100000]  elapsed=21343s  rate=3.2/s  eta=10323s  finite=67400
  [67500/100000]  elapsed=21376s  rate=3.2/s  eta=10292s  finite=67500
  [67600/100000]  elapsed=21407s  rate=3.2/s  eta=10260s  finite=67600
  [67700/100000]  elapsed=21437s  rate=3.2/s  eta=10228s  finite=67700
  [67800/100000]  elapsed=21469s  rate=3.2/s  eta=10196s  finite=67800
  [67900/100000]  elapsed=21501s  rate=3.2/s  eta=10165s  finite=67900
  [68000/100000]  elapsed=21532s  rate=3.2/s  eta=10132s  finite=68000
  -> checkpoint saved: /scratch/e1498138/lhs/lhs_snr32_checkpoints_1e5_3/lhs_snr32_ckpt_068000.pkl
  [68100/100000]  elapsed=21562s  rate=3.2/s  eta=10100s  finite=68100
  [68200/100000]  elapsed=21595s  rate=3.2/s  eta=10069s  finite=68200
  [68300/100000]  elapsed=21626s  rate=3.2/s  eta=10037s  finite=68300
  [68400/100000]  elapsed=21656s  rate=3.2/s  eta=10005s  finite=68400
  [68500/100000]  elapsed=21689s  rate=3.2/s  eta=9974s  finite=68500
  [68600/100000]  elapsed=21720s  rate=3.2/s  eta=9942s  finite=68600
  [68700/100000]  elapsed=21751s  rate=3.2/s  eta=9910s  finite=68700
  [68800/100000]  elapsed=21783s  rate=3.2/s  eta=9878s  finite=68800
  [68900/100000]  elapsed=21815s  rate=3.2/s  eta=9847s  finite=68900
  [69000/100000]  elapsed=21847s  rate=3.2/s  eta=9815s  finite=69000
  -> checkpoint saved: /scratch/e1498138/lhs/lhs_snr32_checkpoints_1e5_3/lhs_snr32_ckpt_069000.pkl
  [69100/100000]  elapsed=21880s  rate=3.2/s  eta=9784s  finite=69100
  [69200/100000]  elapsed=21912s  rate=3.2/s  eta=9753s  finite=69200
  [69300/100000]  elapsed=21944s  rate=3.2/s  eta=9721s  finite=69300
  [69400/100000]  elapsed=21976s  rate=3.2/s  eta=9690s  finite=69400
  [69500/100000]  elapsed=22009s  rate=3.2/s  eta=9658s  finite=69500
  [69600/100000]  elapsed=22040s  rate=3.2/s  eta=9627s  finite=69600
  [69700/100000]  elapsed=22072s  rate=3.2/s  eta=9595s  finite=69700
  [69800/100000]  elapsed=22104s  rate=3.2/s  eta=9564s  finite=69800
  [69900/100000]  elapsed=22134s  rate=3.2/s  eta=9531s  finite=69900
  [70000/100000]  elapsed=22166s  rate=3.2/s  eta=9500s  finite=70000
  -> checkpoint saved: /scratch/e1498138/lhs/lhs_snr32_checkpoints_1e5_3/lhs_snr32_ckpt_070000.pkl
  [70100/100000]  elapsed=22197s  rate=3.2/s  eta=9468s  finite=70100
  [70200/100000]  elapsed=22228s  rate=3.2/s  eta=9436s  finite=70200
  [70300/100000]  elapsed=22261s  rate=3.2/s  eta=9405s  finite=70300
  [70400/100000]  elapsed=22292s  rate=3.2/s  eta=9373s  finite=70400
  [70500/100000]  elapsed=22324s  rate=3.2/s  eta=9341s  finite=70500
  [70600/100000]  elapsed=22356s  rate=3.2/s  eta=9310s  finite=70600
  [70700/100000]  elapsed=22388s  rate=3.2/s  eta=9278s  finite=70700
  [70800/100000]  elapsed=22420s  rate=3.2/s  eta=9247s  finite=70800
  [70900/100000]  elapsed=22452s  rate=3.2/s  eta=9215s  finite=70900
  [71000/100000]  elapsed=22483s  rate=3.2/s  eta=9183s  finite=71000
  -> checkpoint saved: /scratch/e1498138/lhs/lhs_snr32_checkpoints_1e5_3/lhs_snr32_ckpt_071000.pkl
  [71100/100000]  elapsed=22515s  rate=3.2/s  eta=9152s  finite=71100
  [71200/100000]  elapsed=22547s  rate=3.2/s  eta=9120s  finite=71200
  [71300/100000]  elapsed=22578s  rate=3.2/s  eta=9088s  finite=71300
  [71400/100000]  elapsed=22609s  rate=3.2/s  eta=9056s  finite=71400
  [71500/100000]  elapsed=22640s  rate=3.2/s  eta=9024s  finite=71500
  [71600/100000]  elapsed=22672s  rate=3.2/s  eta=8993s  finite=71600
  [71700/100000]  elapsed=22703s  rate=3.2/s  eta=8961s  finite=71700
  [71800/100000]  elapsed=22736s  rate=3.2/s  eta=8930s  finite=71800
  [71900/100000]  elapsed=22767s  rate=3.2/s  eta=8898s  finite=71900
  [72000/100000]  elapsed=22798s  rate=3.2/s  eta=8866s  finite=72000
  -> checkpoint saved: /scratch/e1498138/lhs/lhs_snr32_checkpoints_1e5_3/lhs_snr32_ckpt_072000.pkl
  [72100/100000]  elapsed=22830s  rate=3.2/s  eta=8834s  finite=72100
  [72200/100000]  elapsed=22862s  rate=3.2/s  eta=8803s  finite=72200
  [72300/100000]  elapsed=22894s  rate=3.2/s  eta=8771s  finite=72300
  [72400/100000]  elapsed=22926s  rate=3.2/s  eta=8740s  finite=72400
  [72500/100000]  elapsed=22957s  rate=3.2/s  eta=8708s  finite=72500
  [72600/100000]  elapsed=22989s  rate=3.2/s  eta=8676s  finite=72600
  [72700/100000]  elapsed=23021s  rate=3.2/s  eta=8645s  finite=72700
  [72800/100000]  elapsed=23052s  rate=3.2/s  eta=8613s  finite=72800
  [72900/100000]  elapsed=23083s  rate=3.2/s  eta=8581s  finite=72900
  [73000/100000]  elapsed=23114s  rate=3.2/s  eta=8549s  finite=73000
  -> checkpoint saved: /scratch/e1498138/lhs/lhs_snr32_checkpoints_1e5_3/lhs_snr32_ckpt_073000.pkl
  [73100/100000]  elapsed=23146s  rate=3.2/s  eta=8517s  finite=73100
  [73200/100000]  elapsed=23178s  rate=3.2/s  eta=8486s  finite=73200
  [73300/100000]  elapsed=23209s  rate=3.2/s  eta=8454s  finite=73300
  [73400/100000]  elapsed=23239s  rate=3.2/s  eta=8422s  finite=73400
  [73500/100000]  elapsed=23271s  rate=3.2/s  eta=8390s  finite=73500
  [73600/100000]  elapsed=23302s  rate=3.2/s  eta=8358s  finite=73600
  [73700/100000]  elapsed=23333s  rate=3.2/s  eta=8326s  finite=73700
  [73800/100000]  elapsed=23365s  rate=3.2/s  eta=8295s  finite=73800
  [73900/100000]  elapsed=23397s  rate=3.2/s  eta=8263s  finite=73900
  [74000/100000]  elapsed=23429s  rate=3.2/s  eta=8232s  finite=74000
  -> checkpoint saved: /scratch/e1498138/lhs/lhs_snr32_checkpoints_1e5_3/lhs_snr32_ckpt_074000.pkl
  [74100/100000]  elapsed=23462s  rate=3.2/s  eta=8200s  finite=74100
  [74200/100000]  elapsed=23492s  rate=3.2/s  eta=8168s  finite=74200
  [74300/100000]  elapsed=23524s  rate=3.2/s  eta=8137s  finite=74300
  [74400/100000]  elapsed=23555s  rate=3.2/s  eta=8105s  finite=74400
  [74500/100000]  elapsed=23588s  rate=3.2/s  eta=8074s  finite=74500
  [74600/100000]  elapsed=23619s  rate=3.2/s  eta=8042s  finite=74600
  [74700/100000]  elapsed=23651s  rate=3.2/s  eta=8010s  finite=74700
  [74800/100000]  elapsed=23685s  rate=3.2/s  eta=7979s  finite=74800
  [74900/100000]  elapsed=23718s  rate=3.2/s  eta=7948s  finite=74900
  [75000/100000]  elapsed=23749s  rate=3.2/s  eta=7916s  finite=75000
  -> checkpoint saved: /scratch/e1498138/lhs/lhs_snr32_checkpoints_1e5_3/lhs_snr32_ckpt_075000.pkl
  [75100/100000]  elapsed=23781s  rate=3.2/s  eta=7885s  finite=75100
  [75200/100000]  elapsed=23812s  rate=3.2/s  eta=7853s  finite=75200
  [75300/100000]  elapsed=23843s  rate=3.2/s  eta=7821s  finite=75300
  [75400/100000]  elapsed=23875s  rate=3.2/s  eta=7789s  finite=75400
  [75500/100000]  elapsed=23907s  rate=3.2/s  eta=7758s  finite=75500
  [75600/100000]  elapsed=23937s  rate=3.2/s  eta=7726s  finite=75600
  [75700/100000]  elapsed=23968s  rate=3.2/s  eta=7694s  finite=75700
  [75800/100000]  elapsed=24000s  rate=3.2/s  eta=7662s  finite=75800
  [75900/100000]  elapsed=24031s  rate=3.2/s  eta=7630s  finite=75900
  [76000/100000]  elapsed=24064s  rate=3.2/s  eta=7599s  finite=76000
  -> checkpoint saved: /scratch/e1498138/lhs/lhs_snr32_checkpoints_1e5_3/lhs_snr32_ckpt_076000.pkl
  [76100/100000]  elapsed=24097s  rate=3.2/s  eta=7568s  finite=76100
  [76200/100000]  elapsed=24130s  rate=3.2/s  eta=7537s  finite=76200
  [76300/100000]  elapsed=24161s  rate=3.2/s  eta=7505s  finite=76300
  [76400/100000]  elapsed=24194s  rate=3.2/s  eta=7473s  finite=76400
  [76500/100000]  elapsed=24224s  rate=3.2/s  eta=7441s  finite=76500
  [76600/100000]  elapsed=24256s  rate=3.2/s  eta=7410s  finite=76600
  [76700/100000]  elapsed=24288s  rate=3.2/s  eta=7378s  finite=76700
  [76800/100000]  elapsed=24318s  rate=3.2/s  eta=7346s  finite=76800
  [76900/100000]  elapsed=24350s  rate=3.2/s  eta=7314s  finite=76900
  [77000/100000]  elapsed=24382s  rate=3.2/s  eta=7283s  finite=77000
  -> checkpoint saved: /scratch/e1498138/lhs/lhs_snr32_checkpoints_1e5_3/lhs_snr32_ckpt_077000.pkl
  [77100/100000]  elapsed=24414s  rate=3.2/s  eta=7251s  finite=77100
  [77200/100000]  elapsed=24446s  rate=3.2/s  eta=7220s  finite=77200
  [77300/100000]  elapsed=24477s  rate=3.2/s  eta=7188s  finite=77300
  [77400/100000]  elapsed=24508s  rate=3.2/s  eta=7156s  finite=77400
  [77500/100000]  elapsed=24540s  rate=3.2/s  eta=7124s  finite=77500
  [77600/100000]  elapsed=24572s  rate=3.2/s  eta=7093s  finite=77600
  [77700/100000]  elapsed=24604s  rate=3.2/s  eta=7061s  finite=77700
  [77800/100000]  elapsed=24636s  rate=3.2/s  eta=7030s  finite=77800
  [77900/100000]  elapsed=24668s  rate=3.2/s  eta=6998s  finite=77900
  [78000/100000]  elapsed=24700s  rate=3.2/s  eta=6967s  finite=78000
  -> checkpoint saved: /scratch/e1498138/lhs/lhs_snr32_checkpoints_1e5_3/lhs_snr32_ckpt_078000.pkl
  [78100/100000]  elapsed=24733s  rate=3.2/s  eta=6935s  finite=78100
  [78200/100000]  elapsed=24765s  rate=3.2/s  eta=6904s  finite=78200
  [78300/100000]  elapsed=24798s  rate=3.2/s  eta=6873s  finite=78300
  [78400/100000]  elapsed=24830s  rate=3.2/s  eta=6841s  finite=78400
  [78500/100000]  elapsed=24861s  rate=3.2/s  eta=6809s  finite=78500
  [78600/100000]  elapsed=24892s  rate=3.2/s  eta=6777s  finite=78600
  [78700/100000]  elapsed=24924s  rate=3.2/s  eta=6746s  finite=78700
  [78800/100000]  elapsed=24957s  rate=3.2/s  eta=6714s  finite=78800
  [78900/100000]  elapsed=24988s  rate=3.2/s  eta=6682s  finite=78900
  [79000/100000]  elapsed=25019s  rate=3.2/s  eta=6651s  finite=79000
  -> checkpoint saved: /scratch/e1498138/lhs/lhs_snr32_checkpoints_1e5_3/lhs_snr32_ckpt_079000.pkl
  [79100/100000]  elapsed=25051s  rate=3.2/s  eta=6619s  finite=79100
  [79200/100000]  elapsed=25084s  rate=3.2/s  eta=6588s  finite=79200
  [79300/100000]  elapsed=25116s  rate=3.2/s  eta=6556s  finite=79300
  [79400/100000]  elapsed=25148s  rate=3.2/s  eta=6524s  finite=79400
  [79500/100000]  elapsed=25180s  rate=3.2/s  eta=6493s  finite=79500
  [79600/100000]  elapsed=25214s  rate=3.2/s  eta=6462s  finite=79600
  [79700/100000]  elapsed=25247s  rate=3.2/s  eta=6431s  finite=79700
  [79800/100000]  elapsed=25278s  rate=3.2/s  eta=6399s  finite=79800
  [79900/100000]  elapsed=25310s  rate=3.2/s  eta=6367s  finite=79900
  [80000/100000]  elapsed=25342s  rate=3.2/s  eta=6335s  finite=80000
  -> checkpoint saved: /scratch/e1498138/lhs/lhs_snr32_checkpoints_1e5_3/lhs_snr32_ckpt_080000.pkl
  [80100/100000]  elapsed=25373s  rate=3.2/s  eta=6304s  finite=80100
  [80200/100000]  elapsed=25404s  rate=3.2/s  eta=6272s  finite=80200
  [80300/100000]  elapsed=25437s  rate=3.2/s  eta=6240s  finite=80300
  [80400/100000]  elapsed=25468s  rate=3.2/s  eta=6209s  finite=80400
  [80500/100000]  elapsed=25500s  rate=3.2/s  eta=6177s  finite=80500
  [80600/100000]  elapsed=25531s  rate=3.2/s  eta=6145s  finite=80600
  [80700/100000]  elapsed=25562s  rate=3.2/s  eta=6113s  finite=80700
  [80800/100000]  elapsed=25595s  rate=3.2/s  eta=6082s  finite=80800
  [80900/100000]  elapsed=25626s  rate=3.2/s  eta=6050s  finite=80900
  [81000/100000]  elapsed=25658s  rate=3.2/s  eta=6019s  finite=81000
  -> checkpoint saved: /scratch/e1498138/lhs/lhs_snr32_checkpoints_1e5_3/lhs_snr32_ckpt_081000.pkl
  [81100/100000]  elapsed=25689s  rate=3.2/s  eta=5987s  finite=81100
  [81200/100000]  elapsed=25720s  rate=3.2/s  eta=5955s  finite=81200
  [81300/100000]  elapsed=25751s  rate=3.2/s  eta=5923s  finite=81300
  [81400/100000]  elapsed=25782s  rate=3.2/s  eta=5891s  finite=81400
  [81500/100000]  elapsed=25814s  rate=3.2/s  eta=5860s  finite=81500
  [81600/100000]  elapsed=25847s  rate=3.2/s  eta=5828s  finite=81600
  [81700/100000]  elapsed=25878s  rate=3.2/s  eta=5796s  finite=81700
  [81800/100000]  elapsed=25909s  rate=3.2/s  eta=5765s  finite=81800
  [81900/100000]  elapsed=25940s  rate=3.2/s  eta=5733s  finite=81900
  [82000/100000]  elapsed=25973s  rate=3.2/s  eta=5701s  finite=82000
  -> checkpoint saved: /scratch/e1498138/lhs/lhs_snr32_checkpoints_1e5_3/lhs_snr32_ckpt_082000.pkl
  [82100/100000]  elapsed=26005s  rate=3.2/s  eta=5670s  finite=82100
  [82200/100000]  elapsed=26036s  rate=3.2/s  eta=5638s  finite=82200
  [82300/100000]  elapsed=26069s  rate=3.2/s  eta=5607s  finite=82300
  [82400/100000]  elapsed=26101s  rate=3.2/s  eta=5575s  finite=82400
  [82500/100000]  elapsed=26131s  rate=3.2/s  eta=5543s  finite=82500
  [82600/100000]  elapsed=26163s  rate=3.2/s  eta=5511s  finite=82600
  [82700/100000]  elapsed=26195s  rate=3.2/s  eta=5480s  finite=82700
  [82800/100000]  elapsed=26226s  rate=3.2/s  eta=5448s  finite=82800
  [82900/100000]  elapsed=26257s  rate=3.2/s  eta=5416s  finite=82900
  [83000/100000]  elapsed=26288s  rate=3.2/s  eta=5384s  finite=83000
  -> checkpoint saved: /scratch/e1498138/lhs/lhs_snr32_checkpoints_1e5_3/lhs_snr32_ckpt_083000.pkl
  [83100/100000]  elapsed=26321s  rate=3.2/s  eta=5353s  finite=83100
  [83200/100000]  elapsed=26353s  rate=3.2/s  eta=5321s  finite=83200
  [83300/100000]  elapsed=26386s  rate=3.2/s  eta=5290s  finite=83300
  [83400/100000]  elapsed=26418s  rate=3.2/s  eta=5258s  finite=83400
  [83500/100000]  elapsed=26450s  rate=3.2/s  eta=5227s  finite=83500
  [83600/100000]  elapsed=26483s  rate=3.2/s  eta=5195s  finite=83600
  [83700/100000]  elapsed=26514s  rate=3.2/s  eta=5163s  finite=83700
  [83800/100000]  elapsed=26546s  rate=3.2/s  eta=5132s  finite=83800
  [83900/100000]  elapsed=26577s  rate=3.2/s  eta=5100s  finite=83900
  [84000/100000]  elapsed=26610s  rate=3.2/s  eta=5068s  finite=84000
  -> checkpoint saved: /scratch/e1498138/lhs/lhs_snr32_checkpoints_1e5_3/lhs_snr32_ckpt_084000.pkl
  [84100/100000]  elapsed=26642s  rate=3.2/s  eta=5037s  finite=84100
  [84200/100000]  elapsed=26673s  rate=3.2/s  eta=5005s  finite=84200
  [84300/100000]  elapsed=26705s  rate=3.2/s  eta=4973s  finite=84300
  [84400/100000]  elapsed=26737s  rate=3.2/s  eta=4942s  finite=84400
  [84500/100000]  elapsed=26768s  rate=3.2/s  eta=4910s  finite=84500
  [84600/100000]  elapsed=26800s  rate=3.2/s  eta=4879s  finite=84600
  [84700/100000]  elapsed=26834s  rate=3.2/s  eta=4847s  finite=84700
  [84800/100000]  elapsed=26865s  rate=3.2/s  eta=4815s  finite=84800
  [84900/100000]  elapsed=26896s  rate=3.2/s  eta=4784s  finite=84900
  [85000/100000]  elapsed=26927s  rate=3.2/s  eta=4752s  finite=85000
  -> checkpoint saved: /scratch/e1498138/lhs/lhs_snr32_checkpoints_1e5_3/lhs_snr32_ckpt_085000.pkl
  [85100/100000]  elapsed=26957s  rate=3.2/s  eta=4720s  finite=85100
  [85200/100000]  elapsed=26989s  rate=3.2/s  eta=4688s  finite=85200
  [85300/100000]  elapsed=27020s  rate=3.2/s  eta=4656s  finite=85300
  [85400/100000]  elapsed=27051s  rate=3.2/s  eta=4625s  finite=85400
  [85500/100000]  elapsed=27083s  rate=3.2/s  eta=4593s  finite=85500
  [85600/100000]  elapsed=27115s  rate=3.2/s  eta=4561s  finite=85600
  [85700/100000]  elapsed=27146s  rate=3.2/s  eta=4530s  finite=85700
  [85800/100000]  elapsed=27179s  rate=3.2/s  eta=4498s  finite=85800
  [85900/100000]  elapsed=27211s  rate=3.2/s  eta=4467s  finite=85900
  [86000/100000]  elapsed=27242s  rate=3.2/s  eta=4435s  finite=86000
  -> checkpoint saved: /scratch/e1498138/lhs/lhs_snr32_checkpoints_1e5_3/lhs_snr32_ckpt_086000.pkl
  [86100/100000]  elapsed=27275s  rate=3.2/s  eta=4403s  finite=86100
  [86200/100000]  elapsed=27307s  rate=3.2/s  eta=4372s  finite=86200
  [86300/100000]  elapsed=27339s  rate=3.2/s  eta=4340s  finite=86300
  [86400/100000]  elapsed=27370s  rate=3.2/s  eta=4308s  finite=86400
  [86500/100000]  elapsed=27402s  rate=3.2/s  eta=4277s  finite=86500
  [86600/100000]  elapsed=27434s  rate=3.2/s  eta=4245s  finite=86600
  [86700/100000]  elapsed=27468s  rate=3.2/s  eta=4214s  finite=86700
  [86800/100000]  elapsed=27501s  rate=3.2/s  eta=4182s  finite=86800
  [86900/100000]  elapsed=27533s  rate=3.2/s  eta=4150s  finite=86900
  [87000/100000]  elapsed=27564s  rate=3.2/s  eta=4119s  finite=87000
  -> checkpoint saved: /scratch/e1498138/lhs/lhs_snr32_checkpoints_1e5_3/lhs_snr32_ckpt_087000.pkl
  [87100/100000]  elapsed=27596s  rate=3.2/s  eta=4087s  finite=87100
  [87200/100000]  elapsed=27626s  rate=3.2/s  eta=4055s  finite=87200
  [87300/100000]  elapsed=27659s  rate=3.2/s  eta=4024s  finite=87300
  [87400/100000]  elapsed=27690s  rate=3.2/s  eta=3992s  finite=87400
  [87500/100000]  elapsed=27723s  rate=3.2/s  eta=3960s  finite=87500
  [87600/100000]  elapsed=27755s  rate=3.2/s  eta=3929s  finite=87600
  [87700/100000]  elapsed=27786s  rate=3.2/s  eta=3897s  finite=87700
  [87800/100000]  elapsed=27819s  rate=3.2/s  eta=3865s  finite=87800
  [87900/100000]  elapsed=27850s  rate=3.2/s  eta=3834s  finite=87900
  [88000/100000]  elapsed=27882s  rate=3.2/s  eta=3802s  finite=88000
  -> checkpoint saved: /scratch/e1498138/lhs/lhs_snr32_checkpoints_1e5_3/lhs_snr32_ckpt_088000.pkl
  [88100/100000]  elapsed=27913s  rate=3.2/s  eta=3770s  finite=88100
  [88200/100000]  elapsed=27945s  rate=3.2/s  eta=3739s  finite=88200
  [88300/100000]  elapsed=27976s  rate=3.2/s  eta=3707s  finite=88300
  [88400/100000]  elapsed=28008s  rate=3.2/s  eta=3675s  finite=88400
  [88500/100000]  elapsed=28038s  rate=3.2/s  eta=3643s  finite=88500
  [88600/100000]  elapsed=28070s  rate=3.2/s  eta=3612s  finite=88600
  [88700/100000]  elapsed=28101s  rate=3.2/s  eta=3580s  finite=88700
  [88800/100000]  elapsed=28132s  rate=3.2/s  eta=3548s  finite=88800
  [88900/100000]  elapsed=28164s  rate=3.2/s  eta=3517s  finite=88900
  [89000/100000]  elapsed=28195s  rate=3.2/s  eta=3485s  finite=89000
  -> checkpoint saved: /scratch/e1498138/lhs/lhs_snr32_checkpoints_1e5_3/lhs_snr32_ckpt_089000.pkl
  [89100/100000]  elapsed=28226s  rate=3.2/s  eta=3453s  finite=89100
  [89200/100000]  elapsed=28257s  rate=3.2/s  eta=3421s  finite=89200
  [89300/100000]  elapsed=28288s  rate=3.2/s  eta=3389s  finite=89300
  [89400/100000]  elapsed=28320s  rate=3.2/s  eta=3358s  finite=89400
  [89500/100000]  elapsed=28353s  rate=3.2/s  eta=3326s  finite=89500
  [89600/100000]  elapsed=28385s  rate=3.2/s  eta=3295s  finite=89600
  [89700/100000]  elapsed=28417s  rate=3.2/s  eta=3263s  finite=89700
  [89800/100000]  elapsed=28450s  rate=3.2/s  eta=3232s  finite=89800
  [89900/100000]  elapsed=28481s  rate=3.2/s  eta=3200s  finite=89900
  [90000/100000]  elapsed=28512s  rate=3.2/s  eta=3168s  finite=90000
  -> checkpoint saved: /scratch/e1498138/lhs/lhs_snr32_checkpoints_1e5_3/lhs_snr32_ckpt_090000.pkl
  [90100/100000]  elapsed=28544s  rate=3.2/s  eta=3136s  finite=90100
  [90200/100000]  elapsed=28576s  rate=3.2/s  eta=3105s  finite=90200
  [90300/100000]  elapsed=28608s  rate=3.2/s  eta=3073s  finite=90300
  [90400/100000]  elapsed=28638s  rate=3.2/s  eta=3041s  finite=90400
  [90500/100000]  elapsed=28669s  rate=3.2/s  eta=3009s  finite=90500
  [90600/100000]  elapsed=28700s  rate=3.2/s  eta=2978s  finite=90600
  [90700/100000]  elapsed=28732s  rate=3.2/s  eta=2946s  finite=90700
  [90800/100000]  elapsed=28764s  rate=3.2/s  eta=2914s  finite=90800
  [90900/100000]  elapsed=28797s  rate=3.2/s  eta=2883s  finite=90900
  [91000/100000]  elapsed=28828s  rate=3.2/s  eta=2851s  finite=91000
  -> checkpoint saved: /scratch/e1498138/lhs/lhs_snr32_checkpoints_1e5_3/lhs_snr32_ckpt_091000.pkl
  [91100/100000]  elapsed=28861s  rate=3.2/s  eta=2820s  finite=91100
  [91200/100000]  elapsed=28892s  rate=3.2/s  eta=2788s  finite=91200
  [91300/100000]  elapsed=28923s  rate=3.2/s  eta=2756s  finite=91300
  [91400/100000]  elapsed=28954s  rate=3.2/s  eta=2724s  finite=91400
  [91500/100000]  elapsed=28985s  rate=3.2/s  eta=2693s  finite=91500
  [91600/100000]  elapsed=29016s  rate=3.2/s  eta=2661s  finite=91600
  [91700/100000]  elapsed=29049s  rate=3.2/s  eta=2629s  finite=91700
  [91800/100000]  elapsed=29080s  rate=3.2/s  eta=2598s  finite=91800
  [91900/100000]  elapsed=29111s  rate=3.2/s  eta=2566s  finite=91900
  [92000/100000]  elapsed=29142s  rate=3.2/s  eta=2534s  finite=92000
  -> checkpoint saved: /scratch/e1498138/lhs/lhs_snr32_checkpoints_1e5_3/lhs_snr32_ckpt_092000.pkl
  [92100/100000]  elapsed=29173s  rate=3.2/s  eta=2502s  finite=92100
  [92200/100000]  elapsed=29205s  rate=3.2/s  eta=2471s  finite=92200
  [92300/100000]  elapsed=29237s  rate=3.2/s  eta=2439s  finite=92300
  [92400/100000]  elapsed=29269s  rate=3.2/s  eta=2407s  finite=92400
  [92500/100000]  elapsed=29299s  rate=3.2/s  eta=2376s  finite=92500
  [92600/100000]  elapsed=29331s  rate=3.2/s  eta=2344s  finite=92600
  [92700/100000]  elapsed=29361s  rate=3.2/s  eta=2312s  finite=92700
  [92800/100000]  elapsed=29393s  rate=3.2/s  eta=2280s  finite=92800
  [92900/100000]  elapsed=29424s  rate=3.2/s  eta=2249s  finite=92900
  [93000/100000]  elapsed=29454s  rate=3.2/s  eta=2217s  finite=93000
  -> checkpoint saved: /scratch/e1498138/lhs/lhs_snr32_checkpoints_1e5_3/lhs_snr32_ckpt_093000.pkl
  [93100/100000]  elapsed=29485s  rate=3.2/s  eta=2185s  finite=93100
  [93200/100000]  elapsed=29516s  rate=3.2/s  eta=2154s  finite=93200
  [93300/100000]  elapsed=29548s  rate=3.2/s  eta=2122s  finite=93300
  [93400/100000]  elapsed=29580s  rate=3.2/s  eta=2090s  finite=93400
  [93500/100000]  elapsed=29612s  rate=3.2/s  eta=2059s  finite=93500
  [93600/100000]  elapsed=29644s  rate=3.2/s  eta=2027s  finite=93600
  [93700/100000]  elapsed=29675s  rate=3.2/s  eta=1995s  finite=93700
  [93800/100000]  elapsed=29706s  rate=3.2/s  eta=1964s  finite=93800
  [93900/100000]  elapsed=29738s  rate=3.2/s  eta=1932s  finite=93900
  [94000/100000]  elapsed=29770s  rate=3.2/s  eta=1900s  finite=94000
  -> checkpoint saved: /scratch/e1498138/lhs/lhs_snr32_checkpoints_1e5_3/lhs_snr32_ckpt_094000.pkl
  [94100/100000]  elapsed=29802s  rate=3.2/s  eta=1869s  finite=94100
  [94200/100000]  elapsed=29834s  rate=3.2/s  eta=1837s  finite=94200
  [94300/100000]  elapsed=29865s  rate=3.2/s  eta=1805s  finite=94300
  [94400/100000]  elapsed=29899s  rate=3.2/s  eta=1774s  finite=94400
  [94500/100000]  elapsed=29931s  rate=3.2/s  eta=1742s  finite=94500
  [94600/100000]  elapsed=29963s  rate=3.2/s  eta=1710s  finite=94600
  [94700/100000]  elapsed=29996s  rate=3.2/s  eta=1679s  finite=94700
  [94800/100000]  elapsed=30027s  rate=3.2/s  eta=1647s  finite=94800
  [94900/100000]  elapsed=30059s  rate=3.2/s  eta=1615s  finite=94900
  [95000/100000]  elapsed=30091s  rate=3.2/s  eta=1584s  finite=95000
  -> checkpoint saved: /scratch/e1498138/lhs/lhs_snr32_checkpoints_1e5_3/lhs_snr32_ckpt_095000.pkl
  [95100/100000]  elapsed=30123s  rate=3.2/s  eta=1552s  finite=95100
  [95200/100000]  elapsed=30155s  rate=3.2/s  eta=1520s  finite=95200
  [95300/100000]  elapsed=30185s  rate=3.2/s  eta=1489s  finite=95300
  [95400/100000]  elapsed=30216s  rate=3.2/s  eta=1457s  finite=95400
  [95500/100000]  elapsed=30248s  rate=3.2/s  eta=1425s  finite=95500
  [95600/100000]  elapsed=30280s  rate=3.2/s  eta=1394s  finite=95600
  [95700/100000]  elapsed=30312s  rate=3.2/s  eta=1362s  finite=95700
  [95800/100000]  elapsed=30344s  rate=3.2/s  eta=1330s  finite=95800
  [95900/100000]  elapsed=30376s  rate=3.2/s  eta=1299s  finite=95900
  [96000/100000]  elapsed=30407s  rate=3.2/s  eta=1267s  finite=96000
  -> checkpoint saved: /scratch/e1498138/lhs/lhs_snr32_checkpoints_1e5_3/lhs_snr32_ckpt_096000.pkl
  [96100/100000]  elapsed=30438s  rate=3.2/s  eta=1235s  finite=96100
  [96200/100000]  elapsed=30470s  rate=3.2/s  eta=1204s  finite=96200
  [96300/100000]  elapsed=30502s  rate=3.2/s  eta=1172s  finite=96300
  [96400/100000]  elapsed=30534s  rate=3.2/s  eta=1140s  finite=96400
  [96500/100000]  elapsed=30565s  rate=3.2/s  eta=1109s  finite=96500
  [96600/100000]  elapsed=30595s  rate=3.2/s  eta=1077s  finite=96600
  [96700/100000]  elapsed=30627s  rate=3.2/s  eta=1045s  finite=96700
  [96800/100000]  elapsed=30658s  rate=3.2/s  eta=1013s  finite=96800
  [96900/100000]  elapsed=30689s  rate=3.2/s  eta=982s  finite=96900
  [97000/100000]  elapsed=30720s  rate=3.2/s  eta=950s  finite=97000
  -> checkpoint saved: /scratch/e1498138/lhs/lhs_snr32_checkpoints_1e5_3/lhs_snr32_ckpt_097000.pkl
  [97100/100000]  elapsed=30752s  rate=3.2/s  eta=918s  finite=97100
  [97200/100000]  elapsed=30786s  rate=3.2/s  eta=887s  finite=97200
  [97300/100000]  elapsed=30817s  rate=3.2/s  eta=855s  finite=97300
  [97400/100000]  elapsed=30850s  rate=3.2/s  eta=824s  finite=97400
  [97500/100000]  elapsed=30881s  rate=3.2/s  eta=792s  finite=97500
  [97600/100000]  elapsed=30913s  rate=3.2/s  eta=760s  finite=97600
  [97700/100000]  elapsed=30947s  rate=3.2/s  eta=729s  finite=97700
  [97800/100000]  elapsed=30977s  rate=3.2/s  eta=697s  finite=97800
  [97900/100000]  elapsed=31008s  rate=3.2/s  eta=665s  finite=97900
  [98000/100000]  elapsed=31039s  rate=3.2/s  eta=633s  finite=98000
  -> checkpoint saved: /scratch/e1498138/lhs/lhs_snr32_checkpoints_1e5_3/lhs_snr32_ckpt_098000.pkl
  [98100/100000]  elapsed=31069s  rate=3.2/s  eta=602s  finite=98100
  [98200/100000]  elapsed=31101s  rate=3.2/s  eta=570s  finite=98200
  [98300/100000]  elapsed=31133s  rate=3.2/s  eta=538s  finite=98300
  [98400/100000]  elapsed=31165s  rate=3.2/s  eta=507s  finite=98400
  [98500/100000]  elapsed=31196s  rate=3.2/s  eta=475s  finite=98500
  [98600/100000]  elapsed=31229s  rate=3.2/s  eta=443s  finite=98600
  [98700/100000]  elapsed=31260s  rate=3.2/s  eta=412s  finite=98700
  [98800/100000]  elapsed=31292s  rate=3.2/s  eta=380s  finite=98800
  [98900/100000]  elapsed=31322s  rate=3.2/s  eta=348s  finite=98900
  [99000/100000]  elapsed=31353s  rate=3.2/s  eta=317s  finite=99000
  -> checkpoint saved: /scratch/e1498138/lhs/lhs_snr32_checkpoints_1e5_3/lhs_snr32_ckpt_099000.pkl
  [99100/100000]  elapsed=31385s  rate=3.2/s  eta=285s  finite=99100
  [99200/100000]  elapsed=31416s  rate=3.2/s  eta=253s  finite=99200
  [99300/100000]  elapsed=31448s  rate=3.2/s  eta=222s  finite=99300
  [99400/100000]  elapsed=31481s  rate=3.2/s  eta=190s  finite=99400
  [99500/100000]  elapsed=31512s  rate=3.2/s  eta=158s  finite=99500
  [99600/100000]  elapsed=31543s  rate=3.2/s  eta=127s  finite=99600
  [99700/100000]  elapsed=31576s  rate=3.2/s  eta=95s  finite=99700
  [99800/100000]  elapsed=31609s  rate=3.2/s  eta=63s  finite=99800
  [99900/100000]  elapsed=31640s  rate=3.2/s  eta=32s  finite=99900
  [100000/100000]  elapsed=31672s  rate=3.2/s  eta=0s  finite=100000
  -> checkpoint saved: /scratch/e1498138/lhs/lhs_snr32_checkpoints_1e5_3/lhs_snr32_ckpt_100000.pkl

Done!  Final output: /scratch/e1498138/lhs/lhs_snr32_1e5_3.pkl
Total finite evaluations: 100000 / 100000
Job completed at Tue Apr 28 07:29:56 PM +08 2026
