Using dt = 10 seconds, T = 1.0 years
Creating GenerateEMRIWaveform class...
Done initializing waveform generator.
Done initializing loglike class.
SNR: 14.0812757390131
Loading paris2 sampler...
stage 2 maxld: 590.4128
stage 2 maxld point: [6.00674608 1.00371385 0.71361789 8.92244966 0.39710989]
stage 2 posterior 1-sigma (diag): [0.00875634 0.0047461  0.01857287 0.10587555 0.00355281]
Ellipse prior (3σ) bounds:
  logm1: [5.98048, 6.03302]  (mu=6.00675)
  logm2: [0.98948, 1.01795]  (mu=1.00371)
  a: [0.65790, 0.76934]  (mu=0.71362)
  p0: [8.60482, 9.24008]  (mu=8.92245)
  e0: [0.38645, 0.40777]  (mu=0.39711)
Generating 500000 LHS points in Cholesky space...
LHS points inside ellipse: 82273 / 500000 (16.5%)
Evaluating log_density on 82273 points...
  [0/82273]  elapsed=0s  rate=0.0/s  ETA=0s
  [500/82273]  elapsed=248s  rate=2.0/s  ETA=40522s
  [1000/82273]  elapsed=495s  rate=2.0/s  ETA=40241s
  [1500/82273]  elapsed=742s  rate=2.0/s  ETA=39977s
  [2000/82273]  elapsed=990s  rate=2.0/s  ETA=39716s
  [2500/82273]  elapsed=1237s  rate=2.0/s  ETA=39463s
  [3000/82273]  elapsed=1484s  rate=2.0/s  ETA=39206s
  [3500/82273]  elapsed=1731s  rate=2.0/s  ETA=38956s
  [4000/82273]  elapsed=1978s  rate=2.0/s  ETA=38705s
  [4500/82273]  elapsed=2224s  rate=2.0/s  ETA=38434s
  [5000/82273]  elapsed=2470s  rate=2.0/s  ETA=38168s
  [5500/82273]  elapsed=2716s  rate=2.0/s  ETA=37907s
  [6000/82273]  elapsed=2962s  rate=2.0/s  ETA=37652s
  [6500/82273]  elapsed=3208s  rate=2.0/s  ETA=37396s
  [7000/82273]  elapsed=3454s  rate=2.0/s  ETA=37146s
  [7500/82273]  elapsed=3700s  rate=2.0/s  ETA=36890s
  [8000/82273]  elapsed=3946s  rate=2.0/s  ETA=36636s
  [8500/82273]  elapsed=4192s  rate=2.0/s  ETA=36383s
  [9000/82273]  elapsed=4438s  rate=2.0/s  ETA=36131s
  [9500/82273]  elapsed=4684s  rate=2.0/s  ETA=35880s
  [10000/82273]  elapsed=4930s  rate=2.0/s  ETA=35629s
  [10500/82273]  elapsed=5176s  rate=2.0/s  ETA=35378s
  [11000/82273]  elapsed=5422s  rate=2.0/s  ETA=35128s
  [11500/82273]  elapsed=5667s  rate=2.0/s  ETA=34878s
  [12000/82273]  elapsed=5913s  rate=2.0/s  ETA=34629s
  [12500/82273]  elapsed=6159s  rate=2.0/s  ETA=34380s
  [13000/82273]  elapsed=6405s  rate=2.0/s  ETA=34131s
  [13500/82273]  elapsed=6651s  rate=2.0/s  ETA=33882s
  [14000/82273]  elapsed=6897s  rate=2.0/s  ETA=33634s
  [14500/82273]  elapsed=7143s  rate=2.0/s  ETA=33386s
  [15000/82273]  elapsed=7389s  rate=2.0/s  ETA=33137s
  [15500/82273]  elapsed=7635s  rate=2.0/s  ETA=32889s
  [16000/82273]  elapsed=7881s  rate=2.0/s  ETA=32642s
  [16500/82273]  elapsed=8126s  rate=2.0/s  ETA=32394s
  [17000/82273]  elapsed=8372s  rate=2.0/s  ETA=32146s
  [17500/82273]  elapsed=8618s  rate=2.0/s  ETA=31899s
  [18000/82273]  elapsed=8864s  rate=2.0/s  ETA=31651s
  [18500/82273]  elapsed=9110s  rate=2.0/s  ETA=31404s
  [19000/82273]  elapsed=9356s  rate=2.0/s  ETA=31157s
  [19500/82273]  elapsed=9602s  rate=2.0/s  ETA=30910s
  [20000/82273]  elapsed=9848s  rate=2.0/s  ETA=30662s
  [20500/82273]  elapsed=10094s  rate=2.0/s  ETA=30415s
  [21000/82273]  elapsed=10340s  rate=2.0/s  ETA=30168s
  [21500/82273]  elapsed=10585s  rate=2.0/s  ETA=29921s
  [22000/82273]  elapsed=10831s  rate=2.0/s  ETA=29674s
  [22500/82273]  elapsed=11077s  rate=2.0/s  ETA=29428s
  [23000/82273]  elapsed=11323s  rate=2.0/s  ETA=29181s
  [23500/82273]  elapsed=11569s  rate=2.0/s  ETA=28934s
  [24000/82273]  elapsed=11815s  rate=2.0/s  ETA=28687s
  [24500/82273]  elapsed=12061s  rate=2.0/s  ETA=28440s
  [25000/82273]  elapsed=12307s  rate=2.0/s  ETA=28194s
  [25500/82273]  elapsed=12553s  rate=2.0/s  ETA=27947s
  [26000/82273]  elapsed=12799s  rate=2.0/s  ETA=27701s
  [26500/82273]  elapsed=13044s  rate=2.0/s  ETA=27454s
  [27000/82273]  elapsed=13290s  rate=2.0/s  ETA=27207s
  [27500/82273]  elapsed=13536s  rate=2.0/s  ETA=26961s
  [28000/82273]  elapsed=13782s  rate=2.0/s  ETA=26714s
  [28500/82273]  elapsed=14028s  rate=2.0/s  ETA=26468s
  [29000/82273]  elapsed=14274s  rate=2.0/s  ETA=26221s
  [29500/82273]  elapsed=14520s  rate=2.0/s  ETA=25976s
  [30000/82273]  elapsed=14766s  rate=2.0/s  ETA=25729s
  [30500/82273]  elapsed=15012s  rate=2.0/s  ETA=25483s
  [31000/82273]  elapsed=15258s  rate=2.0/s  ETA=25236s
  [31500/82273]  elapsed=15504s  rate=2.0/s  ETA=24990s
  [32000/82273]  elapsed=15750s  rate=2.0/s  ETA=24744s
  [32500/82273]  elapsed=15996s  rate=2.0/s  ETA=24497s
  [33000/82273]  elapsed=16242s  rate=2.0/s  ETA=24251s
  [33500/82273]  elapsed=16488s  rate=2.0/s  ETA=24004s
  [34000/82273]  elapsed=16733s  rate=2.0/s  ETA=23758s
  [34500/82273]  elapsed=16979s  rate=2.0/s  ETA=23512s
  [35000/82273]  elapsed=17225s  rate=2.0/s  ETA=23265s
  [35500/82273]  elapsed=17471s  rate=2.0/s  ETA=23019s
  [36000/82273]  elapsed=17717s  rate=2.0/s  ETA=22773s
  [36500/82273]  elapsed=17963s  rate=2.0/s  ETA=22527s
  [37000/82273]  elapsed=18209s  rate=2.0/s  ETA=22280s
  [37500/82273]  elapsed=18455s  rate=2.0/s  ETA=22034s
  [38000/82273]  elapsed=18701s  rate=2.0/s  ETA=21788s
  [38500/82273]  elapsed=18947s  rate=2.0/s  ETA=21542s
  [39000/82273]  elapsed=19193s  rate=2.0/s  ETA=21295s
  [39500/82273]  elapsed=19438s  rate=2.0/s  ETA=21049s
  [40000/82273]  elapsed=19684s  rate=2.0/s  ETA=20803s
  [40500/82273]  elapsed=19930s  rate=2.0/s  ETA=20557s
  [41000/82273]  elapsed=20176s  rate=2.0/s  ETA=20310s
  [41500/82273]  elapsed=20422s  rate=2.0/s  ETA=20064s
  [42000/82273]  elapsed=20668s  rate=2.0/s  ETA=19818s
  [42500/82273]  elapsed=20914s  rate=2.0/s  ETA=19572s
  [43000/82273]  elapsed=21160s  rate=2.0/s  ETA=19326s
  [43500/82273]  elapsed=21406s  rate=2.0/s  ETA=19080s
  [44000/82273]  elapsed=21652s  rate=2.0/s  ETA=18834s
  [44500/82273]  elapsed=21898s  rate=2.0/s  ETA=18588s
  [45000/82273]  elapsed=22144s  rate=2.0/s  ETA=18342s
  [45500/82273]  elapsed=22390s  rate=2.0/s  ETA=18096s
  [46000/82273]  elapsed=22636s  rate=2.0/s  ETA=17850s
  [46500/82273]  elapsed=22882s  rate=2.0/s  ETA=17603s
  [47000/82273]  elapsed=23128s  rate=2.0/s  ETA=17357s
  [47500/82273]  elapsed=23374s  rate=2.0/s  ETA=17111s
  [48000/82273]  elapsed=23620s  rate=2.0/s  ETA=16865s
  [48500/82273]  elapsed=23866s  rate=2.0/s  ETA=16619s
  [49000/82273]  elapsed=24112s  rate=2.0/s  ETA=16373s
  [49500/82273]  elapsed=24357s  rate=2.0/s  ETA=16127s
  [50000/82273]  elapsed=24603s  rate=2.0/s  ETA=15880s
  [50500/82273]  elapsed=24849s  rate=2.0/s  ETA=15634s
  [51000/82273]  elapsed=25096s  rate=2.0/s  ETA=15389s
  [51500/82273]  elapsed=25342s  rate=2.0/s  ETA=15142s
  [52000/82273]  elapsed=25587s  rate=2.0/s  ETA=14896s
  [52500/82273]  elapsed=25833s  rate=2.0/s  ETA=14650s
  [53000/82273]  elapsed=26079s  rate=2.0/s  ETA=14404s
  [53500/82273]  elapsed=26325s  rate=2.0/s  ETA=14158s
  [54000/82273]  elapsed=26571s  rate=2.0/s  ETA=13912s
  [54500/82273]  elapsed=26817s  rate=2.0/s  ETA=13666s
  [55000/82273]  elapsed=27063s  rate=2.0/s  ETA=13420s
  [55500/82273]  elapsed=27309s  rate=2.0/s  ETA=13174s
  [56000/82273]  elapsed=27555s  rate=2.0/s  ETA=12928s
  [56500/82273]  elapsed=27801s  rate=2.0/s  ETA=12681s
  [57000/82273]  elapsed=28046s  rate=2.0/s  ETA=12435s
  [57500/82273]  elapsed=28292s  rate=2.0/s  ETA=12189s
  [58000/82273]  elapsed=28538s  rate=2.0/s  ETA=11943s
  [58500/82273]  elapsed=28784s  rate=2.0/s  ETA=11697s
  [59000/82273]  elapsed=29030s  rate=2.0/s  ETA=11451s
  [59500/82273]  elapsed=29276s  rate=2.0/s  ETA=11205s
  [60000/82273]  elapsed=29522s  rate=2.0/s  ETA=10959s
  [60500/82273]  elapsed=29768s  rate=2.0/s  ETA=10713s
  [61000/82273]  elapsed=30014s  rate=2.0/s  ETA=10467s
  [61500/82273]  elapsed=30260s  rate=2.0/s  ETA=10221s
  [62000/82273]  elapsed=30506s  rate=2.0/s  ETA=9975s
  [62500/82273]  elapsed=30752s  rate=2.0/s  ETA=9729s
  [63000/82273]  elapsed=30998s  rate=2.0/s  ETA=9483s
  [63500/82273]  elapsed=31244s  rate=2.0/s  ETA=9237s
  [64000/82273]  elapsed=31490s  rate=2.0/s  ETA=8991s
  [64500/82273]  elapsed=31735s  rate=2.0/s  ETA=8745s
  [65000/82273]  elapsed=31981s  rate=2.0/s  ETA=8499s
  [65500/82273]  elapsed=32227s  rate=2.0/s  ETA=8253s
  [66000/82273]  elapsed=32473s  rate=2.0/s  ETA=8007s
  [66500/82273]  elapsed=32719s  rate=2.0/s  ETA=7761s
  [67000/82273]  elapsed=32965s  rate=2.0/s  ETA=7515s
  [67500/82273]  elapsed=33211s  rate=2.0/s  ETA=7269s
  [68000/82273]  elapsed=33457s  rate=2.0/s  ETA=7023s
  [68500/82273]  elapsed=33703s  rate=2.0/s  ETA=6777s
  [69000/82273]  elapsed=33949s  rate=2.0/s  ETA=6531s
  [69500/82273]  elapsed=34195s  rate=2.0/s  ETA=6285s
  [70000/82273]  elapsed=34441s  rate=2.0/s  ETA=6039s
  [70500/82273]  elapsed=34687s  rate=2.0/s  ETA=5793s
  [71000/82273]  elapsed=34933s  rate=2.0/s  ETA=5547s
  [71500/82273]  elapsed=35179s  rate=2.0/s  ETA=5300s
  [72000/82273]  elapsed=35425s  rate=2.0/s  ETA=5054s
  [72500/82273]  elapsed=35671s  rate=2.0/s  ETA=4808s
  [73000/82273]  elapsed=35917s  rate=2.0/s  ETA=4562s
  [73500/82273]  elapsed=36163s  rate=2.0/s  ETA=4316s
  [74000/82273]  elapsed=36409s  rate=2.0/s  ETA=4070s
  [74500/82273]  elapsed=36655s  rate=2.0/s  ETA=3824s
  [75000/82273]  elapsed=36900s  rate=2.0/s  ETA=3578s
  [75500/82273]  elapsed=37146s  rate=2.0/s  ETA=3332s
  [76000/82273]  elapsed=37392s  rate=2.0/s  ETA=3086s
  [76500/82273]  elapsed=37638s  rate=2.0/s  ETA=2840s
  [77000/82273]  elapsed=37884s  rate=2.0/s  ETA=2594s
  [77500/82273]  elapsed=38130s  rate=2.0/s  ETA=2348s
  [78000/82273]  elapsed=38376s  rate=2.0/s  ETA=2102s
  [78500/82273]  elapsed=38622s  rate=2.0/s  ETA=1856s
  [79000/82273]  elapsed=38868s  rate=2.0/s  ETA=1610s
  [79500/82273]  elapsed=39114s  rate=2.0/s  ETA=1364s
  [80000/82273]  elapsed=39359s  rate=2.0/s  ETA=1118s
  [80500/82273]  elapsed=39605s  rate=2.0/s  ETA=872s
  [81000/82273]  elapsed=39851s  rate=2.0/s  ETA=626s
  [81500/82273]  elapsed=40097s  rate=2.0/s  ETA=380s
  [82000/82273]  elapsed=40343s  rate=2.0/s  ETA=134s
Done. 82273 evals in 40477s (2.0/s)
Finite log_densities: 82273 / 82273
Max log_density: 5.242651
Mean log_density (finite): 0.011426
Saved to ./precomputed_lhs_paris3_1yr_new_5e+05.pkl
Job completed at Fri May  8 09:44:18 AM +08 2026
